当前日期: 2020/05/10 周日
当前时间: 16:36:44.86
主机名:           AW-ROY
OS 名称:          Microsoft Windows 10 家庭版
OS 版本:          10.0.18362 暂缺 Build 18362
OS 制造商:        Microsoft Corporation
OS 配置:          独立工作站
OS 构件类型:      Multiprocessor Free
注册的所有人:     暂缺
注册的组织:       暂缺
产品 ID:          00325-95800-00000-AAOEM
初始安装日期:     2019/12/17, 4:16:04
系统启动时间:     2020/5/5, 9:41:31
系统制造商:       Alienware
系统型号:         Alienware 17 R4
系统类型:         x64-based PC
处理器:           安装了 1 个处理器。
                  [01]: Intel64 Family 6 Model 158 Stepping 9 GenuineIntel ~2801 Mhz
BIOS 版本:        Alienware 1.7.0, 2019/1/18
Windows 目录:     C:\WINDOWS
系统目录:         C:\WINDOWS\system32
启动设备:         \Device\HarddiskVolume5
系统区域设置:     zh-cn;中文(中国)
输入法区域设置:   zh-cn;中文(中国)
时区:             (UTC+08:00) 北京，重庆，香港特别行政区，乌鲁木齐
物理内存总量:     16,257 MB
可用的物理内存:   6,975 MB
虚拟内存: 最大值: 24,961 MB
虚拟内存: 可用:   8,035 MB
虚拟内存: 使用中: 16,926 MB
页面文件位置:     C:\pagefile.sys
域:               WORKGROUP
登录服务器:       \\AW-ROY
修补程序:         安装了 9 个修补程序。
                  [01]: KB4537572
                  [02]: KB4516115
                  [03]: KB4524569
                  [04]: KB4528759
                  [05]: KB4537759
                  [06]: KB4538674
                  [07]: KB4541338
                  [08]: KB4552152
                  [09]: KB4549951
网卡:             安装了 8 个 NIC。
                  [01]: VMware Virtual Ethernet Adapter for VMnet1
                      连接名:      VMware Network Adapter VMnet1
                      启用 DHCP:   是
                      DHCP 服务器: 192.168.213.254
                      IP 地址
                        [01]: 192.168.213.1
                        [02]: fe80::dc4a:5fdd:85ee:4d1e
                  [02]: Sangfor SSL VPN CS Support System VNIC
                      连接名:      Ethernet 2
                      状态:        媒体连接已中断
                  [03]: VMware Virtual Ethernet Adapter for VMnet8
                      连接名:      VMware Network Adapter VMnet8
                      启用 DHCP:   是
                      DHCP 服务器: 192.168.182.254
                      IP 地址
                        [01]: 192.168.182.1
                        [02]: fe80::70bb:197d:a50e:62d5
                  [04]: VMware Virtual Ethernet Adapter for VMnet0
                      连接名:      VMware Network Adapter VMnet0
                      启用 DHCP:   是
                      DHCP 服务器: 192.168.147.254
                      IP 地址
                        [01]: 192.168.147.1
                        [02]: fe80::5dd6:55bc:3011:1ff9
                  [05]: Killer E2500 Gigabit Ethernet Controller
                      连接名:      Ethernet
                      状态:        媒体连接已中断
                  [06]: Killer Wireless-n/a/ac 1535 Wireless Network Adapter
                      连接名:      Wi-Fi
                      启用 DHCP:   是
                      DHCP 服务器: 192.168.2.1
                      IP 地址
                        [01]: 192.168.2.229
                        [02]: fe80::c899:f247:5ba3:65de
                  [07]: Bluetooth Device (Personal Area Network)
                      连接名:      Bluetooth Network Connection 5
                      状态:        媒体连接已中断
                  [08]: TAP-Windows Adapter V9
                      连接名:      以太网
                      状态:        媒体连接已中断
Hyper-V 要求:     虚拟机监视器模式扩展: 是
                  固件中已启用虚拟化: 是
                  二级地址转换: 是
                  数据执行保护可用: 是
Volume: \\?\Volume{ab1792b9-df93-11e9-ae5c-806e6f6e6963}\
   Mounted at: C:\
   Extent [1]:
       Disk:   1
       Offset: 630194176
       Length: 1022879479296
Volume: \\?\Volume{3cf02194-65ba-454e-9083-32e1c4881859}\
   Mounted at: <unmounted>
   Extent [1]:
       Disk:   1
       Offset: 1023509790720
       Length: 693108736
Volume: \\?\Volume{c9df507b-3e10-4b8a-ad8a-f15fe6271e3f}\
   Mounted at: D:\
   Extent [1]:
       Disk:   2
       Offset: 135266304
       Length: 1000068874240
Volume: \\?\Volume{ab1792c9-df93-11e9-ae5c-806e6f6e6963}\
   Mounted at: <unmounted>
   Error getting extents
拒绝访问。

HKLM\System\CurrentControlSet\Control\Terminal Server\Wds\rdpwd\StartupPrograms
   rdpclip
     rdpclip
     RDP 剪贴板监视程序
     Microsoft Corporation
     10.0.18362.752
     c:\windows\system32\rdpclip.exe
     1921/12/1 20:34

HKLM\SOFTWARE\Microsoft\Windows NT\CurrentVersion\Winlogon\Userinit
   C:\Windows\system32\userinit.exe
     C:\Windows\system32\userinit.exe
     Userinit 登录应用程序
     Microsoft Corporation
     10.0.18362.1
     c:\windows\system32\userinit.exe
     1940/8/17 19:07

HKLM\SOFTWARE\Microsoft\Windows NT\CurrentVersion\Winlogon\VmApplet
   SystemPropertiesPerformance.exe
     SystemPropertiesPerformance.exe
     更改计算机性能设置
     Microsoft Corporation
     10.0.18362.1
     c:\windows\system32\systempropertiesperformance.exe
     1969/7/2 16:26

HKLM\SOFTWARE\Microsoft\Windows NT\CurrentVersion\Winlogon\Shell
   explorer.exe
     explorer.exe
     Windows 资源管理器
     Microsoft Corporation
     10.0.18362.693
     c:\windows\explorer.exe
     2017/1/16 8:53

HKLM\SYSTEM\CurrentControlSet\Control\SafeBoot\AlternateShell
   cmd.exe
     cmd.exe
     Windows 命令处理程序
     Microsoft Corporation
     10.0.18362.449
     c:\windows\system32\cmd.exe
     1914/12/28 14:19

HKLM\SOFTWARE\Microsoft\Windows\CurrentVersion\Run
   SecurityHealth
     %windir%\system32\SecurityHealthSystray.exe
     Windows Security notification icon
     Microsoft Corporation
     10.0.18362.628
     c:\windows\system32\securityhealthsystray.exe
     2032/12/4 8:10
   RTHDVCPL
     "C:\Program Files\Realtek\Audio\HDA\RtkNGUI64.exe" -s
     Realtek高清晰音频管理器
     Realtek Semiconductor
     1.0.702.0
     c:\program files\realtek\audio\hda\rtkngui64.exe
     2019/5/28 19:15
   RtHDVBg_PushButton
     "C:\Program Files\Realtek\Audio\HDA\RAVBg64.exe" /IM
     HD Audio Background Process
     Realtek Semiconductor
     1.0.0.295
     c:\program files\realtek\audio\hda\ravbg64.exe
     2018/10/12 15:32
   Command Center Controllers
     "C:\Program Files\Alienware\Command Center\AWCCStartupOrchestrator.exe"
     RequiredApplicationsLauncher
     Alienware
     4.7.10.0
     c:\program files\alienware\command center\awccstartuporchestrator.exe
     2017/3/21 23:00
   Launch LCore
     C:\Program Files\Logitech Gaming Software\LCore.exe /minimized
     Logitech Gaming Framework
     Logitech Inc.
     8.94.108.0
     c:\program files\logitech gaming software\lcore.exe
     2017/7/11 6:20
   IAStorIcon
     "C:\Program Files\Intel\Intel(R) Rapid Storage Technology\IAStorIconLaunch.exe" "C:\Program Files\Intel\Intel(R) Rapid Storage Technology\IAStorIcon.exe" 60
     Delayed launcher
     Intel Corporation
     1.0.0.1
     c:\program files\intel\intel(r) rapid storage technology\iastoriconlaunch.exe
     2018/2/13 16:54
   Everything
     "C:\Program Files\Everything\Everything.exe" -startup
     Everything
     1.4.1.895
     c:\program files\everything\everything.exe
     2018/2/9 12:08
   LogiOptions
     C:\Program Files\Logitech\LogiOptions\LogiOptions.exe /noui
     LogiOptions.exe (UNICODE)
     Logitech, Inc.
     7.10.3.0
     c:\program files\logitech\logioptions\logioptions.exe
     2018/12/15 8:36
   AWSoundCenterUILauncher
     C:\Program Files\Alienware\AWSoundCenter\UserInterface\AWSoundCenterUILauncher.exe /noUI
     AWSoundCenter
     Alienware
     1.1.11.60637
     c:\program files\alienware\awsoundcenter\userinterface\awsoundcenteruilauncher.exe
     2019/10/15 10:40

HKLM\SOFTWARE\Wow6432Node\Microsoft\Windows\CurrentVersion\Run
   AlienwareOn-ScreenDisplay
     C:\Program Files (x86)\Alienware On-Screen Display\AlienwareOn-ScreenDisplay.exe
     Alienware On-Screen Display
     Alienware Corp.
     0.33.0.19
     c:\program files (x86)\alienware on-screen display\alienwareon-screendisplay.exe
     2016/5/9 11:22

C:\ProgramData\Microsoft\Windows\Start Menu\Programs\Startup
   Dell Display Manager.lnk
     C:\ProgramData\Microsoft\Windows\Start Menu\Programs\Startup\Dell Display Manager.lnk
     Dell Display Manager
     EnTech Taiwan
     1.40.0.1936
     c:\program files (x86)\dell\dell display manager\ddm.exe
     1992/6/20 6:22
   NI Error Reporting.lnk
     C:\ProgramData\Microsoft\Windows\Start Menu\Programs\Startup\NI Error Reporting.lnk
     NI Error Reporting Server
     National Instruments Corporation
     15.0.0.49156
     d:\shared\ni error reporting\nierserver.exe
     2015/5/22 2:12
   SpyderUtility.lnk
     C:\ProgramData\Microsoft\Windows\Start Menu\Programs\Startup\SpyderUtility.lnk
     (c)2017 Datacolor
     (c)2017 Datacolor
     1.6.0.0
     d:\spyder\spyder5elite\utility\spyderutility.exe
     2012/12/22 8:19

HKLM\SOFTWARE\Microsoft\Active Setup\Installed Components
   Microsoft Windows Media Player
     %SystemRoot%\system32\unregmp2.exe /ShowWMP
     Microsoft Windows Media Player 安装实用程序
     Microsoft Corporation
     12.0.18362.1
     c:\windows\system32\unregmp2.exe
     1905/1/19 16:25
   Themes Setup
     themeui.dll
     Windows 主题 API
     Microsoft Corporation
     10.0.18362.1
     c:\windows\system32\themeui.dll
     2004/6/4 0:28
   Microsoft Windows Media Player
     %SystemRoot%\system32\unregmp2.exe /FirstLogon
     Microsoft Windows Media Player 安装实用程序
     Microsoft Corporation
     12.0.18362.1
     c:\windows\system32\unregmp2.exe
     1905/1/19 16:25
   Windows Desktop Update
     shell32.dll
     Windows Shell 公用 DLL
     Microsoft Corporation
     10.0.18362.719
     c:\windows\system32\shell32.dll
     2021/3/19 19:01
   Web Platform Customizations
     C:\Windows\System32\ie4uinit.exe -UserConfig
     IE 每用户初始化工具
     Microsoft Corporation
     11.0.18362.628
     c:\windows\system32\ie4uinit.exe
     1912/12/24 7:59
   n/a
     C:\Windows\System32\Rundll32.exe C:\Windows\System32\mscories.dll,Install
     Microsoft .NET IE SECURITY REGISTRATION
     Microsoft Corporation
     2.0.50727.9136
     c:\windows\system32\mscories.dll
     2019/3/4 20:54

HKLM\SOFTWARE\Wow6432Node\Microsoft\Active Setup\Installed Components
   Microsoft Windows Media Player
     %SystemRoot%\system32\unregmp2.exe /ShowWMP
     Microsoft Windows Media Player Setup Utility
     Microsoft Corporation
     12.0.18362.1
     c:\windows\syswow64\unregmp2.exe
     1982/6/14 6:30
   Microsoft Windows Media Player
     %SystemRoot%\system32\unregmp2.exe /FirstLogon
     Microsoft Windows Media Player Setup Utility
     Microsoft Corporation
     12.0.18362.1
     c:\windows\syswow64\unregmp2.exe
     1982/6/14 6:30
   n/a
     C:\Windows\SysWOW64\Rundll32.exe C:\Windows\SysWOW64\mscories.dll,Install
     Microsoft .NET IE SECURITY REGISTRATION
     Microsoft Corporation
     2.0.50727.9136
     c:\windows\syswow64\mscories.dll
     2019/3/5 2:12
   Google Chrome
     "C:\Program Files (x86)\Google\Chrome\Application\81.0.4044.138\Installer\chrmstp.exe" --configure-user-settings --verbose-logging --system-level
     Google Chrome Installer
     Google LLC
     81.0.4044.138
     c:\program files (x86)\google\chrome\application\81.0.4044.138\installer\chrmstp.exe
     2020/5/2 5:41

HKLM\Software\Microsoft\Windows NT\CurrentVersion\Windows\IconServiceLib
   IconCodecService.dll
     IconCodecService.dll
     Converts a PNG part of the icon to a legacy bmp icon
     Microsoft Corporation
     10.0.18362.1
     c:\windows\system32\iconcodecservice.dll
     1943/11/28 10:47

HKCU\SOFTWARE\Microsoft\Windows\CurrentVersion\Run
   OneDrive
     "C:\Users\yanchanglong\AppData\Local\Microsoft\OneDrive\OneDrive.exe" /background
     Microsoft OneDrive
     Microsoft Corporation
     19.232.1124.12
     c:\users\yanchanglong\appdata\local\microsoft\onedrive\onedrive.exe
     1908/5/24 3:47
   DAEMON Tools Lite Automount
     "C:\Program Files\DAEMON Tools Lite\DTAgent.exe" -autorun
     DAEMON Tools Lite Agent
     Disc Soft Ltd
     10.11.0.948
     c:\program files\daemon tools lite\dtagent.exe
     2019/7/15 18:16
   Thunder
     C:\Program Files (x86)\Thunder Network\Thunder9\Program\Thunder.exe -silent -StartType:AutoRun
     迅雷X
     深圳市迅雷网络技术有限公司
     10.1.28.676
     c:\program files (x86)\thunder network\thunder9\program\thunder.exe
     2019/12/26 21:35

HKCU\SOFTWARE\Microsoft\Windows\CurrentVersion\RunOnce
   Application Restart #6
     C:\Program Files (x86)\Microsoft Visual Studio\2019\Community\Common7\IDE\devenv.exe D:\download\roy_ycl-compiler_lex-master /restartManager  /recoveryFile "C:\Users\yanchanglong\AppData\Roaming\Microsoft\VisualStudio\16.0_fcd311ac\AutoRecoverDat\23600.dat;C:\Users\yanchanglong\AppData\Roaming\Microsoft\VisualStudio\16.0_fcd311ac\AutoRecoverDat\23600.suodat"
     Microsoft Visual Studio 2019
     Microsoft Corporation
     16.0.28803.156
     c:\program files (x86)\microsoft visual studio\2019\community\common7\ide\devenv.exe
     2019/4/6 8:35
   Application Restart #7
     C:\Program Files (x86)\Microsoft Visual Studio\2019\Community\Common7\IDE\devenv.exe "D:\download\roy_ycl-yacc-master (2)\yacc" /restartManager  /recoveryFile "C:\Users\yanchanglong\AppData\Roaming\Microsoft\VisualStudio\16.0_fcd311ac\AutoRecoverDat\21324.dat;C:\Users\yanchanglong\AppData\Roaming\Microsoft\VisualStudio\16.0_fcd311ac\AutoRecoverDat\21324.suodat"
     Microsoft Visual Studio 2019
     Microsoft Corporation
     16.0.28803.156
     c:\program files (x86)\microsoft visual studio\2019\community\common7\ide\devenv.exe
     2019/4/6 8:35

C:\Users\yanchanglong\AppData\Roaming\Microsoft\Windows\Start Menu\Programs\Startup
   Snipaste.lnk
     C:\Users\yanchanglong\AppData\Roaming\Microsoft\Windows\Start Menu\Programs\Startup\Snipaste.lnk
     任务计划程序配置工具
     Microsoft Corporation
     10.0.18362.175
     c:\windows\system32\schtasks.exe
     1932/11/19 23:30

HKCU\SOFTWARE\Microsoft\Windows\CurrentVersion\Run
   OneDrive
     "C:\Users\yanchanglong\AppData\Local\Microsoft\OneDrive\OneDrive.exe" /background
     Microsoft OneDrive
     Microsoft Corporation
     19.232.1124.12
     c:\users\yanchanglong\appdata\local\microsoft\onedrive\onedrive.exe
     1908/5/24 3:47
   DAEMON Tools Lite Automount
     "C:\Program Files\DAEMON Tools Lite\DTAgent.exe" -autorun
     DAEMON Tools Lite Agent
     Disc Soft Ltd
     10.11.0.948
     c:\program files\daemon tools lite\dtagent.exe
     2019/7/15 18:16
   Thunder
     C:\Program Files (x86)\Thunder Network\Thunder9\Program\Thunder.exe -silent -StartType:AutoRun
     迅雷X
     深圳市迅雷网络技术有限公司
     10.1.28.676
     c:\program files (x86)\thunder network\thunder9\program\thunder.exe
     2019/12/26 21:35

HKCU\SOFTWARE\Microsoft\Windows\CurrentVersion\RunOnce
   Application Restart #6
     C:\Program Files (x86)\Microsoft Visual Studio\2019\Community\Common7\IDE\devenv.exe D:\download\roy_ycl-compiler_lex-master /restartManager  /recoveryFile "C:\Users\yanchanglong\AppData\Roaming\Microsoft\VisualStudio\16.0_fcd311ac\AutoRecoverDat\23600.dat;C:\Users\yanchanglong\AppData\Roaming\Microsoft\VisualStudio\16.0_fcd311ac\AutoRecoverDat\23600.suodat"
     Microsoft Visual Studio 2019
     Microsoft Corporation
     16.0.28803.156
     c:\program files (x86)\microsoft visual studio\2019\community\common7\ide\devenv.exe
     2019/4/6 8:35
   Application Restart #7
     C:\Program Files (x86)\Microsoft Visual Studio\2019\Community\Common7\IDE\devenv.exe "D:\download\roy_ycl-yacc-master (2)\yacc" /restartManager  /recoveryFile "C:\Users\yanchanglong\AppData\Roaming\Microsoft\VisualStudio\16.0_fcd311ac\AutoRecoverDat\21324.dat;C:\Users\yanchanglong\AppData\Roaming\Microsoft\VisualStudio\16.0_fcd311ac\AutoRecoverDat\21324.suodat"
     Microsoft Visual Studio 2019
     Microsoft Corporation
     16.0.28803.156
     c:\program files (x86)\microsoft visual studio\2019\community\common7\ide\devenv.exe
     2019/4/6 8:35

C:\Users\yanchanglong\AppData\Roaming\Microsoft\Windows\Start Menu\Programs\Startup
   Snipaste.lnk
     C:\Users\yanchanglong\AppData\Roaming\Microsoft\Windows\Start Menu\Programs\Startup\Snipaste.lnk
     任务计划程序配置工具
     Microsoft Corporation
     10.0.18362.175
     c:\windows\system32\schtasks.exe
     1932/11/19 23:30
 
Windows IP 配置

   主机名  . . . . . . . . . . . . . : AW-Roy
   主 DNS 后缀 . . . . . . . . . . . : 
   节点类型  . . . . . . . . . . . . : 混合
   IP 路由已启用 . . . . . . . . . . : 否
   WINS 代理已启用 . . . . . . . . . : 否
   DNS 后缀搜索列表  . . . . . . . . : lan

以太网适配器 Ethernet:

   媒体状态  . . . . . . . . . . . . : 媒体已断开连接
   连接特定的 DNS 后缀 . . . . . . . : lan
   描述. . . . . . . . . . . . . . . : Killer E2500 Gigabit Ethernet Controller
   物理地址. . . . . . . . . . . . . : D4-81-D7-67-78-3F
   DHCP 已启用 . . . . . . . . . . . : 是
   自动配置已启用. . . . . . . . . . : 是

以太网适配器 以太网:

   媒体状态  . . . . . . . . . . . . : 媒体已断开连接
   连接特定的 DNS 后缀 . . . . . . . : 
   描述. . . . . . . . . . . . . . . : TAP-Windows Adapter V9
   物理地址. . . . . . . . . . . . . : 00-FF-BB-95-B4-F8
   DHCP 已启用 . . . . . . . . . . . : 是
   自动配置已启用. . . . . . . . . . : 是

无线局域网适配器 Local Area Connection* 3:

   媒体状态  . . . . . . . . . . . . : 媒体已断开连接
   连接特定的 DNS 后缀 . . . . . . . : 
   描述. . . . . . . . . . . . . . . : Microsoft Wi-Fi Direct Virtual Adapter
   物理地址. . . . . . . . . . . . . : 9E-B6-D0-D5-B1-47
   DHCP 已启用 . . . . . . . . . . . : 是
   自动配置已启用. . . . . . . . . . : 是

无线局域网适配器 Local Area Connection* 13:

   媒体状态  . . . . . . . . . . . . : 媒体已断开连接
   连接特定的 DNS 后缀 . . . . . . . : 
   描述. . . . . . . . . . . . . . . : Microsoft Wi-Fi Direct Virtual Adapter #2
   物理地址. . . . . . . . . . . . . : AE-B6-D0-D5-B1-47
   DHCP 已启用 . . . . . . . . . . . : 是
   自动配置已启用. . . . . . . . . . : 是

以太网适配器 VMware Network Adapter VMnet1:

   连接特定的 DNS 后缀 . . . . . . . : 
   描述. . . . . . . . . . . . . . . : VMware Virtual Ethernet Adapter for VMnet1
   物理地址. . . . . . . . . . . . . : 00-50-56-C0-00-01
   DHCP 已启用 . . . . . . . . . . . : 是
   自动配置已启用. . . . . . . . . . : 是
   本地链接 IPv6 地址. . . . . . . . : fe80::dc4a:5fdd:85ee:4d1e%30(首选) 
   IPv4 地址 . . . . . . . . . . . . : 192.168.213.1(首选) 
   子网掩码  . . . . . . . . . . . . : 255.255.255.0
   获得租约的时间  . . . . . . . . . : 2020年5月5日 9:42:14
   租约过期的时间  . . . . . . . . . : 2020年5月10日 16:57:12
   默认网关. . . . . . . . . . . . . : 
   DHCP 服务器 . . . . . . . . . . . : 192.168.213.254
   DHCPv6 IAID . . . . . . . . . . . : 905990230
   DHCPv6 客户端 DUID  . . . . . . . : 00-01-00-01-20-0B-93-DD-D4-81-D7-67-78-3F
   DNS 服务器  . . . . . . . . . . . : fec0:0:0:ffff::1%1
                                       fec0:0:0:ffff::2%1
                                       fec0:0:0:ffff::3%1
   TCPIP 上的 NetBIOS  . . . . . . . : 已启用

以太网适配器 VMware Network Adapter VMnet8:

   连接特定的 DNS 后缀 . . . . . . . : 
   描述. . . . . . . . . . . . . . . : VMware Virtual Ethernet Adapter for VMnet8
   物理地址. . . . . . . . . . . . . : 00-50-56-C0-00-08
   DHCP 已启用 . . . . . . . . . . . : 是
   自动配置已启用. . . . . . . . . . : 是
   本地链接 IPv6 地址. . . . . . . . : fe80::70bb:197d:a50e:62d5%13(首选) 
   IPv4 地址 . . . . . . . . . . . . : 192.168.182.1(首选) 
   子网掩码  . . . . . . . . . . . . : 255.255.255.0
   获得租约的时间  . . . . . . . . . : 2020年5月5日 9:42:17
   租约过期的时间  . . . . . . . . . : 2020年5月10日 16:57:15
   默认网关. . . . . . . . . . . . . : 
   DHCP 服务器 . . . . . . . . . . . : 192.168.182.254
   DHCPv6 IAID . . . . . . . . . . . : 922767446
   DHCPv6 客户端 DUID  . . . . . . . : 00-01-00-01-20-0B-93-DD-D4-81-D7-67-78-3F
   DNS 服务器  . . . . . . . . . . . : fec0:0:0:ffff::1%1
                                       fec0:0:0:ffff::2%1
                                       fec0:0:0:ffff::3%1
   主 WINS 服务器  . . . . . . . . . : 192.168.182.2
   TCPIP 上的 NetBIOS  . . . . . . . : 已启用

以太网适配器 VMware Network Adapter VMnet0:

   连接特定的 DNS 后缀 . . . . . . . : 
   描述. . . . . . . . . . . . . . . : VMware Virtual Ethernet Adapter for VMnet0
   物理地址. . . . . . . . . . . . . : 00-50-56-C0-00-00
   DHCP 已启用 . . . . . . . . . . . : 是
   自动配置已启用. . . . . . . . . . : 是
   本地链接 IPv6 地址. . . . . . . . : fe80::5dd6:55bc:3011:1ff9%7(首选) 
   IPv4 地址 . . . . . . . . . . . . : 192.168.147.1(首选) 
   子网掩码  . . . . . . . . . . . . : 255.255.255.0
   获得租约的时间  . . . . . . . . . : 2020年5月5日 9:42:29
   租约过期的时间  . . . . . . . . . : 2020年5月10日 16:57:12
   默认网关. . . . . . . . . . . . . : 
   DHCP 服务器 . . . . . . . . . . . : 192.168.147.254
   DHCPv6 IAID . . . . . . . . . . . : 1157648470
   DHCPv6 客户端 DUID  . . . . . . . : 00-01-00-01-20-0B-93-DD-D4-81-D7-67-78-3F
   DNS 服务器  . . . . . . . . . . . : fec0:0:0:ffff::1%1
                                       fec0:0:0:ffff::2%1
                                       fec0:0:0:ffff::3%1
   TCPIP 上的 NetBIOS  . . . . . . . : 已启用

无线局域网适配器 Wi-Fi:

   连接特定的 DNS 后缀 . . . . . . . : lan
   描述. . . . . . . . . . . . . . . : Killer Wireless-n/a/ac 1535 Wireless Network Adapter
   物理地址. . . . . . . . . . . . . : 9C-B6-D0-D5-B1-47
   DHCP 已启用 . . . . . . . . . . . : 是
   自动配置已启用. . . . . . . . . . : 是
   本地链接 IPv6 地址. . . . . . . . : fe80::c899:f247:5ba3:65de%28(首选) 
   IPv4 地址 . . . . . . . . . . . . : 192.168.2.229(首选) 
   子网掩码  . . . . . . . . . . . . : 255.255.255.0
   获得租约的时间  . . . . . . . . . : 2020年5月5日 9:41:57
   租约过期的时间  . . . . . . . . . : 2020年5月11日 10:08:56
   默认网关. . . . . . . . . . . . . : 192.168.2.1
   DHCP 服务器 . . . . . . . . . . . : 192.168.2.1
   DHCPv6 IAID . . . . . . . . . . . : 144488144
   DHCPv6 客户端 DUID  . . . . . . . : 00-01-00-01-20-0B-93-DD-D4-81-D7-67-78-3F
   DNS 服务器  . . . . . . . . . . . : 101.198.199.200
                                       114.114.114.114
   TCPIP 上的 NetBIOS  . . . . . . . : 已启用

以太网适配器 Ethernet 2:

   媒体状态  . . . . . . . . . . . . : 媒体已断开连接
   连接特定的 DNS 后缀 . . . . . . . : 
   描述. . . . . . . . . . . . . . . : Sangfor SSL VPN CS Support System VNIC
   物理地址. . . . . . . . . . . . . : 00-FF-ED-EE-99-BB
   DHCP 已启用 . . . . . . . . . . . : 是
   自动配置已启用. . . . . . . . . . : 是

以太网适配器 Bluetooth Network Connection 5:

   媒体状态  . . . . . . . . . . . . : 媒体已断开连接
   连接特定的 DNS 后缀 . . . . . . . : 
   描述. . . . . . . . . . . . . . . : Bluetooth Device (Personal Area Network) #5
   物理地址. . . . . . . . . . . . . : 9C-B6-D0-D5-B1-48
   DHCP 已启用 . . . . . . . . . . . : 是
   自动配置已启用. . . . . . . . . . : 是
===========================================================================
接口列表
 11...d4 81 d7 67 78 3f ......Killer E2500 Gigabit Ethernet Controller
 26...00 ff bb 95 b4 f8 ......TAP-Windows Adapter V9
 15...9e b6 d0 d5 b1 47 ......Microsoft Wi-Fi Direct Virtual Adapter
 19...ae b6 d0 d5 b1 47 ......Microsoft Wi-Fi Direct Virtual Adapter #2
 30...00 50 56 c0 00 01 ......VMware Virtual Ethernet Adapter for VMnet1
 13...00 50 56 c0 00 08 ......VMware Virtual Ethernet Adapter for VMnet8
  7...00 50 56 c0 00 00 ......VMware Virtual Ethernet Adapter for VMnet0
 28...9c b6 d0 d5 b1 47 ......Killer Wireless-n/a/ac 1535 Wireless Network Adapter
 31...00 ff ed ee 99 bb ......Sangfor SSL VPN CS Support System VNIC
 21...9c b6 d0 d5 b1 48 ......Bluetooth Device (Personal Area Network) #5
  1...........................Software Loopback Interface 1
===========================================================================

IPv4 路由表
===========================================================================
活动路由:
网络目标        网络掩码          网关       接口   跃点数
          0.0.0.0          0.0.0.0      192.168.2.1    192.168.2.229     50
        127.0.0.0        255.0.0.0            在链路上         127.0.0.1    331
        127.0.0.1  255.255.255.255            在链路上         127.0.0.1    331
  127.255.255.255  255.255.255.255            在链路上         127.0.0.1    331
      192.168.2.0    255.255.255.0            在链路上     192.168.2.229    306
    192.168.2.229  255.255.255.255            在链路上     192.168.2.229    306
    192.168.2.255  255.255.255.255            在链路上     192.168.2.229    306
    192.168.147.0    255.255.255.0            在链路上     192.168.147.1    291
    192.168.147.1  255.255.255.255            在链路上     192.168.147.1    291
  192.168.147.255  255.255.255.255            在链路上     192.168.147.1    291
    192.168.182.0    255.255.255.0            在链路上     192.168.182.1    291
    192.168.182.1  255.255.255.255            在链路上     192.168.182.1    291
  192.168.182.255  255.255.255.255            在链路上     192.168.182.1    291
    192.168.213.0    255.255.255.0            在链路上     192.168.213.1    291
    192.168.213.1  255.255.255.255            在链路上     192.168.213.1    291
  192.168.213.255  255.255.255.255            在链路上     192.168.213.1    291
        224.0.0.0        240.0.0.0            在链路上         127.0.0.1    331
        224.0.0.0        240.0.0.0            在链路上     192.168.213.1    291
        224.0.0.0        240.0.0.0            在链路上     192.168.182.1    291
        224.0.0.0        240.0.0.0            在链路上     192.168.147.1    291
        224.0.0.0        240.0.0.0            在链路上     192.168.2.229    306
  255.255.255.255  255.255.255.255            在链路上         127.0.0.1    331
  255.255.255.255  255.255.255.255            在链路上     192.168.213.1    291
  255.255.255.255  255.255.255.255            在链路上     192.168.182.1    291
  255.255.255.255  255.255.255.255            在链路上     192.168.147.1    291
  255.255.255.255  255.255.255.255            在链路上     192.168.2.229    306
===========================================================================
永久路由:
  无

IPv6 路由表
===========================================================================
活动路由:
 接口跃点数网络目标                网关
  1    331 ::1/128                  在链路上
 30    291 fe80::/64                在链路上
 13    291 fe80::/64                在链路上
  7    291 fe80::/64                在链路上
 28    306 fe80::/64                在链路上
  7    291 fe80::5dd6:55bc:3011:1ff9/128
                                    在链路上
 13    291 fe80::70bb:197d:a50e:62d5/128
                                    在链路上
 28    306 fe80::c899:f247:5ba3:65de/128
                                    在链路上
 30    291 fe80::dc4a:5fdd:85ee:4d1e/128
                                    在链路上
  1    331 ff00::/8                 在链路上
 30    291 ff00::/8                 在链路上
 13    291 ff00::/8                 在链路上
  7    291 ff00::/8                 在链路上
 28    306 ff00::/8                 在链路上
===========================================================================
永久路由:
  无

接口: 192.168.147.1 --- 0x7
  Internet 地址         物理地址              类型
  192.168.147.254       00-50-56-e9-77-00     动态        
  192.168.147.255       ff-ff-ff-ff-ff-ff     静态        
  224.0.0.22            01-00-5e-00-00-16     静态        
  224.0.0.251           01-00-5e-00-00-fb     静态        
  224.0.0.252           01-00-5e-00-00-fc     静态        
  239.255.255.250       01-00-5e-7f-ff-fa     静态        

接口: 192.168.182.1 --- 0xd
  Internet 地址         物理地址              类型
  192.168.182.254       00-50-56-e2-db-3d     动态        
  192.168.182.255       ff-ff-ff-ff-ff-ff     静态        
  224.0.0.22            01-00-5e-00-00-16     静态        
  224.0.0.251           01-00-5e-00-00-fb     静态        
  224.0.0.252           01-00-5e-00-00-fc     静态        
  239.255.255.250       01-00-5e-7f-ff-fa     静态        

接口: 192.168.2.229 --- 0x1c
  Internet 地址         物理地址              类型
  192.168.2.1           74-7d-24-d5-c9-27     动态        
  192.168.2.112         d8-ce-3a-fe-7e-d2     动态        
  192.168.2.255         ff-ff-ff-ff-ff-ff     静态        
  224.0.0.22            01-00-5e-00-00-16     静态        
  224.0.0.251           01-00-5e-00-00-fb     静态        
  224.0.0.252           01-00-5e-00-00-fc     静态        
  239.255.255.250       01-00-5e-7f-ff-fa     静态        

接口: 192.168.213.1 --- 0x1e
  Internet 地址         物理地址              类型
  192.168.213.254       00-50-56-e6-2b-4c     动态        
  192.168.213.255       ff-ff-ff-ff-ff-ff     静态        
  224.0.0.22            01-00-5e-00-00-16     静态        
  224.0.0.251           01-00-5e-00-00-fb     静态        
  224.0.0.252           01-00-5e-00-00-fc     静态        
  239.255.255.250       01-00-5e-7f-ff-fa     静态        
  255.255.255.255       ff-ff-ff-ff-ff-ff     静态        
------------------------------------------------------------------------------

System pid: 4 \<unable to open process>

------------------------------------------------------------------------------

smss.exe pid: 512 \<unable to open process>

------------------------------------------------------------------------------

csrss.exe pid: 724 \<unable to open process>

------------------------------------------------------------------------------

wininit.exe pid: 824 \<unable to open process>

------------------------------------------------------------------------------

csrss.exe pid: 832 \<unable to open process>

------------------------------------------------------------------------------

services.exe pid: 896 \<unable to open process>

------------------------------------------------------------------------------

lsass.exe pid: 904 \<unable to open process>

------------------------------------------------------------------------------

winlogon.exe pid: 972 \<unable to open process>

------------------------------------------------------------------------------

svchost.exe pid: 608 \<unable to open process>

------------------------------------------------------------------------------

fontdrvhost.exe pid: 92 \<unable to open process>

------------------------------------------------------------------------------

fontdrvhost.exe pid: 916 \<unable to open process>

------------------------------------------------------------------------------

svchost.exe pid: 836 \<unable to open process>

------------------------------------------------------------------------------

WUDFHost.exe pid: 1056 \<unable to open process>

------------------------------------------------------------------------------

WUDFHost.exe pid: 1156 \<unable to open process>

------------------------------------------------------------------------------

svchost.exe pid: 1236 \<unable to open process>

------------------------------------------------------------------------------

svchost.exe pid: 1284 \<unable to open process>

------------------------------------------------------------------------------

dwm.exe pid: 1356 \<unable to open process>

------------------------------------------------------------------------------

svchost.exe pid: 1504 \<unable to open process>

------------------------------------------------------------------------------

svchost.exe pid: 1516 \<unable to open process>

------------------------------------------------------------------------------

svchost.exe pid: 1572 \<unable to open process>

------------------------------------------------------------------------------

svchost.exe pid: 1580 \<unable to open process>

------------------------------------------------------------------------------

svchost.exe pid: 1592 \<unable to open process>

------------------------------------------------------------------------------

svchost.exe pid: 1620 \<unable to open process>

------------------------------------------------------------------------------

svchost.exe pid: 1792 \<unable to open process>

------------------------------------------------------------------------------

svchost.exe pid: 1804 \<unable to open process>

------------------------------------------------------------------------------

svchost.exe pid: 1884 \<unable to open process>

------------------------------------------------------------------------------

svchost.exe pid: 1892 \<unable to open process>

------------------------------------------------------------------------------

svchost.exe pid: 1952 \<unable to open process>

------------------------------------------------------------------------------

svchost.exe pid: 716 \<unable to open process>

------------------------------------------------------------------------------

svchost.exe pid: 1704 \<unable to open process>

------------------------------------------------------------------------------

svchost.exe pid: 2068 \<unable to open process>

------------------------------------------------------------------------------

svchost.exe pid: 2100 \<unable to open process>

------------------------------------------------------------------------------

svchost.exe pid: 2120 \<unable to open process>

------------------------------------------------------------------------------

svchost.exe pid: 2276 \<unable to open process>

------------------------------------------------------------------------------

svchost.exe pid: 2284 \<unable to open process>

------------------------------------------------------------------------------

svchost.exe pid: 2572 \<unable to open process>

------------------------------------------------------------------------------

svchost.exe pid: 2632 \<unable to open process>

------------------------------------------------------------------------------

svchost.exe pid: 2708 \<unable to open process>

------------------------------------------------------------------------------

svchost.exe pid: 2732 \<unable to open process>

------------------------------------------------------------------------------

NVDisplay.Container.exe pid: 2744 \<unable to open process>

------------------------------------------------------------------------------

svchost.exe pid: 2908 \<unable to open process>

------------------------------------------------------------------------------

svchost.exe pid: 2920 \<unable to open process>

------------------------------------------------------------------------------

svchost.exe pid: 2940 \<unable to open process>

------------------------------------------------------------------------------

svchost.exe pid: 2976 \<unable to open process>

------------------------------------------------------------------------------

svchost.exe pid: 2816 \<unable to open process>

------------------------------------------------------------------------------

svchost.exe pid: 3076 \<unable to open process>

------------------------------------------------------------------------------

igfxCUIService.exe pid: 3176 \<unable to open process>

------------------------------------------------------------------------------

svchost.exe pid: 3216 \<unable to open process>

------------------------------------------------------------------------------

svchost.exe pid: 3248 \<unable to open process>

------------------------------------------------------------------------------

svchost.exe pid: 3264 \<unable to open process>

------------------------------------------------------------------------------

svchost.exe pid: 3332 \<unable to open process>

------------------------------------------------------------------------------

svchost.exe pid: 3368 \<unable to open process>

------------------------------------------------------------------------------

svchost.exe pid: 3524 \<unable to open process>

------------------------------------------------------------------------------

NVDisplay.Container.exe pid: 3576 \<unable to open process>

------------------------------------------------------------------------------

svchost.exe pid: 3740 \<unable to open process>

------------------------------------------------------------------------------

WmiPrvSE.exe pid: 3900 \<unable to open process>

------------------------------------------------------------------------------

dasHost.exe pid: 4016 \<unable to open process>

------------------------------------------------------------------------------

svchost.exe pid: 3132 \<unable to open process>

------------------------------------------------------------------------------

svchost.exe pid: 4152 \<unable to open process>

------------------------------------------------------------------------------

RtkAudioService64.exe pid: 4212 \<unable to open process>

------------------------------------------------------------------------------

svchost.exe pid: 4348 \<unable to open process>

------------------------------------------------------------------------------

svchost.exe pid: 4356 \<unable to open process>

------------------------------------------------------------------------------

ZhuDongFangYu.exe pid: 4364 \<unable to open process>

------------------------------------------------------------------------------

svchost.exe pid: 4680 \<unable to open process>

------------------------------------------------------------------------------

RAVBg64.exe pid: 4820 \<unable to open process>

------------------------------------------------------------------------------

sihost.exe pid: 4836 AW-ROY\yanchanglong

   40: File          C:\Windows\System32

  180: Section       \BaseNamedObjects\__ComCatalogCache__

  1A8: Section       \BaseNamedObjects\__ComCatalogCache__

  1AC: File          C:\Windows\Registration\R00000000000d.clb

  674: File          C:\Program Files\WindowsApps\Microsoft.LanguageExperiencePackzh-CN_18362.24.72.0_neutral__8wekyb3d8bbwe\Windows\System32\zh-CN\KernelBase.dll.mui

  7B4: Section       \Sessions\1\BaseNamedObjects\C:*ProgramData*Microsoft*Windows*Caches*cversions.2.ro

  9C0: Section       \Sessions\1\BaseNamedObjects\C:*ProgramData*Microsoft*Windows*Caches*cversions.2.ro

  B10: Section       \Sessions\1\BaseNamedObjects\C:*ProgramData*Microsoft*Windows*Caches*cversions.2.ro

  C78: File          D:\WORKING\????\???\Chapter9-part3-live data collection.mov

  CF8: Section       \Sessions\1\BaseNamedObjects\windows_shell_global_counters

  D74: File          C:\Program Files\WindowsApps\Microsoft.LanguageExperiencePackzh-CN_18362.24.72.0_neutral__8wekyb3d8bbwe\Windows\System32\zh-CN\windows.storage.dll.mui

  D90: File          C:\Program Files\WindowsApps\Microsoft.LanguageExperiencePackzh-CN_18362.24.72.0_neutral__8wekyb3d8bbwe\Windows\System32\zh-CN\propsys.dll.mui

  DA8: Section       \BaseNamedObjects\SearchCrawlScopeVersion

  E88: Section       \Sessions\1\BaseNamedObjects\C:*ProgramData*Microsoft*Windows*Caches*{6AF0698E-D558-4F6E-9B3C-3716689AF493}.2.ver0x0000000000000001.db

  ED4: Section       \BaseNamedObjects\windows_shell_global_counters

  F00: Section       \Sessions\1\BaseNamedObjects\C:*ProgramData*Microsoft*Windows*Caches*{DDF571F2-BE98-426D-8288-1A9A39C3FDA2}.2.ver0x0000000000000001.db

  F10: File          C:\Windows\WinSxS\amd64_microsoft.windows.common-controls_6595b64144ccf1df_6.0.18362.778_none_e6c6b761130d4fb8

  F94: File          C:\Windows\WinSxS\amd64_microsoft.windows.gdiplus_6595b64144ccf1df_1.1.18362.778_none_17b1aa466d9fc986

  FB8: Section       \Sessions\1\BaseNamedObjects\C:*ProgramData*Microsoft*Windows*Caches*{601E8F59-2494-4F5B-858C-98B965334AFA}.2.ver0x0000000000000001.db

  FF8: Section       \Sessions\1\BaseNamedObjects\C:*ProgramData*Microsoft*Windows*Caches*cversions.2.ro

 10A8: File          D:\WORKING\????\???\Chapter9-part3-live data collection.mov

 1100: File          C:\Windows\WinSxS\amd64_microsoft.windows.common-controls_6595b64144ccf1df_6.0.18362.778_none_e6c6b761130d4fb8

------------------------------------------------------------------------------

svchost.exe pid: 4892 AW-ROY\yanchanglong

   48: File          C:\Windows\System32

  130: File          C:\Program Files\WindowsApps\Microsoft.LanguageExperiencePackzh-CN_18362.24.72.0_neutral__8wekyb3d8bbwe\Windows\System32\zh-CN\svchost.exe.mui

  15C: Section       \BaseNamedObjects\__ComCatalogCache__

  2AC: Section       \BaseNamedObjects\__ComCatalogCache__

  2B0: File          C:\Windows\Registration\R00000000000d.clb

  380: Section       \Sessions\1\BaseNamedObjects\windows_shell_global_counters

  3FC: File          C:\Program Files\WindowsApps\Microsoft.LanguageExperiencePackzh-CN_18362.24.72.0_neutral__8wekyb3d8bbwe\Windows\System32\zh-CN\crypt32.dll.mui

  4F4: File          C:\Users\yanchanglong\AppData\Local\ConnectedDevicesPlatform\c5a87707b31c0268\ActivitiesCache.db

  4F8: File          C:\Users\yanchanglong\AppData\Local\ConnectedDevicesPlatform\c5a87707b31c0268\ActivitiesCache.db-wal

  4FC: File          C:\Users\yanchanglong\AppData\Local\ConnectedDevicesPlatform\c5a87707b31c0268\ActivitiesCache.db-shm

  568: File          C:\Program Files\WindowsApps\Microsoft.LanguageExperiencePackzh-CN_18362.24.72.0_neutral__8wekyb3d8bbwe\Windows\System32\zh-CN\KernelBase.dll.mui

  570: File          C:\Program Files\WindowsApps\Microsoft.LanguageExperiencePackzh-CN_18362.24.72.0_neutral__8wekyb3d8bbwe\Windows\System32\zh-CN\mswsock.dll.mui

  604: File          C:\Program Files\WindowsApps\Microsoft.LanguageExperiencePackzh-CN_18362.24.72.0_neutral__8wekyb3d8bbwe\Windows\System32\zh-CN\winnlsres.dll.mui

  640: File          C:\Program Files\WindowsApps\Microsoft.LanguageExperiencePackzh-CN_18362.24.72.0_neutral__8wekyb3d8bbwe\Windows\System32\zh-CN\kernel32.dll.mui

------------------------------------------------------------------------------

RAVBg64.exe pid: 4904 \<unable to open process>

------------------------------------------------------------------------------

svchost.exe pid: 4936 \<unable to open process>

------------------------------------------------------------------------------

PresentationFontCache.exe pid: 4964 \<unable to open process>

------------------------------------------------------------------------------

svchost.exe pid: 5112 AW-ROY\yanchanglong

   48: File          C:\Windows\System32

   88: File          C:\Program Files\WindowsApps\Microsoft.LanguageExperiencePackzh-CN_18362.24.72.0_neutral__8wekyb3d8bbwe\Windows\System32\zh-CN\svchost.exe.mui

  1F4: Section       \BaseNamedObjects\__ComCatalogCache__

  200: Section       \BaseNamedObjects\__ComCatalogCache__

  204: File          C:\Windows\Registration\R00000000000d.clb

  30C: Section       \Sessions\1\BaseNamedObjects\windows_shell_global_counters

  34C: File          C:\Users\yanchanglong\AppData\Local\Microsoft\Windows\Notifications\wpndatabase.db

  350: File          C:\Users\yanchanglong\AppData\Local\Microsoft\Windows\Notifications\wpndatabase.db-wal

  354: File          C:\Users\yanchanglong\AppData\Local\Microsoft\Windows\Notifications\wpndatabase.db-shm

  4F4: File          C:\Program Files\WindowsApps\Microsoft.LanguageExperiencePackzh-CN_18362.24.72.0_neutral__8wekyb3d8bbwe\Windows\System32\zh-CN\QuietHours.dll.mui

  548: File          C:\Program Files\WindowsApps\Microsoft.LanguageExperiencePackzh-CN_18362.24.72.0_neutral__8wekyb3d8bbwe\Windows\System32\zh-CN\KernelBase.dll.mui

  664: File          C:\Program Files\WindowsApps\Microsoft.LanguageExperiencePackzh-CN_18362.24.72.0_neutral__8wekyb3d8bbwe\Windows\System32\zh-CN\NotificationController.dll.mui

  708: Section       \Sessions\1\BaseNamedObjects\C:*Users*yanchanglong*AppData*Local*Microsoft*Windows*Caches*cversions.3.ro

  734: Section       \Sessions\1\BaseNamedObjects\C:*ProgramData*Microsoft*Windows*Caches*cversions.2.ro

  818: File          C:\Program Files\WindowsApps\Microsoft.LanguageExperiencePackzh-CN_18362.24.72.0_neutral__8wekyb3d8bbwe\Windows\System32\zh-CN\winnlsres.dll.mui

  858: Section       \BaseNamedObjects\windows_shell_global_counters

  878: File          C:\Program Files\WindowsApps\Microsoft.LanguageExperiencePackzh-CN_18362.24.72.0_neutral__8wekyb3d8bbwe\Windows\System32\zh-CN\kernel32.dll.mui

  8C4: File          C:\Program Files\WindowsApps\Microsoft.LanguageExperiencePackzh-CN_18362.24.72.0_neutral__8wekyb3d8bbwe\Windows\System32\zh-CN\mswsock.dll.mui

  9CC: File          C:\Program Files\WindowsApps\Microsoft.LanguageExperiencePackzh-CN_18362.24.72.0_neutral__8wekyb3d8bbwe\Windows\System32\zh-CN\crypt32.dll.mui

  AD4: Section       \Sessions\1\BaseNamedObjects\C:*ProgramData*Microsoft*Windows*Caches*cversions.2.ro

  AD8: Section       \Sessions\1\BaseNamedObjects\C:*ProgramData*Microsoft*Windows*Caches*{6AF0698E-D558-4F6E-9B3C-3716689AF493}.2.ver0x0000000000000001.db

  ADC: Section       \Sessions\1\BaseNamedObjects\C:*ProgramData*Microsoft*Windows*Caches*cversions.2.ro

  AE0: Section       \Sessions\1\BaseNamedObjects\C:*ProgramData*Microsoft*Windows*Caches*{DDF571F2-BE98-426D-8288-1A9A39C3FDA2}.2.ver0x0000000000000001.db

 10F8: File          C:\Windows\System32\zh-CN\netmsg.dll.mui

 1384: File          C:\Windows\System32\en-US\netmsg.dll.mui

 4088: Section       \Sessions\1\BaseNamedObjects\C:*Users*yanchanglong*AppData*Local*Microsoft*Windows*Caches*{3DA71D5A-20CC-432F-A115-DFE92379E91F}.3.ver0x00000000000000a6.db

------------------------------------------------------------------------------

spoolsv.exe pid: 4256 \<unable to open process>

------------------------------------------------------------------------------

svchost.exe pid: 4716 \<unable to open process>

------------------------------------------------------------------------------

svchost.exe pid: 5180 \<unable to open process>

------------------------------------------------------------------------------

taskhostw.exe pid: 5228 AW-ROY\yanchanglong

   40: File          C:\Windows\System32

  114: File          C:\Program Files\WindowsApps\Microsoft.LanguageExperiencePackzh-CN_18362.24.72.0_neutral__8wekyb3d8bbwe\Windows\System32\zh-CN\taskhostw.exe.mui

  17C: Section       \Windows\Theme202636592

  180: Section       \Sessions\1\Windows\Theme4163941769

  1A4: Section       \BaseNamedObjects\__ComCatalogCache__

  1B8: Section       \BaseNamedObjects\__ComCatalogCache__

  1BC: File          C:\Windows\Registration\R00000000000d.clb

  1E4: File          C:\Windows\System32\en-US\MsCtfMonitor.dll.mui

  20C: File          C:\Users\yanchanglong\AppData\Local\Microsoft\Windows\WebCacheLock.dat

  2B4: Section       \Sessions\1\BaseNamedObjects\windows_shell_global_counters

  304: File          C:\Program Files\WindowsApps\Microsoft.LanguageExperiencePackzh-CN_18362.24.72.0_neutral__8wekyb3d8bbwe\Windows\System32\zh-CN\winmm.dll.mui

  32C: File          C:\Windows\System32\zh-CN\ESENT.dll.mui

  354: File          C:\Users\yanchanglong\AppData\Local\Microsoft\Windows\WebCache\WebCacheV01.jfm

  36C: File          C:\Users\yanchanglong\AppData\Local\Microsoft\Windows\WebCache\WebCacheV01.dat

  3B4: Section       \Sessions\1\BaseNamedObjects\windows_webcache_counters_{9B6AB5B3-91BC-4097-835C-EA2DEC95E9CC}_S-1-5-21-894610241-3031673652-807083418-1001

  3E0: File          C:\Program Files\WindowsApps\Microsoft.LanguageExperiencePackzh-CN_18362.24.72.0_neutral__8wekyb3d8bbwe\Windows\System32\zh-CN\MMDevAPI.dll.mui

  434: File          C:\Program Files\WindowsApps\Microsoft.LanguageExperiencePackzh-CN_18362.24.72.0_neutral__8wekyb3d8bbwe\Windows\System32\zh-CN\wdmaud.drv.mui

  45C: File          C:\Users\yanchanglong\AppData\Local\Microsoft\Windows\WebCache\V01.log

  558: File          C:\Users\yanchanglong\AppData\Local\Microsoft\Windows\WebCache\V01tmp.log

------------------------------------------------------------------------------

svchost.exe pid: 5304 \<unable to open process>

------------------------------------------------------------------------------

svchost.exe pid: 5512 \<unable to open process>

------------------------------------------------------------------------------

ctfmon.exe pid: 5584 \<unable to open process>

------------------------------------------------------------------------------

explorer.exe pid: 5928 AW-ROY\yanchanglong

   48: File          C:\Windows\System32

  11C: File          C:\Program Files\WindowsApps\Microsoft.LanguageExperiencePackzh-CN_18362.24.72.0_neutral__8wekyb3d8bbwe\Windows\zh-CN\explorer.exe.mui

  22C: Section       \Sessions\1\BaseNamedObjects\windows_shell_global_counters

  290: File          C:\Windows\WinSxS\amd64_microsoft.windows.common-controls_6595b64144ccf1df_6.0.18362.778_none_e6c6b761130d4fb8

  298: File          C:\Program Files\WindowsApps\Microsoft.LanguageExperiencePackzh-CN_18362.24.72.0_neutral__8wekyb3d8bbwe\Windows\System32\zh-CN\shell32.dll.mui

  2AC: Section       \Sessions\1\BaseNamedObjects\OpenKillMsgMapping

  310: Section       \Sessions\1\BaseNamedObjects\SessionImmersiveColorPreference

  31C: Section       \BaseNamedObjects\__ComCatalogCache__

  328: Section       \BaseNamedObjects\__ComCatalogCache__

  32C: File          C:\Windows\Registration\R00000000000d.clb

  37C: Section       \BaseNamedObjects\windows_shell_global_counters

  3DC: File          C:\Program Files\WindowsApps\Microsoft.LanguageExperiencePackzh-CN_18362.24.72.0_neutral__8wekyb3d8bbwe\Windows\System32\zh-CN\oleaccrc.dll.mui

  4AC: Section       \Sessions\1\BaseNamedObjects\C:*Users*yanchanglong*AppData*Local*Microsoft*Windows*Caches*cversions.3.ro

  55C: Section       \Windows\Theme202636592

  564: Section       \Sessions\1\Windows\Theme4163941769

  5C8: File          C:\Windows\Fonts\StaticCache.dat

  600: Section       \Sessions\1\BaseNamedObjects\C:*ProgramData*Microsoft*Windows*Caches*cversions.2.ro

  610: Section       \Sessions\1\BaseNamedObjects\1728HWNDInterface:10146

  618: Section       \Sessions\1\BaseNamedObjects\1728HWNDInterface:10146

  62C: File          C:\Windows\WinSxS\amd64_microsoft.windows.common-controls_6595b64144ccf1df_6.0.18362.778_none_e6c6b761130d4fb8

  65C: Section       \Sessions\1\BaseNamedObjects\UrlZonesSM_yanchanglong

  664: Section       \Sessions\1\BaseNamedObjects\C:*ProgramData*Microsoft*Windows*Caches*cversions.2.ro

  670: Section       \Sessions\1\BaseNamedObjects\SessionImmersiveColorPreference

  684: Section       \Sessions\1\BaseNamedObjects\C:*ProgramData*Microsoft*Windows*Caches*{6AF0698E-D558-4F6E-9B3C-3716689AF493}.2.ver0x0000000000000001.db

  6BC: Section       \Sessions\1\BaseNamedObjects\C:*ProgramData*Microsoft*Windows*Caches*{DDF571F2-BE98-426D-8288-1A9A39C3FDA2}.2.ver0x0000000000000001.db

  700: Section       \Sessions\1\BaseNamedObjects\1728HWNDInterface:240af8

  704: Section       \Sessions\1\BaseNamedObjects\1728HWNDInterface:200d6

  70C: Section       \Sessions\1\BaseNamedObjects\1728HWNDInterface:200d6

  71C: File          C:\Program Files\WindowsApps\Microsoft.LanguageExperiencePackzh-CN_18362.24.72.0_neutral__8wekyb3d8bbwe\Windows\System32\zh-CN\msutb.dll.mui

  72C: File          C:\Windows\SystemResources\msutb.dll.mun

  7A8: Section       \Sessions\1\BaseNamedObjects\1728HWNDInterface:10158

  7B8: File          C:\Program Files\WindowsApps\Microsoft.LanguageExperiencePackzh-CN_18362.24.72.0_neutral__8wekyb3d8bbwe\Windows\System32\zh-CN\propsys.dll.mui

  7D4: Section       \Sessions\1\BaseNamedObjects\1728HWNDInterface:10158

  7E4: File          \FileSystem\Filters\FltMgrMsg

  7EC: File          C:\Windows\WinSxS\amd64_microsoft.windows.common-controls_6595b64144ccf1df_6.0.18362.778_none_e6c6b761130d4fb8

  7F4: File          C:\Windows\WinSxS\amd64_microsoft.windows.common-controls_6595b64144ccf1df_6.0.18362.778_none_e6c6b761130d4fb8

  7F8: File          C:\Windows\WinSxS\amd64_microsoft.windows.common-controls_6595b64144ccf1df_6.0.18362.778_none_e6c6b761130d4fb8

  874: Section       \Sessions\1\BaseNamedObjects\1728HWNDInterface:1014e

  878: Section       \Sessions\1\BaseNamedObjects\1728HWNDInterface:1014e

  9DC: File          C:\Windows\WinSxS\amd64_microsoft.windows.common-controls_6595b64144ccf1df_6.0.18362.778_none_e6c6b761130d4fb8

  A5C: File          C:\Windows\WinSxS\amd64_microsoft.windows.common-controls_6595b64144ccf1df_6.0.18362.778_none_e6c6b761130d4fb8

  AA4: File          C:\Program Files\WindowsApps\Microsoft.LanguageExperiencePackzh-CN_18362.24.72.0_neutral__8wekyb3d8bbwe\Windows\System32\zh-CN\twinui.pcshell.dll.mui

  AE0: Section       \Sessions\1\BaseNamedObjects\1728HWNDInterface:20164

  B58: Section       \Sessions\1\BaseNamedObjects\1728HWNDInterface:20164

  BB4: File          C:\Program Files\WindowsApps\Microsoft.LanguageExperiencePackzh-CN_18362.24.72.0_neutral__8wekyb3d8bbwe\Windows\System32\zh-CN\windows.storage.dll.mui

  BC0: Section       \Sessions\1\BaseNamedObjects\windows_ie_global_counters

  C60: File          C:\Windows\apppatch\DirectXApps.sdb

  E1C: Section       \Sessions\1\BaseNamedObjects\1728HWNDInterface:101c6

  E20: Section       \Sessions\1\BaseNamedObjects\1728HWNDInterface:101ce

  E2C: Section       \Sessions\1\BaseNamedObjects\1728HWNDInterface:101c6

  E30: Section       \Sessions\1\BaseNamedObjects\1728HWNDInterface:20178

  E34: Section       \Sessions\1\BaseNamedObjects\1728HWNDInterface:20178

  E38: Section       \Sessions\1\BaseNamedObjects\1728HWNDInterface:101c8

  E3C: Section       \Sessions\1\BaseNamedObjects\1728HWNDInterface:101c8

  E40: Section       \Sessions\1\BaseNamedObjects\1728HWNDInterface:101ca

  E44: Section       \Sessions\1\BaseNamedObjects\1728HWNDInterface:101ca

  E48: Section       \Sessions\1\BaseNamedObjects\1728HWNDInterface:101cc

  E4C: Section       \Sessions\1\BaseNamedObjects\1728HWNDInterface:101cc

  E50: Section       \Sessions\1\BaseNamedObjects\1728HWNDInterface:101ce

  E54: Section       \Sessions\1\BaseNamedObjects\1728HWNDInterface:101d0

  E58: Section       \Sessions\1\BaseNamedObjects\1728HWNDInterface:101d0

  E5C: Section       \Sessions\1\BaseNamedObjects\1728HWNDInterface:101d2

  E60: Section       \Sessions\1\BaseNamedObjects\1728HWNDInterface:101d2

  E64: Section       \Sessions\1\BaseNamedObjects\1728HWNDInterface:101d4

  E68: Section       \Sessions\1\BaseNamedObjects\1728HWNDInterface:101d4

  EF4: File          C:\Program Files\WindowsApps\Microsoft.LanguageExperiencePackzh-CN_18362.24.72.0_neutral__8wekyb3d8bbwe\Windows\System32\zh-CN\hcproviders.dll.mui

  F54: File          C:\Users\yanchanglong\AppData\Local\Microsoft\Windows\WER\ERC

  FA8: File          C:\ProgramData\Microsoft\Windows\WER\ReportArchive

 1028: File          C:\Program Files\WindowsApps\Microsoft.LanguageExperiencePackzh-CN_18362.24.72.0_neutral__8wekyb3d8bbwe\Windows\System32\zh-CN\KernelBase.dll.mui

 1070: File          C:\Windows\SystemResources\imageres.dll.mun

 1084: Section       \Sessions\1\BaseNamedObjects\C:*ProgramData*Microsoft*Windows*Caches*{601E8F59-2494-4F5B-858C-98B965334AFA}.2.ver0x0000000000000001.db

 10C8: Section       \BaseNamedObjects\Cor_Private_IPCBlock_v4_5928

 10F8: Section       \Sessions\1\BaseNamedObjects\C:*ProgramData*Microsoft*Windows*Caches*cversions.2.ro

 1108: File          C:\Program Files\WindowsApps\Microsoft.XboxGameOverlay_1.52.3001.0_x64__8wekyb3d8bbwe

 112C: File          C:\Windows\SystemResources\shell32.dll.mun

 1154: File          C:\Program Files\WindowsApps\Microsoft.LanguageExperiencePackzh-CN_18362.24.72.0_neutral__8wekyb3d8bbwe\Windows\System32\zh-CN\wscui.cpl.mui

 1158: File          C:\Program Files\WindowsApps\Microsoft.LanguageExperiencePackzh-CN_18362.24.72.0_neutral__8wekyb3d8bbwe\Windows\System32\zh-CN\ActionCenter.dll.mui

 1160: File          C:\Users\yanchanglong\AppData\Local\Microsoft\GameDVR

 11C8: Section       \...\Cor_SxSPublic_IPCBlock

 1290: File          C:\Windows\assembly\pubpol197.dat

 1378: File          C:\Program Files\Intel\OptaneShellExtensions\OptaneShellExt.dll

 13C0: File          C:\Program Files\Intel\OptaneShellExtensions\Log4Net.dll

 13C4: File          C:\Program Files\Intel\OptaneShellExtensions\SharpShell.dll

 1418: File          C:\ProgramData\Intel\ShaderCache\Explorer_1

 1428: File          C:\Program Files\Intel\OptaneShellExtensions\PinningServiceApi.dll

 1454: File          C:\Windows\WinSxS\amd64_microsoft.windows.common-controls_6595b64144ccf1df_6.0.18362.778_none_e6c6b761130d4fb8

 1488: File          C:\Windows\WinSxS\amd64_microsoft.windows.gdiplus_6595b64144ccf1df_1.1.18362.778_none_17b1aa466d9fc986

 1500: File          C:\Windows

 1540: File          C:\Windows\Microsoft.NET\assembly\GAC_MSIL\System.ComponentModel.Composition\v4.0_4.0.0.0__b77a5c561934e089\System.ComponentModel.Composition.dll

 15C8: Section       \Sessions\1\BaseNamedObjects\1728HWNDInterface:3b0db8

 16F4: File          C:\Program Files\WindowsApps\Microsoft.LanguageExperiencePackzh-CN_18362.24.72.0_neutral__8wekyb3d8bbwe\Windows\System32\zh-CN\dsreg.dll.mui

 17B8: File          C:\Program Files\WindowsApps\Microsoft.XboxGameOverlay_1.52.3001.0_x64__8wekyb3d8bbwe

 17D8: Section       \Sessions\1\BaseNamedObjects\windows_webcache_counters_{9B6AB5B3-91BC-4097-835C-EA2DEC95E9CC}_S-1-5-21-894610241-3031673652-807083418-1001

 1864: File          C:\Users\yanchanglong\AppData\Local\Packages\Microsoft.XboxGamingOverlay_8wekyb3d8bbwe\LocalCache

 1900: File          C:\Windows\bcastdvr

 1914: File          C:\Program Files\WindowsApps\Microsoft.XboxGameOverlay_1.52.3001.0_x64__8wekyb3d8bbwe

 194C: Section       \Sessions\1\BaseNamedObjects\7dc4fb0f1ae41c79d79de736308f3969

 19A0: File          C:\Windows\SystemResources\batmeter.dll.mun

 19C0: File          C:\Windows\WinSxS\amd64_microsoft.windows.common-controls_6595b64144ccf1df_6.0.18362.778_none_e6c6b761130d4fb8

 1A20: File          C:\Windows\SystemResources\stobject.dll.mun

 1A40: File          C:\Program Files\WindowsApps\Microsoft.LanguageExperiencePackzh-CN_18362.24.72.0_neutral__8wekyb3d8bbwe\Windows\System32\zh-CN\stobject.dll.mui

 1A44: File          C:\Windows\WinSxS\amd64_microsoft.windows.common-controls_6595b64144ccf1df_6.0.18362.778_none_e6c6b761130d4fb8

 1A84: File          C:\Program Files\WindowsApps\Microsoft.LanguageExperiencePackzh-CN_18362.24.72.0_neutral__8wekyb3d8bbwe\Windows\System32\zh-CN\InputSwitch.dll.mui

 1A90: File          C:\Program Files\WindowsApps\Microsoft.LanguageExperiencePackzh-CN_18362.24.72.0_neutral__8wekyb3d8bbwe\Windows\System32\zh-CN\msctfuimanager.dll.mui

 1B0C: File          C:\Program Files\WindowsApps\Microsoft.LanguageExperiencePackzh-CN_18362.24.72.0_neutral__8wekyb3d8bbwe\Windows\System32\zh-CN\batmeter.dll.mui

 1B80: File          C:\Windows\WinSxS\amd64_microsoft.windows.common-controls_6595b64144ccf1df_6.0.18362.778_none_e6c6b761130d4fb8

 1BAC: File          C:\Program Files\WindowsApps\Microsoft.LanguageExperiencePackzh-CN_18362.24.72.0_neutral__8wekyb3d8bbwe\Windows\System32\zh-CN\sndvolsso.dll.mui

 1BB0: File          C:\Windows\SystemResources\SndVolSSO.dll.mun

 1CC8: Section       \Sessions\1\BaseNamedObjects\1728HWNDInterface:35099a

 1CDC: File          C:\Program Files\WindowsApps\Microsoft.LanguageExperiencePackzh-CN_18362.24.72.0_neutral__8wekyb3d8bbwe\Windows\System32\zh-CN\bthprops.cpl.mui

 1CF4: File          C:\Program Files\WindowsApps\Microsoft.LanguageExperiencePackzh-CN_18362.24.72.0_neutral__8wekyb3d8bbwe\Windows\System32\zh-CN\pnidui.dll.mui

 1D34: File          C:\Windows\WinSxS\amd64_microsoft.windows.common-controls_6595b64144ccf1df_6.0.18362.778_none_e6c6b761130d4fb8

 1DC8: File          C:\Program Files\WindowsApps\Microsoft.LanguageExperiencePackzh-CN_18362.24.72.0_neutral__8wekyb3d8bbwe\Windows\System32\zh-CN\combase.dll.mui

 1E38: File          C:\Users\yanchanglong\AppData\Roaming\Microsoft\Internet Explorer\Quick Launch\User Pinned

 1FE0: Section       \Sessions\1\BaseNamedObjects\1728HWNDInterface:10108

 1FE8: Section       \Sessions\1\BaseNamedObjects\1728HWNDInterface:10108

 202C: File          C:\Users\yanchanglong\AppData\Local\Microsoft\Vault\UserProfileRoaming

 2080: File          C:\Windows\WinSxS\amd64_microsoft.windows.common-controls_6595b64144ccf1df_6.0.18362.778_none_e6c6b761130d4fb8

 210C: File          C:\Users\yanchanglong\AppData\Local\Microsoft\Windows\PicturePassword

 21F8: File          C:\Users\yanchanglong\AppData\Local\Packages\Microsoft.AsyncTextService_8wekyb3d8bbwe\RoamingState

 2258: File          C:\Users\yanchanglong\AppData\Local\Packages\0C72C7CD.Beta_atj5cpqqdhzyp\RoamingState

 225C: File          C:\Users\yanchanglong\AppData\Local\Packages\DellInc.DellPowerManager_htrsf667h5kn2\RoamingState

 2260: File          C:\Users\yanchanglong\AppData\Local\Packages\28671Petrroll.PowerPlanSwitcher_ge82akyxbc7z4\RoamingState

 2278: File          C:\Users\yanchanglong\AppData\Local\Packages\1527c705-839a-4832-9118-54d4Bd6a0c89_cw5n1h2txyewy\RoamingState

 228C: File          C:\Users\yanchanglong\AppData\Local\Packages\Microsoft.LockApp_cw5n1h2txyewy\RoamingState

 2298: File          C:\Users\yanchanglong\AppData\Local\Packages\21090PaddyXu.QuickLook_egxr34yet59cg\RoamingState

 229C: File          C:\Users\yanchanglong\AppData\Local\Packages\1F8B0F94.122165AE053F_j2p0p5q0044a6\RoamingState

 22A0: File          C:\Users\yanchanglong\AppData\Local\Packages\36699Atelier39.forWin10_pke1vz55rvc1r\RoamingState

 22AC: File          C:\Users\yanchanglong\AppData\Local\Packages\212621D7DF05A.BCBLEDemo_wy33dw12eb2tr\RoamingState

 22B0: File          C:\Users\yanchanglong\AppData\Local\Packages\45479liulios.17062D84F7C46_p7pnf6hceqser\RoamingState

 22BC: File          C:\Users\yanchanglong\AppData\Local\Packages\903DB504.QQWP_a99ra4d2cbcxa\RoamingState

 22C4: File          C:\Users\yanchanglong\AppData\Local\Packages\89006A2E.AutodeskSketchBook_tf1gferkr813w\RoamingState

 22C8: File          C:\Users\yanchanglong\AppData\Local\Packages\903DB504.QQ_a99ra4d2cbcxa\RoamingState

 22D4: File          C:\Users\yanchanglong\AppData\Local\Packages\c5e2524a-ea46-4f67-841f-6a9465d9d515_cw5n1h2txyewy\RoamingState

 22DC: File          C:\Users\yanchanglong\AppData\Local\Packages\AppleInc.iTunes_nzyj5cx40ttqa\RoamingState

 22E0: File          C:\Users\yanchanglong\AppData\Local\Packages\DellInc.DellSupportAssistforPCs_htrsf667h5kn2\RoamingState

 22EC: File          C:\Users\yanchanglong\AppData\Local\Packages\E2A4F912-2574-4A75-9BB0-0D023378592B_cw5n1h2txyewy\RoamingState

 22F4: File          C:\Users\yanchanglong\AppData\Local\Packages\F46D4000-FD22-4DB4-AC8E-4E1DDDE828FE_cw5n1h2txyewy\RoamingState

 22F8: File          C:\Users\yanchanglong\AppData\Local\Packages\InputApp_cw5n1h2txyewy\RoamingState

 2304: File          C:\Users\yanchanglong\AppData\Local\Packages\Microsoft.3DBuilder_8wekyb3d8bbwe\RoamingState

 2308: File          C:\Users\yanchanglong\AppData\Local\Packages\Microsoft.HEVCVideoExtension_8wekyb3d8bbwe\RoamingState

 230C: File          C:\Users\yanchanglong\AppData\Local\Packages\Microsoft.DesktopAppInstaller_8wekyb3d8bbwe\RoamingState

 2310: File          C:\Users\yanchanglong\AppData\Local\Packages\Microsoft.AAD.BrokerPlugin_cw5n1h2txyewy\RoamingState

 2314: File          C:\Users\yanchanglong\AppData\Local\Packages\Microsoft.AccountsControl_cw5n1h2txyewy\RoamingState

 2320: File          C:\Users\yanchanglong\AppData\Local\Packages\Microsoft.BingWeather_8wekyb3d8bbwe\RoamingState

 2324: File          C:\Users\yanchanglong\AppData\Local\Packages\Microsoft.BioEnrollment_cw5n1h2txyewy\RoamingState

 232C: File          C:\Users\yanchanglong\AppData\Local\Packages\Microsoft.CredDialogHost_cw5n1h2txyewy\RoamingState

 233C: File          C:\Users\yanchanglong\AppData\Local\Packages\Microsoft.ECApp_8wekyb3d8bbwe\RoamingState

 2340: File          C:\Users\yanchanglong\AppData\Local\Packages\Microsoft.GetHelp_8wekyb3d8bbwe\RoamingState

 2348: File          C:\Users\yanchanglong\AppData\Local\Packages\Microsoft.Getstarted_8wekyb3d8bbwe\RoamingState

 2350: File          C:\Users\yanchanglong\AppData\Local\Packages\Microsoft.HEIFImageExtension_8wekyb3d8bbwe\RoamingState

 2358: File          C:\Users\yanchanglong\AppData\Local\Packages\Microsoft.LanguageExperiencePackzh-cn_8wekyb3d8bbwe\RoamingState

 2364: File          C:\Users\yanchanglong\AppData\Local\Packages\Microsoft.MSPaint_8wekyb3d8bbwe\RoamingState

 2374: File          C:\Users\yanchanglong\AppData\Local\Packages\Microsoft.Messaging_8wekyb3d8bbwe\RoamingState

 2378: File          C:\Users\yanchanglong\AppData\Local\Packages\Microsoft.Microsoft3DViewer_8wekyb3d8bbwe\RoamingState

 2380: File          C:\Users\yanchanglong\AppData\Local\Packages\Microsoft.MicrosoftEdgeDevToolsClient_8wekyb3d8bbwe\RoamingState

 2388: File          C:\Users\yanchanglong\AppData\Local\Packages\Microsoft.MicrosoftEdge_8wekyb3d8bbwe\RoamingState

 2394: File          C:\Users\yanchanglong\AppData\Local\Packages\Microsoft.MixedReality.Portal_8wekyb3d8bbwe\RoamingState

 239C: File          C:\Users\yanchanglong\AppData\Local\Packages\Microsoft.Office.OneNote_8wekyb3d8bbwe\RoamingState

 23A0: File          C:\Users\yanchanglong\AppData\Local\Packages\Microsoft.MicrosoftOfficeHub_8wekyb3d8bbwe\RoamingState

 23A4: File          C:\Users\yanchanglong\AppData\Local\Packages\Microsoft.MicrosoftStickyNotes_8wekyb3d8bbwe\RoamingState

 23A8: File          C:\Users\yanchanglong\AppData\Local\Packages\Microsoft.MinecraftUWP_8wekyb3d8bbwe\RoamingState

 23CC: File          C:\Users\yanchanglong\AppData\Local\Packages\Microsoft.OneConnect_8wekyb3d8bbwe\RoamingState

 23EC: File          C:\Users\yanchanglong\AppData\Local\Packages\Microsoft.Print3D_8wekyb3d8bbwe\RoamingState

 23F0: File          C:\Users\yanchanglong\AppData\Local\Packages\Microsoft.PPIProjection_cw5n1h2txyewy\RoamingState

 23F4: File          C:\Users\yanchanglong\AppData\Local\Packages\Microsoft.People_8wekyb3d8bbwe\RoamingState

 2408: File          C:\Users\yanchanglong\AppData\Local\Packages\Microsoft.ScreenSketch_8wekyb3d8bbwe\RoamingState

 2410: File          C:\Users\yanchanglong\AppData\Local\Packages\Microsoft.SkypeApp_kzf8qxf38zg5c\RoamingState

 2414: File          C:\Users\yanchanglong\AppData\Local\Packages\Microsoft.StorePurchaseApp_8wekyb3d8bbwe\RoamingState

 241C: File          C:\Users\yanchanglong\AppData\Local\Packages\Microsoft.VP9VideoExtensions_8wekyb3d8bbwe\RoamingState

 2424: File          C:\Users\yanchanglong\AppData\Local\Packages\Microsoft.Wallet_8wekyb3d8bbwe\RoamingState

 242C: File          C:\Users\yanchanglong\AppData\Local\Packages\Microsoft.WebpImageExtension_8wekyb3d8bbwe\RoamingState

 2434: File          C:\Users\yanchanglong\AppData\Local\Packages\Microsoft.WebMediaExtensions_8wekyb3d8bbwe\RoamingState

 2438: File          C:\Users\yanchanglong\AppData\Local\Packages\Microsoft.Windows.PeopleExperienceHost_cw5n1h2txyewy\RoamingState

 2448: File          C:\Users\yanchanglong\AppData\Local\Packages\Microsoft.Win32WebViewHost_cw5n1h2txyewy\RoamingState

 244C: File          C:\Users\yanchanglong\AppData\Local\Packages\Microsoft.Windows.CallingShellApp_cw5n1h2txyewy\RoamingState

 2454: File          C:\Users\yanchanglong\AppData\Local\Packages\Microsoft.Windows.Apprep.ChxApp_cw5n1h2txyewy\RoamingState

 2458: File          C:\Users\yanchanglong\AppData\Local\Packages\Microsoft.Windows.CapturePicker_cw5n1h2txyewy\RoamingState

 2464: File          C:\Users\yanchanglong\AppData\Local\Packages\Microsoft.Windows.CloudExperienceHost_cw5n1h2txyewy\RoamingState

 246C: File          C:\Users\yanchanglong\AppData\Local\Packages\Microsoft.Windows.ContentDeliveryManager_cw5n1h2txyewy\RoamingState

 2474: File          C:\Users\yanchanglong\AppData\Local\Packages\Microsoft.Windows.Cortana_cw5n1h2txyewy\RoamingState

 247C: File          C:\Users\yanchanglong\AppData\Local\Packages\Microsoft.Windows.HolographicFirstRun_cw5n1h2txyewy\RoamingState

 2484: File          C:\Users\yanchanglong\AppData\Local\Packages\Microsoft.Windows.NarratorQuickStart_8wekyb3d8bbwe\RoamingState

 248C: File          C:\Users\yanchanglong\AppData\Local\Packages\Microsoft.Windows.OOBENetworkConnectionFlow_cw5n1h2txyewy\RoamingState

 2494: File          C:\Users\yanchanglong\AppData\Local\Packages\Microsoft.Windows.OOBENetworkCaptivePortal_cw5n1h2txyewy\RoamingState

 249C: File          C:\Users\yanchanglong\AppData\Local\Packages\Microsoft.Windows.ParentalControls_cw5n1h2txyewy\RoamingState

 24A0: File          C:\Users\yanchanglong\AppData\Local\Packages\Microsoft.Windows.PinningConfirmationDialog_cw5n1h2txyewy\RoamingState

 24B0: File          C:\Users\yanchanglong\AppData\Local\Packages\Microsoft.Windows.Photos_8wekyb3d8bbwe\RoamingState

 24B8: File          C:\Users\yanchanglong\AppData\Local\Packages\Microsoft.Windows.SecHealthUI_cw5n1h2txyewy\RoamingState

 24C8: File          C:\Users\yanchanglong\AppData\Local\Packages\Microsoft.Windows.ShellExperienceHost_cw5n1h2txyewy\RoamingState

 24D0: File          C:\Users\yanchanglong\AppData\Local\Packages\Microsoft.Windows.StartMenuExperienceHost_cw5n1h2txyewy\RoamingState

 24F4: File          C:\Users\yanchanglong\AppData\Local\Packages\Microsoft.Windows.XGpuEjectDialog_cw5n1h2txyewy\RoamingState

 24F8: File          C:\Users\yanchanglong\AppData\Local\Packages\Microsoft.WindowsAlarms_8wekyb3d8bbwe\RoamingState

 2514: File          C:\Users\yanchanglong\AppData\Local\Packages\Microsoft.WindowsCalculator_8wekyb3d8bbwe\RoamingState

 2518: File          C:\Users\yanchanglong\AppData\Local\Packages\Microsoft.WindowsStore_8wekyb3d8bbwe\RoamingState

 251C: File          C:\Users\yanchanglong\AppData\Local\Packages\Microsoft.WindowsCamera_8wekyb3d8bbwe\RoamingState

 2528: File          C:\Users\yanchanglong\AppData\Local\Packages\microsoft.windowscommunicationsapps_8wekyb3d8bbwe\RoamingState

 252C: File          C:\Users\yanchanglong\AppData\Local\Packages\Microsoft.WindowsFeedbackHub_8wekyb3d8bbwe\RoamingState

 2534: File          C:\Users\yanchanglong\AppData\Local\Packages\Microsoft.WindowsMaps_8wekyb3d8bbwe\RoamingState

 253C: File          C:\Users\yanchanglong\AppData\Local\Packages\Microsoft.WindowsSoundRecorder_8wekyb3d8bbwe\RoamingState

 2544: File          C:\Users\yanchanglong\AppData\Local\Packages\Microsoft.Xbox.TCUI_8wekyb3d8bbwe\RoamingState

 2550: File          C:\Users\yanchanglong\AppData\Local\Packages\Microsoft.XboxApp_8wekyb3d8bbwe\RoamingState

 2558: File          C:\Users\yanchanglong\AppData\Local\Packages\Microsoft.XboxGameCallableUI_cw5n1h2txyewy\RoamingState

 255C: File          C:\Users\yanchanglong\AppData\Local\Packages\Microsoft.XboxSpeechToTextOverlay_8wekyb3d8bbwe\RoamingState

 2560: File          C:\Users\yanchanglong\AppData\Local\Packages\Microsoft.XboxGameOverlay_8wekyb3d8bbwe\RoamingState

 2568: File          C:\Users\yanchanglong\AppData\Local\Packages\Microsoft.XboxGamingOverlay_8wekyb3d8bbwe\RoamingState

 256C: File          C:\Users\yanchanglong\AppData\Local\Packages\Microsoft.YourPhone_8wekyb3d8bbwe\RoamingState

 2580: File          C:\Users\yanchanglong\AppData\Local\Packages\Microsoft.ZuneMusic_8wekyb3d8bbwe\RoamingState

 2584: File          C:\Users\yanchanglong\AppData\Local\Packages\Microsoft.XboxIdentityProvider_8wekyb3d8bbwe\RoamingState

 2588: File          C:\Users\yanchanglong\AppData\Local\Packages\Windows.CBSPreview_cw5n1h2txyewy\RoamingState

 2590: File          C:\Users\yanchanglong\AppData\Local\Packages\RivetNetworks.KillerControlCenter_rh07ty8m5nkag\RoamingState

 25BC: File          C:\Users\yanchanglong\AppData\Local\Packages\Microsoft.ZuneVideo_8wekyb3d8bbwe\RoamingState

 25C8: File          C:\Users\yanchanglong\AppData\Local\Packages\NVIDIACorp.NVIDIAControlPanel_56jybvy8sckqj\RoamingState

 25D8: File          C:\Users\yanchanglong\AppData\Local\Packages\TencentWeChatLimited.forWindows10_sdtnhv12zgd7a\RoamingState

 25E8: File          C:\Users\yanchanglong\AppData\Local\Packages\windows.immersivecontrolpanel_cw5n1h2txyewy\RoamingState

 25F4: File          C:\Users\yanchanglong\AppData\Local\Packages\Windows.PrintDialog_cw5n1h2txyewy\RoamingState

 264C: File          C:\Program Files\WindowsApps\Microsoft.LanguageExperiencePackzh-CN_18362.24.72.0_neutral__8wekyb3d8bbwe\Windows\System32\zh-CN\winnlsres.dll.mui

 2660: File          C:\Windows\WinSxS\amd64_microsoft.windows.common-controls_6595b64144ccf1df_6.0.18362.778_none_e6c6b761130d4fb8

 26AC: File          C:\Windows\WinSxS\amd64_microsoft.windows.common-controls_6595b64144ccf1df_6.0.18362.778_none_e6c6b761130d4fb8

 26C0: File          C:\Windows\WinSxS\amd64_microsoft.windows.common-controls_6595b64144ccf1df_6.0.18362.778_none_e6c6b761130d4fb8

 26FC: File          C:\Windows\WinSxS\amd64_microsoft.windows.common-controls_6595b64144ccf1df_6.0.18362.778_none_e6c6b761130d4fb8

 279C: File          C:\Program Files\WindowsApps\Microsoft.LanguageExperiencePackzh-CN_18362.24.72.0_neutral__8wekyb3d8bbwe\Windows\System32\zh-CN\mpr.dll.mui

 28BC: File          C:\Program Files\WindowsApps\Microsoft.LanguageExperiencePackzh-CN_18362.24.72.0_neutral__8wekyb3d8bbwe\Windows\System32\zh-CN\user32.dll.mui

 28C4: File          C:\Program Files\WindowsApps\Microsoft.LanguageExperiencePackzh-CN_18362.24.72.0_neutral__8wekyb3d8bbwe\Windows\System32\zh-CN\ApplicationFrame.dll.mui

 28E8: Section       \Sessions\1\BaseNamedObjects\1728HWNDInterface:10354

 28EC: Section       \Sessions\1\BaseNamedObjects\1728HWNDInterface:10354

 28F4: Section       \Sessions\1\BaseNamedObjects\1728HWNDInterface:10354

 2990: Section       \Sessions\1\BaseNamedObjects\1728HWNDInterface:20378

 29C0: Section       \Sessions\1\BaseNamedObjects\1728HWNDInterface:20378

 29C4: Section       \Sessions\1\BaseNamedObjects\1728HWNDInterface:20378

 2ACC: Section       \Sessions\1\BaseNamedObjects\1728HWNDInterface:103a0

 2AD0: Section       \Sessions\1\BaseNamedObjects\1728HWNDInterface:103a0

 2AD8: Section       \Sessions\1\BaseNamedObjects\1728HWNDInterface:103a0

 2B00: Section       \Sessions\1\BaseNamedObjects\C:*ProgramData*Microsoft*Windows*Caches*cversions.2.ro

 2B70: File          C:\Windows\WinSxS\amd64_microsoft.windows.common-controls_6595b64144ccf1df_6.0.18362.778_none_e6c6b761130d4fb8

 2BA0: Section       \Sessions\1\BaseNamedObjects\1728HWNDInterface:304c0

 2D90: Section       \Sessions\1\BaseNamedObjects\1728HWNDInterface:304c0

 3154: File          C:\Windows\WinSxS\amd64_microsoft.windows.common-controls_6595b64144ccf1df_6.0.18362.778_none_e6c6b761130d4fb8

 33F0: File          D:\ileRecv

 3460: File          C:\Users\yanchanglong\AppData\Local\Microsoft\Windows\Explorer\iconcache_16.db

 34B4: File          C:\Users\yanchanglong\AppData\Local\Microsoft\Windows\Explorer\iconcache_idx.db

 3568: Section       \BaseNamedObjects\SearchCrawlScopeVersion

 35EC: File          C:\Windows\Fonts\segoeui.ttf

 3708: Section       \Sessions\1\BaseNamedObjects\1728HWNDInterface:d0bb4

 381C: File          C:\Users\yanchanglong\AppData\Local\Microsoft\Windows\Explorer\thumbcache_idx.db

 390C: File          C:\Program Files\WindowsApps\Microsoft.LanguageExperiencePackzh-CN_18362.24.72.0_neutral__8wekyb3d8bbwe\Windows\System32\zh-CN\appwiz.cpl.mui

 3A3C: Section       \Sessions\1\BaseNamedObjects\1728HWNDInterface:d0bb2

 3A74: File          C:\Users\yanchanglong\AppData\Local\Microsoft\Windows\Explorer\thumbcache_32.db

 3B0C: File          C:\Users\yanchanglong\AppData\Local\Microsoft\Windows\Explorer\thumbcache_idx.db

 3B5C: File          C:\Users\yanchanglong\source\repos

 3B84: Section       \Sessions\1\BaseNamedObjects\1728HWNDInterface:bb142e

 3BEC: File          C:\Users\Public\Desktop

 3CA8: File          C:\Windows\WinSxS\amd64_microsoft.windows.common-controls_6595b64144ccf1df_6.0.18362.778_none_e6c6b761130d4fb8

 3E18: File          C:\Users\Public\Documents\Catch!

 3F28: File          C:\Users\yanchanglong\OneDrive

 3F9C: File          C:\Program Files\WindowsApps\Microsoft.LanguageExperiencePackzh-CN_18362.24.72.0_neutral__8wekyb3d8bbwe\Windows\System32\zh-CN\explorerframe.dll.mui

 4040: File          C:\Windows\SystemResources\appwiz.cpl.mun

 4070: File          C:\Windows\WinSxS\amd64_microsoft.windows.common-controls_6595b64144ccf1df_6.0.18362.778_none_e6c6b761130d4fb8

 40D8: File          C:\Users\yanchanglong\AppData\Local\Microsoft\Windows\Explorer\thumbcache_256.db

 428C: File          C:\Windows\System32\en-US\fwpuclnt.dll.mui

 42B0: Section       \BaseNamedObjects\RotHintTable

 4350: File          C:\Users\yanchanglong\AppData\Local\Microsoft\Windows\Explorer\thumbcache_96.db

 43CC: Section       \Sessions\1\BaseNamedObjects\1728HWNDInterface:d0bb2

 4430: File          D:\WORKING\????

 44AC: File          C:\Program Files\WindowsApps\Microsoft.LanguageExperiencePackzh-CN_18362.24.72.0_neutral__8wekyb3d8bbwe\Windows\System32\zh-CN\ole32.dll.mui

 44B0: File          C:\Users\yanchanglong\AppData\Local\Microsoft\Windows\Explorer\thumbcache_96.db

 4514: File          C:\Windows\WinSxS\amd64_microsoft.windows.common-controls_6595b64144ccf1df_6.0.18362.778_none_e6c6b761130d4fb8

 4760: File          C:\Users\yanchanglong\AppData\Local\Microsoft\Windows\Explorer\thumbcache_idx.db

 4780: File          C:\Program Files\WindowsApps\Microsoft.LanguageExperiencePackzh-CN_18362.24.72.0_neutral__8wekyb3d8bbwe\Windows\System32\zh-CN\dui70.dll.mui

 47A0: File          C:\Windows\SystemResources\ExplorerFrame.dll.mun

 4844: File          C:\Program Files\WindowsApps\Microsoft.LanguageExperiencePackzh-CN_18362.24.72.0_neutral__8wekyb3d8bbwe\Windows\System32\zh-CN\windows.ui.xaml.dll.mui

 4850: File          C:\Program Files\WindowsApps\Microsoft.LanguageExperiencePackzh-CN_18362.24.72.0_neutral__8wekyb3d8bbwe\Windows\System32\zh-CN\duser.dll.mui

 4868: File          C:\Users\yanchanglong\AppData\Roaming\Microsoft\Windows\Start Menu\Programs

 4874: File          D:\WORKING\????\???

 48FC: File          C:\Users\yanchanglong\AppData\Local\Microsoft\Windows\Explorer\iconcache_256.db

 493C: File          C:\Users\yanchanglong\AppData\Local\Microsoft\GameDVR\KnownGameList.bin

 4948: File          D:\WORKING\???

 494C: File          C:\Users\yanchanglong\AppData\Local\Microsoft\Windows\Explorer\thumbcache_96.db

 4968: File          C:\Users\yanchanglong\AppData\Local\Microsoft\Windows\Burn

 49B8: File          C:\Users\yanchanglong\AppData\Local\Microsoft\Windows\Explorer\thumbcache_256.db

 4A40: File          D:\WORKING\??

 4A48: File          C:\Windows\Microsoft.NET\assembly\GAC_MSIL\mscorlib.Resources\v4.0_4.0.0.0_zh-HANS_b77a5c561934e089\mscorlib.resources.dll

 4A78: File          C:\ProgramData\Microsoft\Windows\Start Menu

 4AB4: File          C:\Windows\SystemResources\NPSMDesktopProvider.dll.mun

 4C18: File          C:\Users\Public\Documents\Catch!

 4C34: File          C:\Windows\WinSxS\amd64_microsoft.windows.common-controls_6595b64144ccf1df_6.0.18362.778_none_e6c6b761130d4fb8

 4C68: File          D:\WORKING

 4C84: Section       \Sessions\1\BaseNamedObjects\1728HWNDInterface:d0bb4

 4D80: File          C:\Program Files\WindowsApps\Microsoft.LanguageExperiencePackzh-CN_18362.24.72.0_neutral__8wekyb3d8bbwe\Windows\System32\zh-CN\mferror.dll.mui

 4DAC: File          C:\Users\yanchanglong\AppData\Local\Microsoft\Windows\Explorer\thumbcache_idx.db

 4DB4: File          C:\Program Files\WindowsApps\Microsoft.LanguageExperiencePackzh-CN_18362.24.72.0_neutral__8wekyb3d8bbwe\Windows\System32\zh-CN\UIAutomationCore.dll.mui

 4E08: File          C:\Users\yanchanglong\Searches

 4EA8: File          C:\Windows\System32

 4EE4: File          C:\Users\Public\Desktop

 4EEC: File          C:\Windows\System32\en-US\netmsg.dll.mui

 4F0C: File          D:\download

 4F28: File          C:\Users\yanchanglong\Favorites

 4F88: File          C:\Windows\System32\zh-CN\netmsg.dll.mui

 5084: File          C:\Program Files\WindowsApps\Microsoft.LanguageExperiencePackzh-CN_18362.24.72.0_neutral__8wekyb3d8bbwe\Windows\System32\zh-CN\ieframe.dll.mui

 50E8: File          C:\Windows\SystemResources\imageres.dll.mun

 5138: Section       \Sessions\1\BaseNamedObjects\1728HWNDInterface:d0bb2

 5154: File          C:\Users\yanchanglong\AppData\Local\Microsoft\Windows\Explorer\thumbcache_idx.db

 5194: File          C:\Users\yanchanglong\AppData\Local\Microsoft\Windows\Explorer\thumbcache_256.db

 5204: File          C:\Program Files\WindowsApps\Microsoft.LanguageExperiencePackzh-CN_18362.24.72.0_neutral__8wekyb3d8bbwe\Windows\System32\zh-CN\ntshrui.dll.mui

 528C: File          D:\WORKING\????

 5294: File          C:\Program Files\WindowsApps\Microsoft.LanguageExperiencePackzh-CN_18362.24.72.0_neutral__8wekyb3d8bbwe\Windows\System32\zh-CN\fwpuclnt.dll.mui

 5378: File          C:\Program Files\WindowsApps\Microsoft.LanguageExperiencePackzh-CN_18362.24.72.0_neutral__8wekyb3d8bbwe\Windows\System32\zh-CN\crypt32.dll.mui

 5394: File          C:\Users\yanchanglong\AppData\Roaming\Microsoft\Windows\Network Shortcuts

 53D8: File          C:\Users\yanchanglong\source\repos

 5404: File          C:\Users\yanchanglong\AppData\Local\Microsoft\Windows\Explorer\thumbcache_1920.db

 5410: File          C:\Program Files\WindowsApps\Microsoft.LanguageExperiencePackzh-CN_18362.24.72.0_neutral__8wekyb3d8bbwe\Windows\System32\zh-CN\netshell.dll.mui

 54CC: File          C:\Users\yanchanglong\AppData\Local\Microsoft\Windows\Explorer\iconcache_32.db

 54F8: File          C:\Users\yanchanglong\Videos

 5684: File          C:\Windows\WinSxS\amd64_microsoft.windows.common-controls_6595b64144ccf1df_6.0.18362.778_none_e6c6b761130d4fb8

 5734: File          C:\Users\yanchanglong\AppData\Local\Microsoft\Windows\Explorer\iconcache_idx.db

 577C: File          C:\Windows\WinSxS\amd64_microsoft.windows.c..-controls.resources_6595b64144ccf1df_6.0.18362.778_zh-cn_5c586ab426d55bb7\comctl32.dll.mui

 5790: Section       \Sessions\1\BaseNamedObjects\1728HWNDInterface:4f0814

 57E0: File          C:\Users\yanchanglong\AppData\Local\Microsoft\Windows\Explorer\thumbcache_16.db

 5824: File          C:\Users\yanchanglong\AppData\Roaming\Microsoft\Windows\Printer Shortcuts

 5914: Section       \Sessions\1\BaseNamedObjects\1728HWNDInterface:3b0db8

 599C: File          D:\WORKING\??

 5A58: File          D:\WORKING\????

 5A6C: File          C:\Program Files\WindowsApps\Microsoft.LanguageExperiencePackzh-CN_18362.24.72.0_neutral__8wekyb3d8bbwe\Windows\System32\zh-CN\twinui.dll.mui

 5B0C: File          C:\Users\yanchanglong\AppData\Local\Microsoft\Windows\Explorer\iconcache_256.db

 5B3C: File          C:\Program Files\WindowsApps\Microsoft.LanguageExperiencePackzh-CN_18362.24.72.0_neutral__8wekyb3d8bbwe\Windows\System32\zh-CN\msctfuimanager.dll.mui

 5B48: Section       \Sessions\1\BaseNamedObjects\C:*Users*yanchanglong*AppData*Local*Microsoft*Windows*Caches*{3DA71D5A-20CC-432F-A115-DFE92379E91F}.3.ver0x00000000000000a6.db

 5BD4: File          C:\Users\yanchanglong\OneDrive

 5CB0: Section       \Sessions\1\BaseNamedObjects\1728HWNDInterface:180d52

 5CFC: File          C:\Program Files\WindowsApps\Microsoft.LanguageExperiencePackzh-CN_18362.24.72.0_neutral__8wekyb3d8bbwe\Windows\System32\zh-CN\kernel32.dll.mui

 5D8C: File          D:\WORKING

 5E4C: File          C:\Windows\Fonts\msyh.ttc

 5EAC: File          D:\WORKING\????

 5F4C: File          C:\Windows\WinSxS\amd64_microsoft.windows.c..-controls.resources_6595b64144ccf1df_6.0.18362.778_zh-cn_5c586ab426d55bb7

 5FFC: File          C:\Users\yanchanglong\AppData\Local\Microsoft\Windows\Explorer\thumbcache_96.db

 6094: File          C:\Users\yanchanglong\AppData\Local\Microsoft\Windows\Explorer\thumbcache_idx.db

 61C0: File          C:\Program Files\WindowsApps\Microsoft.LanguageExperiencePackzh-CN_18362.24.72.0_neutral__8wekyb3d8bbwe\Windows\System32\zh-CN\NPSMDesktopProvider.dll.mui

 6344: File          C:\Program Files\WindowsApps\Microsoft.LanguageExperiencePackzh-CN_18362.24.72.0_neutral__8wekyb3d8bbwe\Windows\System32\zh-CN\msctf.dll.mui

 6410: File          C:\ProgramData\Microsoft\Windows\Start Menu\Programs

 6438: File          C:\Users\yanchanglong\Documents\Tencent Files\1465598231\FileRecv

 6460: Section       \BaseNamedObjects\F932B6C7-3A20-46A0-B8A0-8894AA421973

 64B0: Section       \Sessions\1\BaseNamedObjects\1728HWNDInterface:304c0

 64C0: File          C:\Windows\WinSxS\amd64_microsoft.windows.gdiplus_6595b64144ccf1df_1.1.18362.778_none_17b1aa466d9fc986

 6640: File          C:\Users\yanchanglong\AppData\Local\Microsoft\Internet Explorer\TabRoaming

 668C: File          C:\Users\yanchanglong\AppData\Local\Microsoft\Windows\Explorer\iconcache_16.db

 66A8: File          C:\Windows\WinSxS\amd64_microsoft.windows.common-controls_6595b64144ccf1df_6.0.18362.778_none_e6c6b761130d4fb8

 66EC: File          C:\Users\yanchanglong\AppData\Local\Microsoft\Windows\Explorer\thumbcache_96.db

 6700: File          C:\Users\yanchanglong\AppData\Local\Microsoft\Windows\Explorer\iconcache_idx.db

 6720: File          C:\Users\yanchanglong\AppData\Local\Microsoft\Windows\Explorer\thumbcache_idx.db

 67A0: File          C:\Users\yanchanglong\AppData\Local\Microsoft\Windows\Explorer\thumbcache_256.db

 67DC: File          C:\Windows\SystemResources\msctf.dll.mun

 6804: File          C:\Users\yanchanglong\AppData\Local\Microsoft\Windows\Explorer\thumbcache_exif.db

 683C: File          C:\Users\yanchanglong\AppData\Local\Microsoft\Windows\Explorer\thumbcache_2560.db

 68C0: File          D:\WORKING\????\???

 68DC: File          C:\ProgramData\Microsoft\Windows\Start Menu\Programs

 68F8: Section       \Sessions\1\BaseNamedObjects\1728HWNDInterface:3b0db8

 6908: File          C:\Users\yanchanglong\AppData\Local\Microsoft\Windows\Explorer\thumbcache_1280.db

 6A18: File          C:\Users\yanchanglong\OneDrive

 6A68: File          C:\Program Files\WindowsApps\Microsoft.LanguageExperiencePackzh-CN_18362.24.72.0_neutral__8wekyb3d8bbwe\Windows\System32\zh-CN\UIRibbon.dll.mui

 6AA4: File          C:\

 6AD4: Section       \Sessions\1\BaseNamedObjects\1728HWNDInterface:330cc0

 6B44: File          C:\Users\yanchanglong\AppData\Local\Microsoft\Windows\Explorer\iconcache_32.db

 6BCC: File          C:\Users\yanchanglong\AppData\Local\Microsoft\Windows\Explorer\iconcache_idx.db

 6C14: File          C:\Users\yanchanglong\AppData\Roaming\Microsoft\Windows\Start Menu\Programs

 6C30: Section       \Sessions\1\BaseNamedObjects\1728HWNDInterface:330cc0

 6C48: File          C:\Windows\WinSxS\amd64_microsoft.windows.common-controls_6595b64144ccf1df_6.0.18362.778_none_e6c6b761130d4fb8

 6C84: File          C:\Users\yanchanglong\AppData\Local\Microsoft\Windows\Explorer\thumbcache_32.db

 6CB8: File          D:\WORKING\????\???

 6D04: File          C:\Users\yanchanglong\AppData\Roaming\Microsoft\Windows\Libraries

 6D88: File          D:\WORKING\???

 6DB4: File          C:\Windows\Fonts\seguiemj.ttf

 6DEC: File          C:\Users\yanchanglong\AppData\Local\Microsoft\Windows\Explorer\iconcache_16.db

 6E44: File          D:\download

 6F84: File          C:\Users\yanchanglong\AppData\Local\Microsoft\Windows\Explorer\iconcache_idx.db

 7054: File          C:\Users\yanchanglong\AppData\Local\Microsoft\Windows\Explorer\iconcache_32.db

 70D8: File          C:\Users\yanchanglong\AppData\Local\Microsoft\Windows\Explorer\thumbcache_48.db

 7108: File          D:\

 7120: File          C:\Users\yanchanglong\AppData\Roaming\Microsoft\Windows\Network Shortcuts

 717C: File          C:\Users\yanchanglong\Favorites

 71D0: File          C:\Users\yanchanglong\AppData\Local\Microsoft\Windows\Explorer\thumbcache_96.db

 7220: Section       \Sessions\1\BaseNamedObjects\1728HWNDInterface:35099a

 7250: File          C:\Users\yanchanglong\AppData\Roaming\Microsoft\Windows\Start Menu

 725C: File          C:\

 7268: Section       \Sessions\1\BaseNamedObjects\1728HWNDInterface:240af8

 72D0: Section       \Sessions\1\BaseNamedObjects\1728HWNDInterface:180d52

 72E8: File          C:\Program Files\WindowsApps\Microsoft.LanguageExperiencePackzh-CN_18362.24.72.0_neutral__8wekyb3d8bbwe\Windows\System32\zh-CN\twext.dll.mui

 730C: File          C:\Program Files\WindowsApps\Microsoft.LanguageExperiencePackzh-CN_18362.24.72.0_neutral__8wekyb3d8bbwe\Windows\System32\zh-CN\searchfolder.dll.mui

 7344: File          C:\Users\yanchanglong\Searches

 7348: Section       \Sessions\1\BaseNamedObjects\1728HWNDInterface:4f0814

 7384: File          D:\WORKING\????\???

 7388: File          C:\Users\yanchanglong\AppData\Local\Microsoft\Internet Explorer\TabRoaming

 739C: File          C:\Users\yanchanglong\AppData\Local\Microsoft\Windows\Explorer\thumbcache_16.db

 73FC: Section       \Sessions\1\BaseNamedObjects\1728HWNDInterface:bb142e

 7430: File          C:\Users\yanchanglong\AppData\Local\Microsoft\Windows\Explorer\iconcache_48.db

 7444: File          C:\Users\yanchanglong\Desktop

 7448: File          C:\Users\yanchanglong\Documents\Tencent Files\1465598231\FileRecv

 7488: File          C:\Users\yanchanglong\AppData\Local\Microsoft\Windows\Explorer\thumbcache_idx.db

 74A0: File          C:\Users\yanchanglong\AppData\Local\Microsoft\Windows\Explorer\thumbcache_768.db

 74AC: File          D:\WORKING\????\???

 74C8: File          C:\Users\yanchanglong\Desktop

 74D8: File          C:\Users\yanchanglong\AppData\Local\Microsoft\Windows\Explorer\iconcache_32.db

 7508: File          C:\Users\yanchanglong\AppData\Roaming\Microsoft\Windows\Printer Shortcuts

 751C: File          C:\Users\yanchanglong\Downloads

 7520: File          D:\

 7528: File          C:\Users\yanchanglong\AppData\Local\Microsoft\Windows\Explorer\thumbcache_256.db

 753C: File          C:\Users\yanchanglong\AppData\Local\Microsoft\Windows\Burn

 7574: File          C:\Users\yanchanglong\AppData\Local\Microsoft\Windows\Explorer\thumbcache_idx.db

 7578: File          C:\Users\yanchanglong\AppData\Roaming\Microsoft\Windows\Start Menu

 75C8: File          C:\Users\yanchanglong\Favorites

 75F4: File          C:\Users\yanchanglong\Videos

 765C: File          C:\Users\yanchanglong\Downloads

 7694: File          C:\Users\yanchanglong\AppData\Roaming\Microsoft\Windows\Libraries

 76A0: File          C:\Windows\WinSxS\amd64_microsoft.windows.common-controls_6595b64144ccf1df_6.0.18362.778_none_e6c6b761130d4fb8

 76C8: File          C:\ProgramData\Microsoft\Windows\Start Menu

 7784: File          D:\ileRecv

 7790: File          C:\Users\yanchanglong\AppData\Local\Microsoft\Windows\Explorer\thumbcache_96.db

 77C4: File          C:\Program Files\WindowsApps\Microsoft.LanguageExperiencePackzh-CN_18362.24.72.0_neutral__8wekyb3d8bbwe\Program Files\Windows Defender\zh-CN\shellext.dll.mui

 77E4: File          C:\Users\yanchanglong\AppData\Roaming\Microsoft\Internet Explorer\Quick Launch\User Pinned

 77F4: File          D:\WORKING\????\???

------------------------------------------------------------------------------

svchost.exe pid: 5976 \<unable to open process>

------------------------------------------------------------------------------

igfxEM.exe pid: 6072 AW-ROY\yanchanglong

   44: File          C:\Windows\System32

  234: File          C:\Windows\WinSxS\amd64_microsoft.windows.common-controls_6595b64144ccf1df_6.0.18362.778_none_e6c6b761130d4fb8

  248: File          C:\Program Files\WindowsApps\Microsoft.LanguageExperiencePackzh-CN_18362.24.72.0_neutral__8wekyb3d8bbwe\Windows\System32\zh-CN\user32.dll.mui

  254: Section       \BaseNamedObjects\__ComCatalogCache__

  258: File          C:\Windows\Registration\R00000000000d.clb

  274: Section       \Windows\Theme202636592

  294: Section       \Sessions\1\Windows\Theme4163941769

  328: Section       \BaseNamedObjects\__ComCatalogCache__

  3AC: Section       \Sessions\1\BaseNamedObjects\windows_shell_global_counters

  3F4: Section       \Sessions\1\BaseNamedObjects\C:*ProgramData*Microsoft*Windows*Caches*cversions.2.ro

  3F8: Section       \Sessions\1\BaseNamedObjects\C:*ProgramData*Microsoft*Windows*Caches*{6AF0698E-D558-4F6E-9B3C-3716689AF493}.2.ver0x0000000000000001.db

  3FC: Section       \Sessions\1\BaseNamedObjects\C:*ProgramData*Microsoft*Windows*Caches*cversions.2.ro

  404: Section       \Sessions\1\BaseNamedObjects\C:*ProgramData*Microsoft*Windows*Caches*{DDF571F2-BE98-426D-8288-1A9A39C3FDA2}.2.ver0x0000000000000001.db

  410: Section       \Sessions\1\BaseNamedObjects\C:*ProgramData*Microsoft*Windows*Caches*cversions.2.ro

  428: File          C:\Windows\WinSxS\amd64_microsoft.windows.common-controls_6595b64144ccf1df_6.0.18362.778_none_e6c6b761130d4fb8

  450: File          C:\Windows\WinSxS\amd64_microsoft.windows.common-controls_6595b64144ccf1df_6.0.18362.778_none_e6c6b761130d4fb8

  4F0: Section       \BaseNamedObjects\windows_shell_global_counters

  540: File          C:\Windows\WinSxS\amd64_microsoft.windows.common-controls_6595b64144ccf1df_6.0.18362.778_none_e6c6b761130d4fb8

  5E0: File          C:\Program Files\WindowsApps\Microsoft.LanguageExperiencePackzh-CN_18362.24.72.0_neutral__8wekyb3d8bbwe\Windows\System32\zh-CN\mpr.dll.mui

  610: File          C:\Program Files\WindowsApps\Microsoft.LanguageExperiencePackzh-CN_18362.24.72.0_neutral__8wekyb3d8bbwe\Windows\System32\zh-CN\propsys.dll.mui

  62C: File          C:\Program Files\WindowsApps\Microsoft.LanguageExperiencePackzh-CN_18362.24.72.0_neutral__8wekyb3d8bbwe\Windows\System32\zh-CN\shell32.dll.mui

  690: Section       \Sessions\1\BaseNamedObjects\windows_webcache_counters_{9B6AB5B3-91BC-4097-835C-EA2DEC95E9CC}_S-1-5-21-894610241-3031673652-807083418-1001

  734: File          C:\Program Files\WindowsApps\Microsoft.LanguageExperiencePackzh-CN_18362.24.72.0_neutral__8wekyb3d8bbwe\Windows\System32\zh-CN\kernel32.dll.mui

  760: File          C:\Users\yanchanglong\AppData\Local\Intel\Games\Common

  764: Section       \BaseNamedObjects\F932B6C7-3A20-46A0-B8A0-8894AA421973

  858: Section       \Sessions\1\BaseNamedObjects\UrlZonesSM_yanchanglong

  928: File          C:\Program Files\WindowsApps\Microsoft.LanguageExperiencePackzh-CN_18362.24.72.0_neutral__8wekyb3d8bbwe\Windows\System32\zh-CN\crypt32.dll.mui

  C84: File          C:\Users\yanchanglong\AppData\Local\Intel\Games\Common

  DA0: File          C:\Users\yanchanglong\AppData\Local\Intel\Games\Common

 12F4: File          C:\Users\yanchanglong\AppData\Local\Intel\Games\Common

 1718: File          C:\Users\yanchanglong\AppData\Local\Intel\Games\Common

------------------------------------------------------------------------------

ChsIME.exe pid: 5684 \<unable to open process>

------------------------------------------------------------------------------

svchost.exe pid: 6364 \<unable to open process>

------------------------------------------------------------------------------

svchost.exe pid: 6460 \<unable to open process>

------------------------------------------------------------------------------

svchost.exe pid: 6736 \<unable to open process>

------------------------------------------------------------------------------

AdminService.exe pid: 6804 \<unable to open process>

------------------------------------------------------------------------------

mDNSResponder.exe pid: 6816 \<unable to open process>

------------------------------------------------------------------------------

CAJSHost.exe pid: 6836 \<unable to open process>

------------------------------------------------------------------------------

IntelCpHDCPSvc.exe pid: 6848 \<unable to open process>

------------------------------------------------------------------------------

svchost.exe pid: 6856 \<unable to open process>

------------------------------------------------------------------------------

esif_uf.exe pid: 6876 \<unable to open process>

------------------------------------------------------------------------------

GraphicsAmplifierWindowsService.exe pid: 6884 \<unable to open process>

------------------------------------------------------------------------------

svchost.exe pid: 6896 \<unable to open process>

------------------------------------------------------------------------------

IpOverUsbSvc.exe pid: 6908 \<unable to open process>

------------------------------------------------------------------------------

QcomWlanSrvx64.exe pid: 6916 \<unable to open process>

------------------------------------------------------------------------------

lkads.exe pid: 6928 \<unable to open process>

------------------------------------------------------------------------------

svchost.exe pid: 6936 \<unable to open process>

------------------------------------------------------------------------------

LogiRegistryService.exe pid: 6952 \<unable to open process>

------------------------------------------------------------------------------

svchost.exe pid: 6944 \<unable to open process>

------------------------------------------------------------------------------

SangforPromoteService.exe pid: 6960 \<unable to open process>

------------------------------------------------------------------------------

SynTPEnhService.exe pid: 6968 \<unable to open process>

------------------------------------------------------------------------------

vmnetdhcp.exe pid: 6976 \<unable to open process>

------------------------------------------------------------------------------

sqlwriter.exe pid: 6984 \<unable to open process>

------------------------------------------------------------------------------

svchost.exe pid: 6992 \<unable to open process>

------------------------------------------------------------------------------

MsMpEng.exe pid: 7008 \<unable to open process>

------------------------------------------------------------------------------

nvcontainer.exe pid: 7036 \<unable to open process>

------------------------------------------------------------------------------

svchost.exe pid: 7020 \<unable to open process>

------------------------------------------------------------------------------

FNPLicensingService.exe pid: 7056 \<unable to open process>

------------------------------------------------------------------------------

svchost.exe pid: 7048 \<unable to open process>

------------------------------------------------------------------------------

vmnat.exe pid: 7064 \<unable to open process>

------------------------------------------------------------------------------

svchost.exe pid: 7076 \<unable to open process>

------------------------------------------------------------------------------

svchost.exe pid: 7084 \<unable to open process>

------------------------------------------------------------------------------

QQProtect.exe pid: 7116 \<unable to open process>

------------------------------------------------------------------------------

svchost.exe pid: 7132 \<unable to open process>

------------------------------------------------------------------------------

TeamViewer_Service.exe pid: 7164 \<unable to open process>

------------------------------------------------------------------------------

svchost.exe pid: 4244 \<unable to open process>

------------------------------------------------------------------------------

svchost.exe pid: 3184 \<unable to open process>

------------------------------------------------------------------------------

nimxs.exe pid: 6468 \<unable to open process>

------------------------------------------------------------------------------

KillerNetworkService.exe pid: 6524 \<unable to open process>

------------------------------------------------------------------------------

sqlceip.exe pid: 5812 \<unable to open process>

------------------------------------------------------------------------------

nisvcloc.exe pid: 5328 \<unable to open process>

------------------------------------------------------------------------------

niauth_daemon.exe pid: 7252 \<unable to open process>

------------------------------------------------------------------------------

vmware-authd.exe pid: 7172 \<unable to open process>

------------------------------------------------------------------------------

svchost.exe pid: 7284 \<unable to open process>

------------------------------------------------------------------------------

esif_assist_64.exe pid: 7312 AW-ROY\yanchanglong

   40: File          C:\Windows\Temp\DPTF

------------------------------------------------------------------------------

IntelCpHeciSvc.exe pid: 7608 \<unable to open process>

------------------------------------------------------------------------------

lkcitdl.exe pid: 7740 \<unable to open process>

------------------------------------------------------------------------------

SynTPEnh.exe pid: 7916 AW-ROY\yanchanglong

   40: File          C:\Windows\System32

   70: File          C:\Windows\WinSxS\amd64_microsoft.windows.common-controls_6595b64144ccf1df_6.0.18362.778_none_e6c6b761130d4fb8

  210: Section       \BaseNamedObjects\__ComCatalogCache__

  21C: Section       \BaseNamedObjects\__ComCatalogCache__

  220: File          C:\Windows\Registration\R00000000000d.clb

  264: Section       \Sessions\1\BaseNamedObjects\SynAPIArena

  294: Section       \Windows\Theme202636592

  298: Section       \Sessions\1\Windows\Theme4163941769

  2CC: Section       \Sessions\1\BaseNamedObjects\windows_shell_global_counters

  2F4: Section       \Sessions\1\BaseNamedObjects\SynTPAPIMemMap

------------------------------------------------------------------------------

lktsrv.exe pid: 7956 \<unable to open process>

------------------------------------------------------------------------------

nidmsrv.exe pid: 8084 \<unable to open process>

------------------------------------------------------------------------------

svchost.exe pid: 8272 AW-ROY\yanchanglong

   48: File          C:\Windows\System32

  130: File          C:\Program Files\WindowsApps\Microsoft.LanguageExperiencePackzh-CN_18362.24.72.0_neutral__8wekyb3d8bbwe\Windows\System32\zh-CN\svchost.exe.mui

  1D0: Section       \Sessions\1\BaseNamedObjects\C:*ProgramData*Microsoft*Windows*Caches*cversions.2.ro

  1E4: Section       \Sessions\1\BaseNamedObjects\C:*ProgramData*Microsoft*Windows*Caches*cversions.2.ro

  200: Section       \BaseNamedObjects\__ComCatalogCache__

  23C: Section       \BaseNamedObjects\__ComCatalogCache__

  240: File          C:\Windows\Registration\R00000000000d.clb

  2DC: Section       \Sessions\1\BaseNamedObjects\C:*ProgramData*Microsoft*Windows*Caches*cversions.2.ro

  43C: Section       \Sessions\1\BaseNamedObjects\C:*ProgramData*Microsoft*Windows*Caches*{6AF0698E-D558-4F6E-9B3C-3716689AF493}.2.ver0x0000000000000001.db

  44C: File          C:\Program Files\WindowsApps\Microsoft.LanguageExperiencePackzh-CN_18362.24.72.0_neutral__8wekyb3d8bbwe\Windows\System32\zh-CN\ole32.dll.mui

  47C: File          C:\Program Files\WindowsApps\Microsoft.LanguageExperiencePackzh-CN_18362.24.72.0_neutral__8wekyb3d8bbwe\Windows\System32\zh-CN\windows.applicationmodel.datatransfer.dll.mui

  4B0: File          C:\Program Files\WindowsApps\Microsoft.LanguageExperiencePackzh-CN_18362.24.72.0_neutral__8wekyb3d8bbwe\Windows\System32\zh-CN\KernelBase.dll.mui

  514: Section       \Sessions\1\BaseNamedObjects\windows_shell_global_counters

  574: Section       \Sessions\1\BaseNamedObjects\C:*ProgramData*Microsoft*Windows*Caches*{DDF571F2-BE98-426D-8288-1A9A39C3FDA2}.2.ver0x0000000000000001.db

  590: Section       \BaseNamedObjects\windows_shell_global_counters

  610: File          C:\Program Files\WindowsApps\Microsoft.LanguageExperiencePackzh-CN_18362.24.72.0_neutral__8wekyb3d8bbwe\Windows\System32\zh-CN\propsys.dll.mui

------------------------------------------------------------------------------

ECAgent.exe pid: 8280 AW-ROY\yanchanglong

   44: File          C:\Windows

   8C: File          C:\Windows\SysWOW64

  268: File          C:\Windows\WinSxS\x86_microsoft.windows.common-controls_6595b64144ccf1df_5.82.18362.778_none_71d70b7d5ae4146f

  270: Section       \BaseNamedObjects\sangfor_ssl_file_mapping_ecagent_share_config

  274: File          C:\Windows\WinSxS\x86_microsoft.windows.gdiplus_6595b64144ccf1df_1.1.18362.778_none_5f5ee11d821bf28c

  2D8: File          C:\Users\yanchanglong\AppData\Roaming\Sangfor\SSL\Log\ECAgent.exe.log

  320: File          C:\Users\Public\Sangfor\SSL\boost_interprocess\ecagent_rq_s-1

  360: File          C:\Users\yanchanglong\AppData\Roaming\Sangfor\SSL\ECAgent\s-1\default\p0\mem.db

  364: File          C:\Users\yanchanglong\AppData\Roaming\Sangfor\SSL\ECAgent\s-1\default\p1\mem.db

  3C0: Section       \Sessions\1\BaseNamedObjects\windows_shell_global_counters

  3D0: Section       \Sessions\1\BaseNamedObjects\windows_webcache_counters_{9B6AB5B3-91BC-4097-835C-EA2DEC95E9CC}_S-1-5-21-894610241-3031673652-807083418-1001

  468: Section       \BaseNamedObjects\F932B6C7-3A20-46A0-B8A0-8894AA421973

  4EC: Section       \Sessions\1\BaseNamedObjects\UrlZonesSM_yanchanglong

  520: File          C:\Program Files\WindowsApps\Microsoft.LanguageExperiencePackzh-CN_18362.24.72.0_neutral__8wekyb3d8bbwe\Windows\System32\zh-CN\mswsock.dll.mui

  550: File          C:\Program Files\WindowsApps\Microsoft.LanguageExperiencePackzh-CN_18362.24.72.0_neutral__8wekyb3d8bbwe\Windows\System32\zh-CN\MFC42.dll.mui

  724: File          C:\Program Files\WindowsApps\Microsoft.LanguageExperiencePackzh-CN_18362.24.72.0_neutral__8wekyb3d8bbwe\Windows\System32\zh-CN\crypt32.dll.mui

------------------------------------------------------------------------------

svchost.exe pid: 8288 \<unable to open process>

------------------------------------------------------------------------------

nimdnsResponder.exe pid: 8396 \<unable to open process>

------------------------------------------------------------------------------

lmgrd.exe pid: 8368 \<unable to open process>

------------------------------------------------------------------------------

svchost.exe pid: 8388 \<unable to open process>

------------------------------------------------------------------------------

xTendUtilityService.exe pid: 8556 \<unable to open process>

------------------------------------------------------------------------------

WmiPrvSE.exe pid: 8996 \<unable to open process>

------------------------------------------------------------------------------

conhost.exe pid: 9032 \<unable to open process>

------------------------------------------------------------------------------

xTendUtility.exe pid: 4616 \<unable to open process>

------------------------------------------------------------------------------

niLxiDiscovery.exe pid: 3688 \<unable to open process>

------------------------------------------------------------------------------

svchost.exe pid: 9240 \<unable to open process>

------------------------------------------------------------------------------

lmgrd.exe pid: 9252 \<unable to open process>

------------------------------------------------------------------------------

conhost.exe pid: 9392 \<unable to open process>

------------------------------------------------------------------------------

msc.exe pid: 10092 \<unable to open process>

------------------------------------------------------------------------------

rundll32.exe pid: 10120 \<unable to open process>

------------------------------------------------------------------------------

SynTPHelper.exe pid: 10220 \<unable to open process>

------------------------------------------------------------------------------

SystemWebServer.exe pid: 9592 \<unable to open process>

------------------------------------------------------------------------------

StartMenuExperienceHost.exe pid: 10512 AW-ROY\yanchanglong

   40: File          C:\Windows\SystemApps\Microsoft.Windows.StartMenuExperienceHost_cw5n1h2txyewy

  120: Section       \BaseNamedObjects\__ComCatalogCache__

  148: File          C:\Windows\System32\en-US\netmsg.dll.mui

  3CC: Section       \Sessions\1\AppContainerNamedObjects\S-1-15-2-515815643-2845804217-1874292103-218650560-777617685-4287762684-137415000\SessionImmersiveColorPreference

  450: File          C:\Windows\apppatch\DirectXApps.sdb

  458: Section       \Sessions\1\AppContainerNamedObjects\S-1-15-2-515815643-2845804217-1874292103-218650560-777617685-4287762684-137415000\windows_shell_global_counters

  4B0: Section       \Sessions\1\BaseNamedObjects\C:*Users*yanchanglong*AppData*Local*Microsoft*Windows*Caches*cversions.3.ro

  4C4: Section       \Sessions\1\AppContainerNamedObjects\S-1-15-2-515815643-2845804217-1874292103-218650560-777617685-4287762684-137415000\ApplicationService:29101d6227e5dc23ddf

  4F0: File          C:\Windows\Fonts\segoeui.ttf

  530: Section       \Sessions\1\AppContainerNamedObjects\S-1-15-2-515815643-2845804217-1874292103-218650560-777617685-4287762684-137415000\2910HWNDInterface:1021a

  534: Section       \Sessions\1\AppContainerNamedObjects\S-1-15-2-515815643-2845804217-1874292103-218650560-777617685-4287762684-137415000\2910HWNDInterface:1021a

  574: Section       \Sessions\1\AppContainerNamedObjects\S-1-15-2-515815643-2845804217-1874292103-218650560-777617685-4287762684-137415000\2910HWNDInterface:1021a

  5D4: Section       \Sessions\1\AppContainerNamedObjects\S-1-15-2-515815643-2845804217-1874292103-218650560-777617685-4287762684-137415000\2910HWNDInterface:1021a

  5D8: Section       \Sessions\1\AppContainerNamedObjects\S-1-15-2-515815643-2845804217-1874292103-218650560-777617685-4287762684-137415000\2910HWNDInterface:1021a

  680: File          C:\Program Files\WindowsApps\Microsoft.LanguageExperiencePackzh-CN_18362.24.72.0_neutral__8wekyb3d8bbwe\Windows\System32\zh-CN\KernelBase.dll.mui

  694: File          C:\Program Files\WindowsApps\Microsoft.LanguageExperiencePackzh-CN_18362.24.72.0_neutral__8wekyb3d8bbwe\Windows\System32\zh-CN\windows.storage.dll.mui

  820: Section       \Sessions\1\AppContainerNamedObjects\S-1-15-2-515815643-2845804217-1874292103-218650560-777617685-4287762684-137415000\2910HWNDInterface:1021a

  894: Section       \Sessions\1\AppContainerNamedObjects\S-1-15-2-515815643-2845804217-1874292103-218650560-777617685-4287762684-137415000\2910HWNDInterface:1021a

  8A0: Section       \Sessions\1\AppContainerNamedObjects\S-1-15-2-515815643-2845804217-1874292103-218650560-777617685-4287762684-137415000\2910HWNDInterface:1021a

  8B0: File          C:\Windows\System32\zh-CN\msxml6r.dll.mui

  8D0: Section       \Sessions\1\AppContainerNamedObjects\S-1-15-2-515815643-2845804217-1874292103-218650560-777617685-4287762684-137415000\2910HWNDInterface:1021a

  8DC: File          C:\Program Files\WindowsApps\Microsoft.LanguageExperiencePackzh-CN_18362.24.72.0_neutral__8wekyb3d8bbwe\Windows\System32\zh-CN\windows.ui.xaml.dll.mui

  918: File          C:\Users\yanchanglong\AppData\Local\Packages\Microsoft.Windows.StartMenuExperienceHost_cw5n1h2txyewy\TempState\TileCache_100_0_Header.bin

  95C: Section       \Sessions\1\AppContainerNamedObjects\S-1-15-2-515815643-2845804217-1874292103-218650560-777617685-4287762684-137415000\2910HWNDInterface:1021a

  9A0: File          C:\Users\yanchanglong\AppData\Local\Packages\Microsoft.Windows.StartMenuExperienceHost_cw5n1h2txyewy\TempState\TileCache_100_0_Data.bin

  A38: Section       \Sessions\1\AppContainerNamedObjects\S-1-15-2-515815643-2845804217-1874292103-218650560-777617685-4287762684-137415000\2910HWNDInterface:d0ada

  A6C: File          C:\Windows\System32\zh-CN\netmsg.dll.mui

  AF8: File          C:\Windows\System32\en-US\Windows.Globalization.dll.mui

  B14: Section       \Sessions\1\AppContainerNamedObjects\S-1-15-2-515815643-2845804217-1874292103-218650560-777617685-4287762684-137415000\2910HWNDInterface:1021a

  B44: File          C:\Windows\Fonts\msyh.ttc

  E18: Section       \Sessions\1\AppContainerNamedObjects\S-1-15-2-515815643-2845804217-1874292103-218650560-777617685-4287762684-137415000\2910HWNDInterface:d0ada

  EF4: File          C:\Program Files\WindowsApps\Microsoft.LanguageExperiencePackzh-CN_18362.24.72.0_neutral__8wekyb3d8bbwe\Windows\System32\zh-CN\StartTileData.dll.mui

 1690: Section       \Sessions\1\AppContainerNamedObjects\S-1-15-2-515815643-2845804217-1874292103-218650560-777617685-4287762684-137415000\C:*Users*yanchanglong*AppData*Local*Microsoft*Windows*Caches*{3DA71D5A-20CC-432F-A115-DFE92379E91F}.3.ver0x00000000000000a6.db

 1FCC: Section       \Sessions\1\AppContainerNamedObjects\S-1-15-2-515815643-2845804217-1874292103-218650560-777617685-4287762684-137415000\2910HWNDInterface:d0ada

------------------------------------------------------------------------------

WmiPrvSE.exe pid: 10612 \<unable to open process>

------------------------------------------------------------------------------

ApplicationWebServer.exe pid: 10776 \<unable to open process>

------------------------------------------------------------------------------

NIWebServiceContainer.exe pid: 10784 \<unable to open process>

------------------------------------------------------------------------------

svchost.exe pid: 10800 \<unable to open process>

------------------------------------------------------------------------------

NIWebServiceContainer.exe pid: 10880 \<unable to open process>

------------------------------------------------------------------------------

NIWebServiceContainer.exe pid: 10964 \<unable to open process>

------------------------------------------------------------------------------

SettingSyncHost.exe pid: 10972 AW-ROY\yanchanglong

   40: File          C:\Windows\System32

  1A4: Section       \BaseNamedObjects\__ComCatalogCache__

  234: Section       \Sessions\1\BaseNamedObjects\windows_ie_global_counters

  244: Section       \BaseNamedObjects\__ComCatalogCache__

  248: File          C:\Windows\Registration\R00000000000d.clb

  300: Section       \Sessions\1\BaseNamedObjects\windows_shell_global_counters

  364: Section       \Windows\Theme202636592

  368: Section       \Sessions\1\Windows\Theme4163941769

  36C: File          C:\Windows\System32\en-US\SettingSyncCore.dll.mui

  380: Section       \Sessions\1\BaseNamedObjects\windows_webcache_counters_{9B6AB5B3-91BC-4097-835C-EA2DEC95E9CC}_S-1-5-21-894610241-3031673652-807083418-1001

  490: File          C:\Program Files\WindowsApps\Microsoft.LanguageExperiencePackzh-CN_18362.24.72.0_neutral__8wekyb3d8bbwe\Windows\System32\zh-CN\kernel32.dll.mui

  4C0: File          C:\Program Files\WindowsApps\Microsoft.LanguageExperiencePackzh-CN_18362.24.72.0_neutral__8wekyb3d8bbwe\Windows\System32\zh-CN\KernelBase.dll.mui

  4F0: Section       \Sessions\1\BaseNamedObjects\windows_ie_global_counters

  594: File          C:\Windows\System32\zh-CN\ESENT.dll.mui

  688: Section       \Sessions\1\BaseNamedObjects\C:*ProgramData*Microsoft*Windows*Caches*{6AF0698E-D558-4F6E-9B3C-3716689AF493}.2.ver0x0000000000000001.db

  6C0: Section       \Sessions\1\BaseNamedObjects\C:*ProgramData*Microsoft*Windows*Caches*cversions.2.ro

  6E0: Section       \Sessions\1\BaseNamedObjects\C:*ProgramData*Microsoft*Windows*Caches*cversions.2.ro

  6F4: Section       \Sessions\1\BaseNamedObjects\C:*ProgramData*Microsoft*Windows*Caches*{DDF571F2-BE98-426D-8288-1A9A39C3FDA2}.2.ver0x0000000000000001.db

  7C8: Section       \BaseNamedObjects\windows_shell_global_counters

  844: File          C:\Windows\WinSxS\amd64_microsoft.windows.common-controls_6595b64144ccf1df_6.0.18362.778_none_e6c6b761130d4fb8

  8E8: File          C:\Program Files\WindowsApps\Microsoft.LanguageExperiencePackzh-CN_18362.24.72.0_neutral__8wekyb3d8bbwe\Windows\System32\zh-CN\mpr.dll.mui

  928: File          C:\Program Files\WindowsApps\Microsoft.LanguageExperiencePackzh-CN_18362.24.72.0_neutral__8wekyb3d8bbwe\Windows\System32\zh-CN\shell32.dll.mui

  968: Section       \Sessions\1\BaseNamedObjects\windows_ie_global_counters

  974: File          C:\Program Files\WindowsApps\Microsoft.LanguageExperiencePackzh-CN_18362.24.72.0_neutral__8wekyb3d8bbwe\Windows\System32\zh-CN\propsys.dll.mui

  9A0: Section       \Sessions\1\BaseNamedObjects\windows_ie_global_counters

  9B8: Section       \BaseNamedObjects\F932B6C7-3A20-46A0-B8A0-8894AA421973

  A04: Section       \Sessions\1\BaseNamedObjects\UrlZonesSM_yanchanglong

  A90: File          C:\Windows\WinSxS\amd64_microsoft.windows.common-controls_6595b64144ccf1df_6.0.18362.778_none_e6c6b761130d4fb8

  ABC: File          C:\Windows\System32\en-US\netmsg.dll.mui

  B4C: File          C:\Program Files\WindowsApps\Microsoft.LanguageExperiencePackzh-CN_18362.24.72.0_neutral__8wekyb3d8bbwe\Windows\System32\zh-CN\crypt32.dll.mui

  B60: File          C:\Windows\System32\zh-CN\netmsg.dll.mui

  B8C: Section       \Sessions\1\BaseNamedObjects\C:*ProgramData*Microsoft*Windows*Caches*cversions.2.ro

  BF0: File          C:\Windows\WinSxS\amd64_microsoft.windows.gdiplus_6595b64144ccf1df_1.1.18362.778_none_17b1aa466d9fc986

  BFC: Section       \Sessions\1\BaseNamedObjects\windows_ie_global_counters

  E48: Section       \Sessions\1\BaseNamedObjects\windows_ie_global_counters

------------------------------------------------------------------------------

NIWebServiceContainer.exe pid: 11044 \<unable to open process>

------------------------------------------------------------------------------

RuntimeBroker.exe pid: 9548 AW-ROY\yanchanglong

   48: File          C:\Windows\System32

  178: Section       \BaseNamedObjects\__ComCatalogCache__

  1A8: Section       \Sessions\1\BaseNamedObjects\C:*Users*yanchanglong*AppData*Local*Microsoft*Windows*Caches*cversions.3.ro

  26C: Section       \Sessions\1\BaseNamedObjects\windows_shell_global_counters

  270: Section       \BaseNamedObjects\__ComCatalogCache__

  274: File          C:\Windows\Registration\R00000000000d.clb

  2B4: File          C:\Program Files\WindowsApps\Microsoft.LanguageExperiencePackzh-CN_18362.24.72.0_neutral__8wekyb3d8bbwe\Windows\System32\zh-CN\combase.dll.mui

  2BC: File          C:\Program Files\WindowsApps\Microsoft.LanguageExperiencePackzh-CN_18362.24.72.0_neutral__8wekyb3d8bbwe\Windows\System32\zh-CN\KernelBase.dll.mui

  474: Section       \Sessions\1\BaseNamedObjects\C:*Users*yanchanglong*AppData*Local*Microsoft*Windows*Caches*cversions.3.ro

  4CC: Section       \Sessions\1\BaseNamedObjects\C:*ProgramData*Microsoft*Windows*Caches*{6AF0698E-D558-4F6E-9B3C-3716689AF493}.2.ver0x0000000000000001.db

  4F8: Section       \BaseNamedObjects\windows_shell_global_counters

  500: Section       \Sessions\1\BaseNamedObjects\C:*ProgramData*Microsoft*Windows*Caches*cversions.2.ro

  514: Section       \Sessions\1\BaseNamedObjects\C:*ProgramData*Microsoft*Windows*Caches*cversions.2.ro

  524: Section       \Sessions\1\BaseNamedObjects\C:*ProgramData*Microsoft*Windows*Caches*{DDF571F2-BE98-426D-8288-1A9A39C3FDA2}.2.ver0x0000000000000001.db

  570: File          C:\Program Files\WindowsApps\Microsoft.LanguageExperiencePackzh-CN_18362.24.72.0_neutral__8wekyb3d8bbwe\Windows\System32\zh-CN\propsys.dll.mui

  610: Section       \Sessions\1\BaseNamedObjects\C:*Users*yanchanglong*AppData*Local*Microsoft*Windows*Caches*{3DA71D5A-20CC-432F-A115-DFE92379E91F}.3.ver0x00000000000000a0.db

  674: File          C:\Program Files\WindowsApps\Microsoft.LanguageExperiencePackzh-CN_18362.24.72.0_neutral__8wekyb3d8bbwe\Windows\System32\zh-CN\ShutdownUX.dll.mui

  6BC: File          C:\Windows\WinSxS\amd64_microsoft.windows.common-controls_6595b64144ccf1df_6.0.18362.778_none_e6c6b761130d4fb8

  758: File          C:\Windows\WinSxS\amd64_microsoft.windows.common-controls_6595b64144ccf1df_6.0.18362.778_none_e6c6b761130d4fb8

  77C: Section       \Sessions\1\BaseNamedObjects\C:*ProgramData*Microsoft*Windows*Caches*cversions.2.ro

  7A0: Section       \Sessions\1\BaseNamedObjects\UrlZonesSM_yanchanglong

  7AC: File          C:\Windows\SystemResources\imageres.dll.mun

  7F4: File          C:\Program Files\WindowsApps\Microsoft.LanguageExperiencePackzh-CN_18362.24.72.0_neutral__8wekyb3d8bbwe\Windows\System32\zh-CN\AppResolver.dll.mui

  82C: File          C:\Program Files\WindowsApps\Microsoft.LanguageExperiencePackzh-CN_18362.24.72.0_neutral__8wekyb3d8bbwe\Windows\System32\zh-CN\windows.storage.dll.mui

  860: File          C:\Program Files\WindowsApps\Microsoft.LanguageExperiencePackzh-CN_18362.24.72.0_neutral__8wekyb3d8bbwe\Windows\System32\zh-CN\shell32.dll.mui

  91C: File          C:\Program Files\WindowsApps\Microsoft.LanguageExperiencePackzh-CN_18362.24.72.0_neutral__8wekyb3d8bbwe\Windows\System32\zh-CN\StartTileData.dll.mui

------------------------------------------------------------------------------

NIWebServiceContainer.exe pid: 11132 \<unable to open process>

------------------------------------------------------------------------------

nvcontainer.exe pid: 10328 AW-ROY\yanchanglong

   44: File          C:\Windows\System32

  19C: File          C:\ProgramData\NVIDIA\NvContainerUser1SPUser.log

  208: File          C:\Program Files\WindowsApps\Microsoft.LanguageExperiencePackzh-CN_18362.24.72.0_neutral__8wekyb3d8bbwe\Windows\System32\zh-CN\crypt32.dll.mui

  3D8: File          C:\Program Files\WindowsApps\Microsoft.LanguageExperiencePackzh-CN_18362.24.72.0_neutral__8wekyb3d8bbwe\Windows\System32\zh-CN\kernel32.dll.mui

  3F4: Section       \Sessions\1\BaseNamedObjects\windows_shell_global_counters

  450: Section       \Sessions\1\BaseNamedObjects\{E31B8134-4C7B-4E71-A461-B9A22A6A27CF}

  4FC: File          C:\ProgramData\NVIDIA Corporation\ShadowPlay\CaptureCore.log

  514: File          C:\ProgramData\NVIDIA\MessageBus_10328_0x2204951ED30.log

  5BC: Section       \BaseNamedObjects\__ComCatalogCache__

  5C8: File          C:\Windows\Registration\R00000000000d.clb

  5D0: File          C:\Windows\apppatch\DirectXApps.sdb

  5EC: Section       \BaseNamedObjects\__ComCatalogCache__

  628: File          C:\Program Files\WindowsApps\Microsoft.LanguageExperiencePackzh-CN_18362.24.72.0_neutral__8wekyb3d8bbwe\Windows\System32\zh-CN\MMDevAPI.dll.mui

  67C: File          C:\Program Files\NVIDIA Corporation\NvContainer\plugins\SPUser

  684: File          C:\Program Files\NVIDIA Corporation\ShadowPlay\NVSPCAPS

  6C8: Section       \Sessions\1\BaseNamedObjects\{fbddceaa1c074eed842d248f816705a2}

  73C: Section       \Sessions\1\Windows\Theme4163941769

  740: Section       \Windows\Theme202636592

  758: Section       \Sessions\1\BaseNamedObjects\{2627E361-24E2-4F14-99ED-A20D0685D8DD}_v15

  778: File          C:\ProgramData\NVIDIA Corporation\ShadowPlay\CaptureCore.log

------------------------------------------------------------------------------

nvcontainer.exe pid: 6244 AW-ROY\yanchanglong

   40: File          C:\Windows\System32

  19C: File          C:\ProgramData\NVIDIA\NvContainerUser1.log

  1D4: File          C:\Program Files\WindowsApps\Microsoft.LanguageExperiencePackzh-CN_18362.24.72.0_neutral__8wekyb3d8bbwe\Windows\System32\zh-CN\crypt32.dll.mui

  238: File          C:\Program Files\WindowsApps\Microsoft.LanguageExperiencePackzh-CN_18362.24.72.0_neutral__8wekyb3d8bbwe\Windows\System32\zh-CN\kernel32.dll.mui

  37C: Section       \Sessions\1\BaseNamedObjects\C:*ProgramData*Microsoft*Windows*Caches*cversions.2.ro

  3DC: File          C:\Program Files\NVIDIA Corporation\NvBackend\plugins\User

  3F8: Section       \Sessions\1\BaseNamedObjects\windows_shell_global_counters

  424: File          C:\Program Files\NVIDIA Corporation\NvContainer\plugins\User

  42C: File          C:\Users\yanchanglong\AppData\Local\NVIDIA\NvBackend\journalBS.jour.dat

  4B8: File          C:\Users\yanchanglong\AppData\Local\NVIDIA\NvBackend\backend.log

  4BC: Section       \Sessions\1\BaseNamedObjects\C:*ProgramData*Microsoft*Windows*Caches*{6AF0698E-D558-4F6E-9B3C-3716689AF493}.2.ver0x0000000000000001.db

  508: File          C:\Users\yanchanglong\AppData\Local\NVIDIA\NvBackend\VRDevicesInfo.data

  50C: Section       \Sessions\1\Windows\Theme4163941769

  578: Section       \Windows\Theme202636592

  5C4: Section       \Sessions\1\BaseNamedObjects\{AA45D379-DBB1-4AF4-833B-39E697EDCCA4}

  5D8: File          C:\ProgramData\NVIDIA Corporation\CrashDumps

  628: Section       \BaseNamedObjects\__ComCatalogCache__

  62C: File          C:\Windows\Registration\R00000000000d.clb

  72C: Section       \Sessions\1\BaseNamedObjects\C:*ProgramData*Microsoft*Windows*Caches*{DDF571F2-BE98-426D-8288-1A9A39C3FDA2}.2.ver0x0000000000000001.db

  7A0: Section       \Sessions\1\BaseNamedObjects\C:*ProgramData*Microsoft*Windows*Caches*cversions.2.ro

  7E4: File          C:\Program Files\WindowsApps\Microsoft.LanguageExperiencePackzh-CN_18362.24.72.0_neutral__8wekyb3d8bbwe\Windows\System32\zh-CN\KernelBase.dll.mui

  81C: File          C:\Program Files\WindowsApps\Microsoft.LanguageExperiencePackzh-CN_18362.24.72.0_neutral__8wekyb3d8bbwe\Windows\System32\zh-CN\winnlsres.dll.mui

  8BC: Section       \Sessions\1\BaseNamedObjects\C:*ProgramData*Microsoft*Windows*Caches*cversions.2.ro

  90C: File          C:\Program Files\WindowsApps\Microsoft.LanguageExperiencePackzh-CN_18362.24.72.0_neutral__8wekyb3d8bbwe\Windows\System32\zh-CN\dsound.dll.mui

  9B0: Section       \Sessions\1\BaseNamedObjects\C:*ProgramData*Microsoft*Windows*Caches*cversions.2.ro

  9C4: Section       \Sessions\1\BaseNamedObjects\C:*ProgramData*Microsoft*Windows*Caches*{601E8F59-2494-4F5B-858C-98B965334AFA}.2.ver0x0000000000000001.db

  A30: File          C:\Windows\WinSxS\amd64_microsoft.windows.common-controls_6595b64144ccf1df_6.0.18362.778_none_e6c6b761130d4fb8

  A6C: Section       \BaseNamedObjects\windows_shell_global_counters

  B7C: File          C:\Windows\WinSxS\amd64_microsoft.windows.gdiplus_6595b64144ccf1df_1.1.18362.778_none_17b1aa466d9fc986

  BA0: File          C:\Program Files\WindowsApps\Microsoft.LanguageExperiencePackzh-CN_18362.24.72.0_neutral__8wekyb3d8bbwe\Windows\System32\zh-CN\propsys.dll.mui

------------------------------------------------------------------------------

NisSrv.exe pid: 11660 \<unable to open process>

------------------------------------------------------------------------------

SearchIndexer.exe pid: 11776 \<unable to open process>

------------------------------------------------------------------------------

RuntimeBroker.exe pid: 11944 AW-ROY\yanchanglong

   48: File          C:\Windows\System32

  188: Section       \BaseNamedObjects\__ComCatalogCache__

  1F8: File          C:\Windows\Registration\R00000000000d.clb

  1FC: Section       \BaseNamedObjects\__ComCatalogCache__

  3C8: Section       \Sessions\1\Windows\Theme4163941769

  41C: File          C:\Program Files\WindowsApps\Microsoft.LanguageExperiencePackzh-CN_18362.24.72.0_neutral__8wekyb3d8bbwe\Windows\System32\zh-CN\windows.storage.dll.mui

  438: Section       \Sessions\1\BaseNamedObjects\windows_shell_global_counters

  48C: Section       \BaseNamedObjects\windows_shell_global_counters

  494: Section       \Sessions\1\BaseNamedObjects\C:*ProgramData*Microsoft*Windows*Caches*cversions.2.ro

  4AC: Section       \Sessions\1\BaseNamedObjects\C:*ProgramData*Microsoft*Windows*Caches*{6AF0698E-D558-4F6E-9B3C-3716689AF493}.2.ver0x0000000000000001.db

  4C4: Section       \Sessions\1\BaseNamedObjects\C:*ProgramData*Microsoft*Windows*Caches*cversions.2.ro

  4C8: Section       \Sessions\1\BaseNamedObjects\C:*ProgramData*Microsoft*Windows*Caches*{DDF571F2-BE98-426D-8288-1A9A39C3FDA2}.2.ver0x0000000000000001.db

  50C: File          C:\Program Files\WindowsApps\Microsoft.LanguageExperiencePackzh-CN_18362.24.72.0_neutral__8wekyb3d8bbwe\Windows\System32\zh-CN\StartTileData.dll.mui

  520: File          C:\Windows\WinSxS\amd64_microsoft.windows.common-controls_6595b64144ccf1df_6.0.18362.778_none_e6c6b761130d4fb8

  56C: File          C:\Windows\WinSxS\amd64_microsoft.windows.common-controls_6595b64144ccf1df_6.0.18362.778_none_e6c6b761130d4fb8

  5D0: File          C:\Program Files\WindowsApps\Microsoft.LanguageExperiencePackzh-CN_18362.24.72.0_neutral__8wekyb3d8bbwe\Windows\System32\zh-CN\propsys.dll.mui

  668: File          C:\Program Files\WindowsApps\Microsoft.LanguageExperiencePackzh-CN_18362.24.72.0_neutral__8wekyb3d8bbwe\Windows\System32\zh-CN\shell32.dll.mui

  698: Section       \Windows\Theme202636592

  720: Section       \Sessions\1\BaseNamedObjects\C:*ProgramData*Microsoft*Windows*Caches*{601E8F59-2494-4F5B-858C-98B965334AFA}.2.ver0x0000000000000001.db

  738: File          C:\Windows\WinSxS\amd64_microsoft.windows.common-controls_6595b64144ccf1df_6.0.18362.778_none_e6c6b761130d4fb8

  8B8: File          C:\Program Files\WindowsApps\Microsoft.LanguageExperiencePackzh-CN_18362.24.72.0_neutral__8wekyb3d8bbwe\Windows\System32\zh-CN\mpr.dll.mui

  994: File          C:\Program Files\WindowsApps\Microsoft.LanguageExperiencePackzh-CN_18362.24.72.0_neutral__8wekyb3d8bbwe\Windows\System32\zh-CN\twext.dll.mui

  9E4: Section       \Sessions\1\BaseNamedObjects\C:*ProgramData*Microsoft*Windows*Caches*cversions.2.ro

  A14: File          C:\Windows\SystemResources\imageres.dll.mun

  B88: File          C:\Windows\Fonts\StaticCache.dat

  C10: File          C:\Windows\WinSxS\amd64_microsoft.windows.common-controls_6595b64144ccf1df_6.0.18362.778_none_e6c6b761130d4fb8

  CE4: Section       \Sessions\1\BaseNamedObjects\C:*ProgramData*Microsoft*Windows*Caches*cversions.2.ro

  E14: File          C:\Program Files\WindowsApps\Microsoft.LanguageExperiencePackzh-CN_18362.24.72.0_neutral__8wekyb3d8bbwe\Windows\System32\zh-CN\KernelBase.dll.mui

  F0C: File          C:\Windows\WinSxS\amd64_microsoft.windows.common-controls_6595b64144ccf1df_6.0.18362.778_none_e6c6b761130d4fb8

 102C: Section       \Sessions\1\BaseNamedObjects\C:*Users*yanchanglong*AppData*Local*Microsoft*Windows*Caches*{3DA71D5A-20CC-432F-A115-DFE92379E91F}.3.ver0x00000000000000a6.db

 1040: File          C:\Program Files\WindowsApps\Microsoft.LanguageExperiencePackzh-CN_18362.24.72.0_neutral__8wekyb3d8bbwe\Windows\System32\zh-CN\ntshrui.dll.mui

 1158: Section       \Sessions\1\BaseNamedObjects\C:*Users*yanchanglong*AppData*Local*Microsoft*Windows*Caches*cversions.3.ro

 11C8: File          C:\Windows\WinSxS\amd64_microsoft.windows.common-controls_6595b64144ccf1df_6.0.18362.778_none_e6c6b761130d4fb8

 11DC: File          C:\Windows\WinSxS\amd64_microsoft.windows.common-controls_6595b64144ccf1df_6.0.18362.778_none_e6c6b761130d4fb8

 11F8: File          C:\Program Files\WindowsApps\Microsoft.LanguageExperiencePackzh-CN_18362.24.72.0_neutral__8wekyb3d8bbwe\Program Files\Windows Photo Viewer\zh-CN\PhotoViewer.dll.mui

 1228: Section       \Sessions\1\BaseNamedObjects\UrlZonesSM_yanchanglong

 122C: File          C:\Program Files\WindowsApps\Microsoft.LanguageExperiencePackzh-CN_18362.24.72.0_neutral__8wekyb3d8bbwe\Windows\System32\zh-CN\AppResolver.dll.mui

 1290: File          C:\Windows\WinSxS\amd64_microsoft.windows.common-controls_6595b64144ccf1df_6.0.18362.778_none_e6c6b761130d4fb8

 129C: File          C:\Windows\WinSxS\amd64_microsoft.windows.gdiplus_6595b64144ccf1df_1.1.18362.778_none_17b1aa466d9fc986

 1370: Section       \Sessions\1\BaseNamedObjects\SessionImmersiveColorPreference

------------------------------------------------------------------------------

svchost.exe pid: 12208 \<unable to open process>

------------------------------------------------------------------------------

SkypeApp.exe pid: 12480 AW-ROY\yanchanglong

   40: File          C:\Program Files\WindowsApps\Microsoft.SkypeApp_14.56.102.0_x64__kzf8qxf38zg5c

  140: Section       \BaseNamedObjects\__ComCatalogCache__

  498: Section       \Sessions\1\AppContainerNamedObjects\S-1-15-2-2246530975-808720366-1776470054-230329187-4153223113-3550430174-4193313734\SessionImmersiveColorPreference

  4B8: File          C:\Windows\apppatch\DirectXApps.sdb

  4C8: Section       \Sessions\1\AppContainerNamedObjects\S-1-15-2-2246530975-808720366-1776470054-230329187-4153223113-3550430174-4193313734\windows_shell_global_counters

  554: File          C:\Windows\System32\WinMetadata\Windows.UI.winmd

  55C: File          C:\Program Files\WindowsApps\Microsoft.LanguageExperiencePackzh-CN_18362.24.72.0_neutral__8wekyb3d8bbwe\Windows\System32\zh-CN\windows.storage.dll.mui

  580: File          C:\Windows\System32\WinMetadata\Windows.System.winmd

  5C0: File          C:\Windows\Fonts\segoeui.ttf

  5E4: Section       \Sessions\1\AppContainerNamedObjects\S-1-15-2-2246530975-808720366-1776470054-230329187-4153223113-3550430174-4193313734\ApplicationService:30c01d6227e60b29094

  644: File          C:\Program Files\WindowsApps\Microsoft.LanguageExperiencePackzh-CN_18362.24.72.0_neutral__8wekyb3d8bbwe\Windows\System32\zh-CN\KernelBase.dll.mui

  668: File          C:\Windows\System32\WinMetadata\Windows.UI.Xaml.winmd

  674: File          C:\Users\yanchanglong\AppData\Local\Packages\Microsoft.SkypeApp_kzf8qxf38zg5c\LocalState\DiagOutputDir\SkypeApp3.txt

  6E4: File          C:\Program Files\WindowsApps\Microsoft.LanguageExperiencePackzh-CN_18362.24.72.0_neutral__8wekyb3d8bbwe\Windows\System32\zh-CN\twinapi.appcore.dll.mui

  7B8: Section       \Sessions\1\AppContainerNamedObjects\S-1-15-2-2246530975-808720366-1776470054-230329187-4153223113-3550430174-4193313734\ReactNativeMapping

  7BC: File          C:\Users\yanchanglong\AppData\Local\Packages\Microsoft.SkypeApp_kzf8qxf38zg5c\LocalState\ReactNativeBundle.bin

  804: Section       \Sessions\1\BaseNamedObjects\windows_webcache_counters_{9B6AB5B3-91BC-4097-835C-EA2DEC95E9CC}_S-1-5-21-894610241-3031673652-807083418-1001

  874: Section       \Sessions\1\AppContainerNamedObjects\S-1-15-2-2246530975-808720366-1776470054-230329187-4153223113-3550430174-4193313734\windows_webcache_counters_{00000000-5d8e-4eed-b3fa-e30684411323}

  8D8: Section       \Sessions\1\AppContainerNamedObjects\S-1-15-2-2246530975-808720366-1776470054-230329187-4153223113-3550430174-4193313734\UrlZonesSM_yanchanglong

  944: Section       \BaseNamedObjects\F932B6C7-3A20-46A0-B8A0-8894AA421973

  964: File          C:\Windows\System32\en-US\Windows.Graphics.dll.mui

  988: File          C:\Windows\SystemResources\Chakra.dll.mun

  998: File          C:\Windows\System32\WinMetadata\Windows.Web.winmd

  AF4: File          C:\Program Files\WindowsApps\Microsoft.LanguageExperiencePackzh-CN_18362.24.72.0_neutral__8wekyb3d8bbwe\Windows\System32\zh-CN\crypt32.dll.mui

  B00: File          C:\Program Files\WindowsApps\Microsoft.LanguageExperiencePackzh-CN_18362.24.72.0_neutral__8wekyb3d8bbwe\Windows\System32\zh-CN\wininet.dll.mui

  B10: File          C:\Program Files\WindowsApps\Microsoft.LanguageExperiencePackzh-CN_18362.24.72.0_neutral__8wekyb3d8bbwe\Windows\System32\zh-CN\dnsapi.dll.mui

  B6C: File          C:\Windows\System32\en-US\netmsg.dll.mui

  BAC: File          C:\Windows\System32\zh-CN\netmsg.dll.mui

------------------------------------------------------------------------------

LockApp.exe pid: 13004 AW-ROY\yanchanglong

   40: File          C:\Windows\SystemApps\Microsoft.LockApp_cw5n1h2txyewy

  134: Section       \BaseNamedObjects\__ComCatalogCache__

  39C: File          C:\Windows\apppatch\DirectXApps.sdb

  3EC: Section       \Sessions\1\AppContainerNamedObjects\S-1-15-2-2758101530-1321080646-1475665648-4066602542-2880396197-3643791541-2654759312\SessionImmersiveColorPreference

  42C: Section       \Sessions\1\AppContainerNamedObjects\S-1-15-2-2758101530-1321080646-1475665648-4066602542-2880396197-3643791541-2654759312\windows_shell_global_counters

  488: Section       \Sessions\1\AppContainerNamedObjects\S-1-15-2-2758101530-1321080646-1475665648-4066602542-2880396197-3643791541-2654759312\ApplicationService:32cc1d6227e61bd6d6e

  4C0: File          C:\Windows\Fonts\segoeui.ttf

  520: Section       \Sessions\1\AppContainerNamedObjects\S-1-15-2-2758101530-1321080646-1475665648-4066602542-2880396197-3643791541-2654759312\32ccHWNDInterface:10306

  524: Section       \Sessions\1\AppContainerNamedObjects\S-1-15-2-2758101530-1321080646-1475665648-4066602542-2880396197-3643791541-2654759312\32ccHWNDInterface:10306

  564: Section       \Sessions\1\AppContainerNamedObjects\S-1-15-2-2758101530-1321080646-1475665648-4066602542-2880396197-3643791541-2654759312\32ccHWNDInterface:10306

  5F0: Section       \Sessions\1\AppContainerNamedObjects\S-1-15-2-2758101530-1321080646-1475665648-4066602542-2880396197-3643791541-2654759312\32ccHWNDInterface:10306

  5F4: Section       \Sessions\1\AppContainerNamedObjects\S-1-15-2-2758101530-1321080646-1475665648-4066602542-2880396197-3643791541-2654759312\32ccHWNDInterface:10306

  608: Section       \Sessions\1\AppContainerNamedObjects\S-1-15-2-2758101530-1321080646-1475665648-4066602542-2880396197-3643791541-2654759312\32ccHWNDInterface:10306

  664: File          C:\Windows\Fonts\segoeuil.ttf

  768: Section       \Sessions\1\AppContainerNamedObjects\S-1-15-2-2758101530-1321080646-1475665648-4066602542-2880396197-3643791541-2654759312\32ccHWNDInterface:10306

  76C: Section       \Sessions\1\AppContainerNamedObjects\S-1-15-2-2758101530-1321080646-1475665648-4066602542-2880396197-3643791541-2654759312\32ccHWNDInterface:10306

  778: File          C:\Windows\Fonts\msyh.ttc

  788: File          C:\Windows\Fonts\segoeuisl.ttf

  7AC: Section       \Sessions\1\AppContainerNamedObjects\S-1-15-2-2758101530-1321080646-1475665648-4066602542-2880396197-3643791541-2654759312\32ccHWNDInterface:10306

  8DC: File          C:\Program Files\WindowsApps\Microsoft.LanguageExperiencePackzh-CN_18362.24.72.0_neutral__8wekyb3d8bbwe\Windows\System32\zh-CN\KernelBase.dll.mui

------------------------------------------------------------------------------

WindowsInternal.ComposableShell.Experiences.TextInput.InputApp.exe pid: 13060 AW-ROY\yanchanglong

   40: File          C:\Windows\SystemApps\InputApp_cw5n1h2txyewy

  11C: Section       \BaseNamedObjects\__ComCatalogCache__

  2B4: Section       \Sessions\1\AppContainerNamedObjects\S-1-15-2-3945102849-3632965805-3846928828-240845225-3300287824-62672950-817265009\ApplicationService:33041d6227e61cc44e2

  3C0: Section       \Sessions\1\AppContainerNamedObjects\S-1-15-2-3945102849-3632965805-3846928828-240845225-3300287824-62672950-817265009\3304HWNDInterface:20342

  3DC: Section       \Sessions\1\AppContainerNamedObjects\S-1-15-2-3945102849-3632965805-3846928828-240845225-3300287824-62672950-817265009\SessionImmersiveColorPreference

  410: Section       \Sessions\1\AppContainerNamedObjects\S-1-15-2-3945102849-3632965805-3846928828-240845225-3300287824-62672950-817265009\windows_shell_global_counters

  418: File          C:\Windows\apppatch\DirectXApps.sdb

  488: Section       \Sessions\1\AppContainerNamedObjects\S-1-15-2-3945102849-3632965805-3846928828-240845225-3300287824-62672950-817265009\3304HWNDInterface:1031e

  48C: Section       \Sessions\1\AppContainerNamedObjects\S-1-15-2-3945102849-3632965805-3846928828-240845225-3300287824-62672950-817265009\3304HWNDInterface:1031e

  4E4: Section       \Sessions\1\AppContainerNamedObjects\S-1-15-2-3945102849-3632965805-3846928828-240845225-3300287824-62672950-817265009\3304HWNDInterface:1031e

  538: Section       \Sessions\1\AppContainerNamedObjects\S-1-15-2-3945102849-3632965805-3846928828-240845225-3300287824-62672950-817265009\3304HWNDInterface:20342

  668: File          C:\Windows\Fonts\segoeui.ttf

  670: Section       \Sessions\1\AppContainerNamedObjects\S-1-15-2-3945102849-3632965805-3846928828-240845225-3300287824-62672950-817265009\3304HWNDInterface:20342

  6D8: Section       \Sessions\1\AppContainerNamedObjects\S-1-15-2-3945102849-3632965805-3846928828-240845225-3300287824-62672950-817265009\3304HWNDInterface:20342

  724: Section       \Sessions\1\AppContainerNamedObjects\S-1-15-2-3945102849-3632965805-3846928828-240845225-3300287824-62672950-817265009\3304HWNDInterface:20342

  72C: Section       \Sessions\1\AppContainerNamedObjects\S-1-15-2-3945102849-3632965805-3846928828-240845225-3300287824-62672950-817265009\3304HWNDInterface:20342

  734: Section       \Sessions\1\AppContainerNamedObjects\S-1-15-2-3945102849-3632965805-3846928828-240845225-3300287824-62672950-817265009\3304HWNDInterface:1031e

  76C: File          C:\Windows\System32\WinMetadata\Windows.UI.winmd

  780: Section       \Sessions\1\AppContainerNamedObjects\S-1-15-2-3945102849-3632965805-3846928828-240845225-3300287824-62672950-817265009\3304HWNDInterface:1031e

  790: File          C:\Program Files\WindowsApps\Microsoft.LanguageExperiencePackzh-CN_18362.24.72.0_neutral__8wekyb3d8bbwe\Windows\System32\zh-CN\KernelBase.dll.mui

  7B0: Section       \Sessions\1\AppContainerNamedObjects\S-1-15-2-3945102849-3632965805-3846928828-240845225-3300287824-62672950-817265009\3304HWNDInterface:20342

  7C0: Section       \Sessions\1\AppContainerNamedObjects\S-1-15-2-3945102849-3632965805-3846928828-240845225-3300287824-62672950-817265009\3304HWNDInterface:20342

  8C4: Section       \Sessions\1\AppContainerNamedObjects\S-1-15-2-3945102849-3632965805-3846928828-240845225-3300287824-62672950-817265009\3304HWNDInterface:10386

  8C8: Section       \Sessions\1\AppContainerNamedObjects\S-1-15-2-3945102849-3632965805-3846928828-240845225-3300287824-62672950-817265009\3304HWNDInterface:10386

  8CC: Section       \Sessions\1\AppContainerNamedObjects\S-1-15-2-3945102849-3632965805-3846928828-240845225-3300287824-62672950-817265009\3304HWNDInterface:10386

  9B0: Section       \Sessions\1\AppContainerNamedObjects\S-1-15-2-3945102849-3632965805-3846928828-240845225-3300287824-62672950-817265009\3304HWNDInterface:10386

  9E8: Section       \Sessions\1\AppContainerNamedObjects\S-1-15-2-3945102849-3632965805-3846928828-240845225-3300287824-62672950-817265009\3304HWNDInterface:10386

  9EC: Section       \Sessions\1\AppContainerNamedObjects\S-1-15-2-3945102849-3632965805-3846928828-240845225-3300287824-62672950-817265009\3304HWNDInterface:10386

  A04: Section       \Sessions\1\AppContainerNamedObjects\S-1-15-2-3945102849-3632965805-3846928828-240845225-3300287824-62672950-817265009\3304HWNDInterface:1039a

  A0C: Section       \Sessions\1\AppContainerNamedObjects\S-1-15-2-3945102849-3632965805-3846928828-240845225-3300287824-62672950-817265009\3304HWNDInterface:1039a

  A18: Section       \Sessions\1\AppContainerNamedObjects\S-1-15-2-3945102849-3632965805-3846928828-240845225-3300287824-62672950-817265009\3304HWNDInterface:1039a

  A50: Section       \Sessions\1\AppContainerNamedObjects\S-1-15-2-3945102849-3632965805-3846928828-240845225-3300287824-62672950-817265009\3304HWNDInterface:10386

  A78: Section       \Sessions\1\AppContainerNamedObjects\S-1-15-2-3945102849-3632965805-3846928828-240845225-3300287824-62672950-817265009\3304HWNDInterface:10386

  A84: Section       \Sessions\1\AppContainerNamedObjects\S-1-15-2-3945102849-3632965805-3846928828-240845225-3300287824-62672950-817265009\3304HWNDInterface:1039a

  A98: Section       \Sessions\1\AppContainerNamedObjects\S-1-15-2-3945102849-3632965805-3846928828-240845225-3300287824-62672950-817265009\3304HWNDInterface:1039a

  AA0: Section       \Sessions\1\AppContainerNamedObjects\S-1-15-2-3945102849-3632965805-3846928828-240845225-3300287824-62672950-817265009\3304HWNDInterface:1039a

  AA8: Section       \Sessions\1\AppContainerNamedObjects\S-1-15-2-3945102849-3632965805-3846928828-240845225-3300287824-62672950-817265009\3304HWNDInterface:1039a

  ABC: Section       \Sessions\1\AppContainerNamedObjects\S-1-15-2-3945102849-3632965805-3846928828-240845225-3300287824-62672950-817265009\3304HWNDInterface:1039a

------------------------------------------------------------------------------

RuntimeBroker.exe pid: 12300 AW-ROY\yanchanglong

   48: File          C:\Windows\System32

  178: Section       \BaseNamedObjects\__ComCatalogCache__

  298: File          C:\Windows\Registration\R00000000000d.clb

  29C: Section       \BaseNamedObjects\__ComCatalogCache__

  2C8: Section       \Sessions\1\BaseNamedObjects\windows_shell_global_counters

  3C8: Section       \Windows\Theme202636592

  3D0: Section       \Sessions\1\Windows\Theme4163941769

  424: Section       \Sessions\1\BaseNamedObjects\C:*ProgramData*Microsoft*Windows*Caches*{6AF0698E-D558-4F6E-9B3C-3716689AF493}.2.ver0x0000000000000001.db

  4A0: Section       \Sessions\1\BaseNamedObjects\C:*ProgramData*Microsoft*Windows*Caches*cversions.2.ro

  4BC: Section       \Sessions\1\BaseNamedObjects\C:*ProgramData*Microsoft*Windows*Caches*{DDF571F2-BE98-426D-8288-1A9A39C3FDA2}.2.ver0x0000000000000001.db

  4C8: Section       \Sessions\1\BaseNamedObjects\C:*ProgramData*Microsoft*Windows*Caches*cversions.2.ro

  550: Section       \BaseNamedObjects\windows_shell_global_counters

  59C: File          C:\Program Files\WindowsApps\Microsoft.LanguageExperiencePackzh-CN_18362.24.72.0_neutral__8wekyb3d8bbwe\Windows\System32\zh-CN\windows.storage.dll.mui

  5C4: File          C:\Windows\WinSxS\amd64_microsoft.windows.common-controls_6595b64144ccf1df_6.0.18362.778_none_e6c6b761130d4fb8

  60C: File          C:\Program Files\WindowsApps\Microsoft.LanguageExperiencePackzh-CN_18362.24.72.0_neutral__8wekyb3d8bbwe\Windows\System32\zh-CN\AuthExt.dll.mui

  610: File          C:\Windows\WinSxS\amd64_microsoft.windows.common-controls_6595b64144ccf1df_6.0.18362.778_none_e6c6b761130d4fb8

  628: File          C:\Windows\SystemResources\imageres.dll.mun

  690: File          C:\Windows\SystemResources\batmeter.dll.mun

  694: File          C:\Windows\WinSxS\amd64_microsoft.windows.common-controls_6595b64144ccf1df_6.0.18362.778_none_e6c6b761130d4fb8

  698: File          C:\Program Files\WindowsApps\Microsoft.LanguageExperiencePackzh-CN_18362.24.72.0_neutral__8wekyb3d8bbwe\Windows\System32\zh-CN\batmeter.dll.mui

  6F0: File          C:\Program Files\WindowsApps\Microsoft.LanguageExperiencePackzh-CN_18362.24.72.0_neutral__8wekyb3d8bbwe\Windows\System32\zh-CN\KernelBase.dll.mui

  6FC: File          C:\Program Files\WindowsApps\Microsoft.LanguageExperiencePackzh-CN_18362.24.72.0_neutral__8wekyb3d8bbwe\Windows\System32\zh-CN\combase.dll.mui

  74C: File          C:\Program Files\WindowsApps\Microsoft.LanguageExperiencePackzh-CN_18362.24.72.0_neutral__8wekyb3d8bbwe\Windows\System32\zh-CN\propsys.dll.mui

------------------------------------------------------------------------------

SkypeBackgroundHost.exe pid: 14076 AW-ROY\yanchanglong

   40: File          C:\Program Files\WindowsApps\Microsoft.SkypeApp_14.56.102.0_x64__kzf8qxf38zg5c

  14C: Section       \BaseNamedObjects\__ComCatalogCache__

  250: Section       \Sessions\1\AppContainerNamedObjects\S-1-15-2-2246530975-808720366-1776470054-230329187-4153223113-3550430174-4193313734\ApplicationService:36fc1d6227e6376c4b2

------------------------------------------------------------------------------

GoogleCrashHandler.exe pid: 13592 \<unable to open process>

------------------------------------------------------------------------------

nvsphelper64.exe pid: 13920 \<unable to open process>

------------------------------------------------------------------------------

NIWebServiceContainer.exe pid: 13988 \<unable to open process>

------------------------------------------------------------------------------

NVIDIA Share.exe pid: 13780 AW-ROY\yanchanglong

   70: File          C:\Windows\WinSxS\amd64_microsoft.windows.gdiplus_6595b64144ccf1df_1.1.18362.778_none_17b1aa466d9fc986

   84: File          C:\Windows\WinSxS\amd64_microsoft.windows.common-controls_6595b64144ccf1df_6.0.18362.778_none_e6c6b761130d4fb8

  2CC: Section       \Sessions\1\BaseNamedObjects\windows_shell_global_counters

  2FC: File          C:\Users\yanchanglong\AppData\Local\NVIDIA Corporation\NVIDIA Share\console.log

  310: File          C:\Program Files\WindowsApps\Microsoft.LanguageExperiencePackzh-CN_18362.24.72.0_neutral__8wekyb3d8bbwe\Windows\System32\zh-CN\crypt32.dll.mui

  4F4: File          C:\Program Files\NVIDIA Corporation\NVIDIA GeForce Experience\v8_context_snapshot.bin

  4F8: File          C:\ProgramData\NVIDIA Corporation\ShadowPlay\CaptureCore.log

  4FC: File          C:\ProgramData\NVIDIA Corporation\ShadowPlay\CaptureCore.log

  51C: File          C:\Windows\apppatch\DirectXApps.sdb

  52C: File          C:\Program Files\NVIDIA Corporation\NVIDIA GeForce Experience\natives_blob.bin

  55C: Section       \Sessions\1\BaseNamedObjects\{1ABAC973-1361-4C7B-B9CE-6A084DB70189}_v2

  598: File          C:\Program Files\NVIDIA Corporation\NVIDIA GeForce Experience\cef_extensions.pak

  5B0: File          C:\ProgramData\NVIDIA\MessageBus_13780_0x199236D7790.log

  610: File          C:\Users\yanchanglong\AppData\Local\NVIDIA Corporation\NVIDIA Share\CefCache\Cookies-journal

  618: File          C:\Program Files\NVIDIA Corporation\NVIDIA GeForce Experience\locales\en-US.pak

  61C: File          C:\Users\yanchanglong\AppData\Local\NVIDIA Corporation\NVIDIA Share\debug.log

  624: File          C:\Program Files\NVIDIA Corporation\NVIDIA GeForce Experience\icudtl.dat

  634: File          C:\Program Files\NVIDIA Corporation\NVIDIA GeForce Experience\cef_100_percent.pak

  644: File          C:\ProgramData\Intel\ShaderCache\NVIDIA Share_1

  65C: File          C:\Program Files\NVIDIA Corporation\NVIDIA GeForce Experience\cef.pak

  660: File          C:\Program Files\NVIDIA Corporation\NVIDIA GeForce Experience\cef_200_percent.pak

  768: File          C:\Windows\System32\drivers\etc

  7B8: Section       \Windows\Theme202636592

  7BC: Section       \Sessions\1\Windows\Theme4163941769

  810: Section       \BaseNamedObjects\__ComCatalogCache__

  824: Section       \BaseNamedObjects\__ComCatalogCache__

  828: File          C:\Windows\Registration\R00000000000d.clb

  978: Section       \Sessions\1\BaseNamedObjects\35d4HWNDInterface:10400

  97C: Section       \Sessions\1\BaseNamedObjects\35d4HWNDInterface:10400

  9B0: File          C:\Users\yanchanglong\AppData\Local\NVIDIA Corporation\NVIDIA Share\CefCache\Visited Links

  A08: File          C:\Users\yanchanglong\AppData\Local\NVIDIA Corporation\NVIDIA Share\CefCache\GPUCache\data_3

  A0C: Section       \Sessions\1\BaseNamedObjects\4c3fc4d4-7999-484d-830c-f34802fc477e

  A30: File          C:\Users\yanchanglong\AppData\Local\NVIDIA Corporation\NVIDIA Share\CefCache\GPUCache\index

  A38: File          C:\Users\yanchanglong\AppData\Local\NVIDIA Corporation\NVIDIA Share\CefCache\GPUCache\index

  A3C: Section       \Sessions\1\BaseNamedObjects\{1BBC83F3-72CB-453B-AD96-E1028AFFB5E9}_v3_0

  A54: File          C:\Users\yanchanglong\AppData\Local\NVIDIA Corporation\NVIDIA Share\CefCache\GPUCache\data_0

  A58: File          C:\Users\yanchanglong\AppData\Local\NVIDIA Corporation\NVIDIA Share\CefCache\GPUCache\data_0

  A60: File          C:\Users\yanchanglong\AppData\Local\NVIDIA Corporation\NVIDIA Share\CefCache\GPUCache\data_1

  A64: File          C:\Users\yanchanglong\AppData\Local\NVIDIA Corporation\NVIDIA Share\CefCache\GPUCache\data_1

  A6C: File          C:\Users\yanchanglong\AppData\Local\NVIDIA Corporation\NVIDIA Share\CefCache\GPUCache\data_2

  A70: File          C:\Users\yanchanglong\AppData\Local\NVIDIA Corporation\NVIDIA Share\CefCache\GPUCache\data_2

  A84: File          C:\Users\yanchanglong\AppData\Local\NVIDIA Corporation\NVIDIA Share\CefCache\Cookies

  AAC: File          C:\Users\yanchanglong\AppData\Local\NVIDIA Corporation\NVIDIA Share\CefCache\GPUCache\data_3

  AD0: File          C:\Windows\Fonts\msyh.ttc

  AFC: File          C:\Program Files\WindowsApps\Microsoft.LanguageExperiencePackzh-CN_18362.24.72.0_neutral__8wekyb3d8bbwe\Windows\System32\zh-CN\kernel32.dll.mui

  B24: File          C:\Users\yanchanglong\AppData\Local\NVIDIA Corporation\NVIDIA Share\CefCache\Local Storage\leveldb\MANIFEST-000001

  B28: File          C:\Users\yanchanglong\AppData\Local\NVIDIA Corporation\NVIDIA Share\CefCache\Cache\index

  B44: File          C:\Users\yanchanglong\AppData\Local\NVIDIA Corporation\NVIDIA Share\CefCache\IndexedDB\file__0.indexeddb.leveldb\LOCK

  B90: File          C:\Users\yanchanglong\AppData\Local\NVIDIA Corporation\NVIDIA Share\CefCache\Local Storage\leveldb\LOG

  B94: File          C:\Users\yanchanglong\AppData\Local\NVIDIA Corporation\NVIDIA Share\CefCache\Local Storage\leveldb\LOCK

  B9C: File          C:\Users\yanchanglong\AppData\Local\NVIDIA Corporation\NVIDIA Share\CefCache\Local Storage\leveldb\000003.log

  BA0: File          C:\Users\yanchanglong\AppData\Local\NVIDIA Corporation\NVIDIA Share\CefCache\Cache\index

  BAC: File          C:\Users\yanchanglong\AppData\Local\NVIDIA Corporation\NVIDIA Share\CefCache\MANIFEST-000001

  BC8: File          C:\Users\yanchanglong\AppData\Local\NVIDIA Corporation\NVIDIA Share\CefCache\Cache\data_0

  BCC: File          C:\Users\yanchanglong\AppData\Local\NVIDIA Corporation\NVIDIA Share\CefCache\Cache\data_0

  BD4: File          C:\Users\yanchanglong\AppData\Local\NVIDIA Corporation\NVIDIA Share\CefCache\Cache\data_1

  BDC: File          C:\Users\yanchanglong\AppData\Local\NVIDIA Corporation\NVIDIA Share\CefCache\Cache\data_1

  BE4: File          C:\Users\yanchanglong\AppData\Local\NVIDIA Corporation\NVIDIA Share\CefCache\Cache\data_2

  BE8: File          C:\Users\yanchanglong\AppData\Local\NVIDIA Corporation\NVIDIA Share\CefCache\Cache\data_2

  BF0: File          C:\Users\yanchanglong\AppData\Local\NVIDIA Corporation\NVIDIA Share\CefCache\Cache\data_3

  BF4: File          C:\Users\yanchanglong\AppData\Local\NVIDIA Corporation\NVIDIA Share\CefCache\Cache\data_3

  C38: File          C:\Users\yanchanglong\AppData\Local\NVIDIA Corporation\NVIDIA Share\CefCache\LOG

  C40: File          C:\Users\yanchanglong\AppData\Local\NVIDIA Corporation\NVIDIA Share\CefCache\000003.log

  C44: File          C:\Users\yanchanglong\AppData\Local\NVIDIA Corporation\NVIDIA Share\CefCache\LOCK

  C90: File          C:\Users\yanchanglong\AppData\Local\NVIDIA Corporation\NVIDIA Share\CefCache\IndexedDB\file__0.indexeddb.leveldb\LOG

  CD8: File          C:\Users\yanchanglong\AppData\Local\NVIDIA Corporation\NVIDIA Share\CefCache\IndexedDB\file__0.indexeddb.leveldb\MANIFEST-000001

  CF0: File          C:\Users\yanchanglong\AppData\Local\NVIDIA Corporation\NVIDIA Share\CefCache\QuotaManager

  D10: File          C:\Windows\System32

  DBC: File          C:\Users\yanchanglong\AppData\Local\NVIDIA Corporation\NVIDIA Share\CefCache\IndexedDB\file__0.indexeddb.leveldb\000003.log

  DE8: File          C:\Users\yanchanglong\AppData\Local\NVIDIA Corporation\NVIDIA Share\CefCache\databases\Databases.db

  DEC: File          C:\Users\yanchanglong\AppData\Local\NVIDIA Corporation\NVIDIA Share\CefCache\QuotaManager-journal

------------------------------------------------------------------------------

GoogleCrashHandler64.exe pid: 13568 \<unable to open process>

------------------------------------------------------------------------------

svchost.exe pid: 10432 \<unable to open process>

------------------------------------------------------------------------------

NVIDIA Share.exe pid: 14652 AW-ROY\yanchanglong

   44: File          C:\Windows\System32

   74: File          C:\Windows\WinSxS\amd64_microsoft.windows.gdiplus_6595b64144ccf1df_1.1.18362.778_none_17b1aa466d9fc986

   8C: File          C:\Windows\WinSxS\amd64_microsoft.windows.common-controls_6595b64144ccf1df_6.0.18362.778_none_e6c6b761130d4fb8

  2D0: File          C:\Users\yanchanglong\AppData\Local\NVIDIA Corporation\NVIDIA Share\debug.log

  2D4: File          C:\Program Files\NVIDIA Corporation\NVIDIA GeForce Experience\icudtl.dat

  2DC: File          C:\Program Files\NVIDIA Corporation\NVIDIA GeForce Experience\locales\en-US.pak

  2E4: File          C:\Program Files\NVIDIA Corporation\NVIDIA GeForce Experience\cef.pak

  2EC: File          C:\Program Files\NVIDIA Corporation\NVIDIA GeForce Experience\cef_100_percent.pak

  2F4: File          C:\Program Files\NVIDIA Corporation\NVIDIA GeForce Experience\cef_200_percent.pak

  2FC: File          C:\Program Files\NVIDIA Corporation\NVIDIA GeForce Experience\cef_extensions.pak

  368: Section       \Sessions\1\BaseNamedObjects\windows_shell_global_counters

  4B4: File          C:\Windows\apppatch\DirectXApps.sdb

  4E4: File          C:\ProgramData\Intel\ShaderCache\NVIDIA Share_1

  4EC: Section       \BaseNamedObjects\__ComCatalogCache__

  620: Section       \BaseNamedObjects\__ComCatalogCache__

  628: File          C:\Windows\Registration\R00000000000d.clb

------------------------------------------------------------------------------

NVIDIA Web Helper.exe pid: 14944 AW-ROY\yanchanglong

   40: File          C:\Windows

   84: File          C:\Program Files (x86)\NVIDIA Corporation\NvNode

  2F4: File          C:\Program Files\WindowsApps\Microsoft.LanguageExperiencePackzh-CN_18362.24.72.0_neutral__8wekyb3d8bbwe\Windows\System32\zh-CN\mswsock.dll.mui

  310: Section       \Sessions\1\BaseNamedObjects\windows_shell_global_counters

  368: Section       \Sessions\1\BaseNamedObjects\node-debug-handler-14944

  3AC: File          C:\Users\yanchanglong\AppData\Local\NVIDIA Corporation\NvNode\nvnode.log

  414: File          C:\Program Files\WindowsApps\Microsoft.LanguageExperiencePackzh-CN_18362.24.72.0_neutral__8wekyb3d8bbwe\Windows\System32\zh-CN\crypt32.dll.mui

  72C: File          C:\Windows\WinSxS\x86_microsoft.windows.gdiplus_6595b64144ccf1df_1.1.18362.778_none_5f5ee11d821bf28c

  790: File          C:\ProgramData\NVIDIA\MessageBus_14944_0x5726218.log

  7A4: File          C:\ProgramData\NVIDIA\MessageBus_14944_0x5726380.log

  7C4: File          C:\ProgramData\NVIDIA Corporation\GfeBridges\NvGameShareCurrent.log

  7E0: File          C:\ProgramData\NVIDIA Corporation\GfeBridges\NvGfeServiceBridgeCurrent.log

  874: File          C:\Program Files\WindowsApps\Microsoft.LanguageExperiencePackzh-CN_18362.24.72.0_neutral__8wekyb3d8bbwe\Windows\System32\zh-CN\kernel32.dll.mui

  8A4: File          C:\ProgramData\NVIDIA\MessageBus_14944_0x57264E8.log

  928: File          C:\Users\yanchanglong\AppData\Local\NVIDIA Corporation\NvAbHub\NVIDIA Web HelperAbHubClient.log.2

  96C: File          C:\Program Files\WindowsApps\Microsoft.LanguageExperiencePackzh-CN_18362.24.72.0_neutral__8wekyb3d8bbwe\Windows\System32\zh-CN\MFC42.dll.mui

  9A0: File          C:\ProgramData\NVIDIA\MessageBus_14944_0x57ED010.log

  9E0: File          C:\ProgramData\NVIDIA Corporation\ShadowPlay\CaptureCore.log

  A1C: File          C:\ProgramData\NVIDIA\MessageBus_14944_0x57260B0.log

  A3C: File          C:\ProgramData\NVIDIA Corporation\ShadowPlay\CaptureCore.log

  A40: Section       \Sessions\1\BaseNamedObjects\{1ABAC973-1361-4C7B-B9CE-6A084DB70189}_v2

  A9C: Section       \Windows\Theme202636592

  AA0: Section       \Sessions\1\Windows\Theme4163941769

  B28: Section       \Sessions\1\BaseNamedObjects\{8BA1E16C-FC54-4595-9782-E370A5FBE8DA}

------------------------------------------------------------------------------

conhost.exe pid: 14952 AW-ROY\yanchanglong

   44: File          C:\Windows

  138: File          C:\Program Files\WindowsApps\Microsoft.LanguageExperiencePackzh-CN_18362.24.72.0_neutral__8wekyb3d8bbwe\Windows\System32\zh-CN\Conhost.exe.mui

------------------------------------------------------------------------------

CastSrv.exe pid: 14480 AW-ROY\yanchanglong

   40: File          C:\Windows\System32

  214: Section       \BaseNamedObjects\__ComCatalogCache__

  250: Section       \BaseNamedObjects\__ComCatalogCache__

  258: File          C:\Windows\Registration\R00000000000d.clb

  2A4: Section       \Sessions\1\BaseNamedObjects\windows_shell_global_counters

  470: Section       \Windows\Theme202636592

  484: Section       \Sessions\1\Windows\Theme4163941769

------------------------------------------------------------------------------

RuntimeBroker.exe pid: 14576 AW-ROY\yanchanglong

   4C: File          C:\Windows\System32

  17C: Section       \BaseNamedObjects\__ComCatalogCache__

  254: Section       \BaseNamedObjects\__ComCatalogCache__

  258: File          C:\Windows\Registration\R00000000000d.clb

  288: Section       \Sessions\1\BaseNamedObjects\windows_shell_global_counters

  2E4: Section       \BaseNamedObjects\windows_shell_global_counters

  324: Section       \Sessions\1\BaseNamedObjects\C:*ProgramData*Microsoft*Windows*Caches*cversions.2.ro

  328: Section       \Sessions\1\BaseNamedObjects\C:*ProgramData*Microsoft*Windows*Caches*{6AF0698E-D558-4F6E-9B3C-3716689AF493}.2.ver0x0000000000000001.db

  32C: Section       \Sessions\1\BaseNamedObjects\C:*ProgramData*Microsoft*Windows*Caches*cversions.2.ro

  330: Section       \Sessions\1\BaseNamedObjects\C:*ProgramData*Microsoft*Windows*Caches*{DDF571F2-BE98-426D-8288-1A9A39C3FDA2}.2.ver0x0000000000000001.db

  334: File          C:\Program Files\WindowsApps\Microsoft.LanguageExperiencePackzh-CN_18362.24.72.0_neutral__8wekyb3d8bbwe\Windows\System32\zh-CN\propsys.dll.mui

  3E0: Section       \Sessions\1\BaseNamedObjects\C:*ProgramData*Microsoft*Windows*Caches*cversions.2.ro

------------------------------------------------------------------------------

SecurityHealthSystray.exe pid: 6772 AW-ROY\yanchanglong

   40: File          C:\Windows\System32

  15C: Section       \BaseNamedObjects\__ComCatalogCache__

  168: Section       \BaseNamedObjects\__ComCatalogCache__

  16C: File          C:\Windows\Registration\R00000000000d.clb

  190: File          C:\Program Files\WindowsApps\Microsoft.LanguageExperiencePackzh-CN_18362.24.72.0_neutral__8wekyb3d8bbwe\Windows\System32\zh-CN\securityhealthsso.dll.mui

  218: Section       \Sessions\1\BaseNamedObjects\windows_shell_global_counters

------------------------------------------------------------------------------

SecurityHealthService.exe pid: 6672 \<unable to open process>

------------------------------------------------------------------------------

RtkNGUI64.exe pid: 15164 AW-ROY\yanchanglong

    8: File          C:\Windows\WinSxS\amd64_microsoft.windows.gdiplus_6595b64144ccf1df_1.1.18362.778_none_17b1aa466d9fc986

   44: File          C:\Windows\System32

   BC: File          C:\Windows\WinSxS\amd64_microsoft.windows.common-controls_6595b64144ccf1df_6.0.18362.778_none_e6c6b761130d4fb8

   E8: Section       \Sessions\1\Windows\Theme4163941769

  39C: Section       \BaseNamedObjects\__ComCatalogCache__

  3B0: File          C:\Windows\Registration\R00000000000d.clb

  3B8: Section       \BaseNamedObjects\__ComCatalogCache__

  494: Section       \Windows\Theme202636592

  5FC: File          C:\Windows\WinSxS\amd64_microsoft.windows.common-controls_6595b64144ccf1df_6.0.18362.778_none_e6c6b761130d4fb8

  644: Section       \Sessions\1\BaseNamedObjects\windows_shell_global_counters

------------------------------------------------------------------------------

RAVBg64.exe pid: 14368 AW-ROY\yanchanglong

   40: File          C:\Windows\System32

   70: File          C:\Windows\WinSxS\amd64_microsoft.windows.gdiplus_6595b64144ccf1df_1.1.18362.778_none_17b1aa466d9fc986

   78: File          C:\Windows\WinSxS\amd64_microsoft.windows.common-controls_6595b64144ccf1df_6.0.18362.778_none_e6c6b761130d4fb8

  3B0: Section       \BaseNamedObjects\__ComCatalogCache__

  3C0: Section       \BaseNamedObjects\__ComCatalogCache__

  3C4: File          C:\Windows\Registration\R00000000000d.clb

------------------------------------------------------------------------------

svchost.exe pid: 15560 \<unable to open process>

------------------------------------------------------------------------------

AWCCServiceController.exe pid: 15996 AW-ROY\yanchanglong

   40: File          C:\Windows\System32

  190: Section       \...\Cor_SxSPublic_IPCBlock

  194: Section       \BaseNamedObjects\Cor_Private_IPCBlock_v4_15996

  2B4: File          C:\Windows\assembly\pubpol197.dat

  2B8: File          C:\Windows\Microsoft.NET\assembly\GAC_MSIL\AlienLabsTools\v4.0_4.7.10.0__bebb3c8816410241\AlienLabsTools.dll

  2C4: File          C:\Program Files\WindowsApps\Microsoft.LanguageExperiencePackzh-CN_18362.24.72.0_neutral__8wekyb3d8bbwe\Windows\System32\zh-CN\user32.dll.mui

  360: Section       \Sessions\1\BaseNamedObjects\windows_shell_global_counters

  38C: File          C:\Windows\WinSxS\amd64_microsoft.windows.common-controls_6595b64144ccf1df_5.82.18362.778_none_2a29d4a64667eb69

  398: Section       \Windows\Theme202636592

  39C: Section       \Sessions\1\Windows\Theme4163941769

  3A0: File          C:\Windows\WinSxS\amd64_microsoft.windows.gdiplus_6595b64144ccf1df_1.1.18362.778_none_17b1aa466d9fc986

  3C8: File          C:\Windows\Microsoft.NET\assembly\GAC_MSIL\AlienLabs.CommandCenter.RemotingService\v4.0_4.7.10.0__bebb3c8816410241\AlienLabs.CommandCenter.RemotingService.dll

  3CC: File          C:\Windows\Microsoft.NET\assembly\GAC_MSIL\AlienLabs.CommandCenter.RemotingService.Domain\v4.0_4.7.10.0__bebb3c8816410241\AlienLabs.CommandCenter.RemotingService.Domain.dll

  3FC: File          C:\Program Files\WindowsApps\Microsoft.LanguageExperiencePackzh-CN_18362.24.72.0_neutral__8wekyb3d8bbwe\Windows\System32\zh-CN\kernel32.dll.mui

  458: File          C:\Program Files\WindowsApps\Microsoft.LanguageExperiencePackzh-CN_18362.24.72.0_neutral__8wekyb3d8bbwe\Windows\System32\zh-CN\KernelBase.dll.mui

  49C: Section       \BaseNamedObjects\__ComCatalogCache__

  4AC: Section       \BaseNamedObjects\__ComCatalogCache__

  4B0: File          C:\Windows\Registration\R00000000000d.clb

  5E0: File          C:\Windows\Microsoft.NET\assembly\GAC_MSIL\System.Runtime.Remoting.Resources\v4.0_4.0.0.0_zh-HANS_b77a5c561934e089\System.Runtime.Remoting.resources.dll

  600: File          C:\Windows\Microsoft.NET\assembly\GAC_MSIL\mscorlib.Resources\v4.0_4.0.0.0_zh-HANS_b77a5c561934e089\mscorlib.resources.dll

  6C0: File          C:\Windows\Microsoft.NET\assembly\GAC_MSIL\AlienLabs.MasterIOBoard.Communication\v4.0_4.7.10.0__bebb3c8816410241\AlienLabs.MasterIOBoard.Communication.dll

  6C8: File          C:\Program Files\Alienware\Command Center\VideoCardHelperLibrary.dll

  6CC: File          C:\Windows\Microsoft.NET\assembly\GAC_MSIL\AlienLabs.MasterIOBoard.Communication.PID0x530\v4.0_4.7.10.0__bebb3c8816410241\AlienLabs.MasterIOBoard.Communication.PID0x530.dll

  6D8: File          C:\Windows\Microsoft.NET\assembly\GAC_MSIL\AlienLabs.Keypad.Domain\v4.0_4.7.10.0__bebb3c8816410241\AlienLabs.Keypad.Domain.dll

  6DC: File          C:\Windows\Microsoft.NET\assembly\GAC_MSIL\AlienLabs.MasterIOBoard.Communication.Core\v4.0_4.7.10.0__bebb3c8816410241\AlienLabs.MasterIOBoard.Communication.Core.dll

  730: File          C:\Windows\Microsoft.NET\assembly\GAC_64\System.Web\v4.0_4.0.0.0__b03f5f7f11d50a3a\System.Web.dll

  774: File          C:\Program Files\WindowsApps\Microsoft.LanguageExperiencePackzh-CN_18362.24.72.0_neutral__8wekyb3d8bbwe\Windows\System32\zh-CN\winnlsres.dll.mui

  788: File          C:\Windows\Microsoft.NET\assembly\GAC_MSIL\Alienlabs.CommandCenter.Tools\v4.0_4.7.10.0__bebb3c8816410241\Alienlabs.CommandCenter.Tools.dll

------------------------------------------------------------------------------

NVIDIA Share.exe pid: 16196 AW-ROY\yanchanglong

   48: File          C:\Windows\System32

   74: File          C:\Windows\WinSxS\amd64_microsoft.windows.gdiplus_6595b64144ccf1df_1.1.18362.778_none_17b1aa466d9fc986

   80: File          C:\Windows\WinSxS\amd64_microsoft.windows.common-controls_6595b64144ccf1df_6.0.18362.778_none_e6c6b761130d4fb8

  2D8: File          C:\Users\yanchanglong\AppData\Local\NVIDIA Corporation\NVIDIA Share\debug.log

  2DC: File          C:\Program Files\NVIDIA Corporation\NVIDIA GeForce Experience\icudtl.dat

  2E4: File          C:\Program Files\NVIDIA Corporation\NVIDIA GeForce Experience\v8_context_snapshot.bin

  2EC: File          C:\Program Files\NVIDIA Corporation\NVIDIA GeForce Experience\natives_blob.bin

  2F4: File          C:\Program Files\NVIDIA Corporation\NVIDIA GeForce Experience\locales\en-US.pak

  2FC: File          C:\Program Files\NVIDIA Corporation\NVIDIA GeForce Experience\cef.pak

  304: File          C:\Program Files\NVIDIA Corporation\NVIDIA GeForce Experience\cef_100_percent.pak

  30C: File          C:\Program Files\NVIDIA Corporation\NVIDIA GeForce Experience\cef_200_percent.pak

  314: File          C:\Program Files\NVIDIA Corporation\NVIDIA GeForce Experience\cef_extensions.pak

  378: File          C:\Windows\Fonts\seguiemj.ttf

  4B4: File          C:\Windows\Fonts\segoeuib.ttf

  4C8: File          C:\Windows\Fonts\segoeui.ttf

  4D8: File          C:\Windows\Fonts\cambria.ttc

  4E4: File          C:\Windows\Fonts\segoeuiz.ttf

  4FC: File          C:\Windows\Fonts\seguiemj.ttf

  504: File          C:\Windows\Fonts\segoeuil.ttf

  508: File          C:\Windows\Fonts\segoeuii.ttf

  514: File          C:\Windows\Fonts\segoeui.ttf

  518: File          C:\Windows\Fonts\segoeuisl.ttf

  51C: File          C:\Windows\Fonts\seguibl.ttf

  520: File          C:\Windows\Fonts\seguibli.ttf

  524: File          C:\Windows\Fonts\seguili.ttf

  528: File          C:\Windows\Fonts\seguisb.ttf

  52C: File          C:\Windows\Fonts\seguisbi.ttf

  530: File          C:\Windows\Fonts\seguisli.ttf

  534: File          C:\Windows\Fonts\segoeui.ttf

  53C: File          C:\Program Files\Dell\SupportAssistAgent\bin\App\Content\css\theme\fonts\Roboto-Regular.ttf

  540: File          C:\Windows\Fonts\cambria.ttc

  548: File          C:\Windows\Fonts\arial.ttf

  550: File          C:\Program Files\Dell\SupportAssistAgent\bin\App\Content\css\theme\fonts\Roboto-Regular.ttf

  554: File          C:\Program Files\Dell\SupportAssistAgent\bin\App\Content\fonts\Roboto-Black.ttf

  558: File          C:\Program Files\Dell\SupportAssistAgent\bin\App\Content\fonts\Roboto-Bold.ttf

  55C: File          C:\Program Files\Dell\SupportAssistAgent\bin\App\Content\fonts\Roboto-Light.ttf

  560: File          C:\Program Files\Dell\SupportAssistAgent\bin\App\Content\fonts\Roboto-Medium.ttf

  564: File          C:\Program Files\Dell\SupportAssistAgent\bin\App\Content\fonts\Roboto-Regular.ttf

  568: File          C:\Program Files\Dell\SupportAssistAgent\bin\App\Content\fonts\Roboto-Thin.ttf

  57C: File          C:\Windows\Fonts\arialbd.ttf

  580: File          C:\Windows\Fonts\simsun.ttc

  588: File          C:\Windows\Fonts\times.ttf

  590: File          C:\Windows\Fonts\ariali.ttf

  598: File          C:\Windows\Fonts\simsun.ttc

  5A8: File          C:\Windows\Fonts\arialbi.ttf

  5AC: File          C:\Windows\Fonts\times.ttf

  5B4: File          C:\Windows\Fonts\ARIALN.TTF

  5B8: File          C:\Windows\Fonts\ARIALNB.TTF

  5BC: File          C:\Windows\Fonts\ARIALNBI.TTF

  5C0: File          C:\Windows\Fonts\ARIALNI.TTF

  5C4: File          C:\Windows\Fonts\ariblk.ttf

  5C8: File          C:\Windows\Fonts\arial.ttf

  5D0: File          C:\Windows\Fonts\arial.ttf

  5D8: File          C:\Windows\Fonts\timesbd.ttf

  5DC: File          C:\Windows\Fonts\timesbi.ttf

  5E0: File          C:\Windows\Fonts\timesi.ttf

  5E4: File          C:\Windows\Fonts\times.ttf

  5EC: File          C:\Windows\Fonts\simsun.ttc

------------------------------------------------------------------------------

LogiOptions.exe pid: 1076 \<unable to open process>

------------------------------------------------------------------------------

LogiOptionsMgr.exe pid: 5960 AW-ROY\yanchanglong

   40: File          C:\ProgramData\LogiShrd\LogiOptions\Software\Current

   70: File          C:\Windows\WinSxS\amd64_microsoft.windows.gdiplus_6595b64144ccf1df_1.1.18362.778_none_17b1aa466d9fc986

  274: Section       \Sessions\1\BaseNamedObjects\CLogiInstanceCheck_MMF_logioptionsmgr

  28C: Section       \Windows\Theme202636592

  290: Section       \Sessions\1\Windows\Theme4163941769

  2A0: File          C:\Windows\Fonts\StaticCache.dat

  34C: Section       \Sessions\1\BaseNamedObjects\windows_shell_global_counters

  36C: File          C:\ProgramData\LogiShrd

  374: File          C:\Program Files\WindowsApps\Microsoft.LanguageExperiencePackzh-CN_18362.24.72.0_neutral__8wekyb3d8bbwe\Windows\System32\zh-CN\KernelBase.dll.mui

  3A0: File          C:\Program Files\WindowsApps\Microsoft.LanguageExperiencePackzh-CN_18362.24.72.0_neutral__8wekyb3d8bbwe\Windows\System32\zh-CN\kernel32.dll.mui

  3E4: File          C:\Program Files\WindowsApps\Microsoft.LanguageExperiencePackzh-CN_18362.24.72.0_neutral__8wekyb3d8bbwe\Windows\System32\zh-CN\mswsock.dll.mui

  434: Section       \BaseNamedObjects\__ComCatalogCache__

  448: Section       \BaseNamedObjects\__ComCatalogCache__

  44C: File          C:\Windows\Registration\R00000000000d.clb

  464: Section       \Sessions\1\BaseNamedObjects\C:*ProgramData*Microsoft*Windows*Caches*cversions.2.ro

  468: Section       \Sessions\1\BaseNamedObjects\C:*ProgramData*Microsoft*Windows*Caches*{6AF0698E-D558-4F6E-9B3C-3716689AF493}.2.ver0x0000000000000001.db

  46C: Section       \Sessions\1\BaseNamedObjects\C:*ProgramData*Microsoft*Windows*Caches*cversions.2.ro

  470: Section       \Sessions\1\BaseNamedObjects\C:*ProgramData*Microsoft*Windows*Caches*{DDF571F2-BE98-426D-8288-1A9A39C3FDA2}.2.ver0x0000000000000001.db

  474: File          C:\Program Files\WindowsApps\Microsoft.LanguageExperiencePackzh-CN_18362.24.72.0_neutral__8wekyb3d8bbwe\Windows\System32\zh-CN\propsys.dll.mui

  490: Section       \BaseNamedObjects\windows_shell_global_counters

  5A0: Section       \Sessions\1\BaseNamedObjects\UrlZonesSM_yanchanglong

  780: File          C:\Windows\WinSxS\amd64_microsoft.windows.common-controls_6595b64144ccf1df_6.0.18362.778_none_e6c6b761130d4fb8

  810: File          C:\Windows\apppatch\DirectXApps.sdb

  824: Section       \Sessions\1\BaseNamedObjects\C:*ProgramData*Microsoft*Windows*Caches*cversions.2.ro

  854: File          C:\Users\yanchanglong\AppData\Roaming\Logishrd\LogiOptions\PackageHistory.log

------------------------------------------------------------------------------

LogiOverlay.exe pid: 15808 AW-ROY\yanchanglong

   44: File          C:\ProgramData\LogiShrd\LogiOptions\Software\Current

  188: Section       \...\Cor_SxSPublic_IPCBlock

  18C: Section       \BaseNamedObjects\Cor_Private_IPCBlock_v4_15808

  23C: File          C:\ProgramData\LogiShrd\LogiOptions\Software\Current\LogiUIUtilities.dll

  2BC: File          C:\Windows\assembly\pubpol197.dat

  37C: Section       \Sessions\1\BaseNamedObjects\windows_shell_global_counters

  3B8: Section       \Windows\Theme202636592

  3BC: Section       \Sessions\1\Windows\Theme4163941769

  48C: Section       \Sessions\1\BaseNamedObjects\3dc0HWNDInterface:10486

  490: Section       \Sessions\1\BaseNamedObjects\3dc0HWNDInterface:10486

  49C: File          C:\Windows\Microsoft.NET\assembly\GAC_MSIL\mscorlib.Resources\v4.0_4.0.0.0_zh-HANS_b77a5c561934e089\mscorlib.resources.dll

  4E0: File          C:\Windows\Fonts\StaticCache.dat

  51C: Section       \Sessions\1\BaseNamedObjects\3dc0HWNDInterface:10484

  520: Section       \Sessions\1\BaseNamedObjects\3dc0HWNDInterface:10484

  524: Section       \Sessions\1\BaseNamedObjects\3dc0HWNDInterface:20480

  544: Section       \Sessions\1\BaseNamedObjects\3dc0HWNDInterface:20480

  558: File          C:\Program Files\WindowsApps\Microsoft.LanguageExperiencePackzh-CN_18362.24.72.0_neutral__8wekyb3d8bbwe\Windows\System32\zh-CN\KernelBase.dll.mui

  5D0: File          C:\ProgramData\LogiShrd\LogiOptions\Software\Current\LogiOverlayBL.dll

  634: File          C:\Windows\apppatch\DirectXApps.sdb

  6A4: Section       \BaseNamedObjects\__ComCatalogCache__

  6B8: Section       \BaseNamedObjects\__ComCatalogCache__

  6BC: File          C:\Windows\Registration\R00000000000d.clb

  70C: Section       \Sessions\1\BaseNamedObjects\3dc0HWNDInterface:1045a

  710: Section       \Sessions\1\BaseNamedObjects\3dc0HWNDInterface:1045a

  730: Section       \Sessions\1\BaseNamedObjects\3dc0HWNDInterface:1047c

  740: Section       \Sessions\1\BaseNamedObjects\3dc0HWNDInterface:1047c

  848: File          C:\ProgramData\LogiShrd\LogiOptions\Software\Current\Newtonsoft.Json.dll

  8B0: File          C:\Windows\Microsoft.NET\assembly\GAC_MSIL\System.Numerics\v4.0_4.0.0.0__b77a5c561934e089\System.Numerics.dll

  8C0: File          C:\Windows\Microsoft.NET\assembly\GAC_MSIL\System.Numerics\v4.0_4.0.0.0__b77a5c561934e089\System.Numerics.dll

 25C8: File          C:\Program Files\WindowsApps\Microsoft.LanguageExperiencePackzh-CN_18362.24.72.0_neutral__8wekyb3d8bbwe\Windows\System32\zh-CN\msctfui.dll.mui

 25CC: File          C:\Windows\Microsoft.NET\assembly\GAC_MSIL\UIAutomationProvider\v4.0_4.0.0.0__31bf3856ad364e35\UIAutomationProvider.dll

 2608: File          C:\Windows\WinSxS\amd64_microsoft.windows.common-controls_6595b64144ccf1df_6.0.18362.778_none_e6c6b761130d4fb8

 262C: File          C:\Windows\System32

 2678: File          C:\Program Files\WindowsApps\Microsoft.LanguageExperiencePackzh-CN_18362.24.72.0_neutral__8wekyb3d8bbwe\Windows\System32\zh-CN\dui70.dll.mui

 3BF0: File          C:\Program Files\WindowsApps\Microsoft.LanguageExperiencePackzh-CN_18362.24.72.0_neutral__8wekyb3d8bbwe\Windows\System32\zh-CN\winnlsres.dll.mui

------------------------------------------------------------------------------

AlienwareTactXMacroController.exe pid: 12716 \<unable to open process>

------------------------------------------------------------------------------

OneDrive.exe pid: 2960 AW-ROY\yanchanglong

   40: File          C:\Windows

   84: File          C:\Windows\SysWOW64

   B4: File          C:\Users\YANCHA~1\AppData\Local\Temp\aria-debug-2960.log

   C8: File          C:\Users\YANCHA~1\AppData\Local\Temp\aria-debug-2960.log

  220: Section       \Sessions\1\BaseNamedObjects\windows_shell_global_counters

  27C: File          C:\Windows\WinSxS\x86_microsoft.windows.common-controls_6595b64144ccf1df_6.0.18362.778_none_2e73ee38278978be

  2B8: File          C:\Windows\WinSxS\x86_microsoft.windows.gdiplus_6595b64144ccf1df_1.1.18362.778_none_5f5ee11d821bf28c

  3CC: Section       \Windows\Theme202636592

  3F4: Section       \Sessions\1\Windows\Theme4163941769

  424: File          C:\Users\yanchanglong\AppData\Local\Microsoft\OneDrive\logs\Personal\TraceCurrent.1124.0012.etl

  42C: File          C:\Users\yanchanglong\AppData\Local\Microsoft\OneDrive\19.232.1124.0012\zh-CN\FileSync.LocalizedResources.dll.mui

  448: Section       \BaseNamedObjects\__ComCatalogCache__

  458: Section       \BaseNamedObjects\__ComCatalogCache__

  45C: File          C:\Windows\Registration\R00000000000d.clb

  470: File          C:\Windows\System32\LogFiles\CloudFiles\CldFlt0.etl

  48C: File          C:\Windows\System32\LogFiles\CloudFiles\CldFlt0.etl

  498: File          C:\Users\yanchanglong\AppData\Local\Microsoft\OneDrive\setup\logs\Downloader_2020-05-05_014222_2960-16340.log

  4A4: File          C:\Program Files\WindowsApps\Microsoft.LanguageExperiencePackzh-CN_18362.24.72.0_neutral__8wekyb3d8bbwe\Windows\System32\zh-CN\KernelBase.dll.mui

  4B4: File          C:\Users\yanchanglong\AppData\Local\Microsoft\OneDrive\logs\Personal\telemetryCache.otc

  4F8: File          \FileSystem\Filters\FltMgrMsg

  5D8: File          C:\Users\yanchanglong\AppData\Local\Microsoft\OneDrive\19.232.1124.0012\zh-CN\FileSync.LocalizedResources.dll.mui

  5E0: File          C:\Windows\System32\LogFiles\CloudFiles\CldFlt0.etl

  5F0: File          C:\Windows\System32\LogFiles\CloudFiles\CldFlt0.etl

  608: File          C:\Windows\System32\LogFiles\CloudFiles\CldFlt0.etl

  628: File          C:\Windows\System32\LogFiles\CloudFiles\CldFlt0.etl

  62C: File          C:\Windows\System32\LogFiles\CloudFiles\CldFlt0.etl

  634: File          C:\Windows\System32\LogFiles\CloudFiles\CldFlt0.etl

  648: Section       \BaseNamedObjects\windows_shell_global_counters

  654: File          C:\Windows\System32\LogFiles\CloudFiles\CldFlt0.etl

  6A8: File          C:\Windows\System32\LogFiles\CloudFiles\CldFlt0.etl

  6C0: File          C:\Windows\System32\LogFiles\CloudFiles\CldFlt0.etl

  6E0: Section       \Sessions\1\BaseNamedObjects\C:*ProgramData*Microsoft*Windows*Caches*{6AF0698E-D558-4F6E-9B3C-3716689AF493}.2.ver0x0000000000000001.db

  6E4: Section       \Sessions\1\BaseNamedObjects\C:*ProgramData*Microsoft*Windows*Caches*cversions.2.ro

  6EC: Section       \Sessions\1\BaseNamedObjects\C:*ProgramData*Microsoft*Windows*Caches*cversions.2.ro

  6F0: Section       \Sessions\1\BaseNamedObjects\C:*ProgramData*Microsoft*Windows*Caches*{DDF571F2-BE98-426D-8288-1A9A39C3FDA2}.2.ver0x0000000000000001.db

  704: File          C:\Windows\System32\LogFiles\CloudFiles\CldFlt0.etl

  70C: File          C:\Windows\System32\LogFiles\CloudFiles\CldFlt0.etl

  720: File          \FileSystem\Filters\FltMgrMsg

  728: Section       \BaseNamedObjects\RotHintTable

  734: File          C:\Windows\System32\LogFiles\CloudFiles\CldFlt0.etl

  754: File          C:\Windows\System32\LogFiles\CloudFiles\CldFlt0.etl

  764: File          C:\Windows\System32\LogFiles\CloudFiles\CldFlt0.etl

  774: File          C:\Windows\System32\LogFiles\CloudFiles\CldFlt0.etl

  798: File          C:\Windows\System32\LogFiles\CloudFiles\CldFlt0.etl

  7B4: File          C:\Windows\System32\LogFiles\CloudFiles\CldFlt0.etl

  7C4: File          C:\Windows\System32\LogFiles\CloudFiles\CldFlt0.etl

  7C8: File          C:\Windows\System32\LogFiles\CloudFiles\CldFlt0.etl

  7D0: File          C:\Windows\System32\LogFiles\CloudFiles\CldFlt0.etl

  7EC: File          C:\Windows\System32\LogFiles\CloudFiles\CldFlt0.etl

  820: File          C:\Program Files\WindowsApps\Microsoft.LanguageExperiencePackzh-CN_18362.24.72.0_neutral__8wekyb3d8bbwe\Windows\System32\zh-CN\winnlsres.dll.mui

  828: File          C:\Users\yanchanglong\AppData\Local\Microsoft\OneDrive\settings\Personal\downloads3.txt

  82C: File          C:\Windows\System32\LogFiles\CloudFiles\CldFlt0.etl

  838: File          C:\Program Files\WindowsApps\Microsoft.LanguageExperiencePackzh-CN_18362.24.72.0_neutral__8wekyb3d8bbwe\Windows\System32\zh-CN\MFC42.dll.mui

  84C: File          C:\Program Files\WindowsApps\Microsoft.LanguageExperiencePackzh-CN_18362.24.72.0_neutral__8wekyb3d8bbwe\Windows\System32\zh-CN\propsys.dll.mui

  860: File          C:\Windows\System32\LogFiles\CloudFiles\CldFlt0.etl

  868: File          C:\Windows\System32\LogFiles\CloudFiles\CldFlt0.etl

  86C: File          C:\Windows\System32\LogFiles\CloudFiles\CldFlt0.etl

  870: File          C:\Windows\System32\LogFiles\CloudFiles\CldFlt0.etl

  878: File          C:\Program Files\WindowsApps\Microsoft.LanguageExperiencePackzh-CN_18362.24.72.0_neutral__8wekyb3d8bbwe\Windows\System32\zh-CN\windows.storage.dll.mui

  884: File          C:\Program Files\WindowsApps\Microsoft.LanguageExperiencePackzh-CN_18362.24.72.0_neutral__8wekyb3d8bbwe\Windows\System32\zh-CN\mswsock.dll.mui

  898: File          C:\Windows\WinSxS\x86_microsoft.windows.common-controls_6595b64144ccf1df_6.0.18362.778_none_2e73ee38278978be

  8AC: File          C:\Windows\System32\LogFiles\CloudFiles\CldFlt0.etl

  8C4: File          C:\Windows\System32\LogFiles\CloudFiles\CldFlt0.etl

  8CC: Section       \Sessions\1\BaseNamedObjects\windows_webcache_counters_{9B6AB5B3-91BC-4097-835C-EA2DEC95E9CC}_S-1-5-21-894610241-3031673652-807083418-1001

  940: Section       \BaseNamedObjects\F932B6C7-3A20-46A0-B8A0-8894AA421973

  9A4: File          C:\Windows\System32\LogFiles\CloudFiles\CldFlt0.etl

  9CC: Section       \Sessions\1\BaseNamedObjects\UrlZonesSM_yanchanglong

  9D4: File          C:\Windows\System32\LogFiles\CloudFiles\CldFlt0.etl

  9D8: File          C:\Windows\System32\LogFiles\CloudFiles\CldFlt0.etl

  9E0: File          C:\Windows\System32\LogFiles\CloudFiles\CldFlt0.etl

  9E4: File          C:\Windows\System32\LogFiles\CloudFiles\CldFlt0.etl

  A10: File          C:\Windows\System32\LogFiles\CloudFiles\CldFlt0.etl

  A80: File          C:\Windows\System32\LogFiles\CloudFiles\CldFlt0.etl

  A9C: File          C:\Windows\System32\LogFiles\CloudFiles\CldFlt0.etl

  AD4: File          C:\Windows\System32\LogFiles\CloudFiles\CldFlt0.etl

  AE8: File          C:\Program Files\WindowsApps\Microsoft.LanguageExperiencePackzh-CN_18362.24.72.0_neutral__8wekyb3d8bbwe\Windows\System32\zh-CN\crypt32.dll.mui

  B28: File          C:\Windows\System32\LogFiles\CloudFiles\CldFlt0.etl

  B78: Section       \Sessions\1\BaseNamedObjects\C:*ProgramData*Microsoft*Windows*Caches*cversions.2.ro

  BA8: File          C:\Windows\System32\LogFiles\CloudFiles\CldFlt0.etl

  BB8: File          C:\Users\yanchanglong\AppData\Local\Microsoft\OneDrive\settings\Personal\c5a87707b31c0268.dat

  C1C: File          C:\Users\yanchanglong\AppData\Local\Microsoft\OneDrive\19.232.1124.0012\SyncEngine.dll

  C28: File          C:\Windows\SysWOW64\stdole2.tlb

  C2C: File          C:\Users\YANCHA~1\AppData\Local\Temp\wctDFB1.tmp

  C34: File          C:\Windows\System32\LogFiles\CloudFiles\CldFlt0.etl

  C38: File          C:\Windows\System32\LogFiles\CloudFiles\CldFlt0.etl

  C3C: File          C:\Windows\System32\LogFiles\CloudFiles\CldFlt0.etl

  C5C: File          C:\Windows\System32\LogFiles\CloudFiles\CldFlt0.etl

  C90: File          C:\Windows\System32\LogFiles\CloudFiles\CldFlt0.etl

  C98: File          C:\Windows\System32\LogFiles\CloudFiles\CldFlt0.etl

  C9C: File          C:\Windows\System32\LogFiles\CloudFiles\CldFlt0.etl

  CA4: File          C:\Windows\System32\LogFiles\CloudFiles\CldFlt0.etl

  CAC: File          C:\Windows\System32\LogFiles\CloudFiles\CldFlt0.etl

  CB8: File          C:\Windows\System32\LogFiles\CloudFiles\CldFlt0.etl

  CBC: File          C:\Windows\System32\LogFiles\CloudFiles\CldFlt0.etl

  CC8: File          C:\Windows\System32\LogFiles\CloudFiles\CldFlt0.etl

  CFC: File          C:\Windows\System32\LogFiles\CloudFiles\CldFlt0.etl

  D48: File          C:\Windows\System32\LogFiles\CloudFiles\CldFlt0.etl

  D4C: File          C:\Windows\System32\LogFiles\CloudFiles\CldFlt0.etl

  D5C: File          C:\Users\YANCHA~1\AppData\Local\Temp\wct7FC7.tmp

  D68: File          C:\Windows\System32\LogFiles\CloudFiles\CldFlt0.etl

  D7C: File          C:\Users\yanchanglong\AppData\Local\Microsoft\Windows\INetCache\IE\13FF6FX6\OneDriveSetup[1].exe

  D80: File          C:\Windows\System32\LogFiles\CloudFiles\CldFlt0.etl

  D8C: File          C:\Users\YANCHA~1\AppData\Local\Temp\wct13BC.tmp

  D90: File          C:\Windows\System32\LogFiles\CloudFiles\CldFlt0.etl

  DAC: File          C:\Windows\System32\LogFiles\CloudFiles\CldFlt0.etl

  DC4: File          C:\Windows\System32\LogFiles\CloudFiles\CldFlt0.etl

  DD0: File          C:\Windows\System32\LogFiles\CloudFiles\CldFlt0.etl

  DD8: File          C:\Windows\System32\LogFiles\CloudFiles\CldFlt0.etl

  DE0: File          C:\Windows\System32\LogFiles\CloudFiles\CldFlt0.etl

  DE4: File          C:\Windows\System32\LogFiles\CloudFiles\CldFlt0.etl

  DE8: File          C:\Windows\System32\LogFiles\CloudFiles\CldFlt0.etl

  DFC: File          C:\Users\yanchanglong\OneDrive\.849C9593-D756-4E56-8D6E-42412F2A707B

  E00: File          C:\Windows\System32\LogFiles\CloudFiles\CldFlt0.etl

  E0C: File          C:\Windows\System32\LogFiles\CloudFiles\CldFlt0.etl

  E10: File          C:\Windows\System32\LogFiles\CloudFiles\CldFlt0.etl

  E14: File          C:\Windows\System32\LogFiles\CloudFiles\CldFlt0.etl

  E1C: File          C:\Windows\System32\LogFiles\CloudFiles\CldFlt0.etl

  E20: File          C:\Windows\System32\LogFiles\CloudFiles\CldFlt0.etl

  E24: File          C:\Windows\System32\LogFiles\CloudFiles\CldFlt0.etl

  E28: File          C:\Windows\System32\LogFiles\CloudFiles\CldFlt0.etl

  E2C: File          C:\Users\YANCHA~1\AppData\Local\Temp\wctB6F2.tmp

  E38: File          C:\Windows\System32\LogFiles\CloudFiles\CldFlt0.etl

  E44: File          C:\Windows\System32\LogFiles\CloudFiles\CldFlt0.etl

  E50: File          C:\Windows\System32\LogFiles\CloudFiles\CldFlt0.etl

  E58: File          C:\Windows\System32\LogFiles\CloudFiles\CldFlt0.etl

  E68: File          C:\Users\yanchanglong\AppData\Local\Microsoft\Windows\INetCache\IE\13FF6FX6\PreSignInSettingsConfig[1].json

  E70: File          C:\Windows\System32\LogFiles\CloudFiles\CldFlt0.etl

  E7C: File          C:\Windows\System32\LogFiles\CloudFiles\CldFlt0.etl

  E98: File          C:\Windows\System32\LogFiles\CloudFiles\CldFlt0.etl

  EA0: File          C:\Users\yanchanglong\OneDrive

  EA8: File          C:\Windows\System32\LogFiles\CloudFiles\CldFlt0.etl

  EAC: File          C:\Windows\System32\LogFiles\CloudFiles\CldFlt0.etl

  EBC: File          C:\Windows\System32\LogFiles\CloudFiles\CldFlt0.etl

  EC0: File          C:\Windows\SystemResources\shell32.dll.mun

  EC8: File          C:\Windows\System32\LogFiles\CloudFiles\CldFlt0.etl

  ED8: File          C:\Windows\System32\LogFiles\CloudFiles\CldFlt0.etl

  EE4: File          C:\Windows\System32\LogFiles\CloudFiles\CldFlt0.etl

  EE8: File          C:\Windows\System32\LogFiles\CloudFiles\CldFlt0.etl

  EEC: File          C:\Users\yanchanglong\OneDrive

  EF0: File          C:\Windows\System32\LogFiles\CloudFiles\CldFlt0.etl

  EF4: File          C:\Users\YANCHA~1\AppData\Local\Temp\wctC5ED.tmp

  EF8: File          C:\Windows\System32\LogFiles\CloudFiles\CldFlt0.etl

  F00: File          C:\Windows\System32\LogFiles\CloudFiles\CldFlt0.etl

  F08: File          C:\Windows\System32\LogFiles\CloudFiles\CldFlt0.etl

  F0C: File          C:\Windows\System32\LogFiles\CloudFiles\CldFlt0.etl

  F14: File          C:\Users\yanchanglong\AppData\Local\Microsoft\OneDrive\logs\Personal\SyncEngine-2020-05-10.0602.2960.41.aodl

  F20: File          C:\Windows\System32\LogFiles\CloudFiles\CldFlt0.etl

  F24: File          C:\Windows\System32\LogFiles\CloudFiles\CldFlt0.etl

  F28: File          C:\Windows\System32\LogFiles\CloudFiles\CldFlt0.etl

  F48: File          C:\Windows\System32\LogFiles\CloudFiles\CldFlt0.etl

  F4C: File          C:\Windows\System32\LogFiles\CloudFiles\CldFlt0.etl

  F58: File          C:\Windows\System32\LogFiles\CloudFiles\CldFlt0.etl

  F5C: File          C:\Program Files\WindowsApps\Microsoft.LanguageExperiencePackzh-CN_18362.24.72.0_neutral__8wekyb3d8bbwe\Windows\System32\zh-CN\shell32.dll.mui

  F68: File          C:\Windows\System32\LogFiles\CloudFiles\CldFlt0.etl

  F70: File          C:\Windows\System32\LogFiles\CloudFiles\CldFlt0.etl

  F84: File          C:\Windows\System32\LogFiles\CloudFiles\CldFlt0.etl

  F8C: File          C:\Windows\System32\LogFiles\CloudFiles\CldFlt0.etl

  FA8: File          C:\Windows\System32\LogFiles\CloudFiles\CldFlt0.etl

  FB4: File          C:\Windows\System32\LogFiles\CloudFiles\CldFlt0.etl

  FB8: File          C:\Windows\WinSxS\x86_microsoft.windows.common-controls_6595b64144ccf1df_6.0.18362.778_none_2e73ee38278978be

  FC0: File          C:\Users\YANCHA~1\AppData\Local\Temp\wct7D32.tmp

  FC4: File          C:\Windows\System32\LogFiles\CloudFiles\CldFlt0.etl

  FCC: File          C:\Windows\System32\LogFiles\CloudFiles\CldFlt0.etl

  FF0: File          C:\Windows\System32\LogFiles\CloudFiles\CldFlt0.etl

------------------------------------------------------------------------------

Snipaste.exe pid: 17200 AW-ROY\yanchanglong

   40: File          C:\Windows\System32

   BC: File          C:\Windows\WinSxS\amd64_microsoft.windows.common-controls_6595b64144ccf1df_5.82.18362.778_none_2a29d4a64667eb69

  28C: File          C:\Program Files\WindowsApps\Microsoft.LanguageExperiencePackzh-CN_18362.24.72.0_neutral__8wekyb3d8bbwe\Windows\System32\zh-CN\KernelBase.dll.mui

  290: Section       \Sessions\1\BaseNamedObjects\windows_shell_global_counters

  2AC: Section       \Windows\Theme202636592

  2C0: Section       \Sessions\1\Windows\Theme4163941769

  2D0: Section       \Sessions\1\BaseNamedObjects\qipc_sharedmemory_hSOznOtgHiBABDTsCCUsYllINIFibDRfY5c339224fd5114bb918b8fa412f32b4fa158f90b

  314: Section       \BaseNamedObjects\__ComCatalogCache__

  398: Section       \BaseNamedObjects\__ComCatalogCache__

  39C: File          C:\Windows\Registration\R00000000000d.clb

  3B8: Section       \Sessions\1\BaseNamedObjects\4330HWNDInterface:1e10b2

  434: Section       \BaseNamedObjects\windows_shell_global_counters

  490: Section       \Sessions\1\BaseNamedObjects\C:*ProgramData*Microsoft*Windows*Caches*cversions.2.ro

  4E4: Section       \Sessions\1\BaseNamedObjects\C:*ProgramData*Microsoft*Windows*Caches*{6AF0698E-D558-4F6E-9B3C-3716689AF493}.2.ver0x0000000000000001.db

  4E8: File          C:\Users\yanchanglong\AppData\Local\Packages\45479liulios.17062D84F7C46_p7pnf6hceqser\LocalState\splog.txt

  518: Section       \Sessions\1\BaseNamedObjects\C:*ProgramData*Microsoft*Windows*Caches*cversions.2.ro

  524: Section       \Sessions\1\BaseNamedObjects\C:*ProgramData*Microsoft*Windows*Caches*{DDF571F2-BE98-426D-8288-1A9A39C3FDA2}.2.ver0x0000000000000001.db

  578: File          C:\Windows\apppatch\DirectXApps.sdb

  58C: Section       \Sessions\1\BaseNamedObjects\4330HWNDInterface:202c2

  598: Section       \Sessions\1\BaseNamedObjects\4330HWNDInterface:202c2

  5D8: Section       \Sessions\1\BaseNamedObjects\4330HWNDInterface:1e10b2

  654: Section       \Sessions\1\BaseNamedObjects\RTSSSharedMemoryV2

  658: Section       \Sessions\1\BaseNamedObjects\4330HWNDInterface:551260

  698: File          C:\Program Files\WindowsApps\Microsoft.LanguageExperiencePackzh-CN_18362.24.72.0_neutral__8wekyb3d8bbwe\Windows\System32\zh-CN\user32.dll.mui

  6AC: Section       \Sessions\1\BaseNamedObjects\4330HWNDInterface:551260

------------------------------------------------------------------------------

AlienwareAlienFXController.exe pid: 17268 AW-ROY\yanchanglong

   40: File          C:\Windows

   84: File          C:\Windows\SysWOW64

  1BC: Section       \...\Cor_SxSPublic_IPCBlock

  1F4: Section       \BaseNamedObjects\Cor_Private_IPCBlock_v4_17268

  310: File          C:\Windows\assembly\pubpol197.dat

  314: File          C:\Windows\Microsoft.NET\assembly\GAC_MSIL\AlienLabsTools\v4.0_4.7.10.0__bebb3c8816410241\AlienLabsTools.dll

  320: File          C:\Windows\Microsoft.NET\assembly\GAC_MSIL\AlienwareAlienFXTools\v4.0_4.7.10.0__bebb3c8816410241\AlienwareAlienFXTools.dll

  34C: File          C:\Windows\Microsoft.NET\assembly\GAC_MSIL\Alienlabs.CommandCenter.Tools\v4.0_4.7.10.0__bebb3c8816410241\Alienlabs.CommandCenter.Tools.dll

  354: File          C:\Windows\Microsoft.NET\assembly\GAC_MSIL\System.Windows.Forms\v4.0_4.0.0.0__b77a5c561934e089\System.Windows.Forms.dll

  364: File          C:\Windows\Microsoft.NET\assembly\GAC_MSIL\System.Runtime.Remoting\v4.0_4.0.0.0__b77a5c561934e089\System.Runtime.Remoting.dll

  36C: File          C:\Windows\Microsoft.NET\assembly\GAC_MSIL\System.Windows.Forms\v4.0_4.0.0.0__b77a5c561934e089\System.Windows.Forms.dll

  370: File          C:\Windows\Microsoft.NET\assembly\GAC_MSIL\System.Drawing\v4.0_4.0.0.0__b03f5f7f11d50a3a\System.Drawing.dll

  3DC: Section       \Sessions\1\BaseNamedObjects\windows_shell_global_counters

  3FC: File          C:\Windows\Microsoft.NET\assembly\GAC_MSIL\System.Management\v4.0_4.0.0.0__b03f5f7f11d50a3a\System.Management.dll

  438: Section       \BaseNamedObjects\__ComCatalogCache__

  444: File          C:\Windows\Registration\R00000000000d.clb

  454: Section       \BaseNamedObjects\__ComCatalogCache__

  49C: File          C:\Program Files\WindowsApps\Microsoft.LanguageExperiencePackzh-CN_18362.24.72.0_neutral__8wekyb3d8bbwe\Windows\System32\zh-CN\MFC42.dll.mui

  4B4: File          C:\Windows\Microsoft.NET\assembly\GAC_MSIL\AlienFX.Communication.PID0x530\v4.0_4.7.10.0__bebb3c8816410241\AlienFX.Communication.PID0x530.dll

  54C: Section       \BaseNamedObjects\windows_shell_global_counters

  554: Section       \Sessions\1\BaseNamedObjects\C:*ProgramData*Microsoft*Windows*Caches*cversions.2.ro

  558: Section       \Sessions\1\BaseNamedObjects\C:*ProgramData*Microsoft*Windows*Caches*{6AF0698E-D558-4F6E-9B3C-3716689AF493}.2.ver0x0000000000000001.db

  55C: Section       \Sessions\1\BaseNamedObjects\C:*ProgramData*Microsoft*Windows*Caches*cversions.2.ro

  560: Section       \Sessions\1\BaseNamedObjects\C:*ProgramData*Microsoft*Windows*Caches*{DDF571F2-BE98-426D-8288-1A9A39C3FDA2}.2.ver0x0000000000000001.db

  564: File          C:\Program Files\WindowsApps\Microsoft.LanguageExperiencePackzh-CN_18362.24.72.0_neutral__8wekyb3d8bbwe\Windows\System32\zh-CN\propsys.dll.mui

  570: File          C:\Program Files\WindowsApps\Microsoft.LanguageExperiencePackzh-CN_18362.24.72.0_neutral__8wekyb3d8bbwe\Windows\System32\zh-CN\user32.dll.mui

  5B4: File          C:\Windows\Microsoft.NET\assembly\GAC_MSIL\AlienLabs.MasterIOBoard.Communication\v4.0_4.7.10.0__bebb3c8816410241\AlienLabs.MasterIOBoard.Communication.dll

  640: Section       \Sessions\1\BaseNamedObjects\UrlZonesSM_yanchanglong

  6AC: File          C:\Program Files\Alienware\Command Center\zh-hans\AlienwareAlienFXTools.resources.dll

  6B0: File          C:\Windows\WinSxS\x86_microsoft.windows.gdiplus_6595b64144ccf1df_1.1.18362.778_none_5f5ee11d821bf28c

  6D8: File          C:\Windows\WinSxS\x86_microsoft.windows.common-controls_6595b64144ccf1df_5.82.18362.778_none_71d70b7d5ae4146f

  6DC: File          C:\Program Files\Alienware\Command Center\zh-hans\AlienwareAlienFXController.resources.dll

  6E4: Section       \Windows\Theme202636592

  6E8: Section       \Sessions\1\Windows\Theme4163941769

  6EC: File          C:\Windows\Microsoft.NET\assembly\GAC_MSIL\Accessibility\v4.0_4.0.0.0__b03f5f7f11d50a3a\Accessibility.dll

  6F8: File          C:\Program Files\Alienware\Command Center\KeystrokesDetector.dll

  71C: File          C:\Windows\Microsoft.NET\assembly\GAC_MSIL\AlienFX.DeviceDiscovery\v4.0_4.7.10.0__bebb3c8816410241\AlienFX.DeviceDiscovery.dll

  720: File          C:\Windows\Microsoft.NET\assembly\GAC_MSIL\AlienLabs.MasterIOBoard.Communication.Core\v4.0_4.7.10.0__bebb3c8816410241\AlienLabs.MasterIOBoard.Communication.Core.dll

  734: File          C:\Windows\Microsoft.NET\assembly\GAC_MSIL\AlienFX.Communication\v4.0_4.7.10.0__bebb3c8816410241\AlienFX.Communication.dll

  73C: File          C:\Windows\Microsoft.NET\assembly\GAC_MSIL\AlienFX.Communication.Core\v4.0_4.7.10.0__bebb3c8816410241\AlienFX.Communication.Core.dll

  7D4: File          C:\Windows\Microsoft.NET\assembly\GAC_MSIL\mscorlib.Resources\v4.0_4.0.0.0_zh-HANS_b77a5c561934e089\mscorlib.resources.dll

  7DC: File          C:\Program Files\WindowsApps\Microsoft.LanguageExperiencePackzh-CN_18362.24.72.0_neutral__8wekyb3d8bbwe\Windows\System32\zh-CN\KernelBase.dll.mui

  7F4: File          C:\Windows\Microsoft.NET\assembly\GAC_MSIL\AlienLabs.MasterIOBoard.Communication.PID0x530\v4.0_4.7.10.0__bebb3c8816410241\AlienLabs.MasterIOBoard.Communication.PID0x530.dll

  8C8: File          C:\Windows\Microsoft.NET\assembly\GAC_MSIL\AlienFX.ModelResources.Domain\v4.0_4.7.10.0__bebb3c8816410241\AlienFX.ModelResources.Domain.dll

  8F4: File          C:\Windows\Microsoft.NET\assembly\GAC_MSIL\AlienFX.Communication.GraphicsAmplifier\v4.0_4.7.10.0__bebb3c8816410241\AlienFX.Communication.GraphicsAmplifier.dll

  924: File          C:\Windows\Microsoft.NET\assembly\GAC_MSIL\LightFX\v4.0_4.7.10.0__bebb3c8816410241\LightFX.dll

  964: File          C:\Windows\Microsoft.NET\assembly\GAC_MSIL\AlienFX.ModelResources.Alienware17R4\v4.0_4.7.10.0__bebb3c8816410241\AlienFX.ModelResources.Alienware17R4.dll

  978: File          C:\Windows\Fonts\StaticCache.dat

  9EC: File          C:\Windows\Microsoft.NET\assembly\GAC_MSIL\AlienLabs.CommandCenter.RemotingService.Domain\v4.0_4.7.10.0__bebb3c8816410241\AlienLabs.CommandCenter.RemotingService.Domain.dll

  A34: File          C:\Windows\Microsoft.NET\assembly\GAC_MSIL\System.Data.DataSetExtensions\v4.0_4.0.0.0__b77a5c561934e089\System.Data.DataSetExtensions.dll

  A38: File          C:\Windows\Microsoft.NET\assembly\GAC_32\System.Data\v4.0_4.0.0.0__b77a5c561934e089\System.Data.dll

  A40: File          C:\Windows\Microsoft.NET\assembly\GAC_MSIL\System.Numerics\v4.0_4.0.0.0__b77a5c561934e089\System.Numerics.dll

  AB0: File          C:\Program Files\WindowsApps\Microsoft.LanguageExperiencePackzh-CN_18362.24.72.0_neutral__8wekyb3d8bbwe\Windows\System32\zh-CN\crypt32.dll.mui

  DE8: File          C:\Program Files\WindowsApps\Microsoft.LanguageExperiencePackzh-CN_18362.24.72.0_neutral__8wekyb3d8bbwe\Windows\System32\zh-CN\winnlsres.dll.mui

------------------------------------------------------------------------------

AlienFusionController.exe pid: 17924 AW-ROY\yanchanglong

   40: File          C:\Windows

   84: File          C:\Windows\SysWOW64

  1DC: Section       \...\Cor_SxSPublic_IPCBlock

  1E0: Section       \BaseNamedObjects\Cor_Private_IPCBlock_v4_17924

  304: File          C:\Windows\assembly\pubpol197.dat

  308: File          C:\Windows\Microsoft.NET\assembly\GAC_MSIL\AlienLabsTools\v4.0_4.7.10.0__bebb3c8816410241\AlienLabsTools.dll

  314: File          C:\Windows\Microsoft.NET\assembly\GAC_MSIL\System.Windows.Forms\v4.0_4.0.0.0__b77a5c561934e089\System.Windows.Forms.dll

  340: File          C:\Windows\Microsoft.NET\assembly\GAC_MSIL\System.Windows.Forms\v4.0_4.0.0.0__b77a5c561934e089\System.Windows.Forms.dll

  34C: File          C:\Windows\Microsoft.NET\assembly\GAC_MSIL\System.Drawing\v4.0_4.0.0.0__b03f5f7f11d50a3a\System.Drawing.dll

  358: File          C:\Windows\Microsoft.NET\assembly\GAC_MSIL\AlienFusionDomain\v4.0_4.7.10.0__bebb3c8816410241\AlienFusionDomain.dll

  360: File          C:\Windows\WinSxS\x86_microsoft.windows.common-controls_6595b64144ccf1df_5.82.18362.778_none_71d70b7d5ae4146f

  3C4: Section       \Sessions\1\BaseNamedObjects\windows_shell_global_counters

  3CC: File          C:\Windows\Microsoft.NET\assembly\GAC_MSIL\Accessibility\v4.0_4.0.0.0__b03f5f7f11d50a3a\Accessibility.dll

  3F0: Section       \Sessions\1\Windows\Theme4163941769

  3F4: Section       \Windows\Theme202636592

  3FC: File          C:\Windows\WinSxS\x86_microsoft.windows.gdiplus_6595b64144ccf1df_1.1.18362.778_none_5f5ee11d821bf28c

  434: File          C:\Program Files\WindowsApps\Microsoft.LanguageExperiencePackzh-CN_18362.24.72.0_neutral__8wekyb3d8bbwe\Windows\System32\zh-CN\user32.dll.mui

  490: File          C:\Program Files\WindowsApps\Microsoft.LanguageExperiencePackzh-CN_18362.24.72.0_neutral__8wekyb3d8bbwe\Windows\System32\zh-CN\winnlsres.dll.mui

------------------------------------------------------------------------------

svchost.exe pid: 17492 AW-ROY\yanchanglong

   48: File          C:\Windows\System32

  130: File          C:\Program Files\WindowsApps\Microsoft.LanguageExperiencePackzh-CN_18362.24.72.0_neutral__8wekyb3d8bbwe\Windows\System32\zh-CN\svchost.exe.mui

  2A0: Section       \BaseNamedObjects\__ComCatalogCache__

  2B4: Section       \BaseNamedObjects\__ComCatalogCache__

  2B8: File          C:\Windows\Registration\R00000000000d.clb

  308: Section       \Sessions\1\BaseNamedObjects\windows_shell_global_counters

  334: File          C:\Windows\System32\zh-CN\ESENT.dll.mui

  360: File          C:\Users\yanchanglong\AppData\Local\Comms\UnistoreDB\USS.jtx

  368: File          C:\Users\yanchanglong\AppData\Local\Comms\UnistoreDB\store.vol

  36C: File          C:\Users\yanchanglong\AppData\Local\Comms\UnistoreDB\store.jfm

  3A4: File          C:\Users\yanchanglong\AppData\Local\Comms\UnistoreDB\tmp.edb

  814: File          C:\Windows\System32\zh-CN\SyncRes.dll.mui

  868: File          C:\Program Files\WindowsApps\Microsoft.LanguageExperiencePackzh-CN_18362.24.72.0_neutral__8wekyb3d8bbwe\Windows\System32\zh-CN\mswsock.dll.mui

  88C: File          C:\Program Files\WindowsApps\Microsoft.LanguageExperiencePackzh-CN_18362.24.72.0_neutral__8wekyb3d8bbwe\Windows\System32\zh-CN\kernel32.dll.mui

  980: File          C:\Program Files\WindowsApps\Microsoft.LanguageExperiencePackzh-CN_18362.24.72.0_neutral__8wekyb3d8bbwe\Windows\System32\zh-CN\crypt32.dll.mui

  AC4: File          C:\Program Files\WindowsApps\Microsoft.LanguageExperiencePackzh-CN_18362.24.72.0_neutral__8wekyb3d8bbwe\Windows\System32\zh-CN\winnlsres.dll.mui

------------------------------------------------------------------------------

RuntimeBroker.exe pid: 16696 AW-ROY\yanchanglong

   48: File          C:\Windows\System32

  188: Section       \BaseNamedObjects\__ComCatalogCache__

  1F0: Section       \BaseNamedObjects\__ComCatalogCache__

  1F4: File          C:\Windows\Registration\R00000000000d.clb

------------------------------------------------------------------------------

ddm.exe pid: 15892 AW-ROY\yanchanglong

   40: File          C:\Windows

   84: File          C:\Program Files (x86)\Dell\Dell Display Manager

   B4: File          C:\Windows\WinSxS\x86_microsoft.windows.common-controls_6595b64144ccf1df_6.0.18362.778_none_2e73ee38278978be

  260: Section       \Sessions\1\BaseNamedObjects\madExceptSettingsBuf2$3e14

  264: Section       \Sessions\1\BaseNamedObjects\madExceptThreadNameBuf$3e14

  2A4: Section       \Windows\Theme202636592

  2A8: Section       \Sessions\1\Windows\Theme4163941769

  2B4: File          C:\Program Files\WindowsApps\Microsoft.LanguageExperiencePackzh-CN_18362.24.72.0_neutral__8wekyb3d8bbwe\Windows\System32\zh-CN\user32.dll.mui

  2EC: File          C:\Windows\WinSxS\x86_microsoft.windows.c..-controls.resources_6595b64144ccf1df_6.0.18362.778_zh-cn_a405a18b3b5184bd

  2F0: File          C:\Windows\WinSxS\x86_microsoft.windows.c..-controls.resources_6595b64144ccf1df_6.0.18362.778_zh-cn_a405a18b3b5184bd\comctl32.dll.mui

  2F8: File          C:\Windows\Fonts\StaticCache.dat

  30C: File          C:\Windows\WinSxS\x86_microsoft.windows.common-controls_6595b64144ccf1df_6.0.18362.778_none_2e73ee38278978be

  310: Section       \Sessions\1\BaseNamedObjects\windows_shell_global_counters

  318: Section       \BaseNamedObjects\__ComCatalogCache__

  334: Section       \BaseNamedObjects\__ComCatalogCache__

  338: File          C:\Windows\Registration\R00000000000d.clb

  4B8: Section       \Sessions\1\BaseNamedObjects\windows_webcache_counters_{9B6AB5B3-91BC-4097-835C-EA2DEC95E9CC}_S-1-5-21-894610241-3031673652-807083418-1001

  5BC: Section       \BaseNamedObjects\F932B6C7-3A20-46A0-B8A0-8894AA421973

  5CC: Section       \Sessions\1\BaseNamedObjects\UrlZonesSM_yanchanglong

  604: File          C:\Program Files\WindowsApps\Microsoft.LanguageExperiencePackzh-CN_18362.24.72.0_neutral__8wekyb3d8bbwe\Windows\System32\zh-CN\MFC42.dll.mui

  634: File          C:\Program Files\WindowsApps\Microsoft.LanguageExperiencePackzh-CN_18362.24.72.0_neutral__8wekyb3d8bbwe\Windows\System32\zh-CN\mswsock.dll.mui

  698: File          C:\Program Files\WindowsApps\Microsoft.LanguageExperiencePackzh-CN_18362.24.72.0_neutral__8wekyb3d8bbwe\Windows\System32\zh-CN\duser.dll.mui

  69C: File          C:\Windows\SystemResources\imageres.dll.mun

  760: File          C:\Program Files\WindowsApps\Microsoft.LanguageExperiencePackzh-CN_18362.24.72.0_neutral__8wekyb3d8bbwe\Windows\System32\zh-CN\crypt32.dll.mui

  784: File          C:\Program Files\WindowsApps\Microsoft.LanguageExperiencePackzh-CN_18362.24.72.0_neutral__8wekyb3d8bbwe\Windows\System32\zh-CN\KernelBase.dll.mui

------------------------------------------------------------------------------

SpyderUtility.exe pid: 15644 AW-ROY\yanchanglong

   40: File          C:\Windows

   84: File          D:\spyder\Spyder5Elite\Utility

   DC: File          C:\Windows\WinSxS\x86_microsoft.windows.common-controls_6595b64144ccf1df_6.0.18362.778_none_2e73ee38278978be

   E0: File          C:\Windows\WinSxS\x86_microsoft.windows.gdiplus_6595b64144ccf1df_1.1.18362.778_none_5f5ee11d821bf28c

  270: Section       \Windows\Theme202636592

  278: Section       \Sessions\1\Windows\Theme4163941769

  2C0: Section       \BaseNamedObjects\__ComCatalogCache__

  2D0: Section       \BaseNamedObjects\__ComCatalogCache__

  2D4: File          C:\Windows\Registration\R00000000000d.clb

  308: Section       \Sessions\1\BaseNamedObjects\windows_shell_global_counters

  30C: Section       \BaseNamedObjects\windows_shell_global_counters

  368: File          C:\Users\yanchanglong\AppData\Local\Temp\Spyder3Utility

  374: File          C:\Windows\WinSxS\x86_microsoft.windows.common-controls_6595b64144ccf1df_6.0.18362.778_none_2e73ee38278978be

  3D8: File          C:\Windows\WinSxS\x86_microsoft.windows.common-controls_6595b64144ccf1df_6.0.18362.778_none_2e73ee38278978be

  468: Section       \Sessions\1\BaseNamedObjects\3d1cHWNDInterface:105c6

  46C: Section       \Sessions\1\BaseNamedObjects\3d1cHWNDInterface:105c6

  480: File          C:\Program Files\WindowsApps\Microsoft.LanguageExperiencePackzh-CN_18362.24.72.0_neutral__8wekyb3d8bbwe\Windows\System32\zh-CN\MFC42.dll.mui

  550: Section       \Sessions\1\BaseNamedObjects\3d1cHWNDInterface:2040e

  554: Section       \Sessions\1\BaseNamedObjects\3d1cHWNDInterface:2040e

  5C8: Section       \Sessions\1\BaseNamedObjects\3d1cHWNDInterface:305c2

  5CC: Section       \Sessions\1\BaseNamedObjects\3d1cHWNDInterface:305c2

  5D0: File          C:\Windows\Fonts\StaticCache.dat

  5E4: Section       \Sessions\1\BaseNamedObjects\3d1cHWNDInterface:205fc

 5EC4: Section       \Sessions\1\BaseNamedObjects\3d1cHWNDInterface:a1308

 5F88: Section       \Sessions\1\BaseNamedObjects\3d1cHWNDInterface:a1308

 81F4: Section       \Sessions\1\BaseNamedObjects\3d1cHWNDInterface:1e1278

 8218: Section       \Sessions\1\BaseNamedObjects\3d1cHWNDInterface:1e1278

 8244: Section       \Sessions\1\BaseNamedObjects\3d1cHWNDInterface:7148e

 824C: Section       \Sessions\1\BaseNamedObjects\3d1cHWNDInterface:161202

 8260: Section       \Sessions\1\BaseNamedObjects\3d1cHWNDInterface:161202

 9078: Section       \Sessions\1\BaseNamedObjects\RTSSSharedMemoryV2

 DB0C: Section       \Sessions\1\BaseNamedObjects\3d1cHWNDInterface:260756

 DB58: Section       \Sessions\1\BaseNamedObjects\3d1cHWNDInterface:260756

 DB8C: File          C:\Program Files\WindowsApps\Microsoft.LanguageExperiencePackzh-CN_18362.24.72.0_neutral__8wekyb3d8bbwe\Windows\System32\zh-CN\mswsock.dll.mui

 F624: Section       \Sessions\1\BaseNamedObjects\3d1cHWNDInterface:550e6a

 F62C: Section       \Sessions\1\BaseNamedObjects\3d1cHWNDInterface:550e6a

 F950: Section       \Sessions\1\BaseNamedObjects\3d1cHWNDInterface:781322

 F984: Section       \Sessions\1\BaseNamedObjects\3d1cHWNDInterface:781322

 FAFC: Section       \Sessions\1\BaseNamedObjects\3d1cHWNDInterface:360c58

 14120: Section       \Sessions\1\BaseNamedObjects\3d1cHWNDInterface:340a98

 14134: Section       \Sessions\1\BaseNamedObjects\3d1cHWNDInterface:340a98

 157E0: Section       \Sessions\1\BaseNamedObjects\3d1cHWNDInterface:503f2

 157E8: Section       \Sessions\1\BaseNamedObjects\3d1cHWNDInterface:503f2

 16878: Section       \Sessions\1\BaseNamedObjects\3d1cHWNDInterface:5503d6

 1687C: Section       \Sessions\1\BaseNamedObjects\3d1cHWNDInterface:5503d6

 16898: Section       \Sessions\1\BaseNamedObjects\3d1cHWNDInterface:4010da

 1AF0C: Section       \Sessions\1\BaseNamedObjects\3d1cHWNDInterface:18178c

 1AF10: Section       \Sessions\1\BaseNamedObjects\3d1cHWNDInterface:18178c

 1CA18: Section       \Sessions\1\BaseNamedObjects\3d1cHWNDInterface:a50b6e

 1CA1C: Section       \Sessions\1\BaseNamedObjects\3d1cHWNDInterface:a50b6e

 1DD00: Section       \Sessions\1\BaseNamedObjects\3d1cHWNDInterface:b027c

 1DD04: Section       \Sessions\1\BaseNamedObjects\3d1cHWNDInterface:b027c

 1DD34: Section       \Sessions\1\BaseNamedObjects\3d1cHWNDInterface:7b0af2

 2215C: Section       \Sessions\1\BaseNamedObjects\3d1cHWNDInterface:53136e

 2237C: Section       \Sessions\1\BaseNamedObjects\3d1cHWNDInterface:53136e

 23FC8: Section       \Sessions\1\BaseNamedObjects\3d1cHWNDInterface:55e086a

 23FCC: Section       \Sessions\1\BaseNamedObjects\3d1cHWNDInterface:55e086a

 25318: Section       \Sessions\1\BaseNamedObjects\3d1cHWNDInterface:ed15c4

 2532C: Section       \Sessions\1\BaseNamedObjects\3d1cHWNDInterface:ed15c4

 25330: Section       \Sessions\1\BaseNamedObjects\3d1cHWNDInterface:440e84

------------------------------------------------------------------------------

AWCCApplicationWatcher32.exe pid: 16644 AW-ROY\yanchanglong

   40: File          C:\Windows

   84: File          C:\Program Files\Alienware\Command Center

  200: Section       \...\Cor_SxSPublic_IPCBlock

  204: Section       \BaseNamedObjects\Cor_Private_IPCBlock_v4_16644

------------------------------------------------------------------------------

conhost.exe pid: 1456 AW-ROY\yanchanglong

   44: File          C:\Windows

  13C: File          C:\Program Files\WindowsApps\Microsoft.LanguageExperiencePackzh-CN_18362.24.72.0_neutral__8wekyb3d8bbwe\Windows\System32\zh-CN\Conhost.exe.mui

------------------------------------------------------------------------------

AWCCApplicationWatcher64.exe pid: 16120 AW-ROY\yanchanglong

   40: File          C:\Program Files\Alienware\Command Center

  1AC: Section       \...\Cor_SxSPublic_IPCBlock

  1B0: Section       \BaseNamedObjects\Cor_Private_IPCBlock_v4_16120

------------------------------------------------------------------------------

conhost.exe pid: 15684 AW-ROY\yanchanglong

   44: File          C:\Windows

  14C: File          C:\Program Files\WindowsApps\Microsoft.LanguageExperiencePackzh-CN_18362.24.72.0_neutral__8wekyb3d8bbwe\Windows\System32\zh-CN\Conhost.exe.mui

------------------------------------------------------------------------------

ApplicationFrameHost.exe pid: 17544 AW-ROY\yanchanglong

   40: File          C:\Windows\System32

   80: Section       \Sessions\1\Windows\Theme4163941769

  154: Section       \BaseNamedObjects\__ComCatalogCache__

  160: Section       \BaseNamedObjects\__ComCatalogCache__

  164: File          C:\Windows\Registration\R00000000000d.clb

  180: Section       \Windows\Theme202636592

  2C8: File          C:\Windows\apppatch\DirectXApps.sdb

  2CC: Section       \Sessions\1\BaseNamedObjects\windows_shell_global_counters

  3AC: Section       \Sessions\1\BaseNamedObjects\SessionImmersiveColorPreference

  404: File          C:\Program Files\WindowsApps\Microsoft.LanguageExperiencePackzh-CN_18362.24.72.0_neutral__8wekyb3d8bbwe\Windows\System32\zh-CN\ApplicationFrame.dll.mui

  508: File          C:\Windows\Fonts\StaticCache.dat

  530: Section       \Sessions\1\BaseNamedObjects\4488HWNDInterface:290bf2

  5E4: Section       \Sessions\1\BaseNamedObjects\4488HWNDInterface:5110bc

  714: Section       \Sessions\1\BaseNamedObjects\4488HWNDInterface:5110bc

  804: File          C:\Program Files\WindowsApps\Microsoft.LanguageExperiencePackzh-CN_18362.24.72.0_neutral__8wekyb3d8bbwe\Windows\System32\zh-CN\combase.dll.mui

  8A8: Section       \Sessions\1\BaseNamedObjects\4488HWNDInterface:290bf2

  8B4: File          C:\Windows\System32\WinMetadata\Windows.Foundation.winmd

  8B8: File          C:\Program Files\WindowsApps\Microsoft.LanguageExperiencePackzh-CN_18362.24.72.0_neutral__8wekyb3d8bbwe\Windows\System32\zh-CN\KernelBase.dll.mui

  8C8: File          C:\Windows\System32\WinMetadata\Windows.UI.winmd

  A10: Section       \Sessions\1\BaseNamedObjects\4488HWNDInterface:1c146c

  A14: Section       \Sessions\1\BaseNamedObjects\4488HWNDInterface:35148c

  A4C: Section       \Sessions\1\BaseNamedObjects\4488HWNDInterface:290bf2

  AB8: Section       \Sessions\1\BaseNamedObjects\4488HWNDInterface:35148c

  B5C: Section       \Sessions\1\BaseNamedObjects\4488HWNDInterface:35148c

  C40: Section       \Sessions\1\BaseNamedObjects\4488HWNDInterface:1c146c

  C5C: Section       \Sessions\1\BaseNamedObjects\4488HWNDInterface:1c146c

  E30: Section       \Sessions\1\BaseNamedObjects\4488HWNDInterface:5110bc

------------------------------------------------------------------------------

IAStorIcon.exe pid: 3232 AW-ROY\yanchanglong

   40: File          C:\Windows

   84: File          C:\Windows\SysWOW64

  10C: File          C:\Windows\Microsoft.NET\assembly\GAC_MSIL\System.Drawing\v4.0_4.0.0.0__b03f5f7f11d50a3a\System.Drawing.dll

  2BC: Section       \...\Cor_SxSPublic_IPCBlock

  2C0: Section       \BaseNamedObjects\Cor_Private_IPCBlock_v4_3232

  39C: File          C:\Windows\assembly\pubpol197.dat

  3EC: File          C:\Program Files\Intel\Intel(R) Rapid Storage Technology\IAStorUtil.dll

  424: File          C:\Windows\Microsoft.NET\assembly\GAC_MSIL\System.Windows.Forms\v4.0_4.0.0.0__b77a5c561934e089\System.Windows.Forms.dll

  428: File          C:\Windows\Microsoft.NET\assembly\GAC_MSIL\System.Windows.Forms\v4.0_4.0.0.0__b77a5c561934e089\System.Windows.Forms.dll

  42C: File          C:\Windows\Microsoft.NET\assembly\GAC_MSIL\System.Runtime.Serialization.Resources\v4.0_4.0.0.0_zh-HANS_b77a5c561934e089\System.RunTime.Serialization.resources.dll

  43C: File          C:\Windows\WinSxS\x86_microsoft.windows.common-controls_6595b64144ccf1df_5.82.18362.778_none_71d70b7d5ae4146f

  444: File          C:\Windows\Microsoft.NET\assembly\GAC_MSIL\System.ServiceModel\v4.0_4.0.0.0__b77a5c561934e089\System.ServiceModel.dll

  44C: Section       \Sessions\1\BaseNamedObjects\windows_shell_global_counters

  474: Section       \Windows\Theme202636592

  478: Section       \Sessions\1\Windows\Theme4163941769

  47C: File          C:\Windows\WinSxS\x86_microsoft.windows.gdiplus_6595b64144ccf1df_1.1.18362.778_none_5f5ee11d821bf28c

  490: File          C:\Windows\Microsoft.NET\assembly\GAC_MSIL\Accessibility\v4.0_4.0.0.0__b03f5f7f11d50a3a\Accessibility.dll

  4AC: File          C:\Program Files\Intel\Intel(R) Rapid Storage Technology\IAStorDataMgrSvcInterfaces.dll

  4B4: File          C:\Program Files\Intel\Intel(R) Rapid Storage Technology\IAStorCommon.dll

  4C4: File          C:\Program Files\Intel\Intel(R) Rapid Storage Technology\zh-Hans\IAStorIcon.resources.dll

  4CC: File          C:\Windows\Microsoft.NET\assembly\GAC_MSIL\System.ServiceModel\v4.0_4.0.0.0__b77a5c561934e089\System.ServiceModel.dll

  4D8: File          C:\Windows\Microsoft.NET\assembly\GAC_MSIL\System.ServiceModel.Internals\v4.0_4.0.0.0__31bf3856ad364e35\System.ServiceModel.Internals.dll

  4DC: File          C:\Windows\Microsoft.NET\assembly\GAC_MSIL\SMDiagnostics\v4.0_4.0.0.0__b77a5c561934e089\SMDiagnostics.dll

  4E0: File          C:\Windows\Microsoft.NET\assembly\GAC_MSIL\SMDiagnostics\v4.0_4.0.0.0__b77a5c561934e089\SMDiagnostics.dll

  4E4: File          C:\Windows\Microsoft.NET\assembly\GAC_MSIL\System.ServiceModel.Channels\v4.0_4.0.0.0__31bf3856ad364e35\System.ServiceModel.Channels.dll

  4F0: File          C:\Windows\Microsoft.NET\assembly\GAC_MSIL\System.ServiceModel.Internals\v4.0_4.0.0.0__31bf3856ad364e35\System.ServiceModel.Internals.dll

  500: File          C:\Windows\Microsoft.NET\assembly\GAC_32\System.Transactions\v4.0_4.0.0.0__b77a5c561934e089\System.Transactions.dll

  510: File          C:\Windows\Microsoft.NET\assembly\GAC_MSIL\System.ServiceModel.Channels\v4.0_4.0.0.0__31bf3856ad364e35\System.ServiceModel.Channels.dll

  514: File          C:\Windows\Microsoft.NET\assembly\GAC_MSIL\System.IdentityModel\v4.0_4.0.0.0__b77a5c561934e089\System.IdentityModel.dll

  518: File          C:\Windows\Microsoft.NET\assembly\GAC_MSIL\System.IdentityModel\v4.0_4.0.0.0__b77a5c561934e089\System.IdentityModel.dll

  520: File          C:\Windows\Microsoft.NET\assembly\GAC_MSIL\System.ServiceModel.Web\v4.0_4.0.0.0__31bf3856ad364e35\System.ServiceModel.Web.dll

  524: File          C:\Program Files\Intel\Intel(R) Rapid Storage Technology\IntelVisualDesign.dll

  52C: File          C:\Program Files\WindowsApps\Microsoft.LanguageExperiencePackzh-CN_18362.24.72.0_neutral__8wekyb3d8bbwe\Windows\System32\zh-CN\KernelBase.dll.mui

  540: File          C:\Windows\Microsoft.NET\assembly\GAC_MSIL\mscorlib.Resources\v4.0_4.0.0.0_zh-HANS_b77a5c561934e089\mscorlib.resources.dll

  544: File          C:\Program Files\WindowsApps\Microsoft.LanguageExperiencePackzh-CN_18362.24.72.0_neutral__8wekyb3d8bbwe\Windows\System32\zh-CN\winnlsres.dll.mui

  558: File          C:\Windows\Fonts\StaticCache.dat

  564: File          C:\Program Files\Intel\Intel(R) Rapid Storage Technology\zh-Hans\IntelVisualDesign.resources.dll

  568: File          C:\Users\yanchanglong\AppData\Roaming\Intel Corporation\IAStorUtil

  5F4: File          C:\Windows\Microsoft.NET\assembly\GAC_MSIL\System.ServiceModel.Resources\v4.0_4.0.0.0_zh-HANS_b77a5c561934e089\System.ServiceModel.resources.dll

------------------------------------------------------------------------------

RemindersServer.exe pid: 15308 AW-ROY\yanchanglong

   40: File          C:\Windows\SystemApps\Microsoft.Windows.Cortana_cw5n1h2txyewy

  164: Section       \BaseNamedObjects\__ComCatalogCache__

  270: Section       \Sessions\1\AppContainerNamedObjects\S-1-15-2-1861897761-1695161497-2927542615-642690995-327840285-2659745135-2630312742\ApplicationService:3bcc1d6227ea5951afc

  298: File          C:\Program Files\WindowsApps\Microsoft.LanguageExperiencePackzh-CN_18362.24.72.0_neutral__8wekyb3d8bbwe\Windows\System32\zh-CN\KernelBase.dll.mui

------------------------------------------------------------------------------

PhotoshopElementsFileAgent.exe pid: 4340 \<unable to open process>

------------------------------------------------------------------------------

AlienFusionService.exe pid: 17680 \<unable to open process>

------------------------------------------------------------------------------

svchost.exe pid: 2024 \<unable to open process>

------------------------------------------------------------------------------

DDVRulesProcessor.exe pid: 17876 \<unable to open process>

------------------------------------------------------------------------------

DCCService.exe pid: 8432 \<unable to open process>

------------------------------------------------------------------------------

DSAPI.exe pid: 15748 \<unable to open process>

------------------------------------------------------------------------------

pcdrwi.exe pid: 17044 \<unable to open process>

------------------------------------------------------------------------------

conhost.exe pid: 5704 \<unable to open process>

------------------------------------------------------------------------------

ServiceShell.exe pid: 4596 \<unable to open process>

------------------------------------------------------------------------------

msdtc.exe pid: 12156 \<unable to open process>

------------------------------------------------------------------------------

IAStorDataMgrSvc.exe pid: 17176 \<unable to open process>

------------------------------------------------------------------------------

jhi_service.exe pid: 6092 \<unable to open process>

------------------------------------------------------------------------------

LMS.exe pid: 16568 \<unable to open process>

------------------------------------------------------------------------------

SgrmBroker.exe pid: 7144 \<unable to open process>

------------------------------------------------------------------------------

SupportAssistAgent.exe pid: 7808 \<unable to open process>

------------------------------------------------------------------------------

svchost.exe pid: 5604 \<unable to open process>

------------------------------------------------------------------------------

DDVDataCollector.exe pid: 16184 \<unable to open process>

------------------------------------------------------------------------------

DDVCollectorSvcApi.exe pid: 12944 \<unable to open process>

------------------------------------------------------------------------------

nvapiw.exe pid: 19912 AW-ROY\yanchanglong

   40: File          C:\Windows\System32

  130: Section       \Windows\Theme202636592

  134: Section       \Sessions\1\Windows\Theme4163941769

------------------------------------------------------------------------------

ChsIME.exe pid: 20952 \<unable to open process>

------------------------------------------------------------------------------

svchost.exe pid: 20440 \<unable to open process>

------------------------------------------------------------------------------

GameBarPresenceWriter.exe pid: 16652 AW-ROY\yanchanglong

   40: File          C:\Windows\System32

  174: Section       \BaseNamedObjects\__ComCatalogCache__

  184: Section       \BaseNamedObjects\__ComCatalogCache__

  188: File          C:\Windows\Registration\R00000000000d.clb

  230: File          C:\Program Files\WindowsApps\Microsoft.LanguageExperiencePackzh-CN_18362.24.72.0_neutral__8wekyb3d8bbwe\Windows\System32\zh-CN\Windows.Web.Http.dll.mui

  234: File          C:\Program Files\WindowsApps\Microsoft.LanguageExperiencePackzh-CN_18362.24.72.0_neutral__8wekyb3d8bbwe\Windows\System32\zh-CN\KernelBase.dll.mui

  334: Section       \Sessions\1\BaseNamedObjects\windows_shell_global_counters

  348: Section       \Sessions\1\BaseNamedObjects\windows_webcache_counters_{9B6AB5B3-91BC-4097-835C-EA2DEC95E9CC}_S-1-5-21-894610241-3031673652-807083418-1001

  384: Section       \BaseNamedObjects\F932B6C7-3A20-46A0-B8A0-8894AA421973

  398: File          C:\Program Files\WindowsApps\Microsoft.LanguageExperiencePackzh-CN_18362.24.72.0_neutral__8wekyb3d8bbwe\Windows\System32\zh-CN\wininet.dll.mui

  3A0: File          C:\Program Files\WindowsApps\Microsoft.LanguageExperiencePackzh-CN_18362.24.72.0_neutral__8wekyb3d8bbwe\Windows\System32\zh-CN\kernel32.dll.mui

  3E4: File          C:\Program Files\WindowsApps\Microsoft.LanguageExperiencePackzh-CN_18362.24.72.0_neutral__8wekyb3d8bbwe\Windows\System32\zh-CN\mswsock.dll.mui

  4B8: File          C:\Windows\System32\zh-CN\netmsg.dll.mui

  534: File          C:\Windows\System32\en-US\netmsg.dll.mui

  54C: Section       \Sessions\1\BaseNamedObjects\UrlZonesSM_yanchanglong

  604: File          C:\Program Files\WindowsApps\Microsoft.LanguageExperiencePackzh-CN_18362.24.72.0_neutral__8wekyb3d8bbwe\Windows\System32\zh-CN\crypt32.dll.mui

------------------------------------------------------------------------------

svchost.exe pid: 3348 \<unable to open process>

------------------------------------------------------------------------------

svchost.exe pid: 17616 \<unable to open process>

------------------------------------------------------------------------------

ShellExperienceHost.exe pid: 12624 AW-ROY\yanchanglong

   40: File          C:\Windows\SystemApps\ShellExperienceHost_cw5n1h2txyewy

  154: Section       \BaseNamedObjects\__ComCatalogCache__

  24C: Section       \Sessions\1\AppContainerNamedObjects\S-1-15-2-155514346-2573954481-755741238-1654018636-1233331829-3075935687-2861478708\3150HWNDInterface:b0e72

  3C0: Section       \Sessions\1\AppContainerNamedObjects\S-1-15-2-155514346-2573954481-755741238-1654018636-1233331829-3075935687-2861478708\3150HWNDInterface:608d2

  3E8: Section       \Sessions\1\AppContainerNamedObjects\S-1-15-2-155514346-2573954481-755741238-1654018636-1233331829-3075935687-2861478708\SessionImmersiveColorPreference

  3FC: File          C:\Windows\apppatch\DirectXApps.sdb

  404: Section       \Sessions\1\AppContainerNamedObjects\S-1-15-2-155514346-2573954481-755741238-1654018636-1233331829-3075935687-2861478708\windows_shell_global_counters

  458: File          C:\Program Files\WindowsApps\Microsoft.LanguageExperiencePackzh-CN_18362.24.72.0_neutral__8wekyb3d8bbwe\Windows\System32\zh-CN\windows.storage.dll.mui

  490: Section       \Sessions\1\AppContainerNamedObjects\S-1-15-2-155514346-2573954481-755741238-1654018636-1233331829-3075935687-2861478708\ApplicationService:31501d62282eeae485d

  53C: Section       \Sessions\1\AppContainerNamedObjects\S-1-15-2-155514346-2573954481-755741238-1654018636-1233331829-3075935687-2861478708\3150HWNDInterface:303f4

  54C: Section       \Sessions\1\AppContainerNamedObjects\S-1-15-2-155514346-2573954481-755741238-1654018636-1233331829-3075935687-2861478708\3150HWNDInterface:303f4

  550: Section       \Sessions\1\AppContainerNamedObjects\S-1-15-2-155514346-2573954481-755741238-1654018636-1233331829-3075935687-2861478708\3150HWNDInterface:303f4

  588: Section       \Sessions\1\AppContainerNamedObjects\S-1-15-2-155514346-2573954481-755741238-1654018636-1233331829-3075935687-2861478708\3150HWNDInterface:303f4

  58C: Section       \Sessions\1\AppContainerNamedObjects\S-1-15-2-155514346-2573954481-755741238-1654018636-1233331829-3075935687-2861478708\3150HWNDInterface:303f4

  590: Section       \Sessions\1\AppContainerNamedObjects\S-1-15-2-155514346-2573954481-755741238-1654018636-1233331829-3075935687-2861478708\3150HWNDInterface:303f4

  6B8: Section       \Sessions\1\AppContainerNamedObjects\S-1-15-2-155514346-2573954481-755741238-1654018636-1233331829-3075935687-2861478708\3150HWNDInterface:e059c

  6BC: Section       \Sessions\1\AppContainerNamedObjects\S-1-15-2-155514346-2573954481-755741238-1654018636-1233331829-3075935687-2861478708\3150HWNDInterface:e059c

  6C0: Section       \Sessions\1\AppContainerNamedObjects\S-1-15-2-155514346-2573954481-755741238-1654018636-1233331829-3075935687-2861478708\3150HWNDInterface:e059c

  6C4: Section       \Sessions\1\AppContainerNamedObjects\S-1-15-2-155514346-2573954481-755741238-1654018636-1233331829-3075935687-2861478708\3150HWNDInterface:e059c

  6C8: Section       \Sessions\1\AppContainerNamedObjects\S-1-15-2-155514346-2573954481-755741238-1654018636-1233331829-3075935687-2861478708\3150HWNDInterface:e059c

  718: Section       \Sessions\1\AppContainerNamedObjects\S-1-15-2-155514346-2573954481-755741238-1654018636-1233331829-3075935687-2861478708\3150HWNDInterface:e059c

  76C: Section       \Sessions\1\AppContainerNamedObjects\S-1-15-2-155514346-2573954481-755741238-1654018636-1233331829-3075935687-2861478708\3150HWNDInterface:e059c

  788: Section       \Sessions\1\AppContainerNamedObjects\S-1-15-2-155514346-2573954481-755741238-1654018636-1233331829-3075935687-2861478708\3150HWNDInterface:e059c

  7A0: Section       \Sessions\1\AppContainerNamedObjects\S-1-15-2-155514346-2573954481-755741238-1654018636-1233331829-3075935687-2861478708\3150HWNDInterface:e059c

  8B0: Section       \Sessions\1\AppContainerNamedObjects\S-1-15-2-155514346-2573954481-755741238-1654018636-1233331829-3075935687-2861478708\3150HWNDInterface:608d2

  948: Section       \Sessions\1\AppContainerNamedObjects\S-1-15-2-155514346-2573954481-755741238-1654018636-1233331829-3075935687-2861478708\3150HWNDInterface:608d2

  950: Section       \Sessions\1\AppContainerNamedObjects\S-1-15-2-155514346-2573954481-755741238-1654018636-1233331829-3075935687-2861478708\3150HWNDInterface:608d2

  958: Section       \Sessions\1\AppContainerNamedObjects\S-1-15-2-155514346-2573954481-755741238-1654018636-1233331829-3075935687-2861478708\3150HWNDInterface:608d2

  9A4: Section       \Sessions\1\AppContainerNamedObjects\S-1-15-2-155514346-2573954481-755741238-1654018636-1233331829-3075935687-2861478708\3150HWNDInterface:608d2

  9A8: Section       \Sessions\1\AppContainerNamedObjects\S-1-15-2-155514346-2573954481-755741238-1654018636-1233331829-3075935687-2861478708\3150HWNDInterface:608d2

  9E0: Section       \Sessions\1\AppContainerNamedObjects\S-1-15-2-155514346-2573954481-755741238-1654018636-1233331829-3075935687-2861478708\3150HWNDInterface:608d2

  AE8: File          C:\Program Files\WindowsApps\Microsoft.LanguageExperiencePackzh-CN_18362.24.72.0_neutral__8wekyb3d8bbwe\Windows\System32\zh-CN\KernelBase.dll.mui

  B2C: File          C:\Program Files\WindowsApps\Microsoft.LanguageExperiencePackzh-CN_18362.24.72.0_neutral__8wekyb3d8bbwe\Windows\System32\zh-CN\MMDevAPI.dll.mui

  BB0: File          C:\Program Files\WindowsApps\Microsoft.LanguageExperiencePackzh-CN_18362.24.72.0_neutral__8wekyb3d8bbwe\Windows\System32\zh-CN\QuickActionsDataModel.dll.mui

  BCC: File          C:\Windows\Fonts\segoeui.ttf

  BD8: Section       \Sessions\1\AppContainerNamedObjects\S-1-15-2-155514346-2573954481-755741238-1654018636-1233331829-3075935687-2861478708\3150HWNDInterface:b0e72

  C30: File          C:\Program Files\WindowsApps\Microsoft.LanguageExperiencePackzh-CN_18362.24.72.0_neutral__8wekyb3d8bbwe\Windows\System32\zh-CN\windows.ui.xaml.dll.mui

  C54: File          C:\Windows\Fonts\msyh.ttc

  C74: Section       \Sessions\1\AppContainerNamedObjects\S-1-15-2-155514346-2573954481-755741238-1654018636-1233331829-3075935687-2861478708\3150HWNDInterface:b0e72

  CC8: Section       \Sessions\1\AppContainerNamedObjects\S-1-15-2-155514346-2573954481-755741238-1654018636-1233331829-3075935687-2861478708\3150HWNDInterface:b0e72

  D74: Section       \Sessions\1\AppContainerNamedObjects\S-1-15-2-155514346-2573954481-755741238-1654018636-1233331829-3075935687-2861478708\3150HWNDInterface:b0e72

  E14: Section       \Sessions\1\AppContainerNamedObjects\S-1-15-2-155514346-2573954481-755741238-1654018636-1233331829-3075935687-2861478708\3150HWNDInterface:b0e72

  EE8: Section       \Sessions\1\AppContainerNamedObjects\S-1-15-2-155514346-2573954481-755741238-1654018636-1233331829-3075935687-2861478708\3150HWNDInterface:b0e72

  EF4: Section       \Sessions\1\AppContainerNamedObjects\S-1-15-2-155514346-2573954481-755741238-1654018636-1233331829-3075935687-2861478708\3150HWNDInterface:b0e72

  F20: Section       \Sessions\1\AppContainerNamedObjects\S-1-15-2-155514346-2573954481-755741238-1654018636-1233331829-3075935687-2861478708\3150HWNDInterface:b0e72

 11B0: File          C:\Windows\Fonts\msyhl.ttc

 22E4: Section       \Sessions\1\AppContainerNamedObjects\S-1-15-2-155514346-2573954481-755741238-1654018636-1233331829-3075935687-2861478708\3150HWNDInterface:608d2

------------------------------------------------------------------------------

RuntimeBroker.exe pid: 15940 AW-ROY\yanchanglong

   48: File          C:\Windows\System32

  180: Section       \BaseNamedObjects\__ComCatalogCache__

  24C: Section       \BaseNamedObjects\__ComCatalogCache__

  250: File          C:\Windows\Registration\R00000000000d.clb

  294: Section       \Sessions\1\BaseNamedObjects\windows_shell_global_counters

  2BC: Section       \BaseNamedObjects\windows_shell_global_counters

  2C8: File          C:\Program Files\WindowsApps\Microsoft.LanguageExperiencePackzh-CN_18362.24.72.0_neutral__8wekyb3d8bbwe\Windows\System32\zh-CN\propsys.dll.mui

  35C: Section       \Sessions\1\BaseNamedObjects\C:*ProgramData*Microsoft*Windows*Caches*cversions.2.ro

  370: Section       \Sessions\1\BaseNamedObjects\C:*ProgramData*Microsoft*Windows*Caches*{6AF0698E-D558-4F6E-9B3C-3716689AF493}.2.ver0x0000000000000001.db

  378: Section       \Sessions\1\BaseNamedObjects\C:*ProgramData*Microsoft*Windows*Caches*cversions.2.ro

  37C: Section       \Sessions\1\BaseNamedObjects\C:*ProgramData*Microsoft*Windows*Caches*{DDF571F2-BE98-426D-8288-1A9A39C3FDA2}.2.ver0x0000000000000001.db

  3C8: File          C:\Program Files\WindowsApps\Microsoft.LanguageExperiencePackzh-CN_18362.24.72.0_neutral__8wekyb3d8bbwe\Windows\System32\zh-CN\windows.storage.dll.mui

  408: Section       \Sessions\1\BaseNamedObjects\C:*ProgramData*Microsoft*Windows*Caches*cversions.2.ro

  41C: File          C:\Windows\WinSxS\amd64_microsoft.windows.common-controls_6595b64144ccf1df_6.0.18362.778_none_e6c6b761130d4fb8

  4DC: File          C:\Windows\WinSxS\amd64_microsoft.windows.common-controls_6595b64144ccf1df_6.0.18362.778_none_e6c6b761130d4fb8

  510: File          C:\Program Files\WindowsApps\Microsoft.LanguageExperiencePackzh-CN_18362.24.72.0_neutral__8wekyb3d8bbwe\Windows\System32\zh-CN\StartTileData.dll.mui

  538: File          C:\Program Files\WindowsApps\Microsoft.LanguageExperiencePackzh-CN_18362.24.72.0_neutral__8wekyb3d8bbwe\Windows\System32\zh-CN\shell32.dll.mui

  5FC: Section       \Sessions\1\BaseNamedObjects\UrlZonesSM_yanchanglong

  894: File          C:\Program Files\WindowsApps\Microsoft.LanguageExperiencePackzh-CN_18362.24.72.0_neutral__8wekyb3d8bbwe\Windows\System32\zh-CN\KernelBase.dll.mui

  958: Section       \Sessions\1\BaseNamedObjects\SessionImmersiveColorPreference

  B50: File          C:\Program Files\WindowsApps\Microsoft.LanguageExperiencePackzh-CN_18362.24.72.0_neutral__8wekyb3d8bbwe\Windows\System32\zh-CN\mpr.dll.mui

------------------------------------------------------------------------------

backgroundTaskHost.exe pid: 18808 AW-ROY\yanchanglong

   48: File          C:\Program Files\WindowsApps\DellInc.DellSupportAssistforPCs_3.3.8.0_x64__htrsf667h5kn2

  11C: Section       \BaseNamedObjects\__ComCatalogCache__

  224: Section       \Sessions\1\AppContainerNamedObjects\S-1-15-2-3971759008-1428112976-277385281-1417411725-1693336791-4246814374-3695824175\ApplicationService:49781d62282f9f9bfb0

  408: File          C:\Program Files\WindowsApps\Microsoft.LanguageExperiencePackzh-CN_18362.24.72.0_neutral__8wekyb3d8bbwe\Windows\System32\zh-CN\KernelBase.dll.mui

  488: Section       \Sessions\1\AppContainerNamedObjects\S-1-15-2-3971759008-1428112976-277385281-1417411725-1693336791-4246814374-3695824175\windows_shell_global_counters

  490: File          C:\Program Files\WindowsApps\Microsoft.LanguageExperiencePackzh-CN_18362.24.72.0_neutral__8wekyb3d8bbwe\Windows\System32\zh-CN\windows.storage.dll.mui

------------------------------------------------------------------------------

RuntimeBroker.exe pid: 2508 AW-ROY\yanchanglong

   48: File          C:\Windows\System32

  180: Section       \BaseNamedObjects\__ComCatalogCache__

  1FC: Section       \BaseNamedObjects\__ComCatalogCache__

  200: File          C:\Windows\Registration\R00000000000d.clb

  224: File          C:\Program Files\WindowsApps\Microsoft.LanguageExperiencePackzh-CN_18362.24.72.0_neutral__8wekyb3d8bbwe\Windows\System32\zh-CN\KernelBase.dll.mui

  238: Section       \Sessions\1\BaseNamedObjects\C:*ProgramData*Microsoft*Windows*Caches*cversions.2.ro

  250: Section       \Sessions\1\BaseNamedObjects\C:*ProgramData*Microsoft*Windows*Caches*{DDF571F2-BE98-426D-8288-1A9A39C3FDA2}.2.ver0x0000000000000001.db

  2EC: Section       \Sessions\1\BaseNamedObjects\C:*ProgramData*Microsoft*Windows*Caches*cversions.2.ro

  3CC: Section       \Sessions\1\BaseNamedObjects\windows_shell_global_counters

  3E0: Section       \Sessions\1\BaseNamedObjects\C:*ProgramData*Microsoft*Windows*Caches*{6AF0698E-D558-4F6E-9B3C-3716689AF493}.2.ver0x0000000000000001.db

  3FC: Section       \Sessions\1\BaseNamedObjects\C:*ProgramData*Microsoft*Windows*Caches*cversions.2.ro

  404: File          C:\Program Files\WindowsApps\Microsoft.LanguageExperiencePackzh-CN_18362.24.72.0_neutral__8wekyb3d8bbwe\Windows\System32\zh-CN\propsys.dll.mui

  424: Section       \BaseNamedObjects\windows_shell_global_counters

------------------------------------------------------------------------------

SupportAssistAppWire.exe pid: 3396 AW-ROY\yanchanglong

   40: File          C:\Windows

   84: File          C:\Windows\SysWOW64

   F8: File          C:\Windows\Microsoft.NET\assembly\GAC_MSIL\System.Runtime\v4.0_4.0.0.0__b03f5f7f11d50a3a\System.Runtime.dll

  1DC: Section       \BaseNamedObjects\Cor_Private_IPCBlock_v4_3396

  1E0: Section       \...\Cor_SxSPublic_IPCBlock

  2D8: Section       \BaseNamedObjects\__ComCatalogCache__

  304: File          C:\Windows\System32\WinMetadata\Windows.Foundation.winmd

  338: File          C:\Windows\System32\WinMetadata\Windows.ApplicationModel.winmd

  348: File          C:\Windows\assembly\pubpol197.dat

  34C: File          C:\Windows\Microsoft.NET\assembly\GAC_MSIL\System.Runtime.InteropServices.WindowsRuntime\v4.0_4.0.0.0__b03f5f7f11d50a3a\System.Runtime.InteropServices.WindowsRuntime.dll

  378: File          C:\Windows\Microsoft.NET\assembly\GAC_MSIL\System.Runtime.WindowsRuntime\v4.0_4.0.0.0__b77a5c561934e089\System.Runtime.WindowsRuntime.dll

  3BC: Section       \BaseNamedObjects\__ComCatalogCache__

  3C0: File          C:\Windows\Registration\R00000000000d.clb

  518: File          C:\Program Files\WindowsApps\DellInc.DellSupportAssistforPCs_3.3.8.0_x64__htrsf667h5kn2\win32\Logger.dll

  51C: File          C:\Program Files\WindowsApps\DellInc.DellSupportAssistforPCs_3.3.8.0_x64__htrsf667h5kn2\win32\log4net.dll

  52C: File          C:\Program Files\WindowsApps\Microsoft.LanguageExperiencePackzh-CN_18362.24.72.0_neutral__8wekyb3d8bbwe\Windows\System32\zh-CN\MFC42.dll.mui

  538: File          C:\Windows\Microsoft.NET\assembly\GAC_32\System.Web\v4.0_4.0.0.0__b03f5f7f11d50a3a\System.Web.dll

  59C: Section       \Sessions\1\BaseNamedObjects\windows_shell_global_counters

  5B8: Section       \BaseNamedObjects\NLS_CodePage_936_3_2_0_0

  74C: File          C:\Program Files\WindowsApps\Microsoft.LanguageExperiencePackzh-CN_18362.24.72.0_neutral__8wekyb3d8bbwe\Windows\System32\zh-CN\KernelBase.dll.mui

------------------------------------------------------------------------------

RuntimeBroker.exe pid: 12016 AW-ROY\yanchanglong

   48: File          C:\Windows\System32

  178: Section       \BaseNamedObjects\__ComCatalogCache__

  24C: Section       \BaseNamedObjects\__ComCatalogCache__

  250: File          C:\Windows\Registration\R00000000000d.clb

  2F8: Section       \Sessions\1\BaseNamedObjects\windows_shell_global_counters

  3A4: Section       \BaseNamedObjects\windows_shell_global_counters

  3AC: Section       \Sessions\1\BaseNamedObjects\C:*ProgramData*Microsoft*Windows*Caches*cversions.2.ro

  3B0: Section       \Sessions\1\BaseNamedObjects\C:*ProgramData*Microsoft*Windows*Caches*{6AF0698E-D558-4F6E-9B3C-3716689AF493}.2.ver0x0000000000000001.db

  3BC: Section       \Sessions\1\BaseNamedObjects\SessionImmersiveColorPreference

  3CC: Section       \Sessions\1\BaseNamedObjects\C:*ProgramData*Microsoft*Windows*Caches*cversions.2.ro

  3D0: Section       \Sessions\1\BaseNamedObjects\C:*ProgramData*Microsoft*Windows*Caches*{DDF571F2-BE98-426D-8288-1A9A39C3FDA2}.2.ver0x0000000000000001.db

  3D4: File          C:\Program Files\WindowsApps\Microsoft.LanguageExperiencePackzh-CN_18362.24.72.0_neutral__8wekyb3d8bbwe\Windows\System32\zh-CN\propsys.dll.mui

  4E4: Section       \Sessions\1\BaseNamedObjects\C:*ProgramData*Microsoft*Windows*Caches*{601E8F59-2494-4F5B-858C-98B965334AFA}.2.ver0x0000000000000001.db

  4E8: Section       \Sessions\1\BaseNamedObjects\C:*ProgramData*Microsoft*Windows*Caches*cversions.2.ro

  50C: Section       \Sessions\1\BaseNamedObjects\windows_webcache_counters_{9B6AB5B3-91BC-4097-835C-EA2DEC95E9CC}_S-1-5-21-894610241-3031673652-807083418-1001

  540: File          C:\Program Files\WindowsApps\Microsoft.LanguageExperiencePackzh-CN_18362.24.72.0_neutral__8wekyb3d8bbwe\Windows\System32\zh-CN\mpr.dll.mui

  5D8: File          C:\Windows\WinSxS\amd64_microsoft.windows.common-controls_6595b64144ccf1df_6.0.18362.778_none_e6c6b761130d4fb8

  674: File          C:\Program Files\WindowsApps\Microsoft.LanguageExperiencePackzh-CN_18362.24.72.0_neutral__8wekyb3d8bbwe\Windows\System32\zh-CN\shell32.dll.mui

  6B4: File          C:\Program Files\WindowsApps\Microsoft.LanguageExperiencePackzh-CN_18362.24.72.0_neutral__8wekyb3d8bbwe\Windows\System32\zh-CN\windows.storage.dll.mui

  750: File          C:\Program Files\WindowsApps\Microsoft.LanguageExperiencePackzh-CN_18362.24.72.0_neutral__8wekyb3d8bbwe\Windows\System32\zh-CN\KernelBase.dll.mui

  754: File          C:\Windows\WinSxS\amd64_microsoft.windows.common-controls_6595b64144ccf1df_6.0.18362.778_none_e6c6b761130d4fb8

  7EC: Section       \Sessions\1\BaseNamedObjects\C:*ProgramData*Microsoft*Windows*Caches*cversions.2.ro

------------------------------------------------------------------------------

DTShellHlp.exe pid: 6392 AW-ROY\yanchanglong

   40: File          C:\Program Files (x86)\Google\Chrome\Application\81.0.4044.129

   8C: File          C:\Windows\WinSxS\amd64_microsoft.windows.gdiplus_6595b64144ccf1df_1.1.18362.778_none_17b1aa466d9fc986

   9C: File          C:\Windows\WinSxS\amd64_microsoft.windows.common-controls_6595b64144ccf1df_6.0.18362.778_none_e6c6b761130d4fb8

  270: Section       \Windows\Theme202636592

  274: Section       \Sessions\1\Windows\Theme4163941769

  33C: Section       \Sessions\1\BaseNamedObjects\windows_shell_global_counters

  364: Section       \BaseNamedObjects\__ComCatalogCache__

  370: Section       \BaseNamedObjects\__ComCatalogCache__

  378: File          C:\Windows\Registration\R00000000000d.clb

  3A8: File          C:\Program Files\WindowsApps\Microsoft.LanguageExperiencePackzh-CN_18362.24.72.0_neutral__8wekyb3d8bbwe\Windows\System32\zh-CN\KernelBase.dll.mui

  3EC: Section       \Sessions\1\BaseNamedObjects\C:*ProgramData*Microsoft*Windows*Caches*cversions.2.ro

  3F0: Section       \Sessions\1\BaseNamedObjects\C:*ProgramData*Microsoft*Windows*Caches*{6AF0698E-D558-4F6E-9B3C-3716689AF493}.2.ver0x0000000000000001.db

  3F4: Section       \Sessions\1\BaseNamedObjects\C:*ProgramData*Microsoft*Windows*Caches*cversions.2.ro

  3F8: Section       \Sessions\1\BaseNamedObjects\C:*ProgramData*Microsoft*Windows*Caches*{DDF571F2-BE98-426D-8288-1A9A39C3FDA2}.2.ver0x0000000000000001.db

  430: Section       \Sessions\1\BaseNamedObjects\UrlZonesSM_yanchanglong

------------------------------------------------------------------------------

DiscSoftBusServiceLite.exe pid: 2848 \<unable to open process>

------------------------------------------------------------------------------

svchost.exe pid: 19532 \<unable to open process>

------------------------------------------------------------------------------

QQ.exe pid: 17064 AW-ROY\yanchanglong

   40: File          C:\Windows

   84: Section       \Sessions\1\BaseNamedObjects\42a8HWNDInterface:740bd8

  294: Section       \Sessions\1\BaseNamedObjects\windows_shell_global_counters

  2A8: File          C:\Program Files\WindowsApps\Microsoft.LanguageExperiencePackzh-CN_18362.24.72.0_neutral__8wekyb3d8bbwe\Windows\System32\zh-CN\user32.dll.mui

  314: File          C:\Windows\WinSxS\x86_microsoft.windows.common-controls_6595b64144ccf1df_6.0.18362.778_none_2e73ee38278978be

  318: File          C:\Windows\WinSxS\x86_microsoft.windows.gdiplus_6595b64144ccf1df_1.1.18362.778_none_5f5ee11d821bf28c

  360: File          C:\Program Files\WindowsApps\Microsoft.LanguageExperiencePackzh-CN_18362.24.72.0_neutral__8wekyb3d8bbwe\Windows\System32\zh-CN\msvfw32.dll.mui

  364: File          C:\Program Files\WindowsApps\Microsoft.LanguageExperiencePackzh-CN_18362.24.72.0_neutral__8wekyb3d8bbwe\Windows\System32\zh-CN\avicap32.dll.mui

  414: Section       \Sessions\1\BaseNamedObjects\42a8HWNDInterface:209e6

  46C: File          C:\Users\yanchanglong\Documents\Tencent Files\All Users\QQ\Registry.db

  4DC: Section       \Windows\Theme202636592

  4E0: Section       \Sessions\1\Windows\Theme4163941769

  4F8: Section       \BaseNamedObjects\windows_shell_global_counters

  52C: Section       \Sessions\1\BaseNamedObjects\QQ_IPC_{25573C3B-1BC6-48D8-9903-81DEF92C2211}_0

  558: File          C:\Program Files\WindowsApps\Microsoft.LanguageExperiencePackzh-CN_18362.24.72.0_neutral__8wekyb3d8bbwe\Windows\System32\zh-CN\MFC42.dll.mui

  5E8: Section       \BaseNamedObjects\__ComCatalogCache__

  5F4: Section       \BaseNamedObjects\__ComCatalogCache__

  5F8: File          C:\Windows\Registration\R00000000000d.clb

  61C: Section       \Sessions\1\BaseNamedObjects\TX_SSO_SHARE_INFO_SIZE

  620: Section       \Sessions\1\BaseNamedObjects\TX_SSO_SHARE_INFO_0

  628: Section       \Sessions\1\BaseNamedObjects\42a8HWNDInterface:709d8

  650: File          C:\Windows\Fonts\StaticCache.dat

  660: Section       \Sessions\1\BaseNamedObjects\42a8HWNDInterface:10942

  6D4: Section       \Sessions\1\BaseNamedObjects\42a8HWNDInterface:10942

  6D8: File          C:\Windows\apppatch\DirectXApps.sdb

  74C: File          C:\Program Files (x86)\Tencent\QQ\Resource.9.2.3.26683\Res.rdb

  75C: Section       \Sessions\1\BaseNamedObjects\42a8HWNDInterface:209e4

  760: File          C:\Users\yanchanglong\AppData\Roaming\Tencent\QQ\Misc\Emoji\0AE88DA992DC7659123EDEF035204D20.rdb

  77C: Section       \Sessions\1\BaseNamedObjects\SessionImmersiveColorPreference

  788: Section       \Sessions\1\BaseNamedObjects\com.tencent.sg.openiduin

  78C: File          C:\Program Files\WindowsApps\Microsoft.LanguageExperiencePackzh-CN_18362.24.72.0_neutral__8wekyb3d8bbwe\Windows\System32\zh-CN\kernel32.dll.mui

  7E0: Section       \Sessions\1\BaseNamedObjects\42a8HWNDInterface:360bba

  9E0: File          C:\Users\yanchanglong\AppData\Local\Microsoft\Windows\Explorer\iconcache_idx.db

  A60: File          C:\Program Files\WindowsApps\Microsoft.LanguageExperiencePackzh-CN_18362.24.72.0_neutral__8wekyb3d8bbwe\Windows\System32\zh-CN\winnlsres.dll.mui

  A68: File          C:\Program Files\WindowsApps\Microsoft.LanguageExperiencePackzh-CN_18362.24.72.0_neutral__8wekyb3d8bbwe\Windows\System32\zh-CN\dui70.dll.mui

  AA0: File          C:\Program Files\WindowsApps\Microsoft.LanguageExperiencePackzh-CN_18362.24.72.0_neutral__8wekyb3d8bbwe\Windows\System32\zh-CN\KernelBase.dll.mui

  AC0: File          C:\Windows\SysWOW64

  AE4: Section       \Sessions\1\BaseNamedObjects\com.tencent.sg.oidmm

  BB4: File          C:\Users\yanchanglong\Documents\Tencent Files\1465598231\QQ\Registry.db

  BB8: File          C:\Users\yanchanglong\Documents\Tencent Files\1465598231\QQ\Registry.db

  BD0: File          C:\Windows\Fonts\segoeui.ttf

  BD4: File          C:\Users\yanchanglong\Documents\Tencent Files\1465598231\Info.db

  C50: File          C:\Users\yanchanglong\Documents\Tencent Files\1465598231\CustomFace.dbc

  C54: File          C:\Users\yanchanglong\AppData\Roaming\Tencent\Users\1465598231\QQ\Misc.db

  C5C: File          C:\Users\yanchanglong\Documents\Tencent Files\1465598231\CustomFace.db

  C60: File          C:\Users\yanchanglong\Documents\Tencent Files\1465598231\FaceStore.db

  C70: File          C:\Users\yanchanglong\Documents\Tencent Files\1465598231

  C8C: File          C:\Windows\WinSxS\x86_microsoft.windows.common-controls_6595b64144ccf1df_6.0.18362.778_none_2e73ee38278978be

  CB0: File          C:\Users\yanchanglong\Documents\Tencent Files\1465598231\Msg3.0.db

  CD0: File          C:\Users\yanchanglong\Documents\Tencent Files\1465598231\QQ\Registry2.0.db

  D1C: File          C:\Users\yanchanglong\Documents\Tencent Files\1465598231\Registry.db

  D20: File          C:\Users\yanchanglong\Documents\Tencent Files\1465598231\Registry.db

  D3C: Section       \Sessions\1\BaseNamedObjects\42a8HWNDInterface:4907e6

  D68: File          C:\Users\yanchanglong\Documents\Tencent Files\1465598231\Misc.db

  D70: File          C:\Program Files (x86)\Tencent\QQ\Resource.9.2.3.26683\Data.rdb

  D8C: File          C:\Program Files\WindowsApps\Microsoft.LanguageExperiencePackzh-CN_18362.24.72.0_neutral__8wekyb3d8bbwe\Windows\System32\zh-CN\crypt32.dll.mui

  D90: File          C:\Windows\WinSxS\x86_microsoft.windows.common-controls_6595b64144ccf1df_6.0.18362.778_none_2e73ee38278978be

  D9C: File          C:\Users\yanchanglong\Documents\Tencent Files\1465598231\GroupActiveStatus.db

  DB0: File          C:\Windows\WinSxS\x86_microsoft.windows.common-controls_6595b64144ccf1df_6.0.18362.778_none_2e73ee38278978be

  DBC: Section       \Sessions\1\BaseNamedObjects\windows_webcache_counters_{9B6AB5B3-91BC-4097-835C-EA2DEC95E9CC}_S-1-5-21-894610241-3031673652-807083418-1001

  E64: Section       \Sessions\1\BaseNamedObjects\42a8HWNDInterface:3a0f76

  E84: Section       \BaseNamedObjects\F932B6C7-3A20-46A0-B8A0-8894AA421973

  E88: Section       \Sessions\1\BaseNamedObjects\42a8HWNDInterface:10962

  E8C: Section       \Sessions\1\BaseNamedObjects\42a8HWNDInterface:1095e

  E90: Section       \Sessions\1\BaseNamedObjects\42a8HWNDInterface:10962

  E94: Section       \Sessions\1\BaseNamedObjects\42a8HWNDInterface:1095e

  EF4: Section       \Sessions\1\BaseNamedObjects\UrlZonesSM_yanchanglong

  F04: Section       \Sessions\1\BaseNamedObjects\42a8HWNDInterface:10958

  F08: Section       \Sessions\1\BaseNamedObjects\42a8HWNDInterface:209e6

  F20: Section       \Sessions\1\BaseNamedObjects\42a8HWNDInterface:a0860

  F38: Section       \Sessions\1\BaseNamedObjects\42a8HWNDInterface:3a17ac

  F44: Section       \Sessions\1\BaseNamedObjects\42a8HWNDInterface:10958

  F64: Section       \Sessions\1\BaseNamedObjects\42a8HWNDInterface:a0860

  F70: File          C:\Program Files (x86)\Tencent\QQ\Resource.9.2.3.26683\Res.rdb

  FE8: File          C:\Users\yanchanglong\Documents\Tencent Files\1465598231\Msg3.0.db-journal

 1068: File          C:\Users\yanchanglong\Documents\Tencent Files\All Users\Registry.db

 1074: Section       \Sessions\1\BaseNamedObjects\42a8HWNDInterface:1095c

 1084: Section       \Sessions\1\BaseNamedObjects\42a8HWNDInterface:1095c

 10C8: File          C:\Program Files (x86)\Tencent\QQ\Resource.9.2.3.26683\Themes\Default.rdb

 10D8: Section       \Sessions\1\BaseNamedObjects\42a8HWNDInterface:10964

 10DC: Section       \Sessions\1\BaseNamedObjects\42a8HWNDInterface:10964

 10E4: Section       \Sessions\1\BaseNamedObjects\QQ_17064_RECV_DATA_QUEUE_SPQ_SHAREMEMORY

 1128: Section       \Sessions\1\BaseNamedObjects\42a8HWNDInterface:4a0da0

 1174: Section       \Sessions\1\BaseNamedObjects\QQ_Exit_Info_FileMapping_1465598231

 1178: File          C:\Windows\Fonts\msyh.ttc

 1194: File          C:\Users\yanchanglong\Desktop

 1198: File          C:\Windows\Fonts\seguisym.ttf

 11B8: File          C:\Users\yanchanglong\Documents\Tencent Files\1465598231\DocImport.db

 11C4: Section       \Sessions\1\BaseNamedObjects\42a8HWNDInterface:5b0f50

 11C8: Section       \Sessions\1\BaseNamedObjects\42a8HWNDInterface:20914

 11CC: Section       \Sessions\1\BaseNamedObjects\42a8HWNDInterface:10972

 11D4: Section       \Sessions\1\BaseNamedObjects\42a8HWNDInterface:20914

 11D8: File          C:\Program Files (x86)\Tencent\QQ\Plugin\Com.Tencent.Weather\Bundle.rdb

 11E8: File          C:\Users\yanchanglong\Documents\Tencent Files\1465598231\FileInfo.db

 1200: File          C:\Users\yanchanglong\Documents\Tencent Files\1465598231\PubAcc2.0.db

 1204: File          C:\Users\yanchanglong\Documents\Tencent Files\1465598231\Msg3.0index.db

 120C: Section       \Sessions\1\BaseNamedObjects\_SIZEOF_TXACTSAFETYLIST

 1218: Section       \Sessions\1\BaseNamedObjects\42a8HWNDInterface:10972

 1220: Section       \Sessions\1\BaseNamedObjects\TXACTSAFETYLIST

 1224: File          C:\Users\yanchanglong\Documents\Tencent Files\1465598231\Msg3.0index.db-journal

 1244: File          C:\Users\yanchanglong\Documents\Tencent Files\1465598231\RE.db

 1270: Section       \Sessions\1\BaseNamedObjects\42a8HWNDInterface:2308c6

 13DC: File          C:\Users\yanchanglong\Documents\Tencent Files\1465598231\FileShare1.0.db

 140C: Section       \Sessions\1\BaseNamedObjects\42a8HWNDInterface:808c4

 141C: Section       \Sessions\1\BaseNamedObjects\42a8HWNDInterface:209de

 1420: File          C:\Program Files (x86)\Tencent\QQ\Resource.9.2.3.26683\Themes\Default.rdb

 1440: File          C:\Users\yanchanglong\Documents\Tencent Files\1465598231\MyCollection\mc3fts.db

 1450: Section       \Sessions\1\BaseNamedObjects\42a8HWNDInterface:309e2

 1458: Section       \Sessions\1\BaseNamedObjects\42a8HWNDInterface:4b11e0

 1484: File          C:\Windows\System32\drivers\etc

 1488: Section       \Sessions\1\BaseNamedObjects\42a8HWNDInterface:709da

 149C: Section       \Sessions\1\BaseNamedObjects\42a8HWNDInterface:220796

 14C8: File          C:\Windows\Fonts\seguiemj.ttf

 14E4: Section       \Sessions\1\BaseNamedObjects\42a8HWNDInterface:309e2

 14EC: Section       \Sessions\1\BaseNamedObjects\42a8HWNDInterface:30077a

 14F0: Section       \Sessions\1\BaseNamedObjects\42a8HWNDInterface:709da

 14F4: Section       \Sessions\1\BaseNamedObjects\42a8HWNDInterface:e0c80

 1504: Section       \Sessions\1\BaseNamedObjects\42a8HWNDInterface:7d0c02

 151C: Section       \Sessions\1\BaseNamedObjects\42a8HWNDInterface:170cfa

 1528: Section       \Sessions\1\BaseNamedObjects\42a8HWNDInterface:209e4

 154C: Section       \Sessions\1\BaseNamedObjects\42a8HWNDInterface:141048

 1580: File          C:\Users\yanchanglong\Documents\Tencent Files\1465598231\DocImport.db-journal

 158C: Section       \Sessions\1\BaseNamedObjects\42a8HWNDInterface:808c4

 1598: File          C:\Users\yanchanglong\Documents\Tencent Files\1465598231\QQ\Registry2.0.db-journal

 159C: File          C:\Users\yanchanglong\Documents\Tencent Files\1465598231\GroupActiveStatus.db-journal

 15BC: File          C:\Users\yanchanglong\Documents\Tencent Files\1465598231\MiscHead.db

 1630: Section       \Sessions\1\BaseNamedObjects\C:*ProgramData*Microsoft*Windows*Caches*cversions.2.ro

 1634: Section       \Sessions\1\BaseNamedObjects\C:*ProgramData*Microsoft*Windows*Caches*{6AF0698E-D558-4F6E-9B3C-3716689AF493}.2.ver0x0000000000000001.db

 1638: Section       \Sessions\1\BaseNamedObjects\C:*ProgramData*Microsoft*Windows*Caches*cversions.2.ro

 163C: Section       \Sessions\1\BaseNamedObjects\C:*ProgramData*Microsoft*Windows*Caches*{DDF571F2-BE98-426D-8288-1A9A39C3FDA2}.2.ver0x0000000000000001.db

 1640: File          C:\Program Files\WindowsApps\Microsoft.LanguageExperiencePackzh-CN_18362.24.72.0_neutral__8wekyb3d8bbwe\Windows\System32\zh-CN\propsys.dll.mui

 1654: File          C:\Users\yanchanglong\AppData\Roaming\Tencent\Users\1465598231\QQ\Temp.db

 16D0: File          C:\Program Files\WindowsApps\Microsoft.LanguageExperiencePackzh-CN_18362.24.72.0_neutral__8wekyb3d8bbwe\Windows\System32\zh-CN\rasapi32.dll.mui

 1720: File          C:\Program Files (x86)\Tencent\QQ\Resource.9.2.3.26683\Xtml.rdb

 1740: Section       \Sessions\1\BaseNamedObjects\42a8HWNDInterface:209de

 1788: File          C:\Program Files (x86)\Tencent\QQ\Plugin\Com.Tencent.Qzone\Bundle.rdb

 178C: Section       \Sessions\1\BaseNamedObjects\42a8HWNDInterface:709d8

 1794: Section       \Sessions\1\BaseNamedObjects\C:*ProgramData*Microsoft*Windows*Caches*cversions.2.ro

 17A0: File          C:\Users\yanchanglong\Documents\Tencent Files\1465598231\MyCollection\mc3.db

 17E4: Section       \Sessions\1\BaseNamedObjects\42a8HWNDInterface:2615f2

 17EC: File          C:\Users\yanchanglong\Documents\Tencent Files\1465598231\GroupCollection\gc3.db

 17F8: File          C:\Users\yanchanglong\Documents\Tencent Files\1465598231\MyCollection\mc3.db

 185C: File          C:\Program Files (x86)\Tencent\QQ\Plugin\Com.Tencent.Wireless\Bundle.rdb

 1868: Section       \Sessions\1\BaseNamedObjects\42a8HWNDInterface:a0b9c

 1874: Section       \Sessions\1\BaseNamedObjects\42a8HWNDInterface:506ce

 187C: File          C:\Users\yanchanglong\Documents\Tencent Files\1465598231\Image\Group2\NO\IS\NOIS0Z`L{L3TO72ZHHGF4RJ.gif

 1880: File          C:\Program Files\WindowsApps\Microsoft.LanguageExperiencePackzh-CN_18362.24.72.0_neutral__8wekyb3d8bbwe\Windows\System32\zh-CN\msctfuimanager.dll.mui

 18BC: Section       \Sessions\1\BaseNamedObjects\42a8HWNDInterface:760848

 1910: File          C:\Program Files\WindowsApps\Microsoft.LanguageExperiencePackzh-CN_18362.24.72.0_neutral__8wekyb3d8bbwe\Windows\System32\zh-CN\MMDevAPI.dll.mui

 1940: Section       \Sessions\1\BaseNamedObjects\RenderService_26472_QQ_17064_282_SB_SHAREMEMORY_250_152

 1948: Section       \Sessions\1\BaseNamedObjects\42a8HWNDInterface:231568

 194C: Section       \Sessions\1\BaseNamedObjects\42a8HWNDInterface:de13da

 1950: Section       \Sessions\1\BaseNamedObjects\42a8HWNDInterface:e01412

 1960: File          C:\Program Files (x86)\Tencent\QQ\Misc\CSC\2052\CSC.rdb

 1968: Section       \Sessions\1\BaseNamedObjects\42a8HWNDInterface:2308c6

 198C: Section       \Sessions\1\BaseNamedObjects\42a8HWNDInterface:210e02

 19A0: Section       \Sessions\1\BaseNamedObjects\42a8HWNDInterface:606d8

 19B4: File          C:\Users\yanchanglong\Documents\Tencent Files\1465598231\RecommendFace\RecommendFaceCfg.dbc

 19BC: Section       \Sessions\1\BaseNamedObjects\42a8HWNDInterface:410aa6

 19C4: File          C:\Program Files (x86)\Tencent\QQ\Plugin\Com.Tencent.Mail\Bundle.rdb

 19D0: Section       \Sessions\1\BaseNamedObjects\42a8HWNDInterface:3b0f36

 19D8: Section       \Sessions\1\BaseNamedObjects\RenderService_26472_RECV_DATA_QUEUE_SPQ_SHAREMEMORY

 19E4: File          C:\Users\yanchanglong\Documents\Tencent Files\1465598231\Audio\AudioInfo\PTTInfo.db

 1A38: Section       \Sessions\1\BaseNamedObjects\42a8HWNDInterface:6905d8

 1A40: File          C:\Program Files\WindowsApps\Microsoft.LanguageExperiencePackzh-CN_18362.24.72.0_neutral__8wekyb3d8bbwe\Windows\System32\zh-CN\schannel.dll.mui

 1A60: Section       \Sessions\1\BaseNamedObjects\42a8HWNDInterface:af005c

 1A64: File          C:\Program Files (x86)\Tencent\QQ\Plugin\Com.Tencent.MMOG\Bundle.rdb

 1A88: Section       \Sessions\1\BaseNamedObjects\42a8HWNDInterface:9163c

 1A8C: File          C:\Users\yanchanglong\AppData\Local\Microsoft\Windows\Explorer\thumbcache_idx.db

 1AA0: Section       \Sessions\1\BaseNamedObjects\DeftBws_17064_35862515

 1AA8: Section       \Sessions\1\BaseNamedObjects\42a8HWNDInterface:1a60870

 1AF8: File          C:\Program Files\WindowsApps\Microsoft.LanguageExperiencePackzh-CN_18362.24.72.0_neutral__8wekyb3d8bbwe\Windows\System32\zh-CN\comdlg32.dll.mui

 1B00: Section       \Sessions\1\BaseNamedObjects\42a8HWNDInterface:210e02

 1B1C: File          C:\Windows\Fonts\seguihis.ttf

 1B28: Section       \Sessions\1\BaseNamedObjects\42a8HWNDInterface:1c0794

 1B48: File          C:\Program Files\WindowsApps\Microsoft.LanguageExperiencePackzh-CN_18362.24.72.0_neutral__8wekyb3d8bbwe\Windows\System32\zh-CN\wininet.dll.mui

 1B54: File          C:\Program Files\WindowsApps\Microsoft.LanguageExperiencePackzh-CN_18362.24.72.0_neutral__8wekyb3d8bbwe\Windows\System32\zh-CN\oleaccrc.dll.mui

 1B60: Section       \Sessions\1\BaseNamedObjects\42a8HWNDInterface:1b110e

 1B78: File          C:\Program Files\WindowsApps\Microsoft.LanguageExperiencePackzh-CN_18362.24.72.0_neutral__8wekyb3d8bbwe\Windows\System32\zh-CN\ole32.dll.mui

 1B8C: File          C:\Windows\WinSxS\x86_microsoft.windows.common-controls_6595b64144ccf1df_6.0.18362.778_none_2e73ee38278978be

 1BC8: File          C:\Users\yanchanglong\Documents\Tencent Files\1465598231\RE.db-journal

 1BE0: File          C:\Program Files\WindowsApps\Microsoft.LanguageExperiencePackzh-CN_18362.24.72.0_neutral__8wekyb3d8bbwe\Windows\System32\zh-CN\setupapi.dll.mui

 1C28: Section       \Sessions\1\BaseNamedObjects\42a8HWNDInterface:a0b9c

 1C38: Section       \Sessions\1\BaseNamedObjects\42a8HWNDInterface:24073a

 1C58: Section       \Sessions\1\BaseNamedObjects\42a8HWNDInterface:271076

 1C60: Section       \Sessions\1\BaseNamedObjects\OpenKillMsgMapping

 1C68: Section       \Sessions\1\BaseNamedObjects\42a8HWNDInterface:360bba

 1C9C: Section       \Sessions\1\BaseNamedObjects\42a8HWNDInterface:7b161c

 1CCC: Section       \Sessions\1\BaseNamedObjects\42a8HWNDInterface:170cfa

 1CEC: Section       \Sessions\1\BaseNamedObjects\42a8HWNDInterface:4b11e0

 1CF4: Section       \Sessions\1\BaseNamedObjects\42a8HWNDInterface:de13da

 1D38: Section       \Sessions\1\BaseNamedObjects\42a8HWNDInterface:eb0d06

 1D3C: File          C:\Program Files\WindowsApps\Microsoft.LanguageExperiencePackzh-CN_18362.24.72.0_neutral__8wekyb3d8bbwe\Windows\System32\zh-CN\devenum.dll.mui

 1D40: Section       \Sessions\1\BaseNamedObjects\42a8HWNDInterface:3f129a

 1D6C: Section       \Sessions\1\BaseNamedObjects\42a8HWNDInterface:3b0f36

 1D80: File          C:\Program Files\WindowsApps\Microsoft.LanguageExperiencePackzh-CN_18362.24.72.0_neutral__8wekyb3d8bbwe\Windows\System32\zh-CN\gpapi.dll.mui

 1D84: File          C:\Program Files (x86)\Tencent\QQ\Plugin\Com.Tencent.AudioVideo\Bundle.rdb

 1DCC: File          C:\Program Files\WindowsApps\Microsoft.LanguageExperiencePackzh-CN_18362.24.72.0_neutral__8wekyb3d8bbwe\Windows\System32\zh-CN\mlang.dll.mui

 1DD4: File          C:\Program Files\WindowsApps\Microsoft.LanguageExperiencePackzh-CN_18362.24.72.0_neutral__8wekyb3d8bbwe\Windows\System32\zh-CN\uxtheme.dll.mui

 1DEC: File          C:\Users\yanchanglong\AppData\Roaming\Tencent\QQ\webkit_cache\1465598231\Cookies-journal

 1DF0: File          C:\Windows\Fonts\tahoma.ttf

 1DF4: File          C:\Windows\WinSxS\x86_microsoft.windows.common-controls_6595b64144ccf1df_6.0.18362.778_none_2e73ee38278978be

 1E04: Section       \Sessions\1\BaseNamedObjects\42a8HWNDInterface:606d8

 1E18: Section       \Sessions\1\BaseNamedObjects\42a8HWNDInterface:1b104a

 1E58: Section       \Sessions\1\BaseNamedObjects\42a8HWNDInterface:4f05f6

 1E8C: File          C:\Program Files (x86)\Tencent\QQ\Bin\snapshot_blob.bin

 1E90: File          C:\Program Files\WindowsApps\Microsoft.LanguageExperiencePackzh-CN_18362.24.72.0_neutral__8wekyb3d8bbwe\Windows\System32\zh-CN\vfwwdm32.dll.mui

 1EB4: File          C:\Windows\WinSxS\x86_microsoft.windows.common-controls_6595b64144ccf1df_6.0.18362.778_none_2e73ee38278978be

 1EBC: Section       \Sessions\1\BaseNamedObjects\42a8HWNDInterface:2514be

 1EE8: File          C:\Program Files\WindowsApps\Microsoft.LanguageExperiencePackzh-CN_18362.24.72.0_neutral__8wekyb3d8bbwe\Windows\System32\zh-CN\mfplat.dll.mui

 1EF4: Section       \Sessions\1\BaseNamedObjects\com.tencent.sg.oidmm

 1F3C: File          C:\Program Files\WindowsApps\Microsoft.LanguageExperiencePackzh-CN_18362.24.72.0_neutral__8wekyb3d8bbwe\Windows\System32\zh-CN\explorerframe.dll.mui

 1F44: Section       \Sessions\1\BaseNamedObjects\42a8HWNDInterface:3310f2

 1F50: Section       \Sessions\1\BaseNamedObjects\42a8HWNDInterface:b0696

 1F58: Section       \Sessions\1\BaseNamedObjects\42a8HWNDInterface:6f12c4

 1F60: File          C:\Program Files\WindowsApps\Microsoft.LanguageExperiencePackzh-CN_18362.24.72.0_neutral__8wekyb3d8bbwe\Windows\System32\zh-CN\dnsapi.dll.mui

 1F78: Section       \Sessions\1\BaseNamedObjects\42a8HWNDInterface:506ce

 1F7C: Section       \Sessions\1\BaseNamedObjects\42a8HWNDInterface:24073a

 1F88: Section       \Sessions\1\BaseNamedObjects\42a8HWNDInterface:6905d8

 1F9C: Section       \Sessions\1\BaseNamedObjects\42a8HWNDInterface:220796

 1FA0: Section       \Sessions\1\BaseNamedObjects\RTSSSharedMemoryV2

 1FE0: Section       \Sessions\1\BaseNamedObjects\42a8HWNDInterface:270d66

 1FF8: File          C:\Windows\WinSxS\x86_microsoft.windows.common-controls_6595b64144ccf1df_6.0.18362.778_none_2e73ee38278978be

 2010: Section       \Sessions\1\BaseNamedObjects\42a8HWNDInterface:3417ca

 2020: Section       \Sessions\1\BaseNamedObjects\42a8HWNDInterface:12076c

 2038: Section       \Sessions\1\BaseNamedObjects\42a8HWNDInterface:7d0c02

 204C: Section       \Sessions\1\BaseNamedObjects\42a8HWNDInterface:2514be

 2058: File          C:\Program Files\WindowsApps\Microsoft.LanguageExperiencePackzh-CN_18362.24.72.0_neutral__8wekyb3d8bbwe\Windows\System32\zh-CN\ntshrui.dll.mui

 207C: Section       \Sessions\1\BaseNamedObjects\42a8HWNDInterface:c111a4

 208C: Section       \Sessions\1\BaseNamedObjects\42a8HWNDInterface:12076c

 20A0: Section       \Sessions\1\BaseNamedObjects\42a8HWNDInterface:e0c80

 20AC: Section       \Sessions\1\BaseNamedObjects\42a8HWNDInterface:5b15e2

 20D0: File          C:\Users\yanchanglong\Documents\Tencent Files\1465598231\Thumbnails.db

 2114: Section       \Sessions\1\BaseNamedObjects\42a8HWNDInterface:1c16a6

 2128: File          C:\Users\yanchanglong\AppData\LocalLow\360WD\wdch.dat

 212C: Section       \Sessions\1\BaseNamedObjects\42a8HWNDInterface:30077a

 2140: Section       \Sessions\1\BaseNamedObjects\42a8HWNDInterface:760848

 2148: Section       \Sessions\1\BaseNamedObjects\42a8HWNDInterface:7d119a

 2150: Section       \Sessions\1\BaseNamedObjects\com.tencent.sg.oidmm

 2164: Section       \Sessions\1\BaseNamedObjects\42a8HWNDInterface:231568

 2174: File          C:\Windows\WinSxS\x86_microsoft.windows.c..-controls.resources_6595b64144ccf1df_6.0.18362.778_zh-cn_a405a18b3b5184bd\comctl32.dll.mui

 217C: File          C:\Program Files\WindowsApps\Microsoft.LanguageExperiencePackzh-CN_18362.24.72.0_neutral__8wekyb3d8bbwe\Windows\System32\zh-CN\iphlpapi.dll.mui

 2180: Section       \Sessions\1\BaseNamedObjects\42a8HWNDInterface:b0696

 2184: Section       \Sessions\1\BaseNamedObjects\42a8HWNDInterface:4a0da0

 2198: Section       \Sessions\1\BaseNamedObjects\42a8HWNDInterface:450894

 21A8: File          C:\Program Files\WindowsApps\Microsoft.LanguageExperiencePackzh-CN_18362.24.72.0_neutral__8wekyb3d8bbwe\Windows\System32\zh-CN\dsound.dll.mui

 21B4: Section       \Sessions\1\BaseNamedObjects\RenderService_26472_QQ_17064_66_SB_SHAREMEMORY_250_196

 21FC: Section       \Sessions\1\BaseNamedObjects\42a8HWNDInterface:271076

 2204: Section       \Sessions\1\BaseNamedObjects\42a8HWNDInterface:f16bc

 223C: Section       \Sessions\1\BaseNamedObjects\42a8HWNDInterface:270e9a

 2240: Section       \Sessions\1\BaseNamedObjects\42a8HWNDInterface:3310f2

 2268: File          C:\Program Files\WindowsApps\Microsoft.LanguageExperiencePackzh-CN_18362.24.72.0_neutral__8wekyb3d8bbwe\Windows\System32\zh-CN\rpcrt4.dll.mui

 226C: Section       \Sessions\1\BaseNamedObjects\42a8HWNDInterface:3f129a

 227C: Section       \Sessions\1\BaseNamedObjects\42a8HWNDInterface:1c0794

 2288: File          C:\Windows\WinSxS\x86_microsoft.windows.c..-controls.resources_6595b64144ccf1df_6.0.18362.778_zh-cn_a405a18b3b5184bd

 22A8: Section       \Sessions\1\BaseNamedObjects\42a8HWNDInterface:14177a

 22C4: Section       \Sessions\1\BaseNamedObjects\42a8HWNDInterface:4d14b8

 22DC: File          C:\Program Files\WindowsApps\Microsoft.LanguageExperiencePackzh-CN_18362.24.72.0_neutral__8wekyb3d8bbwe\Windows\System32\zh-CN\combase.dll.mui

 22F4: Section       \Sessions\1\BaseNamedObjects\42a8HWNDInterface:270e9a

 2314: Section       \Sessions\1\BaseNamedObjects\42a8HWNDInterface:1b104a

 2330: Section       \Sessions\1\BaseNamedObjects\42a8HWNDInterface:410aa6

 235C: Section       \Sessions\1\BaseNamedObjects\42a8HWNDInterface:390fc8

 2364: Section       \Sessions\1\BaseNamedObjects\42a8HWNDInterface:1b110e

 2370: Section       \Sessions\1\BaseNamedObjects\42a8HWNDInterface:380a08

 23BC: Section       \Sessions\1\BaseNamedObjects\42a8HWNDInterface:1a60870

 23C0: File          C:\Program Files\WindowsApps\Microsoft.LanguageExperiencePackzh-CN_18362.24.72.0_neutral__8wekyb3d8bbwe\Windows\System32\zh-CN\SHCore.dll.mui

 23C4: Section       \Sessions\1\BaseNamedObjects\42a8HWNDInterface:270d66

 23DC: Section       \Sessions\1\BaseNamedObjects\42a8HWNDInterface:390fc8

 2414: Section       \Sessions\1\BaseNamedObjects\42a8HWNDInterface:450894

 241C: File          C:\Program Files\WindowsApps\Microsoft.LanguageExperiencePackzh-CN_18362.24.72.0_neutral__8wekyb3d8bbwe\Windows\System32\zh-CN\shlwapi.dll.mui

 2428: File          C:\Program Files\WindowsApps\Microsoft.LanguageExperiencePackzh-CN_18362.24.72.0_neutral__8wekyb3d8bbwe\Windows\System32\zh-CN\d2d1.dll.mui

 242C: Section       \Sessions\1\BaseNamedObjects\42a8HWNDInterface:3a17ac

 2454: Section       \Sessions\1\BaseNamedObjects\42a8HWNDInterface:4d14b8

 2458: Section       \Sessions\1\BaseNamedObjects\42a8HWNDInterface:c70f5e

 2464: Section       \Sessions\1\BaseNamedObjects\42a8HWNDInterface:851132

 2468: Section       \Sessions\1\BaseNamedObjects\com.tencent.sg.oidmm

 246C: Section       \Sessions\1\BaseNamedObjects\RenderService_26472_QQ_17064_225_SB_SHAREMEMORY_248_281

 2474: Section       \Sessions\1\BaseNamedObjects\42a8HWNDInterface:e01412

 2478: Section       \Sessions\1\BaseNamedObjects\42a8HWNDInterface:5b15e2

 2484: File          C:\Program Files (x86)\Tencent\QQ\Bin\natives_blob.bin

 2488: Section       \Sessions\1\BaseNamedObjects\42a8HWNDInterface:7d14c0

 248C: File          C:\Program Files\WindowsApps\Microsoft.LanguageExperiencePackzh-CN_18362.24.72.0_neutral__8wekyb3d8bbwe\Windows\System32\zh-CN\winhttp.dll.mui

 249C: Section       \Sessions\1\BaseNamedObjects\42a8HWNDInterface:360f96

 24A8: Section       \Sessions\1\BaseNamedObjects\RenderService_26472_QQ_17064_241_SB_SHAREMEMORY_248_281

 24D0: File          D:\WORKING\????

 2500: Section       \Sessions\1\BaseNamedObjects\42a8HWNDInterface:2716f0

 2504: File          C:\Program Files (x86)\Tencent\QQ\Bin\locales\zh-CN.pak

 251C: Section       \Sessions\1\BaseNamedObjects\42a8HWNDInterface:291498

 2524: Section       \Sessions\1\BaseNamedObjects\windows_ie_global_counters

 253C: File          C:\Windows\SystemResources\shell32.dll.mun

 2540: Section       \Sessions\1\BaseNamedObjects\42a8HWNDInterface:851132

 2544: File          C:\Program Files\WindowsApps\Microsoft.LanguageExperiencePackzh-CN_18362.24.72.0_neutral__8wekyb3d8bbwe\Windows\System32\zh-CN\mskeyprotect.dll.mui

 2550: File          C:\Program Files\WindowsApps\Microsoft.LanguageExperiencePackzh-CN_18362.24.72.0_neutral__8wekyb3d8bbwe\Windows\System32\zh-CN\pnrpnsp.dll.mui

 2554: Section       \Sessions\1\BaseNamedObjects\42a8HWNDInterface:7d119a

 2560: Section       \Sessions\1\BaseNamedObjects\42a8HWNDInterface:8c078e

 2578: File          C:\Program Files\WindowsApps\Microsoft.LanguageExperiencePackzh-CN_18362.24.72.0_neutral__8wekyb3d8bbwe\Windows\System32\zh-CN\drprov.dll.mui

 257C: Section       \Sessions\1\BaseNamedObjects\42a8HWNDInterface:4d105a

 2594: File          C:\Windows\SystemResources\ExplorerFrame.dll.mun

 25A8: File          C:\Windows\WinSxS\x86_microsoft.windows.common-controls_6595b64144ccf1df_6.0.18362.778_none_2e73ee38278978be

 25D8: Section       \Sessions\1\BaseNamedObjects\42a8HWNDInterface:7409e0

 25F0: File          C:\Program Files\WindowsApps\Microsoft.LanguageExperiencePackzh-CN_18362.24.72.0_neutral__8wekyb3d8bbwe\Windows\System32\zh-CN\wlanapi.dll.mui

 25F8: File          C:\Program Files (x86)\Tencent\QQ\Resource.9.2.3.26683\Data.rdb

 261C: Section       \Sessions\1\BaseNamedObjects\42a8HWNDInterface:270e24

 2644: Section       \Sessions\1\BaseNamedObjects\42a8HWNDInterface:34066a

 2668: Section       \Sessions\1\BaseNamedObjects\42a8HWNDInterface:360f96

 267C: File          C:\Program Files\WindowsApps\Microsoft.LanguageExperiencePackzh-CN_18362.24.72.0_neutral__8wekyb3d8bbwe\Windows\System32\zh-CN\wshqos.dll.mui

 2680: File          C:\Program Files\WindowsApps\Microsoft.LanguageExperiencePackzh-CN_18362.24.72.0_neutral__8wekyb3d8bbwe\Windows\System32\zh-CN\ntlanman.dll.mui

 2688: File          C:\Program Files\WindowsApps\Microsoft.LanguageExperiencePackzh-CN_18362.24.72.0_neutral__8wekyb3d8bbwe\Windows\System32\zh-CN\mswsock.dll.mui

 2690: Section       \Sessions\1\BaseNamedObjects\42a8HWNDInterface:3e1552

 269C: File          C:\Program Files\WindowsApps\Microsoft.LanguageExperiencePackzh-CN_18362.24.72.0_neutral__8wekyb3d8bbwe\Windows\System32\zh-CN\dhcpcsvc6.dll.mui

 26A4: File          C:\Program Files\WindowsApps\Microsoft.LanguageExperiencePackzh-CN_18362.24.72.0_neutral__8wekyb3d8bbwe\Windows\System32\zh-CN\sxs.dll.mui

 26A8: File          C:\Windows\WinSxS\x86_microsoft.windows.common-controls_6595b64144ccf1df_6.0.18362.778_none_2e73ee38278978be

 26CC: Section       \Sessions\1\BaseNamedObjects\42a8HWNDInterface:4712a0

 2750: File          C:\Program Files\WindowsApps\Microsoft.LanguageExperiencePackzh-CN_18362.24.72.0_neutral__8wekyb3d8bbwe\Windows\System32\zh-CN\bcrypt.dll.mui

 2760: Section       \Sessions\1\BaseNamedObjects\42a8HWNDInterface:610df2

 2774: Section       \Sessions\1\BaseNamedObjects\42a8HWNDInterface:261470

 27A4: File          C:\Program Files\WindowsApps\Microsoft.LanguageExperiencePackzh-CN_18362.24.72.0_neutral__8wekyb3d8bbwe\Windows\System32\zh-CN\napinsp.dll.mui

 27AC: Section       \Sessions\1\BaseNamedObjects\42a8HWNDInterface:740bd8

 27C0: File          C:\Program Files\WindowsApps\Microsoft.LanguageExperiencePackzh-CN_18362.24.72.0_neutral__8wekyb3d8bbwe\Windows\System32\zh-CN\apphelp.dll.mui

 27E0: Section       \Sessions\1\BaseNamedObjects\42a8HWNDInterface:3e1552

 27EC: File          C:\Program Files\WindowsApps\Microsoft.LanguageExperiencePackzh-CN_18362.24.72.0_neutral__8wekyb3d8bbwe\Windows\System32\zh-CN\shell32.dll.mui

 2804: File          C:\Windows\System32\zh-CN\winmmbase.dll.mui

 2818: File          C:\Program Files\WindowsApps\Microsoft.LanguageExperiencePackzh-CN_18362.24.72.0_neutral__8wekyb3d8bbwe\Windows\System32\zh-CN\powrprof.dll.mui

 2820: File          C:\Users\yanchanglong\AppData\Roaming\Tencent\QQ\webkit_cache\1465598231\Local Storage\https_web.qun.qq.com_0.localstorage

 2828: File          C:\Program Files\WindowsApps\Microsoft.LanguageExperiencePackzh-CN_18362.24.72.0_neutral__8wekyb3d8bbwe\Windows\System32\zh-CN\sppc.dll.mui

 282C: File          C:\Windows\System32\en-US\sechost.dll.mui

 2874: File          C:\Windows\WinSxS\x86_microsoft.windows.common-controls_6595b64144ccf1df_6.0.18362.778_none_2e73ee38278978be

 2880: File          C:\Program Files\WindowsApps\Microsoft.LanguageExperiencePackzh-CN_18362.24.72.0_neutral__8wekyb3d8bbwe\Windows\System32\zh-CN\windows.storage.dll.mui

 28BC: Section       \Sessions\1\BaseNamedObjects\42a8HWNDInterface:4907e6

 28CC: Section       \Sessions\1\BaseNamedObjects\42a8HWNDInterface:270e24

 28D4: File          C:\Users\yanchanglong\AppData\Local\Microsoft\Windows\Explorer\iconcache_idx.db

 28D8: Section       \Sessions\1\BaseNamedObjects\42a8HWNDInterface:91138e

 28E4: File          C:\Program Files (x86)\Tencent\QQ\Bin\qb.pak

 28E8: Section       \Sessions\1\BaseNamedObjects\42a8HWNDInterface:8d0750

 2910: File          C:\Windows\SysWOW64\en-US\rtutils.dll.mui

 2920: File          C:\Program Files\WindowsApps\Microsoft.LanguageExperiencePackzh-CN_18362.24.72.0_neutral__8wekyb3d8bbwe\Windows\System32\zh-CN\ws2_32.dll.mui

 2930: File          C:\Program Files\WindowsApps\Microsoft.LanguageExperiencePackzh-CN_18362.24.72.0_neutral__8wekyb3d8bbwe\Windows\System32\zh-CN\fltlib.dll.mui

 2934: Section       \Sessions\1\BaseNamedObjects\42a8HWNDInterface:261470

 294C: File          C:\Program Files\WindowsApps\Microsoft.LanguageExperiencePackzh-CN_18362.24.72.0_neutral__8wekyb3d8bbwe\Windows\System32\zh-CN\mpr.dll.mui

 29A8: Section       \Sessions\1\BaseNamedObjects\C:*ProgramData*Microsoft*Windows*Caches*{601E8F59-2494-4F5B-858C-98B965334AFA}.2.ver0x0000000000000001.db

 29B0: Section       \Sessions\1\BaseNamedObjects\C:*ProgramData*Microsoft*Windows*Caches*cversions.2.ro

 29B4: Section       \Sessions\1\BaseNamedObjects\42a8HWNDInterface:291498

 29C0: File          C:\Program Files (x86)\Tencent\QQ\Bin\qb_100_percent.pak

 29C8: File          C:\Program Files\WindowsApps\Microsoft.LanguageExperiencePackzh-CN_18362.24.72.0_neutral__8wekyb3d8bbwe\Windows\System32\zh-CN\iertutil.dll.mui

 29CC: File          C:\Program Files\WindowsApps\Microsoft.LanguageExperiencePackzh-CN_18362.24.72.0_neutral__8wekyb3d8bbwe\Windows\System32\zh-CN\DWrite.dll.mui

 29D4: File          C:\Users\yanchanglong\AppData\Local\Microsoft\Windows\Explorer\iconcache_16.db

 29DC: Section       \Sessions\1\BaseNamedObjects\42a8HWNDInterface:3815fe

 29E8: Section       \Sessions\1\BaseNamedObjects\42a8HWNDInterface:4d105a

 29FC: File          C:\Users\yanchanglong\AppData\Roaming\Tencent\QQ\webkit_cache\1465598231\Local Storage\https_pan.qun.qq.com_0.localstorage

 2A04: File          C:\Program Files\WindowsApps\Microsoft.LanguageExperiencePackzh-CN_18362.24.72.0_neutral__8wekyb3d8bbwe\Windows\System32\zh-CN\urlmon.dll.mui

 2A0C: Section       \Sessions\1\BaseNamedObjects\42a8HWNDInterface:1317a8

 2A18: Section       \Sessions\1\BaseNamedObjects\42a8HWNDInterface:9163c

 2A2C: Section       \Sessions\1\BaseNamedObjects\42a8HWNDInterface:2615f2

 2A3C: Section       \Sessions\1\BaseNamedObjects\42a8HWNDInterface:c70f5e

 2A44: Section       \Sessions\1\BaseNamedObjects\42a8HWNDInterface:860508

 2A48: Section       \Sessions\1\BaseNamedObjects\42a8HWNDInterface:4c0df6

 2A6C: Section       \Sessions\1\BaseNamedObjects\42a8HWNDInterface:4d0cee

 2A70: Section       \Sessions\1\BaseNamedObjects\42a8HWNDInterface:5b0f50

 2A74: Section       \Sessions\1\BaseNamedObjects\42a8HWNDInterface:6d0e86

 2A78: Section       \Sessions\1\BaseNamedObjects\42a8HWNDInterface:eb0d06

 2A84: Section       \Sessions\1\BaseNamedObjects\42a8HWNDInterface:2f13b4

 2A90: File          C:\Program Files\WindowsApps\Microsoft.LanguageExperiencePackzh-CN_18362.24.72.0_neutral__8wekyb3d8bbwe\Windows\System32\zh-CN\ntdll.dll.mui

 2A94: Section       \Sessions\1\BaseNamedObjects\42a8HWNDInterface:7409e0

 2AB8: File          C:\Program Files\WindowsApps\Microsoft.LanguageExperiencePackzh-CN_18362.24.72.0_neutral__8wekyb3d8bbwe\Windows\System32\zh-CN\duser.dll.mui

 2ABC: Section       \Sessions\1\BaseNamedObjects\42a8HWNDInterface:c111a4

 2AD4: File          C:\Windows\Fonts\segmdl2.ttf

 2B08: Section       \Sessions\1\BaseNamedObjects\42a8HWNDInterface:860508

 2B1C: Section       \Sessions\1\BaseNamedObjects\42a8HWNDInterface:1317a8

 2B24: Section       \Sessions\1\BaseNamedObjects\42a8HWNDInterface:610df2

 2B2C: Section       \Sessions\1\BaseNamedObjects\42a8HWNDInterface:5c0c56

 2B34: File          C:\Program Files\WindowsApps\Microsoft.LanguageExperiencePackzh-CN_18362.24.72.0_neutral__8wekyb3d8bbwe\Windows\System32\zh-CN\dhcpcsvc.dll.mui

 2B3C: File          C:\Program Files\WindowsApps\Microsoft.LanguageExperiencePackzh-CN_18362.24.72.0_neutral__8wekyb3d8bbwe\Windows\System32\zh-CN\mscms.dll.mui

 2B58: File          C:\Users\yanchanglong\AppData\Local\Microsoft\Windows\Explorer\iconcache_32.db

 2B64: Section       \Sessions\1\BaseNamedObjects\42a8HWNDInterface:bf16a4

 2B80: Section       \Sessions\1\BaseNamedObjects\42a8HWNDInterface:6d0e86

 2B84: File          C:\Program Files\WindowsApps\Microsoft.LanguageExperiencePackzh-CN_18362.24.72.0_neutral__8wekyb3d8bbwe\Windows\System32\zh-CN\slc.dll.mui

 2B8C: Section       \Sessions\1\BaseNamedObjects\42a8HWNDInterface:5c0c56

 2BDC: Section       \Sessions\1\BaseNamedObjects\RenderService_26472_QQ_17064_279_SB_SHAREMEMORY_251_110

 2BF4: File          C:\Windows\System32\en-US\ntasn1.dll.mui

 2BFC: File          C:\Users\yanchanglong\AppData\Local\Microsoft\Windows\Explorer\thumbcache_16.db

 2C04: Section       \Sessions\1\BaseNamedObjects\42a8HWNDInterface:bf16a4

 2C1C: Section       \Sessions\1\BaseNamedObjects\42a8HWNDInterface:7d14c0

 2C20: File          C:\Program Files\WindowsApps\Microsoft.LanguageExperiencePackzh-CN_18362.24.72.0_neutral__8wekyb3d8bbwe\Windows\System32\zh-CN\edputil.dll.mui

 2C3C: Section       \Sessions\1\BaseNamedObjects\42a8HWNDInterface:4f05f6

 2C4C: Section       \Sessions\1\BaseNamedObjects\42a8HWNDInterface:3815fe

 2C50: File          C:\Program Files\WindowsApps\Microsoft.LanguageExperiencePackzh-CN_18362.24.72.0_neutral__8wekyb3d8bbwe\Windows\System32\zh-CN\winspool.drv.mui

 2C94: File          C:\Program Files\WindowsApps\Microsoft.LanguageExperiencePackzh-CN_18362.24.72.0_neutral__8wekyb3d8bbwe\Windows\System32\zh-CN\AppResolver.dll.mui

 2C9C: File          C:\Program Files\WindowsApps\Microsoft.LanguageExperiencePackzh-CN_18362.24.72.0_neutral__8wekyb3d8bbwe\Windows\System32\zh-CN\winmm.dll.mui

 2CA4: Section       \Sessions\1\BaseNamedObjects\42a8HWNDInterface:410b54

 2CB4: Section       \Sessions\1\BaseNamedObjects\42a8HWNDInterface:410b54

 2CBC: Section       \Sessions\1\BaseNamedObjects\42a8HWNDInterface:8d0750

 2CC0: Section       \Sessions\1\BaseNamedObjects\42a8HWNDInterface:6f12c4

 2CC4: File          C:\Users\yanchanglong\AppData\Roaming\Tencent\QQ\webkit_cache\1465598231\Cookies

 2CC8: Section       \Sessions\1\BaseNamedObjects\42a8HWNDInterface:2716f0

 2CE0: File          C:\Program Files\WindowsApps\Microsoft.LanguageExperiencePackzh-CN_18362.24.72.0_neutral__8wekyb3d8bbwe\Windows\System32\zh-CN\wintypes.dll.mui

 2CE4: Section       \Sessions\1\BaseNamedObjects\42a8HWNDInterface:4d0cee

 2D04: Section       \Sessions\1\BaseNamedObjects\42a8HWNDInterface:380a08

 2D08: File          C:\Program Files (x86)\Tencent\QQ\Bin\icudtl.dat

 2D2C: File          C:\Users\yanchanglong\AppData\Roaming\Tencent\QQ\webkit_cache\1465598231\Local Storage\https_pan.qun.qq.com_0.localstorage-journal

 2D48: Section       \Sessions\1\BaseNamedObjects\42a8HWNDInterface:4712a0

 2D54: File          C:\Users\yanchanglong\AppData\Local\Microsoft\Windows\Explorer\iconcache_32.db

 2D60: Section       \Sessions\1\BaseNamedObjects\42a8HWNDInterface:201786

 2D70: Section       \Sessions\1\BaseNamedObjects\42a8HWNDInterface:34066a

 2D88: Section       \Sessions\1\BaseNamedObjects\42a8HWNDInterface:7b161c

 2DC0: File          C:\Program Files\WindowsApps\Microsoft.LanguageExperiencePackzh-CN_18362.24.72.0_neutral__8wekyb3d8bbwe\Windows\System32\zh-CN\dwmapi.dll.mui

 2DE0: Section       \Sessions\1\BaseNamedObjects\42a8HWNDInterface:af005c

 2DE4: Section       \Sessions\1\BaseNamedObjects\42a8HWNDInterface:91138e

 2E08: File          C:\Program Files\WindowsApps\Microsoft.LanguageExperiencePackzh-CN_18362.24.72.0_neutral__8wekyb3d8bbwe\Windows\System32\zh-CN\twinapi.appcore.dll.mui

 2E14: File          C:\Windows\System32\en-US\rsaenh.dll.mui

 2E20: File          C:\Windows\Fonts

 2E3C: Section       \Sessions\1\BaseNamedObjects\RenderService_26472_QQ_17064_281_SB_SHAREMEMORY_257_136

 2E44: File          C:\Program Files\WindowsApps\Microsoft.LanguageExperiencePackzh-CN_18362.24.72.0_neutral__8wekyb3d8bbwe\Windows\System32\zh-CN\UIAutomationCore.dll.mui

 2E64: Section       \Sessions\1\BaseNamedObjects\42a8HWNDInterface:f16bc

 2E6C: Section       \Sessions\1\BaseNamedObjects\42a8HWNDInterface:3417ca

 2E70: File          C:\Program Files\WindowsApps\Microsoft.LanguageExperiencePackzh-CN_18362.24.72.0_neutral__8wekyb3d8bbwe\Windows\System32\zh-CN\ieframe.dll.mui

 2E88: File          C:\Program Files\WindowsApps\Microsoft.LanguageExperiencePackzh-CN_18362.24.72.0_neutral__8wekyb3d8bbwe\Windows\System32\zh-CN\advapi32.dll.mui

 2E90: File          C:\Program Files\WindowsApps\Microsoft.LanguageExperiencePackzh-CN_18362.24.72.0_neutral__8wekyb3d8bbwe\Windows\System32\zh-CN\wship6.dll.mui

 2EA8: File          C:\Windows\System32\en-US\RTWorkQ.dll.mui

 2EC4: File          C:\Program Files\WindowsApps\Microsoft.LanguageExperiencePackzh-CN_18362.24.72.0_neutral__8wekyb3d8bbwe\Windows\System32\zh-CN\fwpuclnt.dll.mui

 2EE8: File          C:\Program Files\WindowsApps\Microsoft.LanguageExperiencePackzh-CN_18362.24.72.0_neutral__8wekyb3d8bbwe\Windows\System32\zh-CN\msctf.dll.mui

 2EF8: File          C:\Program Files\WindowsApps\Microsoft.LanguageExperiencePackzh-CN_18362.24.72.0_neutral__8wekyb3d8bbwe\Windows\System32\zh-CN\ncrypt.dll.mui

 2EFC: File          C:\Program Files\WindowsApps\Microsoft.LanguageExperiencePackzh-CN_18362.24.72.0_neutral__8wekyb3d8bbwe\Windows\System32\zh-CN\AudioSes.dll.mui

 2F00: File          C:\Program Files\WindowsApps\Microsoft.LanguageExperiencePackzh-CN_18362.24.72.0_neutral__8wekyb3d8bbwe\Windows\System32\zh-CN\ntmarta.dll.mui

 2F0C: Section       \Sessions\1\BaseNamedObjects\42a8HWNDInterface:1c16a6

 2F14: File          C:\Program Files\WindowsApps\Microsoft.LanguageExperiencePackzh-CN_18362.24.72.0_neutral__8wekyb3d8bbwe\Windows\System32\zh-CN\userenv.dll.mui

 2F24: File          C:\Program Files\WindowsApps\Microsoft.LanguageExperiencePackzh-CN_18362.24.72.0_neutral__8wekyb3d8bbwe\Windows\System32\zh-CN\srpapi.dll.mui

 2F38: Section       \Sessions\1\BaseNamedObjects\42a8HWNDInterface:3a0f76

 2F44: Section       \Sessions\1\BaseNamedObjects\42a8HWNDInterface:141048

 2F48: File          C:\Users\yanchanglong\AppData\Local\Microsoft\Windows\Explorer\iconcache_16.db

 2F50: Section       \Sessions\1\BaseNamedObjects\42a8HWNDInterface:14177a

 2F6C: Section       \Sessions\1\BaseNamedObjects\42a8HWNDInterface:8c078e

 2F7C: Section       \Sessions\1\BaseNamedObjects\42a8HWNDInterface:4c0df6

 2FC0: Section       \Sessions\1\BaseNamedObjects\42a8HWNDInterface:2f13b4

 2FD0: Section       \Sessions\1\BaseNamedObjects\42a8HWNDInterface:201786

 2FEC: File          C:\Program Files\WindowsApps\Microsoft.LanguageExperiencePackzh-CN_18362.24.72.0_neutral__8wekyb3d8bbwe\Windows\System32\zh-CN\wshtcpip.dll.mui

------------------------------------------------------------------------------

TXPlatform.exe pid: 11712 AW-ROY\yanchanglong

   40: File          C:\Windows

   84: File          C:\Windows\SysWOW64

  2EC: File          C:\Program Files\WindowsApps\Microsoft.LanguageExperiencePackzh-CN_18362.24.72.0_neutral__8wekyb3d8bbwe\Windows\System32\zh-CN\user32.dll.mui

  318: Section       \BaseNamedObjects\__ComCatalogCache__

  390: File          C:\Windows\Registration\R00000000000d.clb

  398: Section       \BaseNamedObjects\__ComCatalogCache__

------------------------------------------------------------------------------

dllhost.exe pid: 14032 AW-ROY\yanchanglong

   48: File          C:\Windows\System32

  120: Section       \BaseNamedObjects\__ComCatalogCache__

  12C: Section       \BaseNamedObjects\__ComCatalogCache__

  130: File          C:\Windows\Registration\R00000000000d.clb

  2A0: Section       \Sessions\1\BaseNamedObjects\windows_shell_global_counters

  324: File          C:\Windows\System32\zh-CN\ESENT.dll.mui

  328: File          C:\Users\yanchanglong\AppData\Local\Microsoft\Internet Explorer\CacheStorage\edb.log

  4A4: File          C:\Users\yanchanglong\AppData\Local\Packages\Microsoft.Windows.Cortana_cw5n1h2txyewy\AppData\CacheStorage\CacheStorage.edb

  4C0: File          C:\Users\yanchanglong\AppData\Local\Packages\Microsoft.Windows.Cortana_cw5n1h2txyewy\AppData\CacheStorage\CacheStorage.jfm

------------------------------------------------------------------------------

svchost.exe pid: 4384 AW-ROY\yanchanglong

   48: File          C:\Windows\System32

  130: File          C:\Program Files\WindowsApps\Microsoft.LanguageExperiencePackzh-CN_18362.24.72.0_neutral__8wekyb3d8bbwe\Windows\System32\zh-CN\svchost.exe.mui

  21C: Section       \BaseNamedObjects\__ComCatalogCache__

  244: Section       \BaseNamedObjects\__ComCatalogCache__

  248: File          C:\Windows\Registration\R00000000000d.clb

------------------------------------------------------------------------------

acrotray.exe pid: 14020 AW-ROY\yanchanglong

   40: File          C:\Windows

   84: File          C:\Windows\SysWOW64

   B0: File          C:\Windows\WinSxS\x86_microsoft.windows.gdiplus_6595b64144ccf1df_1.1.18362.778_none_5f5ee11d821bf28c

  260: File          C:\Windows\WinSxS\x86_microsoft.windows.common-controls_6595b64144ccf1df_5.82.18362.778_none_71d70b7d5ae4146f

  274: Section       \Windows\Theme202636592

  278: Section       \Sessions\1\Windows\Theme4163941769

  2C0: File          C:\Windows\WinSxS\x86_microsoft.windows.common-controls_6595b64144ccf1df_6.0.18362.778_none_2e73ee38278978be

------------------------------------------------------------------------------

svchost.exe pid: 26072 \<unable to open process>

------------------------------------------------------------------------------

svchost.exe pid: 3384 \<unable to open process>

------------------------------------------------------------------------------

QQApp.exe pid: 26472 AW-ROY\yanchanglong

   40: File          C:\Windows

   84: File          C:\Program Files (x86)\Tencent\QQ\Bin

  288: Section       \Sessions\1\BaseNamedObjects\QQ_17064_RECV_DATA_QUEUE_SPQ_SHAREMEMORY

  29C: Section       \Sessions\1\BaseNamedObjects\RenderService_26472_QQ_17064_241_SB_SHAREMEMORY_248_281

  2A0: File          C:\Users\yanchanglong\AppData\Roaming\Tencent\QQ\Misc\ArkApp\Data\http_cache.db

  374: Section       \Sessions\1\BaseNamedObjects\RenderService_26472_RECV_DATA_QUEUE_SPQ_SHAREMEMORY

  408: Section       \Windows\Theme202636592

  40C: Section       \Sessions\1\Windows\Theme4163941769

  420: File          C:\Windows\Fonts\msyh.ttc

  42C: File          C:\Users\yanchanglong\AppData\Roaming\Tencent\QQ\Misc\ArkApp\Data\storage.db

  474: File          C:\Program Files\WindowsApps\Microsoft.LanguageExperiencePackzh-CN_18362.24.72.0_neutral__8wekyb3d8bbwe\Windows\System32\zh-CN\MFC42.dll.mui

  48C: File          C:\Users\yanchanglong\AppData\Roaming\Tencent\QQ\Misc\ArkApp\Install\com.tencent.mannounce\1.0.0.185.app

  540: File          C:\Users\yanchanglong\AppData\Roaming\Tencent\QQ\Misc\ArkApp\Install\com.tencent.mannounce\1.0.0.188.app

  568: Section       \Sessions\1\BaseNamedObjects\RenderService_26472_QQ_17064_66_SB_SHAREMEMORY_250_196

  5AC: Section       \Sessions\1\BaseNamedObjects\windows_shell_global_counters

  5EC: Section       \Sessions\1\BaseNamedObjects\RenderService_26472_QQ_17064_279_SB_SHAREMEMORY_251_110

  63C: File          C:\Users\yanchanglong\AppData\Roaming\Tencent\QQ\Misc\ArkApp\Install\com.tencent.structmsg\0.0.0.56.app

  658: File          C:\Users\yanchanglong\AppData\Roaming\Tencent\QQ\Misc\ArkApp\Install\com.tencent.groupphoto\1.0.0.44.app

  65C: Section       \Sessions\1\BaseNamedObjects\RenderService_26472_QQ_17064_282_SB_SHAREMEMORY_250_152

  668: Section       \Sessions\1\BaseNamedObjects\RenderService_26472_QQ_17064_225_SB_SHAREMEMORY_248_281

  6A0: Section       \Sessions\1\BaseNamedObjects\RenderService_26472_QQ_17064_281_SB_SHAREMEMORY_257_136

------------------------------------------------------------------------------

WUDFHost.exe pid: 4196 \<unable to open process>

------------------------------------------------------------------------------

wemeetlauncher.exe pid: 8180 AW-ROY\yanchanglong

   40: File          C:\Windows

   84: File          C:\Users\YANCHA~1\AppData\Local\Temp

  2D8: Section       \Windows\Theme202636592

  2DC: Section       \Sessions\1\Windows\Theme4163941769

  2E8: Section       \Sessions\1\BaseNamedObjects\windows_shell_global_counters

  338: File          C:\Program Files\WindowsApps\Microsoft.LanguageExperiencePackzh-CN_18362.24.72.0_neutral__8wekyb3d8bbwe\Windows\System32\zh-CN\mswsock.dll.mui

  3E8: File          C:\Program Files\WindowsApps\Microsoft.LanguageExperiencePackzh-CN_18362.24.72.0_neutral__8wekyb3d8bbwe\Windows\System32\zh-CN\crypt32.dll.mui

  660: File          C:\Users\yanchanglong\AppData\Roaming\Tencent\WeMeet\Logs\launcher_2020050816.log

------------------------------------------------------------------------------

onenoteim.exe pid: 26100 AW-ROY\yanchanglong

   40: File          C:\Program Files\WindowsApps\Microsoft.Office.OneNote_16001.12730.20190.0_x64__8wekyb3d8bbwe

  198: Section       \BaseNamedObjects\__ComCatalogCache__

  2C0: Section       \Sessions\1\AppContainerNamedObjects\S-1-15-2-3445883232-1224167743-206467785-1580939083-2750001491-3097792036-3019341970\ApplicationService:65f41d623430fe24085

  44C: Section       \Sessions\1\AppContainerNamedObjects\S-1-15-2-3445883232-1224167743-206467785-1580939083-2750001491-3097792036-3019341970\SessionImmersiveColorPreference

  468: File          C:\Windows\apppatch\DirectXApps.sdb

  474: Section       \Sessions\1\AppContainerNamedObjects\S-1-15-2-3445883232-1224167743-206467785-1580939083-2750001491-3097792036-3019341970\windows_shell_global_counters

  494: Section       \Sessions\1\AppContainerNamedObjects\S-1-15-2-3445883232-1224167743-206467785-1580939083-2750001491-3097792036-3019341970\65f4HWNDInterface:280b32

  49C: Section       \Sessions\1\AppContainerNamedObjects\S-1-15-2-3445883232-1224167743-206467785-1580939083-2750001491-3097792036-3019341970\65f4HWNDInterface:280b32

  52C: File          C:\Windows\Fonts\segoeui.ttf

  5CC: Section       \Sessions\1\AppContainerNamedObjects\S-1-15-2-3445883232-1224167743-206467785-1580939083-2750001491-3097792036-3019341970\65f4HWNDInterface:280b32

  624: File          C:\Program Files\WindowsApps\Microsoft.LanguageExperiencePackzh-CN_18362.24.72.0_neutral__8wekyb3d8bbwe\Windows\System32\zh-CN\KernelBase.dll.mui

  644: Section       \Sessions\1\AppContainerNamedObjects\S-1-15-2-3445883232-1224167743-206467785-1580939083-2750001491-3097792036-3019341970\65f4HWNDInterface:280b32

  648: Section       \Sessions\1\AppContainerNamedObjects\S-1-15-2-3445883232-1224167743-206467785-1580939083-2750001491-3097792036-3019341970\65f4HWNDInterface:280b32

  68C: Section       \Sessions\1\AppContainerNamedObjects\S-1-15-2-3445883232-1224167743-206467785-1580939083-2750001491-3097792036-3019341970\65f4HWNDInterface:280b32

  694: Section       \Sessions\1\AppContainerNamedObjects\S-1-15-2-3445883232-1224167743-206467785-1580939083-2750001491-3097792036-3019341970\65f4HWNDInterface:280b32

  6D8: File          C:\Program Files\WindowsApps\Microsoft.Office.OneNote_16001.12730.20190.0_x64__8wekyb3d8bbwe\office.odf

  6F8: File          C:\Windows\System32\WinMetadata\Windows.System.winmd

  708: File          C:\Program Files\WindowsApps\Microsoft.LanguageExperiencePackzh-CN_18362.24.72.0_neutral__8wekyb3d8bbwe\Windows\System32\zh-CN\windows.storage.dll.mui

  748: File          C:\Program Files\WindowsApps\Microsoft.Office.OneNote_16001.12730.20190.0_x64__8wekyb3d8bbwe\msoimm.dll

  758: File          C:\Program Files\WindowsApps\Microsoft.Office.OneNote_16001.12730.20190.0_neutral_zh-cn_8wekyb3d8bbwe\zh-cn\msointl30_winrt.dll

  7AC: File          C:\Program Files\WindowsApps\Microsoft.Office.OneNote_16001.12730.20190.0_neutral_zh-cn_8wekyb3d8bbwe\zh-cn\msointlimm.dll

  804: Section       \Sessions\1\AppContainerNamedObjects\S-1-15-2-3445883232-1224167743-206467785-1580939083-2750001491-3097792036-3019341970\windows_webcache_counters_{00000000-5d8e-4eed-b3fa-e30684411323}

  808: Section       \Sessions\1\BaseNamedObjects\windows_webcache_counters_{9B6AB5B3-91BC-4097-835C-EA2DEC95E9CC}_S-1-5-21-894610241-3031673652-807083418-1001

  8D4: Section       \BaseNamedObjects\F932B6C7-3A20-46A0-B8A0-8894AA421973

  8F4: Section       \Sessions\1\AppContainerNamedObjects\S-1-15-2-3445883232-1224167743-206467785-1580939083-2750001491-3097792036-3019341970\UrlZonesSM_yanchanglong

  9AC: File          C:\Program Files\WindowsApps\Microsoft.Office.OneNote_16001.12730.20190.0_x64__8wekyb3d8bbwe\onenoteim.exe

  9E8: File          C:\Program Files\WindowsApps\Microsoft.Office.OneNote_16001.12730.20190.0_neutral_zh-cn_8wekyb3d8bbwe\zh-cn\onintlim.dll

  A34: File          C:\Windows\System32\WinMetadata\Windows.UI.Xaml.winmd

  A50: File          C:\Users\yanchanglong\AppData\Local\Packages\Microsoft.Office.OneNote_8wekyb3d8bbwe\LocalState\AppData\Local\OneNote\16.0\cache\000002FP.bin

  A70: Section       \Sessions\1\AppContainerNamedObjects\S-1-15-2-3445883232-1224167743-206467785-1580939083-2750001491-3097792036-3019341970\65f4HWNDInterface:280b32

  A74: Section       \Sessions\1\AppContainerNamedObjects\S-1-15-2-3445883232-1224167743-206467785-1580939083-2750001491-3097792036-3019341970\65f4HWNDInterface:280b32

  B34: File          C:\Windows\System32\WinMetadata\Windows.UI.winmd

  B48: File          C:\Users\yanchanglong\AppData\Local\Packages\Microsoft.Office.OneNote_8wekyb3d8bbwe\LocalState\AppData\Local\OneNote\16.0\cache\00000292.bin

  BB0: File          C:\Program Files\WindowsApps\Microsoft.Office.OneNote_16001.12730.20190.0_x64__8wekyb3d8bbwe\onresim.dll

  C14: File          C:\Users\yanchanglong\AppData\Local\Packages\Microsoft.Office.OneNote_8wekyb3d8bbwe\LocalState\AppData\Local\OneNote\16.0\cache\00000000.bin

  C18: File          C:\Users\yanchanglong\AppData\Local\Packages\Microsoft.Office.OneNote_8wekyb3d8bbwe\LocalState\AppData\Local\OneNote\16.0\cache\header

  C28: Section       \Sessions\1\AppContainerNamedObjects\S-1-15-2-3445883232-1224167743-206467785-1580939083-2750001491-3097792036-3019341970\65f4HWNDInterface:280b32

  C2C: File          C:\Users\yanchanglong\AppData\Local\Packages\Microsoft.Office.OneNote_8wekyb3d8bbwe\LocalState\AppData\Local\OneNote\16.0\cache\00000002.bin

  C38: File          C:\Users\yanchanglong\AppData\Local\Packages\Microsoft.Office.OneNote_8wekyb3d8bbwe\LocalState\AppData\Local\OneNote\16.0\cache\00000001.bin

  D30: File          C:\Program Files\WindowsApps\Microsoft.LanguageExperiencePackzh-CN_18362.24.72.0_neutral__8wekyb3d8bbwe\Windows\System32\zh-CN\dnsapi.dll.mui

  DBC: File          C:\Windows\System32\WinMetadata\Windows.Foundation.winmd

  DC4: File          C:\Program Files\WindowsApps\Microsoft.LanguageExperiencePackzh-CN_18362.24.72.0_neutral__8wekyb3d8bbwe\Windows\System32\zh-CN\crypt32.dll.mui

  DE4: File          C:\Program Files\WindowsApps\Microsoft.LanguageExperiencePackzh-CN_18362.24.72.0_neutral__8wekyb3d8bbwe\Windows\System32\zh-CN\combase.dll.mui

  E58: File          C:\Users\yanchanglong\AppData\Local\Packages\Microsoft.Office.OneNote_8wekyb3d8bbwe\LocalState\AppData\Local\OneNote\16.0\cache\0000001L.bin

  E6C: File          C:\Program Files\WindowsApps\Microsoft.Office.OneNote_16001.12730.20190.0_x64__8wekyb3d8bbwe\images\offsymb.ttf

  E98: File          C:\Program Files\WindowsApps\Microsoft.Office.OneNote_16001.12730.20190.0_neutral_zh-cn_8wekyb3d8bbwe\zh-cn\locimages\offsymsb.ttf

  EBC: File          C:\Program Files\WindowsApps\Microsoft.Office.OneNote_16001.12730.20190.0_x64__8wekyb3d8bbwe\images\offsymsb.ttf

  EC4: File          C:\Program Files\WindowsApps\Microsoft.Office.OneNote_16001.12730.20190.0_neutral_zh-cn_8wekyb3d8bbwe\zh-cn\locimages\offsymb.ttf

  ECC: File          C:\Program Files\WindowsApps\Microsoft.Office.OneNote_16001.12730.20190.0_x64__8wekyb3d8bbwe\images\offsymb.ttf

  ED8: File          C:\Program Files\WindowsApps\Microsoft.Office.OneNote_16001.12730.20190.0_x64__8wekyb3d8bbwe\images\offsymsb.ttf

  EE0: File          C:\Program Files\WindowsApps\Microsoft.Office.OneNote_16001.12730.20190.0_x64__8wekyb3d8bbwe\fonts\NotebookIconAnimation.ttf

  EF4: File          C:\Windows\Fonts\seguiemj.ttf

  EFC: File          C:\Users\yanchanglong\AppData\Local\Packages\Microsoft.Office.OneNote_8wekyb3d8bbwe\LocalState\AppData\Local\OneNote\16.0\cache\00000003.bin

  F00: Section       \Sessions\1\AppContainerNamedObjects\S-1-15-2-3445883232-1224167743-206467785-1580939083-2750001491-3097792036-3019341970\65f4HWNDInterface:280b32

  F0C: Section       \Sessions\1\AppContainerNamedObjects\S-1-15-2-3445883232-1224167743-206467785-1580939083-2750001491-3097792036-3019341970\65f4HWNDInterface:280b32

  F44: File          C:\Windows\Fonts\seguisb.ttf

  F54: File          C:\Windows\Fonts\msyhbd.ttc

  FA8: File          C:\Windows\System32\zh-CN\netmsg.dll.mui

 1010: File          C:\Windows\Fonts\YuGothR.ttc

 1018: File          C:\Windows\Fonts

 1020: File          C:\Windows\Fonts\calibri.ttf

 10B4: File          C:\Windows\Fonts\malgun.ttf

 10B8: File          C:\Windows\Fonts\msjh.ttc

 10C4: File          C:\Windows\Fonts\msyh.ttc

 10CC: File          C:\Users\yanchanglong\AppData\Local\Packages\Microsoft.Office.OneNote_8wekyb3d8bbwe\LocalState\AppData\Local\OneNote\16.0\cache\0000001O.bin

 1160: File          C:\Windows\System32\en-US\Windows.UI.dll.mui

 1194: File          C:\Windows\WinSxS\amd64_microsoft.windows.common-controls_6595b64144ccf1df_5.82.18362.778_none_2a29d4a64667eb69

 1214: File          C:\Users\yanchanglong\AppData\Local\Packages\Microsoft.Office.OneNote_8wekyb3d8bbwe\LocalState\AppData\Local\OneNote\16.0\cache\0000001P.bin

 1244: File          C:\Program Files\WindowsApps\Microsoft.LanguageExperiencePackzh-CN_18362.24.72.0_neutral__8wekyb3d8bbwe\Windows\System32\zh-CN\oleaccrc.dll.mui

 1250: File          C:\Users\yanchanglong\AppData\Local\Packages\Microsoft.Office.OneNote_8wekyb3d8bbwe\LocalState\AppData\Local\OneNote\16.0\cache\0000001R.bin

 1268: File          C:\Users\yanchanglong\AppData\Local\Packages\Microsoft.Office.OneNote_8wekyb3d8bbwe\LocalState\AppData\Local\OneNote\16.0\cache\0000001S.bin

 1270: File          C:\Users\yanchanglong\AppData\Local\Packages\Microsoft.Office.OneNote_8wekyb3d8bbwe\LocalState\AppData\Local\OneNote\16.0\cache\0000001Q.bin

 129C: File          C:\Program Files\WindowsApps\Microsoft.Office.OneNote_16001.12730.20190.0_x64__8wekyb3d8bbwe\images\offsym.ttf

 12B4: File          C:\Users\yanchanglong\AppData\Local\Packages\Microsoft.Office.OneNote_8wekyb3d8bbwe\LocalState\AppData\Local\OneNote\16.0\cache\0000001T.bin

 12B8: File          C:\Program Files\WindowsApps\Microsoft.Office.OneNote_16001.12730.20190.0_neutral_zh-cn_8wekyb3d8bbwe\zh-cn\locimages\offsym.ttf

 12C4: File          C:\Users\yanchanglong\AppData\Local\Packages\Microsoft.Office.OneNote_8wekyb3d8bbwe\LocalState\AppData\Local\OneNote\16.0\cache\0000001U.bin

 12CC: File          C:\Program Files\WindowsApps\Microsoft.Office.OneNote_16001.12730.20190.0_x64__8wekyb3d8bbwe\images\offsym.ttf

 12E8: File          C:\Users\yanchanglong\AppData\Local\Packages\Microsoft.Office.OneNote_8wekyb3d8bbwe\LocalState\AppData\Local\OneNote\16.0\cache\000002IH.bin

 1328: File          C:\Users\yanchanglong\AppData\Local\Packages\Microsoft.Office.OneNote_8wekyb3d8bbwe\LocalState\AppData\Local\OneNote\16.0\cache\000000R7.bin

 1388: File          C:\Users\yanchanglong\AppData\Local\Packages\Microsoft.Office.OneNote_8wekyb3d8bbwe\LocalState\AppData\Local\OneNote\16.0\cache\0000023O.bin

 13C4: File          C:\Program Files\WindowsApps\Microsoft.LanguageExperiencePackzh-CN_18362.24.72.0_neutral__8wekyb3d8bbwe\Windows\System32\zh-CN\wininet.dll.mui

 13E0: File          C:\Windows\System32\en-US\Windows.Storage.ApplicationData.dll.mui

 13EC: File          C:\Windows\Fonts\calibril.ttf

 14E4: Section       \Sessions\1\AppContainerNamedObjects\S-1-15-2-3445883232-1224167743-206467785-1580939083-2750001491-3097792036-3019341970\C:*ProgramData*Microsoft*Windows*Caches*cversions.2.ro

 1534: File          C:\Users\yanchanglong\AppData\Local\Packages\Microsoft.Office.OneNote_8wekyb3d8bbwe\LocalState\AppData\Local\OneNote\16.0\cache\000002FI.bin

 153C: Section       \Sessions\1\AppContainerNamedObjects\S-1-15-2-3445883232-1224167743-206467785-1580939083-2750001491-3097792036-3019341970\C:*ProgramData*Microsoft*Windows*Caches*cversions.2.ro

 1548: File          C:\Program Files\WindowsApps\Microsoft.LanguageExperiencePackzh-CN_18362.24.72.0_neutral__8wekyb3d8bbwe\Windows\System32\zh-CN\windows.ui.xaml.dll.mui

 15DC: File          C:\Program Files\WindowsApps\Microsoft.LanguageExperiencePackzh-CN_18362.24.72.0_neutral__8wekyb3d8bbwe\Windows\System32\zh-CN\windows.applicationmodel.datatransfer.dll.mui

 15E4: Section       \Sessions\1\AppContainerNamedObjects\S-1-15-2-3445883232-1224167743-206467785-1580939083-2750001491-3097792036-3019341970\65f4HWNDInterface:280b32

 170C: File          C:\Users\yanchanglong\AppData\Local\Packages\Microsoft.Office.OneNote_8wekyb3d8bbwe\LocalState\AppData\Local\OneNote\16.0\cache\000002FL.bin

 172C: File          C:\Program Files\WindowsApps\Microsoft.LanguageExperiencePackzh-CN_18362.24.72.0_neutral__8wekyb3d8bbwe\Windows\System32\zh-CN\Windows.Web.Http.dll.mui

 1790: Section       \Windows\Theme202636592

 1794: Section       \Sessions\1\Windows\Theme4163941769

 17B0: File          C:\Program Files\WindowsApps\Microsoft.LanguageExperiencePackzh-CN_18362.24.72.0_neutral__8wekyb3d8bbwe\Windows\System32\zh-CN\dui70.dll.mui

 17C4: Section       \Sessions\1\AppContainerNamedObjects\S-1-15-2-3445883232-1224167743-206467785-1580939083-2750001491-3097792036-3019341970\C:*ProgramData*Microsoft*Windows*Caches*{DDF571F2-BE98-426D-8288-1A9A39C3FDA2}.2.ver0x0000000000000001.db

 184C: File          C:\Program Files\WindowsApps\Microsoft.LanguageExperiencePackzh-CN_18362.24.72.0_neutral__8wekyb3d8bbwe\Windows\System32\zh-CN\winnlsres.dll.mui

 188C: File          C:\Windows\System32\en-US\netmsg.dll.mui

 1890: File          C:\Program Files\WindowsApps\Microsoft.LanguageExperiencePackzh-CN_18362.24.72.0_neutral__8wekyb3d8bbwe\Windows\System32\zh-CN\mswsock.dll.mui

 18FC: File          C:\Program Files\WindowsApps\Microsoft.LanguageExperiencePackzh-CN_18362.24.72.0_neutral__8wekyb3d8bbwe\Windows\System32\zh-CN\winhttp.dll.mui

 1960: Section       \Sessions\1\AppContainerNamedObjects\S-1-15-2-3445883232-1224167743-206467785-1580939083-2750001491-3097792036-3019341970\C:*ProgramData*Microsoft*Windows*Caches*{6AF0698E-D558-4F6E-9B3C-3716689AF493}.2.ver0x0000000000000001.db

 1A50: File          C:\Users\yanchanglong\AppData\Local\Packages\Microsoft.Office.OneNote_8wekyb3d8bbwe\LocalState\AppData\Local\OneNote\UserInfoCache\c5a87707b31c0268_LiveId.db

 1AAC: File          C:\Program Files\WindowsApps\Microsoft.LanguageExperiencePackzh-CN_18362.24.72.0_neutral__8wekyb3d8bbwe\Windows\System32\zh-CN\webservices.dll.mui

 1B38: File          C:\Program Files\WindowsApps\Microsoft.LanguageExperiencePackzh-CN_18362.24.72.0_neutral__8wekyb3d8bbwe\Windows\System32\zh-CN\msctfuimanager.dll.mui

 1B58: File          C:\Users\yanchanglong\AppData\Local\Packages\Microsoft.Office.OneNote_8wekyb3d8bbwe\LocalState\AppData\Local\OneNote\16.0\cache\000002BI.bin

------------------------------------------------------------------------------

RuntimeBroker.exe pid: 26348 AW-ROY\yanchanglong

   48: File          C:\Windows\System32

  178: Section       \BaseNamedObjects\__ComCatalogCache__

  1DC: Section       \BaseNamedObjects\__ComCatalogCache__

  1E0: File          C:\Windows\Registration\R00000000000d.clb

  388: File          C:\Users\yanchanglong\AppData\Roaming\Microsoft\Spelling

  464: File          C:\Program Files\WindowsApps\Microsoft.LanguageExperiencePackzh-CN_18362.24.72.0_neutral__8wekyb3d8bbwe\Windows\System32\zh-CN\KernelBase.dll.mui

  4AC: Section       \BaseNamedObjects\F932B6C7-3A20-46A0-B8A0-8894AA421973

  4C8: Section       \Sessions\1\BaseNamedObjects\windows_webcache_counters_{9B6AB5B3-91BC-4097-835C-EA2DEC95E9CC}_S-1-5-21-894610241-3031673652-807083418-1001

  4E8: Section       \Sessions\1\BaseNamedObjects\windows_shell_global_counters

  610: File          C:\Program Files\WindowsApps\Microsoft.LanguageExperiencePackzh-CN_18362.24.72.0_neutral__8wekyb3d8bbwe\Windows\System32\zh-CN\mswsock.dll.mui

  638: Section       \Sessions\1\BaseNamedObjects\UrlZonesSM_yanchanglong

  6E4: File          C:\Program Files\WindowsApps\Microsoft.LanguageExperiencePackzh-CN_18362.24.72.0_neutral__8wekyb3d8bbwe\Windows\System32\zh-CN\crypt32.dll.mui

  7B8: Section       \BaseNamedObjects\windows_shell_global_counters

  7C0: File          C:\Program Files\WindowsApps\Microsoft.LanguageExperiencePackzh-CN_18362.24.72.0_neutral__8wekyb3d8bbwe\Windows\System32\zh-CN\windows.storage.dll.mui

  7E4: Section       \Sessions\1\BaseNamedObjects\C:*ProgramData*Microsoft*Windows*Caches*cversions.2.ro

  7E8: Section       \Sessions\1\BaseNamedObjects\C:*ProgramData*Microsoft*Windows*Caches*{6AF0698E-D558-4F6E-9B3C-3716689AF493}.2.ver0x0000000000000001.db

  7EC: Section       \Sessions\1\BaseNamedObjects\C:*ProgramData*Microsoft*Windows*Caches*cversions.2.ro

  7F0: Section       \Sessions\1\BaseNamedObjects\C:*ProgramData*Microsoft*Windows*Caches*{DDF571F2-BE98-426D-8288-1A9A39C3FDA2}.2.ver0x0000000000000001.db

------------------------------------------------------------------------------

SupportAssistAppWire.exe pid: 21044 AW-ROY\yanchanglong

   40: File          C:\Windows

   84: File          C:\Windows\SysWOW64

  1C8: Section       \BaseNamedObjects\Cor_Private_IPCBlock_v4_21044

  1CC: Section       \...\Cor_SxSPublic_IPCBlock

  2B8: Section       \BaseNamedObjects\__ComCatalogCache__

  318: File          C:\Windows\System32\WinMetadata\Windows.ApplicationModel.winmd

  324: File          C:\Windows\assembly\pubpol197.dat

  328: File          C:\Windows\System32\WinMetadata\Windows.Foundation.winmd

  358: File          C:\Windows\System32\WinMetadata\Windows.Foundation.winmd

  35C: File          C:\Windows\System32\WinMetadata\Windows.ApplicationModel.winmd

  390: Section       \BaseNamedObjects\__ComCatalogCache__

  3A8: File          C:\Windows\Registration\R00000000000d.clb

  508: File          C:\Program Files\WindowsApps\DellInc.DellSupportAssistforPCs_3.3.8.0_x64__htrsf667h5kn2\win32\Logger.dll

  50C: File          C:\Program Files\WindowsApps\DellInc.DellSupportAssistforPCs_3.3.8.0_x64__htrsf667h5kn2\win32\log4net.dll

  580: Section       \Sessions\1\BaseNamedObjects\windows_shell_global_counters

  59C: Section       \BaseNamedObjects\NLS_CodePage_936_3_2_0_0

  5C4: File          C:\Program Files\WindowsApps\Microsoft.LanguageExperiencePackzh-CN_18362.24.72.0_neutral__8wekyb3d8bbwe\Windows\System32\zh-CN\MFC42.dll.mui

  71C: File          C:\Program Files\WindowsApps\Microsoft.LanguageExperiencePackzh-CN_18362.24.72.0_neutral__8wekyb3d8bbwe\Windows\System32\zh-CN\KernelBase.dll.mui

------------------------------------------------------------------------------

RTSS.exe pid: 18560 \<unable to open process>

------------------------------------------------------------------------------

EncoderServer.exe pid: 1192 \<unable to open process>

------------------------------------------------------------------------------

RTSSHooksLoader64.exe pid: 25428 \<unable to open process>

------------------------------------------------------------------------------

SecurityHealthHost.exe pid: 17596 AW-ROY\yanchanglong

   40: File          C:\Windows\System32

  190: Section       \BaseNamedObjects\__ComCatalogCache__

  1D8: Section       \BaseNamedObjects\__ComCatalogCache__

  1DC: File          C:\Windows\Registration\R00000000000d.clb

  1EC: File          C:\Program Files\WindowsApps\Microsoft.LanguageExperiencePackzh-CN_18362.24.72.0_neutral__8wekyb3d8bbwe\Windows\System32\zh-CN\SecurityHealthAgent.dll.mui

  2CC: File          C:\Program Files\WindowsApps\Microsoft.LanguageExperiencePackzh-CN_18362.24.72.0_neutral__8wekyb3d8bbwe\Windows\System32\zh-CN\KernelBase.dll.mui

------------------------------------------------------------------------------

Taskmgr.exe pid: 16612 \<unable to open process>

------------------------------------------------------------------------------

steam.exe pid: 3588 AW-ROY\yanchanglong

   40: File          C:\Windows

   CC: File          C:\Windows\WinSxS\x86_microsoft.windows.common-controls_6595b64144ccf1df_6.0.18362.778_none_2e73ee38278978be

  250: File          D:\Steam

  2A4: File          C:\Program Files\WindowsApps\Microsoft.LanguageExperiencePackzh-CN_18362.24.72.0_neutral__8wekyb3d8bbwe\Windows\System32\zh-CN\mswsock.dll.mui

  2AC: File          D:\Steam\logs\bootstrap_log.txt

  2EC: Section       \Windows\Theme202636592

  2F4: Section       \Sessions\1\Windows\Theme4163941769

  34C: File          C:\Program Files\WindowsApps\Microsoft.LanguageExperiencePackzh-CN_18362.24.72.0_neutral__8wekyb3d8bbwe\Windows\System32\zh-CN\MFC42.dll.mui

  3DC: Section       \BaseNamedObjects\__ComCatalogCache__

  410: Section       \Sessions\1\BaseNamedObjects\DirectSound Administrator shared thread array

  420: File          C:\Windows\Registration\R00000000000d.clb

  440: Section       \Sessions\1\BaseNamedObjects\e04HWNDInterface:181142

  44C: Section       \Sessions\1\BaseNamedObjects\Steam3Master_SharedMemFile

  454: File          C:\Windows\Fonts\StaticCache.dat

  464: Section       \Sessions\1\BaseNamedObjects\windows_shell_global_counters

  47C: Section       \BaseNamedObjects\__ComCatalogCache__

  548: Section       \Sessions\1\BaseNamedObjects\DirectInput.{5944E681-C92E-11CF-BFC7-444553540000}

  5FC: Section       \Sessions\1\BaseNamedObjects\e04HWNDInterface:2f0d0c

  618: File          C:\Program Files\WindowsApps\Microsoft.LanguageExperiencePackzh-CN_18362.24.72.0_neutral__8wekyb3d8bbwe\Windows\System32\zh-CN\dinput8.dll.mui

  660: Section       \Sessions\1\BaseNamedObjects\e04HWNDInterface:6e082c

  6A8: Section       \Sessions\1\BaseNamedObjects\e04HWNDInterface:606ee

  6AC: Section       \Sessions\1\BaseNamedObjects\e04HWNDInterface:606ee

  6B4: File          C:\Program Files\WindowsApps\Microsoft.LanguageExperiencePackzh-CN_18362.24.72.0_neutral__8wekyb3d8bbwe\Windows\System32\zh-CN\DWrite.dll.mui

  6E4: Section       \Sessions\1\BaseNamedObjects\C:*ProgramData*Microsoft*Windows*Caches*cversions.2.ro

  744: File          D:\Steam\logs\configstore_log.txt

  758: File          D:\Steam\logs\shader_log.txt

  7B8: Section       \Sessions\1\BaseNamedObjects\e04HWNDInterface:2e13fa

  7C0: Section       \Sessions\1\BaseNamedObjects\SteamController_Master_mem-IPCWrapper

  7C4: Section       \Sessions\1\BaseNamedObjects\SteamController_Fast_Master_mem-IPCWrapper

  7C8: Section       \Sessions\1\BaseNamedObjects\SteamController_Slow_Master_mem-IPCWrapper

  7D8: Section       \Sessions\1\BaseNamedObjects\SteamController_Master_Command_mem-IPCWrapper

  7DC: Section       \Sessions\1\BaseNamedObjects\SteamXInput_mem-IPCWrapper

  7F8: File          D:\Steam\logs\parental_log.txt

  850: File          D:\Steam\logs\connection_log.txt

  8AC: File          C:\Program Files\WindowsApps\Microsoft.LanguageExperiencePackzh-CN_18362.24.72.0_neutral__8wekyb3d8bbwe\Windows\System32\zh-CN\MMDevAPI.dll.mui

  8BC: Section       \Sessions\1\BaseNamedObjects\e04HWNDInterface:3e0b94

  8D8: File          C:\Program Files\WindowsApps\Microsoft.LanguageExperiencePackzh-CN_18362.24.72.0_neutral__8wekyb3d8bbwe\Windows\System32\zh-CN\wdmaud.drv.mui

  938: Section       \Sessions\1\BaseNamedObjects\SteamController_Master_mem-IPCWrapper

  944: File          D:\Steam\logs\content_log.txt

  958: Section       \Sessions\1\BaseNamedObjects\{04DEDF05-86E9-0017-9E36-1D9400334DFA-A30e4421}

  95C: Section       \Sessions\1\BaseNamedObjects\{0e3F1461-5E00-4E99-A5AE-CEFDB55A002D-3DED043C}

  96C: Section       \Sessions\1\BaseNamedObjects\SteamController_Fast_Master_mem-IPCWrapper

  970: Section       \Sessions\1\BaseNamedObjects\SteamController_Slow_Master_mem-IPCWrapper

  980: Section       \Sessions\1\BaseNamedObjects\SteamController_Master_Command_mem-IPCWrapper

  9B8: Section       \Sessions\1\BaseNamedObjects\SteamChrome_ClientStream_3588_54535_client_mem-IPCWrapper

  9C4: Section       \Sessions\1\BaseNamedObjects\SteamChrome_ClientStream_3588_54535_server_mem-IPCWrapper

  9F4: File          D:\Steam\logs\sitelicense_log.txt

  9F8: File          D:\Steam\logs\workshop_log.txt

  A70: Section       \Sessions\1\BaseNamedObjects\e04HWNDInterface:1d087e

  AE0: Section       \Sessions\1\BaseNamedObjects\e04HWNDInterface:2d026e

  B24: Section       \Sessions\1\BaseNamedObjects\e04HWNDInterface:2409c0

  BA0: File          C:\Program Files\WindowsApps\Microsoft.LanguageExperiencePackzh-CN_18362.24.72.0_neutral__8wekyb3d8bbwe\Windows\System32\zh-CN\crypt32.dll.mui

  C2C: File          D:\Steam\logs\controller.txt

  C80: File          C:\Program Files\WindowsApps\Microsoft.LanguageExperiencePackzh-CN_18362.24.72.0_neutral__8wekyb3d8bbwe\Windows\System32\zh-CN\winnlsres.dll.mui

  C90: File          C:\Windows\Fonts\YuGothM.ttc

  CA4: Section       \Sessions\1\BaseNamedObjects\e04HWNDInterface:6e082c

  CB0: File          C:\Windows\Fonts\msjh.ttc

  CC0: File          D:\Steam\logs\remote_connections.txt

  CC8: Section       \Sessions\1\BaseNamedObjects\GameOverlayRender_PIDStream_mem-IPCWrapper

  CDC: File          D:\Steam\logs\compat_log.txt

  CE8: File          C:\Users\yanchanglong\AppData\Local\Microsoft\Windows\Explorer\iconcache_32.db

  CF8: File          C:\Windows\Fonts\arial.ttf

  D08: File          D:\Steam\logs\cloud_log.txt

  D1C: Section       \Sessions\1\BaseNamedObjects\e04HWNDInterface:681032

  D20: Section       \Sessions\1\BaseNamedObjects\e04HWNDInterface:5680874

  D24: Section       \Sessions\1\BaseNamedObjects\e04HWNDInterface:3084e

  D28: Section       \Sessions\1\BaseNamedObjects\e04HWNDInterface:3071e

  D2C: File          C:\Program Files\WindowsApps\Microsoft.LanguageExperiencePackzh-CN_18362.24.72.0_neutral__8wekyb3d8bbwe\Windows\System32\zh-CN\propsys.dll.mui

  D38: File          D:\Steam\steamui

  D3C: Section       \Sessions\1\BaseNamedObjects\e04HWNDInterface:30726

  D48: File          C:\Windows\Fonts\arialbd.ttf

  DA4: Section       \Sessions\1\BaseNamedObjects\C:*ProgramData*Microsoft*Windows*Caches*cversions.2.ro

  DA8: Section       \Sessions\1\BaseNamedObjects\C:*ProgramData*Microsoft*Windows*Caches*{6AF0698E-D558-4F6E-9B3C-3716689AF493}.2.ver0x0000000000000001.db

  DAC: Section       \Sessions\1\BaseNamedObjects\C:*ProgramData*Microsoft*Windows*Caches*cversions.2.ro

  DB0: Section       \Sessions\1\BaseNamedObjects\C:*ProgramData*Microsoft*Windows*Caches*{DDF571F2-BE98-426D-8288-1A9A39C3FDA2}.2.ver0x0000000000000001.db

  E08: Section       \BaseNamedObjects\windows_shell_global_counters

  E80: Section       \Sessions\1\BaseNamedObjects\e04HWNDInterface:30728

  E84: Section       \Sessions\1\BaseNamedObjects\e04HWNDInterface:30722

  E90: Section       \Sessions\1\BaseNamedObjects\e04HWNDInterface:30722

  EB4: File          C:\Windows\WinSxS\x86_microsoft.windows.common-controls_6595b64144ccf1df_6.0.18362.778_none_2e73ee38278978be

  EF4: File          C:\Windows\SysWOW64

  F04: Section       \Sessions\1\BaseNamedObjects\e04HWNDInterface:30728

  F08: Section       \Sessions\1\BaseNamedObjects\e04HWNDInterface:681032

  F28: File          C:\Program Files\WindowsApps\Microsoft.LanguageExperiencePackzh-CN_18362.24.72.0_neutral__8wekyb3d8bbwe\Windows\System32\zh-CN\dui70.dll.mui

  F44: File          D:\Steam\clientui

  F48: File          D:\Steam\music\_database\musicdatabase_0016.db

  F4C: Section       \Sessions\1\BaseNamedObjects\e04HWNDInterface:30726

  F54: Section       \Sessions\1\BaseNamedObjects\e04HWNDInterface:3071e

  F6C: Section       \Sessions\1\BaseNamedObjects\e04HWNDInterface:1208bc

  F74: Section       \Sessions\1\BaseNamedObjects\e04HWNDInterface:3084e

  F78: Section       \Sessions\1\BaseNamedObjects\e04HWNDInterface:3084c

  F80: Section       \Sessions\1\BaseNamedObjects\e04HWNDInterface:5680874

  F88: Section       \Sessions\1\BaseNamedObjects\e04HWNDInterface:3084c

  F8C: Section       \Sessions\1\BaseNamedObjects\e04HWNDInterface:2f0eec

  F90: Section       \Sessions\1\BaseNamedObjects\e04HWNDInterface:2f0eec

  F9C: Section       \Sessions\1\BaseNamedObjects\e04HWNDInterface:3084a

  FA0: Section       \Sessions\1\BaseNamedObjects\e04HWNDInterface:3084a

  FA4: Section       \Sessions\1\BaseNamedObjects\e04HWNDInterface:e0664

  FA8: Section       \Sessions\1\BaseNamedObjects\e04HWNDInterface:40850

  FAC: Section       \Sessions\1\BaseNamedObjects\e04HWNDInterface:a0620

  FB0: Section       \Sessions\1\BaseNamedObjects\e04HWNDInterface:e0664

  FB4: Section       \Sessions\1\BaseNamedObjects\e04HWNDInterface:40850

  FBC: Section       \Sessions\1\BaseNamedObjects\e04HWNDInterface:6064e

  FC0: Section       \Sessions\1\BaseNamedObjects\e04HWNDInterface:130744

  FC4: Section       \Sessions\1\BaseNamedObjects\e04HWNDInterface:130744

  FC8: Section       \Sessions\1\BaseNamedObjects\e04HWNDInterface:6064e

  FCC: Section       \Sessions\1\BaseNamedObjects\e04HWNDInterface:1603ce

  FD0: Section       \Sessions\1\BaseNamedObjects\e04HWNDInterface:1603ce

  FD4: Section       \Sessions\1\BaseNamedObjects\e04HWNDInterface:506f2

  FD8: Section       \Sessions\1\BaseNamedObjects\e04HWNDInterface:506f2

  FDC: Section       \Sessions\1\BaseNamedObjects\e04HWNDInterface:a1336

  FE0: Section       \Sessions\1\BaseNamedObjects\e04HWNDInterface:70640

  FE4: Section       \Sessions\1\BaseNamedObjects\e04HWNDInterface:70640

  FE8: Section       \Sessions\1\BaseNamedObjects\e04HWNDInterface:50682

  FEC: Section       \Sessions\1\BaseNamedObjects\e04HWNDInterface:50682

  FF0: Section       \Sessions\1\BaseNamedObjects\e04HWNDInterface:a1336

  FF4: Section       \Sessions\1\BaseNamedObjects\e04HWNDInterface:40652

  FF8: Section       \Sessions\1\BaseNamedObjects\e04HWNDInterface:40652

  FFC: Section       \Sessions\1\BaseNamedObjects\e04HWNDInterface:a0620

 1004: Section       \Sessions\1\BaseNamedObjects\e04HWNDInterface:6067e

 1008: Section       \Sessions\1\BaseNamedObjects\e04HWNDInterface:6067e

 1010: Section       \Sessions\1\BaseNamedObjects\e04HWNDInterface:2a0b92

 1014: Section       \Sessions\1\BaseNamedObjects\e04HWNDInterface:170c42

 1018: File          C:\Windows\Fonts\YuGothB.ttc

 1020: File          C:\Windows\Fonts\msjhbd.ttc

 1028: Section       \Sessions\1\BaseNamedObjects\e04HWNDInterface:50692

 102C: Section       \Sessions\1\BaseNamedObjects\e04HWNDInterface:2a0b92

 1038: Section       \Sessions\1\BaseNamedObjects\e04HWNDInterface:120a6e

 103C: Section       \Sessions\1\BaseNamedObjects\e04HWNDInterface:120a6e

 1040: Section       \Sessions\1\BaseNamedObjects\e04HWNDInterface:321446

 1048: Section       \Sessions\1\BaseNamedObjects\e04HWNDInterface:50692

 104C: Section       \Sessions\1\BaseNamedObjects\e04HWNDInterface:a13ce

 1050: Section       \Sessions\1\BaseNamedObjects\e04HWNDInterface:170c42

 1054: Section       \Sessions\1\BaseNamedObjects\e04

 1058: Section       \Sessions\1\BaseNamedObjects\e04HWNDInterface:1208bc

 1064: Section       \Sessions\1\BaseNamedObjects\e04HWNDInterface:220c60

 1068: Section       \Sessions\1\BaseNamedObjects\e04HWNDInterface:a13ce

 106C: Section       \Sessions\1\BaseNamedObjects\e04HWNDInterface:150d7a

 1070: Section       \Sessions\1\BaseNamedObjects\e04HWNDInterface:150d7a

 1074: Section       \Sessions\1\BaseNamedObjects\e04HWNDInterface:220c60

 1080: Section       \Sessions\1\BaseNamedObjects\e04HWNDInterface:d0c78

 1084: Section       \Sessions\1\BaseNamedObjects\e04HWNDInterface:d0c78

 1088: Section       \Sessions\1\BaseNamedObjects\e04HWNDInterface:60686

 108C: Section       \Sessions\1\BaseNamedObjects\e04HWNDInterface:60686

 1090: Section       \Sessions\1\BaseNamedObjects\e04HWNDInterface:28079a

 1094: Section       \Sessions\1\BaseNamedObjects\e04HWNDInterface:28079a

 1098: Section       \Sessions\1\BaseNamedObjects\e04HWNDInterface:1406e0

 109C: Section       \Sessions\1\BaseNamedObjects\e04HWNDInterface:1406e0

 10A0: Section       \Sessions\1\BaseNamedObjects\e04HWNDInterface:610bfe

 10A4: Section       \Sessions\1\BaseNamedObjects\e04HWNDInterface:610bfe

 10A8: Section       \Sessions\1\BaseNamedObjects\e04HWNDInterface:1304de

 10AC: Section       \Sessions\1\BaseNamedObjects\e04HWNDInterface:1304de

 10B0: Section       \Sessions\1\BaseNamedObjects\e04HWNDInterface:190bac

 10B4: Section       \Sessions\1\BaseNamedObjects\e04HWNDInterface:190bac

 10B8: Section       \Sessions\1\BaseNamedObjects\e04HWNDInterface:230f2e

 10BC: Section       \Sessions\1\BaseNamedObjects\e04HWNDInterface:230f2e

 10C0: Section       \Sessions\1\BaseNamedObjects\e04HWNDInterface:170330

 10C4: Section       \Sessions\1\BaseNamedObjects\e04HWNDInterface:170330

 10C8: Section       \Sessions\1\BaseNamedObjects\e04HWNDInterface:290ad8

 10CC: Section       \Sessions\1\BaseNamedObjects\e04HWNDInterface:290ad8

 10D0: Section       \Sessions\1\BaseNamedObjects\e04HWNDInterface:1c0f6c

 10D4: Section       \Sessions\1\BaseNamedObjects\e04HWNDInterface:1c0f6c

 10D8: Section       \Sessions\1\BaseNamedObjects\e04HWNDInterface:321446

 10DC: Section       \Sessions\1\BaseNamedObjects\e04HWNDInterface:1014d0

 10E0: Section       \Sessions\1\BaseNamedObjects\e04HWNDInterface:1014d0

 10E4: Section       \Sessions\1\BaseNamedObjects\e04HWNDInterface:160caa

 10E8: Section       \Sessions\1\BaseNamedObjects\e04HWNDInterface:160caa

 10FC: Section       \Sessions\1\BaseNamedObjects\STEAM_DRM_IPC

 1104: File          D:\Steam\GameOverlayRenderer.dll

 1130: File          C:\Users\yanchanglong\AppData\Local\Microsoft\Windows\Explorer\iconcache_256.db

 1140: File          D:\Steam\GameOverlayRenderer64.dll

 114C: Section       \Sessions\1\BaseNamedObjects\e04HWNDInterface:210e36

 1150: Section       \Sessions\1\BaseNamedObjects\e04HWNDInterface:1b0b12

 1158: Section       \Sessions\1\BaseNamedObjects\e04HWNDInterface:680fd8

 116C: Section       \Sessions\1\BaseNamedObjects\e04HWNDInterface:f145c

 1184: File          C:\Users\yanchanglong\AppData\Local\Microsoft\Windows\Explorer\iconcache_32.db

 1188: File          C:\Users\yanchanglong\AppData\Local\Microsoft\Windows\Explorer\iconcache_idx.db

 1190: Section       \Sessions\1\BaseNamedObjects\e04HWNDInterface:f145c

 1194: Section       \Sessions\1\BaseNamedObjects\e04HWNDInterface:680fd8

 1198: Section       \Sessions\1\BaseNamedObjects\e04HWNDInterface:1b0b12

 11F8: File          C:\Windows\WinSxS\x86_microsoft.windows.common-controls_6595b64144ccf1df_6.0.18362.778_none_2e73ee38278978be

 1228: File          C:\Users\yanchanglong\AppData\Local\Microsoft\Windows\Explorer\iconcache_idx.db

 1234: File          D:\Steam\logs\controller_ui.txt

 1274: File          C:\Users\yanchanglong\AppData\Local\Microsoft\Windows\Explorer\iconcache_256.db

 1284: File          C:\Users\yanchanglong\AppData\Local\Microsoft\Windows\Explorer\iconcache_16.db

 128C: Section       \Sessions\1\BaseNamedObjects\e04HWNDInterface:2d026e

 1290: File          C:\Users\yanchanglong\AppData\Local\Microsoft\Windows\Explorer\iconcache_16.db

 12F0: Section       \Sessions\1\BaseNamedObjects\e04HWNDInterface:160d2e

 1318: File          D:\Steam\logs\stats_log.txt

 1344: Section       \Sessions\1\BaseNamedObjects\e04HWNDInterface:290898

 13E4: Section       \Sessions\1\BaseNamedObjects\e04HWNDInterface:290898

 13EC: Section       \Sessions\1\BaseNamedObjects\e04HWNDInterface:4402f0

 143C: Section       \Sessions\1\BaseNamedObjects\e04HWNDInterface:390dd0

 1460: Section       \Sessions\1\BaseNamedObjects\e04HWNDInterface:250aa4

 14AC: Section       \Sessions\1\BaseNamedObjects\e04HWNDInterface:a09fe

 14E8: Section       \Sessions\1\BaseNamedObjects\e04HWNDInterface:211478

 1504: Section       \Sessions\1\BaseNamedObjects\e04HWNDInterface:160d2e

 1510: Section       \Sessions\1\BaseNamedObjects\e04HWNDInterface:211478

 1524: Section       \Sessions\1\BaseNamedObjects\e04HWNDInterface:210e36

 1530: Section       \Sessions\1\BaseNamedObjects\e04HWNDInterface:2e13fa

 1554: Section       \Sessions\1\BaseNamedObjects\e04HWNDInterface:2409c0

 15A4: Section       \Sessions\1\BaseNamedObjects\e04HWNDInterface:1d087e

 15E8: Section       \Sessions\1\BaseNamedObjects\e04HWNDInterface:3f07da

 1638: File          D:\Steam\logs\librarysharing_log.txt

 165C: Section       \Sessions\1\BaseNamedObjects\e04HWNDInterface:2f0d0c

 16EC: Section       \Sessions\1\BaseNamedObjects\e04HWNDInterface:3f07da

 1740: Section       \Sessions\1\BaseNamedObjects\e04HWNDInterface:4402f0

 1748: Section       \Sessions\1\BaseNamedObjects\e04HWNDInterface:390dd0

 1770: Section       \Sessions\1\BaseNamedObjects\e04HWNDInterface:a09fe

 17D0: Section       \Sessions\1\BaseNamedObjects\e04HWNDInterface:3e0b94

 17DC: Section       \Sessions\1\BaseNamedObjects\e04HWNDInterface:250aa4

 17F8: Section       \Sessions\1\BaseNamedObjects\e04HWNDInterface:181142

 1870: File          D:\Steam\logs\appinfo_log.txt

------------------------------------------------------------------------------

steamwebhelper.exe pid: 14252 AW-ROY\yanchanglong

   9C: File          D:\Steam\logs\cef_log.txt

   A8: File          C:\Windows\WinSxS\amd64_microsoft.windows.common-controls_6595b64144ccf1df_6.0.18362.778_none_e6c6b761130d4fb8

   B4: File          D:\Steam\bin\cef\cef.win7x64\locales\zh-CN.pak

  324: File          D:\Steam\bin\cef\cef.win7x64\v8_context_snapshot.bin

  338: File          D:\Steam\bin\cef\cef.win7x64\cef_100_percent.pak

  33C: File          D:\Steam\bin\cef\cef.win7x64\icudtl.dat

  344: File          D:\Steam\bin\cef\cef.win7x64\natives_blob.bin

  34C: Section       \Sessions\1\BaseNamedObjects\windows_shell_global_counters

  364: File          D:\Steam\bin\cef\cef.win7x64\devtools_resources.pak

  368: File          D:\Steam\bin\cef\cef.win7x64\cef.pak

  370: File          D:\Steam\bin\cef\cef.win7x64\cef_200_percent.pak

  378: File          D:\Steam\bin\cef\cef.win7x64\cef_extensions.pak

  4BC: File          C:\Windows\System32

  50C: Section       \BaseNamedObjects\__ComCatalogCache__

  518: Section       \BaseNamedObjects\__ComCatalogCache__

  51C: File          C:\Windows\Registration\R00000000000d.clb

  524: File          D:\Steam

  5B4: File          C:\Users\yanchanglong\AppData\Local\Steam\htmlcache\Local Storage\leveldb\000190.log

  5E0: File          C:\Windows\apppatch\DirectXApps.sdb

  608: Section       \Windows\Theme202636592

  60C: Section       \Sessions\1\Windows\Theme4163941769

  7C0: Section       \Sessions\1\BaseNamedObjects\37acHWNDInterface:50690

  7C4: Section       \Sessions\1\BaseNamedObjects\37acHWNDInterface:50690

  7F4: File          C:\Users\yanchanglong\AppData\Local\Steam\htmlcache\Visited Links

  814: Section       \Sessions\1\BaseNamedObjects\SteamChrome_MasterStream_spid3588_mem-IPCWrapper

  8D0: Section       \Sessions\1\BaseNamedObjects\SteamChrome_ClientStream_3588_54535_server_mem-IPCWrapper

  8E0: Section       \Sessions\1\BaseNamedObjects\SteamChrome_ClientStream_3588_54535_client_mem-IPCWrapper

  8F8: File          C:\Users\yanchanglong\AppData\Local\Steam\htmlcache\GPUCache\index

  8FC: File          C:\Users\yanchanglong\AppData\Local\Steam\htmlcache\shared_proto_db\metadata\000003.log

  90C: File          C:\Users\yanchanglong\AppData\Local\Steam\htmlcache\VideoDecodeStats\LOCK

  930: File          C:\Windows\Fonts\msyh.ttc

  95C: File          C:\Users\yanchanglong\AppData\Local\Steam\htmlcache\Local Storage\leveldb\LOG

  97C: File          C:\Users\yanchanglong\AppData\Local\Steam\htmlcache\GPUCache\index

  99C: File          C:\Users\yanchanglong\AppData\Local\Steam\htmlcache\GPUCache\data_0

  9A0: File          C:\Users\yanchanglong\AppData\Local\Steam\htmlcache\GPUCache\data_0

  9E0: File          C:\Users\yanchanglong\AppData\Local\Steam\htmlcache\Session Storage\000055.ldb

  A10: File          C:\Users\yanchanglong\AppData\Local\Steam\htmlcache\GPUCache\data_2

  A18: File          C:\Users\yanchanglong\AppData\Local\Steam\htmlcache\GPUCache\data_1

  A20: File          C:\Users\yanchanglong\AppData\Local\Steam\htmlcache\GPUCache\data_1

  A28: File          C:\Users\yanchanglong\AppData\Local\Steam\htmlcache\GPUCache\data_2

  A30: File          C:\Users\yanchanglong\AppData\Local\Steam\htmlcache\GPUCache\data_3

  A34: File          C:\Users\yanchanglong\AppData\Local\Steam\htmlcache\GPUCache\data_3

  B2C: Section       \Sessions\1\BaseNamedObjects\37acHWNDInterface:4071a

  B40: Section       \Sessions\1\BaseNamedObjects\37acHWNDInterface:4071a

  B50: File          C:\Users\yanchanglong\AppData\Local\CEF\User Data\Dictionaries\en-US-8-0.bdic

  B54: File          C:\Program Files\WindowsApps\Microsoft.LanguageExperiencePackzh-CN_18362.24.72.0_neutral__8wekyb3d8bbwe\Windows\System32\zh-CN\oleaccrc.dll.mui

  BB4: File          C:\Program Files\WindowsApps\Microsoft.LanguageExperiencePackzh-CN_18362.24.72.0_neutral__8wekyb3d8bbwe\Windows\System32\zh-CN\msctfuimanager.dll.mui

  BDC: File          C:\Users\yanchanglong\AppData\Roaming\Microsoft\Spelling

  C04: Section       \Sessions\1\BaseNamedObjects\37acHWNDInterface:3a1272

  C08: Section       \Sessions\1\BaseNamedObjects\37acHWNDInterface:3a1272

  C24: File          C:\Users\yanchanglong\AppData\Local\Steam\htmlcache\MANIFEST-000001

  C3C: File          C:\Users\yanchanglong\AppData\Local\Steam\htmlcache\LOCK

  C40: File          C:\Users\yanchanglong\AppData\Local\Steam\htmlcache\000003.log

  C50: File          C:\Users\yanchanglong\AppData\Local\Steam\htmlcache\LOG

  CC8: File          C:\Users\yanchanglong\AppData\Local\Steam\htmlcache\Local Storage\leveldb\LOCK

  CE0: File          C:\Users\yanchanglong\AppData\Local\Steam\htmlcache\VideoDecodeStats\LOG

  CF4: File          C:\Users\yanchanglong\AppData\Local\Steam\htmlcache\Local Storage\leveldb\MANIFEST-000001

  CFC: File          C:\Users\yanchanglong\AppData\Local\Steam\htmlcache\VideoDecodeStats\MANIFEST-000001

  D08: File          C:\Users\yanchanglong\AppData\Local\Steam\htmlcache\Local Storage\leveldb\000005.ldb

  D0C: Section       \Sessions\1\BaseNamedObjects\37acHWNDInterface:29f0886

  D14: File          C:\Windows\WinSxS\amd64_microsoft.windows.gdiplus_6595b64144ccf1df_1.1.18362.778_none_17b1aa466d9fc986

  D24: File          C:\Users\yanchanglong\AppData\Local\Steam\htmlcache\Session Storage\LOCK

  D2C: File          C:\Users\yanchanglong\AppData\Local\Steam\htmlcache\Session Storage\LOG

  D54: File          C:\Windows\Fonts\StaticCache.dat

  D78: File          C:\Users\yanchanglong\AppData\Local\Steam\htmlcache\Session Storage\000005.ldb

  D7C: File          C:\Users\yanchanglong\AppData\Local\Steam\htmlcache\Session Storage\MANIFEST-000001

  D94: File          C:\Users\yanchanglong\AppData\Local\Steam\htmlcache\Session Storage\000053.ldb

  DA0: File          C:\Users\yanchanglong\AppData\Local\Steam\htmlcache\Session Storage\000057.log

  DA4: File          C:\Users\yanchanglong\AppData\Local\Steam\htmlcache\Session Storage\000058.ldb

  DB8: File          C:\Users\yanchanglong\AppData\Local\Steam\htmlcache\Session Storage\000051.ldb

  DF4: File          C:\Users\yanchanglong\AppData\Local\Steam\htmlcache\VideoDecodeStats\000003.log

  E34: File          C:\Program Files\WindowsApps\Microsoft.LanguageExperiencePackzh-CN_18362.24.72.0_neutral__8wekyb3d8bbwe\Windows\System32\zh-CN\dui70.dll.mui

  E90: File          C:\Users\yanchanglong\AppData\Local\Steam\htmlcache\Local Storage\leveldb\000192.ldb

  EE8: File          C:\Users\yanchanglong\AppData\Local\Steam\htmlcache\shared_proto_db\metadata\LOG

  F00: File          C:\Users\yanchanglong\AppData\Local\Steam\htmlcache\shared_proto_db\metadata\LOCK

  F28: Section       \Sessions\1\BaseNamedObjects\SessionImmersiveColorPreference

  FB8: File          C:\Users\yanchanglong\AppData\Local\Steam\htmlcache\shared_proto_db\metadata\MANIFEST-000001

  FC4: File          C:\Windows\System32\drivers\etc

  FE0: File          C:\Windows\WinSxS\amd64_microsoft.windows.common-controls_6595b64144ccf1df_6.0.18362.778_none_e6c6b761130d4fb8

  FFC: Section       \Sessions\1\BaseNamedObjects\37acHWNDInterface:29f0886

------------------------------------------------------------------------------

steamwebhelper.exe pid: 22760 AW-ROY\yanchanglong

   40: File          D:\Steam

   90: File          C:\Windows\WinSxS\amd64_microsoft.windows.common-controls_6595b64144ccf1df_6.0.18362.778_none_e6c6b761130d4fb8

  2E8: File          D:\Steam\bin\cef\cef.win7x64\debug.log

  348: File          C:\Users\yanchanglong\AppData\Local\CEF\User Data\CrashpadMetrics-active.pma

  384: Section       \Windows\Theme202636592

  388: Section       \Sessions\1\Windows\Theme4163941769

------------------------------------------------------------------------------

SteamService.exe pid: 7724 \<unable to open process>

------------------------------------------------------------------------------

steamwebhelper.exe pid: 16816 AW-ROY\yanchanglong

   BC: File          C:\Windows\WinSxS\amd64_microsoft.windows.common-controls_6595b64144ccf1df_6.0.18362.778_none_e6c6b761130d4fb8

  328: File          D:\Steam\bin\cef\cef.win7x64\icudtl.dat

  338: File          D:\Steam\bin\cef\cef.win7x64\locales\zh-CN.pak

  33C: File          D:\Steam\bin\cef\cef.win7x64\cef.pak

  344: File          D:\Steam\bin\cef\cef.win7x64\cef_100_percent.pak

  34C: File          D:\Steam\bin\cef\cef.win7x64\cef_200_percent.pak

  354: File          D:\Steam\bin\cef\cef.win7x64\cef_extensions.pak

  35C: File          D:\Steam\bin\cef\cef.win7x64\devtools_resources.pak

  3AC: File          C:\Windows\apppatch\DirectXApps.sdb

  3B0: Section       \Sessions\1\BaseNamedObjects\windows_shell_global_counters

  4DC: File          D:\Steam

  504: File          C:\ProgramData\Intel\ShaderCache\steamwebhelper_1

  538: Section       \BaseNamedObjects\__ComCatalogCache__

  668: Section       \BaseNamedObjects\__ComCatalogCache__

  670: File          C:\Windows\Registration\R00000000000d.clb

------------------------------------------------------------------------------

steamwebhelper.exe pid: 26176 AW-ROY\yanchanglong

   84: File          D:\Steam

   C0: File          C:\Windows\WinSxS\amd64_microsoft.windows.common-controls_6595b64144ccf1df_6.0.18362.778_none_e6c6b761130d4fb8

  4DC: Section       \BaseNamedObjects\__ComCatalogCache__

  4E8: Section       \BaseNamedObjects\__ComCatalogCache__

  4F0: File          C:\Windows\Registration\R00000000000d.clb

  5E8: File          D:\Steam\bin\cef\cef.win7x64\icudtl.dat

  5F0: File          D:\Steam\bin\cef\cef.win7x64\v8_context_snapshot.bin

  5F8: File          D:\Steam\bin\cef\cef.win7x64\natives_blob.bin

  604: File          D:\Steam\bin\cef\cef.win7x64\locales\zh-CN.pak

  608: File          D:\Steam\bin\cef\cef.win7x64\cef.pak

  610: File          D:\Steam\bin\cef\cef.win7x64\cef_100_percent.pak

  618: File          D:\Steam\bin\cef\cef.win7x64\cef_200_percent.pak

  620: File          D:\Steam\bin\cef\cef.win7x64\cef_extensions.pak

  62C: File          D:\Steam\bin\cef\cef.win7x64\devtools_resources.pak

  7DC: File          C:\Windows\Fonts\timesi.ttf

  80C: File          C:\Windows\Fonts\msyhl.ttc

  830: File          C:\Windows\Fonts\msyh.ttc

  83C: File          C:\Windows\Fonts\msyhbd.ttc

  840: File          C:\Windows\Fonts\msyh.ttc

  850: File          C:\Windows\Fonts\timesbd.ttf

  864: File          C:\Windows\Fonts\timesbi.ttf

  870: File          C:\Windows\Fonts\times.ttf

  884: File          C:\Windows\Fonts\msyhl.ttc

  888: File          C:\Windows\Fonts\arialbi.ttf

  894: File          C:\Windows\Fonts\msyh.ttc

  898: File          C:\Windows\Fonts\arial.ttf

  89C: File          C:\Windows\Fonts\arialbd.ttf

  8A0: File          C:\Windows\Fonts\ariali.ttf

  8A4: File          C:\Windows\Fonts\ARIALN.TTF

  8A8: File          C:\Windows\Fonts\ARIALNB.TTF

  8AC: File          C:\Windows\Fonts\ARIALNBI.TTF

  8B0: File          C:\Windows\Fonts\ARIALNI.TTF

  8B4: File          C:\Windows\Fonts\ariblk.ttf

  8B8: File          C:\Windows\Fonts\arial.ttf

  8C0: File          C:\Windows\Fonts\arial.ttf

  8C8: File          C:\Windows\Fonts\times.ttf

  8D0: File          C:\Windows\Fonts\times.ttf

  8D8: File          C:\Windows\Fonts\seguiemj.ttf

  8DC: File          C:\Windows\Fonts\seguiemj.ttf

  8E4: File          C:\Windows\Fonts\cambria.ttc

  8E8: File          C:\Windows\Fonts\cambria.ttc

  8F0: File          C:\Windows\Fonts\simsun.ttc

  8F4: File          C:\Windows\Fonts\simsun.ttc

  8FC: File          C:\Windows\Fonts\msyh.ttc

  900: File          C:\Windows\Fonts\msyhbd.ttc

  904: File          C:\Windows\Fonts\msyhl.ttc

  908: File          C:\Windows\Fonts\msyh.ttc

  910: File          C:\Windows\Fonts\msyh.ttc

  980: File          C:\Users\yanchanglong\AppData\Local\CEF\User Data\Dictionaries\en-US-8-0.bdic

  9F8: File          C:\Windows\Fonts\msyhl.ttc

------------------------------------------------------------------------------

steamwebhelper.exe pid: 21660 AW-ROY\yanchanglong

   84: File          D:\Steam

   CC: File          C:\Windows\WinSxS\amd64_microsoft.windows.common-controls_6595b64144ccf1df_6.0.18362.778_none_e6c6b761130d4fb8

  4D4: Section       \BaseNamedObjects\__ComCatalogCache__

  4E0: Section       \BaseNamedObjects\__ComCatalogCache__

  4E8: File          C:\Windows\Registration\R00000000000d.clb

  564: File          D:\Steam\bin\cef\cef.win7x64\icudtl.dat

  580: File          D:\Steam\bin\cef\cef.win7x64\v8_context_snapshot.bin

  5FC: File          D:\Steam\bin\cef\cef.win7x64\natives_blob.bin

  60C: File          D:\Steam\bin\cef\cef.win7x64\locales\zh-CN.pak

  614: File          D:\Steam\bin\cef\cef.win7x64\cef.pak

  61C: File          D:\Steam\bin\cef\cef.win7x64\cef_100_percent.pak

  628: File          D:\Steam\bin\cef\cef.win7x64\cef_200_percent.pak

  630: File          D:\Steam\bin\cef\cef.win7x64\cef_extensions.pak

  638: File          D:\Steam\bin\cef\cef.win7x64\devtools_resources.pak

  7FC: File          C:\Windows\Fonts\msyhl.ttc

  804: File          C:\Windows\Fonts\msyhl.ttc

  84C: File          C:\Windows\Fonts\msyh.ttc

  858: File          C:\Windows\Fonts\arial.ttf

  864: File          C:\Windows\Fonts\arialbd.ttf

  868: File          C:\Windows\Fonts\arialbi.ttf

  86C: File          C:\Windows\Fonts\ariali.ttf

  870: File          C:\Windows\Fonts\ARIALN.TTF

  874: File          C:\Windows\Fonts\ARIALNB.TTF

  878: File          C:\Windows\Fonts\ARIALNBI.TTF

  87C: File          C:\Windows\Fonts\ARIALNI.TTF

  880: File          C:\Windows\Fonts\ariblk.ttf

  884: File          C:\Windows\Fonts\arial.ttf

  890: File          C:\Windows\Fonts\msyhl.ttc

  898: File          C:\Windows\Fonts\ariali.ttf

  89C: File          C:\Windows\Fonts\arial.ttf

  8A0: File          C:\Windows\Fonts\msyhbd.ttc

  8A4: File          C:\Windows\Fonts\msyh.ttc

  8AC: File          C:\Windows\Fonts\msyh.ttc

  8B4: File          C:\Windows\Fonts\ariali.ttf

  8BC: File          C:\Windows\Fonts\msyhl.ttc

  8C4: File          C:\Windows\Fonts\msyhl.ttc

  8CC: File          C:\Windows\Fonts\msyh.ttc

  8E8: File          C:\Windows\Fonts\msyh.ttc

  910: File          C:\Windows\Fonts\seguisym.ttf

  E30: File          C:\Windows\Fonts\seguiemj.ttf

  EB4: File          C:\Windows\Fonts\seguisym.ttf

  ECC: File          C:\Users\yanchanglong\AppData\Local\CEF\User Data\Dictionaries\en-US-8-0.bdic

  EF4: File          C:\Windows\Fonts\seguisym.ttf

  F88: File          C:\Windows\Fonts\seguiemj.ttf

  FB4: File          C:\Windows\Fonts\seguiemj.ttf

  FC4: File          C:\Windows\Fonts\cambria.ttc

  FDC: File          C:\Windows\Fonts\cambria.ttc

------------------------------------------------------------------------------

SupportAssistAppWire.exe pid: 10160 AW-ROY\yanchanglong

   44: File          C:\Windows

   84: File          C:\Windows\SysWOW64

  1B8: Section       \BaseNamedObjects\Cor_Private_IPCBlock_v4_10160

  1BC: Section       \...\Cor_SxSPublic_IPCBlock

  2B0: Section       \BaseNamedObjects\__ComCatalogCache__

  31C: File          C:\Windows\System32\WinMetadata\Windows.ApplicationModel.winmd

  32C: File          C:\Windows\assembly\pubpol197.dat

  330: File          C:\Windows\System32\WinMetadata\Windows.Foundation.winmd

  360: File          C:\Windows\System32\WinMetadata\Windows.Foundation.winmd

  364: File          C:\Windows\System32\WinMetadata\Windows.ApplicationModel.winmd

  398: Section       \BaseNamedObjects\__ComCatalogCache__

  3B0: File          C:\Windows\Registration\R00000000000d.clb

  508: File          C:\Program Files\WindowsApps\DellInc.DellSupportAssistforPCs_3.3.8.0_x64__htrsf667h5kn2\win32\Logger.dll

  514: File          C:\Program Files\WindowsApps\DellInc.DellSupportAssistforPCs_3.3.8.0_x64__htrsf667h5kn2\win32\log4net.dll

  588: Section       \Sessions\1\BaseNamedObjects\windows_shell_global_counters

  59C: Section       \BaseNamedObjects\NLS_CodePage_936_3_2_0_0

  5E0: File          C:\Program Files\WindowsApps\Microsoft.LanguageExperiencePackzh-CN_18362.24.72.0_neutral__8wekyb3d8bbwe\Windows\System32\zh-CN\crypt32.dll.mui

  660: File          C:\Program Files\WindowsApps\Microsoft.LanguageExperiencePackzh-CN_18362.24.72.0_neutral__8wekyb3d8bbwe\Windows\System32\zh-CN\MFC42.dll.mui

  75C: File          C:\Program Files\WindowsApps\Microsoft.LanguageExperiencePackzh-CN_18362.24.72.0_neutral__8wekyb3d8bbwe\Windows\System32\zh-CN\KernelBase.dll.mui

------------------------------------------------------------------------------

SearchUI.exe pid: 7656 AW-ROY\yanchanglong

   40: File          C:\Windows\SystemApps\Microsoft.Windows.Cortana_cw5n1h2txyewy

  1E0: Section       \BaseNamedObjects\__ComCatalogCache__

  220: File          C:\Users\yanchanglong\AppData\Local\Packages\Microsoft.Windows.Cortana_cw5n1h2txyewy\LocalState\AppIconCache\100\{1AC14E77-02E7-4E5D-B744-2EB1AE5198B7}_cmd_exe

  340: File          C:\Users\yanchanglong\AppData\Local\Packages\Microsoft.Windows.Cortana_cw5n1h2txyewy\LocalState\AppIconCache\100\{6D809377-6AF0-444B-8957-A3773F02200E}_Microsoft Office_Office16_WINWORD_EXE

  40C: Section       \Sessions\1\AppContainerNamedObjects\S-1-15-2-1861897761-1695161497-2927542615-642690995-327840285-2659745135-2630312742\ApplicationService:1de81d6247cada6aa35

  448: File          C:\Users\yanchanglong\AppData\Local\Packages\Microsoft.Windows.Cortana_cw5n1h2txyewy\LocalState\AppIconCache\100\Microsoft_AutoGenerated_{7CED8F98-D598-4A44-8769-E2E73B107B0B}

  474: Section       \Sessions\1\AppContainerNamedObjects\S-1-15-2-1861897761-1695161497-2927542615-642690995-327840285-2659745135-2630312742\windows_shell_global_counters

  530: Section       \Sessions\1\AppContainerNamedObjects\S-1-15-2-1861897761-1695161497-2927542615-642690995-327840285-2659745135-2630312742\1de8HWNDInterface:70234

  544: Section       \Sessions\1\AppContainerNamedObjects\S-1-15-2-1861897761-1695161497-2927542615-642690995-327840285-2659745135-2630312742\1de8HWNDInterface:70234

  564: Section       \Sessions\1\AppContainerNamedObjects\S-1-15-2-1861897761-1695161497-2927542615-642690995-327840285-2659745135-2630312742\SessionImmersiveColorPreference

  568: Section       \Sessions\1\BaseNamedObjects\windows_webcache_counters_{9B6AB5B3-91BC-4097-835C-EA2DEC95E9CC}_S-1-5-21-894610241-3031673652-807083418-1001

  588: File          C:\Users\yanchanglong\AppData\Local\Packages\Microsoft.Windows.Cortana_cw5n1h2txyewy\LocalState\AppIconCache\100\Microsoft_Windows_Explorer

  5B0: File          C:\Windows\apppatch\DirectXApps.sdb

  674: File          C:\Users\yanchanglong\AppData\Local\Packages\Microsoft.Windows.Cortana_cw5n1h2txyewy\LocalState\AppIconCache\100\{6D809377-6AF0-444B-8957-A3773F02200E}_Microsoft Office_Office16_WINWORD_EXE

  6AC: Section       \Sessions\1\AppContainerNamedObjects\S-1-15-2-1861897761-1695161497-2927542615-642690995-327840285-2659745135-2630312742\windows_webcache_counters_{00000000-5d8e-4eed-b3fa-e30684411323}

  6B0: File          C:\Windows\Fonts\segoeui.ttf

  6E4: File          C:\Users\yanchanglong\AppData\Local\Packages\Microsoft.Windows.Cortana_cw5n1h2txyewy\LocalState\AppIconCache\100\{1AC14E77-02E7-4E5D-B744-2EB1AE5198B7}_cmd_exe

  7B4: Section       \Sessions\1\AppContainerNamedObjects\S-1-15-2-1861897761-1695161497-2927542615-642690995-327840285-2659745135-2630312742\1de8HWNDInterface:70234

  824: Section       \Sessions\1\AppContainerNamedObjects\S-1-15-2-1861897761-1695161497-2927542615-642690995-327840285-2659745135-2630312742\1de8HWNDInterface:70234

  828: Section       \Sessions\1\AppContainerNamedObjects\S-1-15-2-1861897761-1695161497-2927542615-642690995-327840285-2659745135-2630312742\1de8HWNDInterface:70234

  878: File          C:\Users\yanchanglong\AppData\Local\Packages\Microsoft.Windows.Cortana_cw5n1h2txyewy\LocalState\AppIconCache\100\{6D809377-6AF0-444B-8957-A3773F02200E}_Microsoft Office_Office16_WINWORD_EXE

  884: Section       \Sessions\1\AppContainerNamedObjects\S-1-15-2-1861897761-1695161497-2927542615-642690995-327840285-2659745135-2630312742\UrlZonesSM_yanchanglong

  88C: File          C:\Users\yanchanglong\AppData\Local\Packages\Microsoft.Windows.Cortana_cw5n1h2txyewy\LocalState\AppIconCache\100\Chrome

  898: File          C:\Users\yanchanglong\AppData\Local\Packages\Microsoft.Windows.Cortana_cw5n1h2txyewy\LocalState\AppIconCache\100\Microsoft_AutoGenerated_{B2DDB63C-3935-949B-A58B-5F7B7987D5EF}

  8C4: File          C:\Program Files\WindowsApps\Microsoft.LanguageExperiencePackzh-CN_18362.24.72.0_neutral__8wekyb3d8bbwe\Windows\System32\zh-CN\windows.storage.dll.mui

  938: File          C:\Users\yanchanglong\AppData\Local\Packages\Microsoft.Windows.Cortana_cw5n1h2txyewy\TempState\Traces\CortanaTrace1.etl

  94C: Section       \Sessions\1\AppContainerNamedObjects\S-1-15-2-1861897761-1695161497-2927542615-642690995-327840285-2659745135-2630312742\1de8HWNDInterface:70234

  9D0: Section       \Sessions\1\AppContainerNamedObjects\S-1-15-2-1861897761-1695161497-2927542615-642690995-327840285-2659745135-2630312742\C:*ProgramData*Microsoft*Windows*Caches*cversions.2.ro

  9D8: Section       \Sessions\1\AppContainerNamedObjects\S-1-15-2-1861897761-1695161497-2927542615-642690995-327840285-2659745135-2630312742\C:*ProgramData*Microsoft*Windows*Caches*{6AF0698E-D558-4F6E-9B3C-3716689AF493}.2.ver0x0000000000000001.db

  9E8: Section       \Sessions\1\AppContainerNamedObjects\S-1-15-2-1861897761-1695161497-2927542615-642690995-327840285-2659745135-2630312742\C:*ProgramData*Microsoft*Windows*Caches*{DDF571F2-BE98-426D-8288-1A9A39C3FDA2}.2.ver0x0000000000000001.db

  9F4: Section       \Sessions\1\AppContainerNamedObjects\S-1-15-2-1861897761-1695161497-2927542615-642690995-327840285-2659745135-2630312742\C:*ProgramData*Microsoft*Windows*Caches*cversions.2.ro

  A74: File          C:\Users\yanchanglong\AppData\Local\Packages\Microsoft.Windows.Cortana_cw5n1h2txyewy\LocalState\AppIconCache\100\{6D809377-6AF0-444B-8957-A3773F02200E}_Microsoft Office_Office16_WINWORD_EXE

  AAC: Section       \Sessions\1\AppContainerNamedObjects\S-1-15-2-1861897761-1695161497-2927542615-642690995-327840285-2659745135-2630312742\1de8HWNDInterface:70234

  AB8: Section       \Sessions\1\AppContainerNamedObjects\S-1-15-2-1861897761-1695161497-2927542615-642690995-327840285-2659745135-2630312742\1de8HWNDInterface:70234

  AD0: File          C:\Windows\Fonts\msyh.ttc

  AD4: Section       \BaseNamedObjects\F932B6C7-3A20-46A0-B8A0-8894AA421973

  AF4: Section       \Sessions\1\AppContainerNamedObjects\S-1-15-2-1861897761-1695161497-2927542615-642690995-327840285-2659745135-2630312742\MSIMGSIZECacheMapACLow

  B18: File          C:\Program Files\WindowsApps\Microsoft.LanguageExperiencePackzh-CN_18362.24.72.0_neutral__8wekyb3d8bbwe\Windows\System32\zh-CN\KernelBase.dll.mui

  B20: File          C:\Users\yanchanglong\AppData\Local\Packages\Microsoft.Windows.Cortana_cw5n1h2txyewy\LocalState\AppIconCache\100\Microsoft_Windows_Explorer

  B40: Section       \Sessions\1\AppContainerNamedObjects\S-1-15-2-1861897761-1695161497-2927542615-642690995-327840285-2659745135-2630312742\1de8HWNDInterface:70234

  BC4: Section       \Sessions\1\AppContainerNamedObjects\S-1-15-2-1861897761-1695161497-2927542615-642690995-327840285-2659745135-2630312742\1de8HWNDInterface:70234

  CF0: File          C:\Users\yanchanglong\AppData\Local\Packages\Microsoft.Windows.Cortana_cw5n1h2txyewy\LocalState\AppIconCache\100\Microsoft_Windows_Explorer

  CF8: File          C:\Users\yanchanglong\AppData\Local\Packages\Microsoft.Windows.Cortana_cw5n1h2txyewy\LocalState\AppIconCache\100\{1AC14E77-02E7-4E5D-B744-2EB1AE5198B7}_cmd_exe

  D74: File          C:\Program Files\WindowsApps\Microsoft.LanguageExperiencePackzh-CN_18362.24.72.0_neutral__8wekyb3d8bbwe\Windows\System32\zh-CN\edgehtml.dll.mui

  D78: Section       \Sessions\1\AppContainerNamedObjects\S-1-15-2-1861897761-1695161497-2927542615-642690995-327840285-2659745135-2630312742\1de8HWNDInterface:2b0db0

  DF4: File          C:\Users\yanchanglong\AppData\Local\Packages\Microsoft.Windows.Cortana_cw5n1h2txyewy\LocalState\AppIconCache\100\{6D809377-6AF0-444B-8957-A3773F02200E}_CMake_bin_cmake-gui_exe

  DF8: File          C:\Users\yanchanglong\AppData\Local\Packages\Microsoft.Windows.Cortana_cw5n1h2txyewy\LocalState\AppIconCache\100\{1AC14E77-02E7-4E5D-B744-2EB1AE5198B7}_notepad_exe

  E04: File          C:\Users\yanchanglong\AppData\Local\Packages\Microsoft.Windows.Cortana_cw5n1h2txyewy\LocalState\AppIconCache\100\{1AC14E77-02E7-4E5D-B744-2EB1AE5198B7}_notepad_exe

  E18: File          C:\Windows\Fonts

  E34: File          C:\Windows\Fonts\msjh.ttc

  EBC: File          C:\Windows\SystemApps\Microsoft.Windows.Cortana_cw5n1h2txyewy\Cortana.Internal.Search.winmd

  ED8: File          C:\Windows\SystemApps\Microsoft.Windows.Cortana_cw5n1h2txyewy\Cortana.Search.winmd

  F20: File          C:\Users\yanchanglong\AppData\Local\Packages\Microsoft.Windows.Cortana_cw5n1h2txyewy\LocalState\AppIconCache\100\{1AC14E77-02E7-4E5D-B744-2EB1AE5198B7}_notepad_exe

  F2C: File          C:\Windows\System32\WinMetadata\Windows.Foundation.winmd

  F6C: Section       \Sessions\1\AppContainerNamedObjects\S-1-15-2-1861897761-1695161497-2927542615-642690995-327840285-2659745135-2630312742\C:*ProgramData*Microsoft*Windows*Caches*cversions.2.ro

  F7C: File          C:\Windows\System32\WinMetadata\Windows.Security.winmd

  FA8: File          C:\Users\yanchanglong\AppData\Local\Packages\Microsoft.Windows.Cortana_cw5n1h2txyewy\LocalState\AppIconCache\100\{7C5A40EF-A0FB-4BFC-874A-C0F2E0B9FA8E}_360_360zip_360zip_exe

  FE8: File          C:\Users\yanchanglong\AppData\Local\Packages\Microsoft.Windows.Cortana_cw5n1h2txyewy\LocalState\AppIconCache\100\{7C5A40EF-A0FB-4BFC-874A-C0F2E0B9FA8E}_360_360zip_360zip_exe

  FF0: File          C:\Users\yanchanglong\AppData\Local\Packages\Microsoft.Windows.Cortana_cw5n1h2txyewy\LocalState\AppIconCache\100\{7C5A40EF-A0FB-4BFC-874A-C0F2E0B9FA8E}_360_360zip_360zip_exe

 1010: Section       \Sessions\1\BaseNamedObjects\C:*Users*yanchanglong*AppData*Local*Microsoft*Windows*Caches*cversions.3.ro

 102C: File          C:\Windows\SystemApps\Microsoft.Windows.Cortana_cw5n1h2txyewy\Cortana.Tips.winmd

 105C: File          C:\Windows\System32\WinMetadata\Windows.Storage.winmd

 1064: File          C:\Windows\SystemApps\Microsoft.Windows.Cortana_cw5n1h2txyewy\Cortana.SPA.winmd

 106C: File          C:\Windows\System32\WinMetadata\Windows.System.winmd

 1078: File          C:\Users\yanchanglong\AppData\Local\Packages\Microsoft.Windows.Cortana_cw5n1h2txyewy\AC\Microsoft\Internet Explorer\DOMStore\9OR1E3DO

 1234: File          C:\Program Files\WindowsApps\Microsoft.LanguageExperiencePackzh-CN_18362.24.72.0_neutral__8wekyb3d8bbwe\Windows\System32\zh-CN\crypt32.dll.mui

 1248: File          C:\Users\yanchanglong\AppData\Local\Packages\Microsoft.Windows.Cortana_cw5n1h2txyewy\LocalState\AppIconCache\100\{6D809377-6AF0-444B-8957-A3773F02200E}_CMake_bin_cmake-gui_exe

 1250: File          C:\Program Files\WindowsApps\Microsoft.LanguageExperiencePackzh-CN_18362.24.72.0_neutral__8wekyb3d8bbwe\Windows\System32\zh-CN\dnsapi.dll.mui

 12D4: Section       \Sessions\1\Windows\Theme4163941769

 12E0: File          C:\Windows\System32\WinMetadata\Windows.UI.winmd

 12E4: File          C:\Users\yanchanglong\AppData\Local\Packages\Microsoft.Windows.Cortana_cw5n1h2txyewy\LocalState\AppIconCache\100\{6D809377-6AF0-444B-8957-A3773F02200E}_CMake_bin_cmake-gui_exe

 12EC: File          C:\Users\yanchanglong\AppData\Local\Packages\Microsoft.Windows.Cortana_cw5n1h2txyewy\LocalState\AppIconCache\100\{1AC14E77-02E7-4E5D-B744-2EB1AE5198B7}_notepad_exe

 1310: File          C:\Windows\System32\WinMetadata\Windows.Web.winmd

 133C: File          C:\Users\yanchanglong\AppData\Local\Packages\Microsoft.Windows.Cortana_cw5n1h2txyewy\LocalState\AppIconCache\100\{6D809377-6AF0-444B-8957-A3773F02200E}_Microsoft Office_Office16_WINWORD_EXE

 1340: File          C:\Users\yanchanglong\AppData\Local\Packages\Microsoft.Windows.Cortana_cw5n1h2txyewy\LocalState\AppIconCache\100\{6D809377-6AF0-444B-8957-A3773F02200E}_CMake_bin_cmake-gui_exe

 1374: File          C:\Windows\SystemResources\Chakra.dll.mun

 1398: File          C:\Windows\System32\WinMetadata\Windows.ApplicationModel.winmd

 140C: Section       \Sessions\1\AppContainerNamedObjects\S-1-15-2-1861897761-1695161497-2927542615-642690995-327840285-2659745135-2630312742\C:*ProgramData*Microsoft*Windows*Caches*cversions.2.ro

 141C: File          C:\Users\yanchanglong\AppData\Local\Packages\Microsoft.Windows.Cortana_cw5n1h2txyewy\LocalState\AppIconCache\100\{7C5A40EF-A0FB-4BFC-874A-C0F2E0B9FA8E}_360_360zip_360zip_exe

 1424: Section       \Sessions\1\AppContainerNamedObjects\S-1-15-2-1861897761-1695161497-2927542615-642690995-327840285-2659745135-2630312742\C:*ProgramData*Microsoft*Windows*Caches*{601E8F59-2494-4F5B-858C-98B965334AFA}.2.ver0x0000000000000001.db

 1440: File          C:\Users\yanchanglong\AppData\Local\Packages\Microsoft.Windows.Cortana_cw5n1h2txyewy\LocalState\AppIconCache\100\Microsoft_Windows_Explorer

 1450: Section       \Windows\Theme202636592

 1458: File          C:\Users\yanchanglong\AppData\Local\Packages\Microsoft.Windows.Cortana_cw5n1h2txyewy\LocalState\AppIconCache\100\Microsoft_AutoGenerated_{C27C31AC-B203-C5A3-A8DF-BD0A12A3EEF0}

 145C: File          C:\Users\yanchanglong\AppData\Local\Packages\Microsoft.Windows.Cortana_cw5n1h2txyewy\LocalState\AppIconCache\100\{1AC14E77-02E7-4E5D-B744-2EB1AE5198B7}_cmd_exe

 1474: File          C:\Program Files\WindowsApps\Microsoft.LanguageExperiencePackzh-CN_18362.24.72.0_neutral__8wekyb3d8bbwe\Windows\System32\zh-CN\iertutil.dll.mui

 148C: File          C:\Program Files\WindowsApps\Microsoft.LanguageExperiencePackzh-CN_18362.24.72.0_neutral__8wekyb3d8bbwe\Windows\System32\zh-CN\shell32.dll.mui

 14D0: File          C:\Users\yanchanglong\AppData\Local\Packages\Microsoft.Windows.Cortana_cw5n1h2txyewy\LocalState\AppIconCache\100\{6D809377-6AF0-444B-8957-A3773F02200E}_Microsoft Office_Office16_WINWORD_EXE

 14D4: File          C:\Users\yanchanglong\AppData\Local\Packages\Microsoft.Windows.Cortana_cw5n1h2txyewy\LocalState\AppIconCache\100\Chrome

 14D8: File          C:\Users\yanchanglong\AppData\Local\Packages\Microsoft.Windows.Cortana_cw5n1h2txyewy\LocalState\AppIconCache\100\Chrome

 14DC: File          C:\Users\yanchanglong\AppData\Local\Packages\Microsoft.Windows.Cortana_cw5n1h2txyewy\LocalState\AppIconCache\100\Chrome

 14F4: File          C:\Users\yanchanglong\AppData\Local\Packages\Microsoft.Windows.Cortana_cw5n1h2txyewy\LocalState\AppIconCache\100\Chrome

 14F8: File          C:\Users\yanchanglong\AppData\Local\Packages\Microsoft.Windows.Cortana_cw5n1h2txyewy\LocalState\AppIconCache\100\{6D809377-6AF0-444B-8957-A3773F02200E}_CMake_bin_cmake-gui_exe

 151C: File          C:\Windows\WinSxS\amd64_microsoft.windows.common-controls_6595b64144ccf1df_5.82.18362.778_none_2a29d4a64667eb69

 1598: File          C:\Users\yanchanglong\AppData\Local\Packages\Microsoft.Windows.Cortana_cw5n1h2txyewy\LocalState\AppIconCache\100\Microsoft_Windows_Explorer

 159C: File          C:\Users\yanchanglong\AppData\Local\Packages\Microsoft.Windows.Cortana_cw5n1h2txyewy\LocalState\AppIconCache\100\Chrome

 15A0: File          C:\Users\yanchanglong\AppData\Local\Packages\Microsoft.Windows.Cortana_cw5n1h2txyewy\LocalState\AppIconCache\100\Chrome

 15AC: File          C:\Users\yanchanglong\AppData\Local\Packages\Microsoft.Windows.Cortana_cw5n1h2txyewy\LocalState\AppIconCache\100\{1AC14E77-02E7-4E5D-B744-2EB1AE5198B7}_notepad_exe

 15D4: File          C:\Users\yanchanglong\AppData\Local\Packages\Microsoft.Windows.Cortana_cw5n1h2txyewy\LocalState\AppIconCache\100\Chrome

 15F8: File          C:\Users\yanchanglong\AppData\Local\Packages\Microsoft.Windows.Cortana_cw5n1h2txyewy\LocalState\AppIconCache\100\{1AC14E77-02E7-4E5D-B744-2EB1AE5198B7}_cmd_exe

 1600: File          C:\Users\yanchanglong\AppData\Local\Packages\Microsoft.Windows.Cortana_cw5n1h2txyewy\LocalState\AppIconCache\100\Chrome

 1648: File          C:\Windows\Fonts\malgun.ttf

 1654: File          C:\Users\yanchanglong\AppData\Local\Packages\Microsoft.Windows.Cortana_cw5n1h2txyewy\LocalState\AppIconCache\100\Chrome

 165C: Section       \Sessions\1\AppContainerNamedObjects\S-1-15-2-1861897761-1695161497-2927542615-642690995-327840285-2659745135-2630312742\C:*Users*yanchanglong*AppData*Local*Microsoft*Windows*Caches*{3DA71D5A-20CC-432F-A115-DFE92379E91F}.3.ver0x00000000000000a6.db

 1660: File          C:\Users\yanchanglong\AppData\Local\Packages\Microsoft.Windows.Cortana_cw5n1h2txyewy\LocalState\AppIconCache\100\{1AC14E77-02E7-4E5D-B744-2EB1AE5198B7}_notepad_exe

 1678: File          C:\Users\yanchanglong\AppData\Local\Packages\Microsoft.Windows.Cortana_cw5n1h2txyewy\LocalState\AppIconCache\100\{1AC14E77-02E7-4E5D-B744-2EB1AE5198B7}_notepad_exe

 169C: File          C:\Users\yanchanglong\AppData\Local\Packages\Microsoft.Windows.Cortana_cw5n1h2txyewy\LocalState\AppIconCache\100\{7C5A40EF-A0FB-4BFC-874A-C0F2E0B9FA8E}_360_360zip_360zip_exe

 16AC: File          C:\Windows\Fonts\msyhbd.ttc

 16E8: File          C:\Users\yanchanglong\AppData\Local\Packages\Microsoft.Windows.Cortana_cw5n1h2txyewy\LocalState\AppIconCache\100\{7C5A40EF-A0FB-4BFC-874A-C0F2E0B9FA8E}_360_360zip_360zip_exe

 16EC: File          C:\Users\yanchanglong\AppData\Local\Packages\Microsoft.Windows.Cortana_cw5n1h2txyewy\LocalState\AppIconCache\100\Chrome

 1714: File          C:\Program Files\WindowsApps\Microsoft.LanguageExperiencePackzh-CN_18362.24.72.0_neutral__8wekyb3d8bbwe\Windows\System32\zh-CN\dui70.dll.mui

 1720: File          C:\Users\yanchanglong\AppData\Local\Packages\Microsoft.Windows.Cortana_cw5n1h2txyewy\LocalState\AppIconCache\100\{6D809377-6AF0-444B-8957-A3773F02200E}_Microsoft Office_Office16_WINWORD_EXE

 1728: File          C:\Windows\Fonts\YuGothR.ttc

 174C: File          C:\Users\yanchanglong\AppData\Local\Packages\Microsoft.Windows.Cortana_cw5n1h2txyewy\LocalState\AppIconCache\100\Microsoft_Windows_Explorer

 1754: File          C:\Users\yanchanglong\AppData\Local\Packages\Microsoft.Windows.Cortana_cw5n1h2txyewy\LocalState\AppIconCache\100\{1AC14E77-02E7-4E5D-B744-2EB1AE5198B7}_cmd_exe

 1774: File          C:\Windows\Fonts\simsun.ttc

 1778: File          C:\Windows\Fonts\seguisb.ttf

 179C: File          C:\Users\yanchanglong\AppData\Local\Packages\Microsoft.Windows.Cortana_cw5n1h2txyewy\LocalState\AppIconCache\100\Microsoft_Windows_Explorer

 17E0: File          C:\Program Files\WindowsApps\Microsoft.LanguageExperiencePackzh-CN_18362.24.72.0_neutral__8wekyb3d8bbwe\Windows\System32\zh-CN\StartTileData.dll.mui

 1810: File          C:\Users\yanchanglong\AppData\Local\Packages\Microsoft.Windows.Cortana_cw5n1h2txyewy\LocalState\AppIconCache\100\Microsoft_AutoGenerated_{7CED8F98-D598-4A44-8769-E2E73B107B0B}

 1824: File          C:\Users\yanchanglong\AppData\Local\Packages\Microsoft.Windows.Cortana_cw5n1h2txyewy\LocalState\AppIconCache\100\Microsoft_AutoGenerated_{C27C31AC-B203-C5A3-A8DF-BD0A12A3EEF0}

 1830: File          C:\Users\yanchanglong\AppData\Local\Packages\Microsoft.Windows.Cortana_cw5n1h2txyewy\LocalState\AppIconCache\100\{6D809377-6AF0-444B-8957-A3773F02200E}_CMake_bin_cmake-gui_exe

 183C: File          C:\Users\yanchanglong\AppData\Local\Packages\Microsoft.Windows.Cortana_cw5n1h2txyewy\LocalState\AppIconCache\100\C__Users_yanchanglong_AppData_Local_youdao_dict_Application_YoudaoDict_exe

 1840: File          C:\Users\yanchanglong\AppData\Local\Packages\Microsoft.Windows.Cortana_cw5n1h2txyewy\LocalState\AppIconCache\100\C__Users_yanchanglong_AppData_Local_youdao_dict_Application_YoudaoDict_exe

 1854: File          C:\Users\yanchanglong\AppData\Local\Packages\Microsoft.Windows.Cortana_cw5n1h2txyewy\LocalState\AppIconCache\100\C__Users_yanchanglong_AppData_Local_youdao_dict_Application_YoudaoDict_exe

 1858: File          C:\Users\yanchanglong\AppData\Local\Packages\Microsoft.Windows.Cortana_cw5n1h2txyewy\LocalState\AppIconCache\100\C__Users_yanchanglong_AppData_Local_youdao_dict_Application_YoudaoDict_exe

 187C: File          C:\Users\yanchanglong\AppData\Local\Packages\Microsoft.Windows.Cortana_cw5n1h2txyewy\LocalState\AppIconCache\100\Chrome

 1880: File          C:\Users\yanchanglong\AppData\Local\Packages\Microsoft.Windows.Cortana_cw5n1h2txyewy\LocalState\AppIconCache\100\Microsoft_Windows_ControlPanel

 1884: File          C:\Users\yanchanglong\AppData\Local\Packages\Microsoft.Windows.Cortana_cw5n1h2txyewy\LocalState\AppIconCache\100\Microsoft_AutoGenerated_{7CED8F98-D598-4A44-8769-E2E73B107B0B}

 1898: File          C:\Users\yanchanglong\AppData\Local\Packages\Microsoft.Windows.Cortana_cw5n1h2txyewy\LocalState\AppIconCache\100\{1AC14E77-02E7-4E5D-B744-2EB1AE5198B7}_notepad_exe

 18C0: File          C:\Users\yanchanglong\AppData\Local\Packages\Microsoft.Windows.Cortana_cw5n1h2txyewy\LocalState\AppIconCache\100\Microsoft_Windows_Explorer

 18D8: File          C:\Users\yanchanglong\AppData\Local\Packages\Microsoft.Windows.Cortana_cw5n1h2txyewy\LocalState\AppIconCache\100\Microsoft_AutoGenerated_{7CED8F98-D598-4A44-8769-E2E73B107B0B}

 18F4: File          C:\Users\yanchanglong\AppData\Local\Packages\Microsoft.Windows.Cortana_cw5n1h2txyewy\LocalState\AppIconCache\100\Chrome

 1908: File          C:\Users\yanchanglong\AppData\Local\Packages\Microsoft.Windows.Cortana_cw5n1h2txyewy\LocalState\AppIconCache\100\Microsoft_AutoGenerated_{B2DDB63C-3935-949B-A58B-5F7B7987D5EF}

 1944: File          C:\Users\yanchanglong\AppData\Local\Packages\Microsoft.Windows.Cortana_cw5n1h2txyewy\LocalState\AppIconCache\100\Chrome

 1958: File          C:\Users\yanchanglong\AppData\Local\Packages\Microsoft.Windows.Cortana_cw5n1h2txyewy\LocalState\AppIconCache\100\Microsoft_AutoGenerated_{B2DDB63C-3935-949B-A58B-5F7B7987D5EF}

 1960: File          C:\Users\yanchanglong\AppData\Local\Packages\Microsoft.Windows.Cortana_cw5n1h2txyewy\LocalState\AppIconCache\100\{7C5A40EF-A0FB-4BFC-874A-C0F2E0B9FA8E}_360_360zip_360zip_exe

 1974: File          C:\Users\yanchanglong\AppData\Local\Packages\Microsoft.Windows.Cortana_cw5n1h2txyewy\LocalState\AppIconCache\100\{6D809377-6AF0-444B-8957-A3773F02200E}_CMake_bin_cmake-gui_exe

 1978: File          C:\Users\yanchanglong\AppData\Local\Packages\Microsoft.Windows.Cortana_cw5n1h2txyewy\LocalState\AppIconCache\100\{6D809377-6AF0-444B-8957-A3773F02200E}_CMake_bin_cmake-gui_exe

 1988: File          C:\Users\yanchanglong\AppData\Local\Packages\Microsoft.Windows.Cortana_cw5n1h2txyewy\LocalState\AppIconCache\100\{6D809377-6AF0-444B-8957-A3773F02200E}_CMake_bin_cmake-gui_exe

 19A0: File          C:\Users\yanchanglong\AppData\Local\Packages\Microsoft.Windows.Cortana_cw5n1h2txyewy\LocalState\AppIconCache\100\Chrome

 1A04: File          C:\Users\yanchanglong\AppData\Local\Packages\Microsoft.Windows.Cortana_cw5n1h2txyewy\LocalState\AppIconCache\100\Microsoft_AutoGenerated_{B2DDB63C-3935-949B-A58B-5F7B7987D5EF}

 1A10: File          C:\Users\yanchanglong\AppData\Local\Packages\Microsoft.Windows.Cortana_cw5n1h2txyewy\LocalState\AppIconCache\100\{6D809377-6AF0-444B-8957-A3773F02200E}_Microsoft Office_Office16_WINWORD_EXE

 1A34: File          C:\Users\yanchanglong\AppData\Local\Packages\Microsoft.Windows.Cortana_cw5n1h2txyewy\LocalState\AppIconCache\100\Microsoft_Windows_ControlPanel

 1A5C: File          C:\Users\yanchanglong\AppData\Local\Packages\Microsoft.Windows.Cortana_cw5n1h2txyewy\LocalState\AppIconCache\100\Microsoft_Windows_Computer

 1AB0: File          C:\Users\yanchanglong\AppData\Local\Packages\Microsoft.Windows.Cortana_cw5n1h2txyewy\LocalState\AppIconCache\100\{1AC14E77-02E7-4E5D-B744-2EB1AE5198B7}_cmd_exe

 1ABC: File          C:\Users\yanchanglong\AppData\Local\Packages\Microsoft.Windows.Cortana_cw5n1h2txyewy\LocalState\AppIconCache\100\Chrome

 1ADC: File          C:\Users\yanchanglong\AppData\Local\Packages\Microsoft.Windows.Cortana_cw5n1h2txyewy\LocalState\AppIconCache\100\{6D809377-6AF0-444B-8957-A3773F02200E}_CMake_bin_cmake-gui_exe

 1AEC: File          C:\Users\yanchanglong\AppData\Local\Packages\Microsoft.Windows.Cortana_cw5n1h2txyewy\LocalState\AppIconCache\100\Microsoft_Windows_Computer

 1AF0: File          C:\Users\yanchanglong\AppData\Local\Packages\Microsoft.Windows.Cortana_cw5n1h2txyewy\LocalState\AppIconCache\100\Chrome

 1B14: File          C:\Users\yanchanglong\AppData\Local\Packages\Microsoft.Windows.Cortana_cw5n1h2txyewy\LocalState\AppIconCache\100\Chrome

 1BA4: File          C:\Users\yanchanglong\AppData\Local\Packages\Microsoft.Windows.Cortana_cw5n1h2txyewy\LocalState\AppIconCache\100\{6D809377-6AF0-444B-8957-A3773F02200E}_CMake_bin_cmake-gui_exe

 1BAC: File          C:\Users\yanchanglong\AppData\Local\Packages\Microsoft.Windows.Cortana_cw5n1h2txyewy\LocalState\AppIconCache\100\Microsoft_AutoGenerated_{C27C31AC-B203-C5A3-A8DF-BD0A12A3EEF0}

 1BD4: File          C:\Users\yanchanglong\AppData\Local\Packages\Microsoft.Windows.Cortana_cw5n1h2txyewy\LocalState\AppIconCache\100\Chrome

 1BE8: File          C:\Users\yanchanglong\AppData\Local\Packages\Microsoft.Windows.Cortana_cw5n1h2txyewy\LocalState\AppIconCache\100\Chrome

 1C3C: File          C:\Users\yanchanglong\AppData\Local\Packages\Microsoft.Windows.Cortana_cw5n1h2txyewy\LocalState\AppIconCache\100\Microsoft_AutoGenerated_{C27C31AC-B203-C5A3-A8DF-BD0A12A3EEF0}

 1C64: File          C:\Users\yanchanglong\AppData\Local\Packages\Microsoft.Windows.Cortana_cw5n1h2txyewy\LocalState\AppIconCache\100\{1AC14E77-02E7-4E5D-B744-2EB1AE5198B7}_cmd_exe

 1C74: File          C:\Users\yanchanglong\AppData\Local\Packages\Microsoft.Windows.Cortana_cw5n1h2txyewy\LocalState\AppIconCache\100\{6D809377-6AF0-444B-8957-A3773F02200E}_CMake_bin_cmake-gui_exe

 1C80: File          C:\Users\yanchanglong\AppData\Local\Packages\Microsoft.Windows.Cortana_cw5n1h2txyewy\LocalState\AppIconCache\100\{6D809377-6AF0-444B-8957-A3773F02200E}_Microsoft Office_Office16_WINWORD_EXE

 1CA4: File          C:\Users\yanchanglong\AppData\Local\Packages\Microsoft.Windows.Cortana_cw5n1h2txyewy\LocalState\AppIconCache\100\Microsoft_Windows_Computer

 1CA8: File          C:\Users\yanchanglong\AppData\Local\Packages\Microsoft.Windows.Cortana_cw5n1h2txyewy\LocalState\AppIconCache\100\Microsoft_Windows_Computer

 1CBC: File          C:\Users\yanchanglong\AppData\Local\Packages\Microsoft.Windows.Cortana_cw5n1h2txyewy\LocalState\AppIconCache\100\Microsoft_Windows_ControlPanel

 1CC0: File          C:\Users\yanchanglong\AppData\Local\Packages\Microsoft.Windows.Cortana_cw5n1h2txyewy\LocalState\AppIconCache\100\Microsoft_Windows_ControlPanel

 1CCC: File          C:\Users\yanchanglong\AppData\Local\Packages\Microsoft.Windows.Cortana_cw5n1h2txyewy\LocalState\AppIconCache\100\{1AC14E77-02E7-4E5D-B744-2EB1AE5198B7}_cmd_exe

 1CF4: File          C:\Users\yanchanglong\AppData\Local\Packages\Microsoft.Windows.Cortana_cw5n1h2txyewy\LocalState\AppIconCache\100\{1AC14E77-02E7-4E5D-B744-2EB1AE5198B7}_cmd_exe

 1D30: File          C:\Users\yanchanglong\AppData\Local\Packages\Microsoft.Windows.Cortana_cw5n1h2txyewy\LocalState\AppIconCache\100\Microsoft_Windows_Computer

 1D58: Section       \Sessions\1\AppContainerNamedObjects\S-1-15-2-1861897761-1695161497-2927542615-642690995-327840285-2659745135-2630312742\1de8HWNDInterface:70234

 1D84: File          C:\Users\yanchanglong\AppData\Local\Packages\Microsoft.Windows.Cortana_cw5n1h2txyewy\LocalState\AppIconCache\100\Microsoft_Windows_Computer

 1D88: File          C:\Users\yanchanglong\AppData\Local\Packages\Microsoft.Windows.Cortana_cw5n1h2txyewy\LocalState\AppIconCache\100\{1AC14E77-02E7-4E5D-B744-2EB1AE5198B7}_cmd_exe

 1D8C: File          C:\Users\yanchanglong\AppData\Local\Packages\Microsoft.Windows.Cortana_cw5n1h2txyewy\LocalState\AppIconCache\100\{7C5A40EF-A0FB-4BFC-874A-C0F2E0B9FA8E}_360_360zip_360zip_exe

 1D94: File          C:\Users\yanchanglong\AppData\Local\Packages\Microsoft.Windows.Cortana_cw5n1h2txyewy\LocalState\AppIconCache\100\{6D809377-6AF0-444B-8957-A3773F02200E}_CMake_bin_cmake-gui_exe

 1DA8: File          C:\Users\yanchanglong\AppData\Local\Packages\Microsoft.Windows.Cortana_cw5n1h2txyewy\LocalState\AppIconCache\100\{6D809377-6AF0-444B-8957-A3773F02200E}_CMake_bin_cmake-gui_exe

 1DB8: File          C:\Users\yanchanglong\AppData\Local\Packages\Microsoft.Windows.Cortana_cw5n1h2txyewy\LocalState\AppIconCache\100\Chrome

 1DD0: File          C:\Users\yanchanglong\AppData\Local\Packages\Microsoft.Windows.Cortana_cw5n1h2txyewy\LocalState\AppIconCache\100\{7C5A40EF-A0FB-4BFC-874A-C0F2E0B9FA8E}_360_360zip_360zip_exe

 1DE0: File          C:\Users\yanchanglong\AppData\Local\Packages\Microsoft.Windows.Cortana_cw5n1h2txyewy\LocalState\AppIconCache\100\{1AC14E77-02E7-4E5D-B744-2EB1AE5198B7}_cmd_exe

 1DF0: File          C:\Users\yanchanglong\AppData\Local\Packages\Microsoft.Windows.Cortana_cw5n1h2txyewy\LocalState\AppIconCache\100\{1AC14E77-02E7-4E5D-B744-2EB1AE5198B7}_notepad_exe

 1DF4: File          C:\Users\yanchanglong\AppData\Local\Packages\Microsoft.Windows.Cortana_cw5n1h2txyewy\LocalState\AppIconCache\100\{7C5A40EF-A0FB-4BFC-874A-C0F2E0B9FA8E}_360_360zip_360zip_exe

 1E04: File          C:\Users\yanchanglong\AppData\Local\Packages\Microsoft.Windows.Cortana_cw5n1h2txyewy\LocalState\AppIconCache\100\{1AC14E77-02E7-4E5D-B744-2EB1AE5198B7}_notepad_exe

 1E94: File          C:\Users\yanchanglong\AppData\Local\Packages\Microsoft.Windows.Cortana_cw5n1h2txyewy\LocalState\AppIconCache\100\Chrome

 1ECC: File          C:\Users\yanchanglong\AppData\Local\Packages\Microsoft.Windows.Cortana_cw5n1h2txyewy\LocalState\AppIconCache\100\{6D809377-6AF0-444B-8957-A3773F02200E}_Microsoft Office_Office16_WINWORD_EXE

 1EFC: File          C:\Users\yanchanglong\AppData\Local\Packages\Microsoft.Windows.Cortana_cw5n1h2txyewy\LocalState\AppIconCache\100\Microsoft_Windows_Explorer

 1F00: File          C:\Users\yanchanglong\AppData\Local\Packages\Microsoft.Windows.Cortana_cw5n1h2txyewy\LocalState\AppIconCache\100\Microsoft_Windows_Explorer

 1F2C: File          C:\Users\yanchanglong\AppData\Local\Packages\Microsoft.Windows.Cortana_cw5n1h2txyewy\LocalState\AppIconCache\100\Microsoft_AutoGenerated_{B2DDB63C-3935-949B-A58B-5F7B7987D5EF}

 1F48: File          C:\Users\yanchanglong\AppData\Local\Packages\Microsoft.Windows.Cortana_cw5n1h2txyewy\LocalState\AppIconCache\100\Microsoft_AutoGenerated_{B2DDB63C-3935-949B-A58B-5F7B7987D5EF}

 1F64: File          C:\Users\yanchanglong\AppData\Local\Packages\Microsoft.Windows.Cortana_cw5n1h2txyewy\LocalState\AppIconCache\100\Microsoft_AutoGenerated_{C27C31AC-B203-C5A3-A8DF-BD0A12A3EEF0}

 1F68: File          C:\Users\yanchanglong\AppData\Local\Packages\Microsoft.Windows.Cortana_cw5n1h2txyewy\LocalState\AppIconCache\100\Microsoft_AutoGenerated_{C27C31AC-B203-C5A3-A8DF-BD0A12A3EEF0}

 1F7C: File          C:\Users\yanchanglong\AppData\Local\Packages\Microsoft.Windows.Cortana_cw5n1h2txyewy\LocalState\AppIconCache\100\Microsoft_AutoGenerated_{7CED8F98-D598-4A44-8769-E2E73B107B0B}

 1F80: File          C:\Users\yanchanglong\AppData\Local\Packages\Microsoft.Windows.Cortana_cw5n1h2txyewy\LocalState\AppIconCache\100\Microsoft_AutoGenerated_{7CED8F98-D598-4A44-8769-E2E73B107B0B}

------------------------------------------------------------------------------

YourPhone.exe pid: 13028 AW-ROY\yanchanglong

   40: File          C:\Program Files\WindowsApps\Microsoft.YourPhone_1.20041.88.0_x64__8wekyb3d8bbwe

  164: Section       \BaseNamedObjects\__ComCatalogCache__

  170: Section       \Sessions\1\AppContainerNamedObjects\S-1-15-2-1726375552-1729233799-74693324-3851689839-2151781990-3623637752-3611872497\ApplicationService:32e41d624aebec0a859

  3AC: Section       \Sessions\1\AppContainerNamedObjects\S-1-15-2-1726375552-1729233799-74693324-3851689839-2151781990-3623637752-3611872497\windows_webcache_counters_{00000000-5d8e-4eed-b3fa-e30684411323}

  3B4: Section       \Sessions\1\BaseNamedObjects\windows_webcache_counters_{9B6AB5B3-91BC-4097-835C-EA2DEC95E9CC}_S-1-5-21-894610241-3031673652-807083418-1001

  3E8: Section       \Sessions\1\AppContainerNamedObjects\S-1-15-2-1726375552-1729233799-74693324-3851689839-2151781990-3623637752-3611872497\SessionImmersiveColorPreference

  430: File          C:\Windows\apppatch\DirectXApps.sdb

  438: Section       \Sessions\1\AppContainerNamedObjects\S-1-15-2-1726375552-1729233799-74693324-3851689839-2151781990-3623637752-3611872497\windows_shell_global_counters

  56C: File          C:\Windows\Fonts\segoeui.ttf

  664: File          C:\Program Files\WindowsApps\Microsoft.LanguageExperiencePackzh-CN_18362.24.72.0_neutral__8wekyb3d8bbwe\Windows\System32\zh-CN\Windows.Web.dll.mui

  674: File          C:\Program Files\WindowsApps\Microsoft.LanguageExperiencePackzh-CN_18362.24.72.0_neutral__8wekyb3d8bbwe\Windows\System32\zh-CN\KernelBase.dll.mui

  6D8: File          C:\Windows\System32\WinMetadata\Windows.System.winmd

  704: Section       \Sessions\1\AppContainerNamedObjects\S-1-15-2-1726375552-1729233799-74693324-3851689839-2151781990-3623637752-3611872497\UrlZonesSM_yanchanglong

  74C: File          C:\Program Files\WindowsApps\Microsoft.LanguageExperiencePackzh-CN_18362.24.72.0_neutral__8wekyb3d8bbwe\Windows\System32\zh-CN\wininet.dll.mui

  7D0: Section       \BaseNamedObjects\F932B6C7-3A20-46A0-B8A0-8894AA421973

  938: File          C:\Program Files\WindowsApps\Microsoft.LanguageExperiencePackzh-CN_18362.24.72.0_neutral__8wekyb3d8bbwe\Windows\System32\zh-CN\crypt32.dll.mui

  94C: File          C:\Program Files\WindowsApps\Microsoft.LanguageExperiencePackzh-CN_18362.24.72.0_neutral__8wekyb3d8bbwe\Windows\System32\zh-CN\dnsapi.dll.mui

  994: File          C:\Windows\System32\en-US\netmsg.dll.mui

  9D4: File          C:\Program Files\WindowsApps\Microsoft.LanguageExperiencePackzh-CN_18362.24.72.0_neutral__8wekyb3d8bbwe\Windows\System32\zh-CN\windows.storage.dll.mui

  9DC: File          C:\Windows\System32\zh-CN\netmsg.dll.mui

------------------------------------------------------------------------------

RuntimeBroker.exe pid: 4584 AW-ROY\yanchanglong

   48: File          C:\Windows\System32

  17C: Section       \BaseNamedObjects\__ComCatalogCache__

  1E8: File          C:\Program Files\WindowsApps\Microsoft.LanguageExperiencePackzh-CN_18362.24.72.0_neutral__8wekyb3d8bbwe\Windows\System32\zh-CN\KernelBase.dll.mui

  254: Section       \BaseNamedObjects\__ComCatalogCache__

  258: File          C:\Windows\Registration\R00000000000d.clb

  2D4: Section       \Sessions\1\BaseNamedObjects\windows_shell_global_counters

  2E4: Section       \Sessions\1\BaseNamedObjects\windows_webcache_counters_{9B6AB5B3-91BC-4097-835C-EA2DEC95E9CC}_S-1-5-21-894610241-3031673652-807083418-1001

  494: Section       \BaseNamedObjects\F932B6C7-3A20-46A0-B8A0-8894AA421973

  524: Section       \Sessions\1\BaseNamedObjects\UrlZonesSM_yanchanglong

  550: File          C:\Program Files\WindowsApps\Microsoft.LanguageExperiencePackzh-CN_18362.24.72.0_neutral__8wekyb3d8bbwe\Windows\System32\zh-CN\mswsock.dll.mui

  648: File          C:\Program Files\WindowsApps\Microsoft.LanguageExperiencePackzh-CN_18362.24.72.0_neutral__8wekyb3d8bbwe\Windows\System32\zh-CN\crypt32.dll.mui

------------------------------------------------------------------------------

SupportAssistAppWire.exe pid: 9044 AW-ROY\yanchanglong

   40: File          C:\Windows

   84: File          C:\Windows\SysWOW64

  1C8: Section       \BaseNamedObjects\Cor_Private_IPCBlock_v4_9044

  1CC: Section       \...\Cor_SxSPublic_IPCBlock

  2CC: Section       \BaseNamedObjects\__ComCatalogCache__

  31C: File          C:\Windows\System32\WinMetadata\Windows.ApplicationModel.winmd

  32C: File          C:\Windows\assembly\pubpol197.dat

  330: File          C:\Windows\System32\WinMetadata\Windows.Foundation.winmd

  358: File          C:\Windows\System32\WinMetadata\Windows.Foundation.winmd

  35C: File          C:\Windows\System32\WinMetadata\Windows.ApplicationModel.winmd

  390: Section       \BaseNamedObjects\__ComCatalogCache__

  3A8: File          C:\Windows\Registration\R00000000000d.clb

  508: File          C:\Program Files\WindowsApps\DellInc.DellSupportAssistforPCs_3.3.8.0_x64__htrsf667h5kn2\win32\Logger.dll

  50C: File          C:\Program Files\WindowsApps\DellInc.DellSupportAssistforPCs_3.3.8.0_x64__htrsf667h5kn2\win32\log4net.dll

  514: File          C:\Program Files\WindowsApps\Microsoft.LanguageExperiencePackzh-CN_18362.24.72.0_neutral__8wekyb3d8bbwe\Windows\System32\zh-CN\KernelBase.dll.mui

  51C: Section       \BaseNamedObjects\NLS_CodePage_936_3_2_0_0

  58C: Section       \Sessions\1\BaseNamedObjects\windows_shell_global_counters

  654: File          C:\Program Files\WindowsApps\Microsoft.LanguageExperiencePackzh-CN_18362.24.72.0_neutral__8wekyb3d8bbwe\Windows\System32\zh-CN\MFC42.dll.mui

------------------------------------------------------------------------------

steamwebhelper.exe pid: 6480 AW-ROY\yanchanglong

   84: File          D:\Steam

   DC: File          C:\Windows\WinSxS\amd64_microsoft.windows.common-controls_6595b64144ccf1df_6.0.18362.778_none_e6c6b761130d4fb8

  474: File          C:\Windows\Fonts\arial.ttf

  4DC: Section       \BaseNamedObjects\__ComCatalogCache__

  4E8: Section       \BaseNamedObjects\__ComCatalogCache__

  4F0: File          C:\Windows\Registration\R00000000000d.clb

  57C: File          C:\Users\yanchanglong\AppData\Local\CEF\User Data\Dictionaries\en-US-8-0.bdic

  5F4: File          D:\Steam\bin\cef\cef.win7x64\icudtl.dat

  5FC: File          D:\Steam\bin\cef\cef.win7x64\v8_context_snapshot.bin

  604: File          D:\Steam\bin\cef\cef.win7x64\natives_blob.bin

  610: File          D:\Steam\bin\cef\cef.win7x64\locales\zh-CN.pak

  614: File          D:\Steam\bin\cef\cef.win7x64\cef.pak

  61C: File          D:\Steam\bin\cef\cef.win7x64\cef_100_percent.pak

  628: File          D:\Steam\bin\cef\cef.win7x64\cef_200_percent.pak

  630: File          D:\Steam\bin\cef\cef.win7x64\cef_extensions.pak

  638: File          D:\Steam\bin\cef\cef.win7x64\devtools_resources.pak

  810: File          C:\Windows\Fonts\msyhl.ttc

  824: File          C:\Windows\Fonts\ariali.ttf

  830: File          C:\Windows\Fonts\msyhl.ttc

  834: File          C:\Windows\Fonts\ariali.ttf

  844: File          C:\Windows\Fonts\ARIALNI.TTF

  84C: File          C:\Windows\Fonts\ARIALNB.TTF

  850: File          C:\Windows\Fonts\msyhbd.ttc

  864: File          C:\Windows\Fonts\arialbd.ttf

  868: File          C:\Windows\Fonts\arialbi.ttf

  86C: File          C:\Windows\Fonts\ARIALN.TTF

  870: File          C:\Windows\Fonts\ARIALNBI.TTF

  874: File          C:\Windows\Fonts\ariblk.ttf

  878: File          C:\Windows\Fonts\msyhl.ttc

  884: File          C:\Windows\Fonts\tahoma.ttf

  88C: File          C:\Windows\Fonts\arial.ttf

  894: File          C:\Windows\Fonts\msyh.ttc

  898: File          C:\Windows\Fonts\msyhbd.ttc

  8A0: File          C:\Windows\Fonts\msyhl.ttc

  8A8: File          C:\Windows\Fonts\tahoma.ttf

  8B0: File          C:\Windows\Fonts\tahoma.ttf

  8B8: File          C:\Windows\Fonts\msyhl.ttc

  8C0: File          C:\Windows\Fonts\arial.ttf

  8C8: File          C:\Windows\Fonts\msyh.ttc

  8D0: File          C:\Windows\Fonts\msyh.ttc

  8E8: File          C:\Windows\Fonts\tahomabd.ttf

  8EC: File          C:\Windows\Fonts\seguiemj.ttf

  8F8: File          C:\Windows\Fonts\arialbd.ttf

  904: File          C:\Windows\Fonts\seguiemj.ttf

  908: File          C:\Windows\Fonts\cambria.ttc

  924: File          C:\Windows\Fonts\cambria.ttc

  92C: File          C:\Windows\Fonts\seguiemj.ttf

  934: File          C:\Windows\Fonts\msyhbd.ttc

------------------------------------------------------------------------------

SystemSettings.exe pid: 2076 AW-ROY\yanchanglong

   48: File          C:\Windows\ImmersiveControlPanel

  12C: Section       \Sessions\1\BaseNamedObjects\windows_shell_global_counters

  150: Section       \BaseNamedObjects\__ComCatalogCache__

  194: File          C:\Program Files\WindowsApps\Microsoft.LanguageExperiencePackzh-CN_18362.24.72.0_neutral__8wekyb3d8bbwe\Windows\ImmersiveControlPanel\zh-CN\SystemSettings.exe.mui

  1C0: File          C:\Windows\WinSxS\amd64_microsoft.windows.common-controls_6595b64144ccf1df_6.0.18362.778_none_e6c6b761130d4fb8

  380: Section       \BaseNamedObjects\__ComCatalogCache__

  398: Section       \Sessions\1\BaseNamedObjects\ApplicationService:81c1d6254934f5d469

  3FC: File          C:\Windows\Registration\R00000000000d.clb

  47C: Section       \Sessions\1\BaseNamedObjects\SessionImmersiveColorPreference

  484: File          C:\Windows\apppatch\DirectXApps.sdb

  498: Section       \Sessions\1\BaseNamedObjects\81cHWNDInterface:3605dc

  49C: Section       \Sessions\1\BaseNamedObjects\81cHWNDInterface:3605dc

  4A0: Section       \Sessions\1\BaseNamedObjects\81cHWNDInterface:3605dc

  528: File          C:\ProgramData\Intel\ShaderCache\SystemSettings_1

  548: Section       \Sessions\1\BaseNamedObjects\81cHWNDInterface:3605dc

  570: File          C:\Windows\Fonts\segoeui.ttf

  5C0: Section       \Sessions\1\BaseNamedObjects\81cHWNDInterface:3605dc

  600: Section       \Sessions\1\BaseNamedObjects\81cHWNDInterface:3605dc

  6A8: Section       \BaseNamedObjects\windows_shell_global_counters

  82C: Section       \Windows\Theme202636592

  83C: Section       \Sessions\1\Windows\Theme4163941769

  A20: Section       \Sessions\1\BaseNamedObjects\81cHWNDInterface:3605dc

  AD0: File          C:\Users\yanchanglong\AppData\Local\Microsoft\Windows\Explorer\thumbcache_idx.db

  B3C: File          C:\Users\yanchanglong\AppData\Local\Microsoft\Windows\Explorer\thumbcache_256.db

  B40: Section       \Sessions\1\BaseNamedObjects\C:*ProgramData*Microsoft*Windows*Caches*cversions.2.ro

  B68: File          C:\Users\yanchanglong\AppData\Local\Microsoft\Windows\Explorer\thumbcache_256.db

  B74: File          C:\Users\yanchanglong\AppData\Local\Microsoft\Windows\Explorer\thumbcache_idx.db

  B7C: Section       \Sessions\1\BaseNamedObjects\C:*ProgramData*Microsoft*Windows*Caches*cversions.2.ro

  B90: Section       \Sessions\1\BaseNamedObjects\C:*ProgramData*Microsoft*Windows*Caches*{DDF571F2-BE98-426D-8288-1A9A39C3FDA2}.2.ver0x0000000000000001.db

  B94: Section       \Sessions\1\BaseNamedObjects\C:*ProgramData*Microsoft*Windows*Caches*{6AF0698E-D558-4F6E-9B3C-3716689AF493}.2.ver0x0000000000000001.db

  B9C: File          C:\Windows\Fonts\segoeuil.ttf

  BE8: File          C:\Windows\Fonts\msyh.ttc

  C18: File          C:\Windows\Fonts\msyhl.ttc

  C80: Section       \Sessions\1\BaseNamedObjects\81cHWNDInterface:3605dc

  C94: File          C:\Program Files\WindowsApps\Microsoft.LanguageExperiencePackzh-CN_18362.24.72.0_neutral__8wekyb3d8bbwe\Windows\System32\zh-CN\windows.ui.xaml.dll.mui

------------------------------------------------------------------------------

svchost.exe pid: 29208 \<unable to open process>

------------------------------------------------------------------------------

SupportAssistAppWire.exe pid: 28968 AW-ROY\yanchanglong

   40: File          C:\Windows

   84: File          C:\Windows\SysWOW64

  1B8: Section       \BaseNamedObjects\Cor_Private_IPCBlock_v4_28968

  1BC: Section       \...\Cor_SxSPublic_IPCBlock

  2C8: Section       \BaseNamedObjects\__ComCatalogCache__

  320: File          C:\Windows\System32\WinMetadata\Windows.ApplicationModel.winmd

  330: File          C:\Windows\assembly\pubpol197.dat

  334: File          C:\Windows\System32\WinMetadata\Windows.Foundation.winmd

  364: File          C:\Windows\System32\WinMetadata\Windows.Foundation.winmd

  368: File          C:\Windows\System32\WinMetadata\Windows.ApplicationModel.winmd

  3AC: Section       \BaseNamedObjects\__ComCatalogCache__

  3B0: File          C:\Windows\Registration\R00000000000d.clb

  514: File          C:\Program Files\WindowsApps\DellInc.DellSupportAssistforPCs_3.3.8.0_x64__htrsf667h5kn2\win32\Logger.dll

  518: File          C:\Program Files\WindowsApps\DellInc.DellSupportAssistforPCs_3.3.8.0_x64__htrsf667h5kn2\win32\log4net.dll

  594: Section       \Sessions\1\BaseNamedObjects\windows_shell_global_counters

  598: Section       \BaseNamedObjects\NLS_CodePage_936_3_2_0_0

  5D8: File          C:\Program Files\WindowsApps\Microsoft.LanguageExperiencePackzh-CN_18362.24.72.0_neutral__8wekyb3d8bbwe\Windows\System32\zh-CN\crypt32.dll.mui

  660: File          C:\Program Files\WindowsApps\Microsoft.LanguageExperiencePackzh-CN_18362.24.72.0_neutral__8wekyb3d8bbwe\Windows\System32\zh-CN\MFC42.dll.mui

  75C: File          C:\Program Files\WindowsApps\Microsoft.LanguageExperiencePackzh-CN_18362.24.72.0_neutral__8wekyb3d8bbwe\Windows\System32\zh-CN\KernelBase.dll.mui

------------------------------------------------------------------------------

FileCoAuth.exe pid: 22112 AW-ROY\yanchanglong

   40: File          C:\Windows

   84: File          C:\Windows\SysWOW64

  214: File          C:\Users\YANCHA~1\AppData\Local\Temp\aria-debug-22112.log

  234: Section       \Sessions\1\BaseNamedObjects\windows_shell_global_counters

  278: File          C:\Users\yanchanglong\AppData\Local\Microsoft\OneDrive\logs\Common\FileCoAuth-2020-05-09.0259.22112.1.aodl

  27C: File          C:\Users\YANCHA~1\AppData\Local\Temp\aria-debug-22112.log

  2F0: Section       \BaseNamedObjects\__ComCatalogCache__

  318: Section       \BaseNamedObjects\__ComCatalogCache__

  31C: File          C:\Windows\Registration\R00000000000d.clb

  37C: Section       \BaseNamedObjects\RotHintTable

------------------------------------------------------------------------------

svchost.exe pid: 23712 \<unable to open process>

------------------------------------------------------------------------------

RuntimeBroker.exe pid: 8788 AW-ROY\yanchanglong

   48: File          C:\Windows\System32

  178: Section       \BaseNamedObjects\__ComCatalogCache__

  1D4: Section       \BaseNamedObjects\__ComCatalogCache__

  1D8: File          C:\Windows\Registration\R00000000000d.clb

  2C8: Section       \BaseNamedObjects\windows_shell_global_counters

  390: Section       \Sessions\1\BaseNamedObjects\windows_shell_global_counters

  43C: File          C:\Program Files\WindowsApps\Microsoft.LanguageExperiencePackzh-CN_18362.24.72.0_neutral__8wekyb3d8bbwe\Windows\System32\zh-CN\shell32.dll.mui

  444: Section       \Sessions\1\BaseNamedObjects\C:*ProgramData*Microsoft*Windows*Caches*cversions.2.ro

  448: Section       \Sessions\1\BaseNamedObjects\C:*ProgramData*Microsoft*Windows*Caches*{6AF0698E-D558-4F6E-9B3C-3716689AF493}.2.ver0x0000000000000001.db

  44C: Section       \Sessions\1\BaseNamedObjects\C:*ProgramData*Microsoft*Windows*Caches*cversions.2.ro

  450: Section       \Sessions\1\BaseNamedObjects\C:*ProgramData*Microsoft*Windows*Caches*{DDF571F2-BE98-426D-8288-1A9A39C3FDA2}.2.ver0x0000000000000001.db

  454: File          C:\Program Files\WindowsApps\Microsoft.LanguageExperiencePackzh-CN_18362.24.72.0_neutral__8wekyb3d8bbwe\Windows\System32\zh-CN\propsys.dll.mui

  4C4: File          C:\Program Files\WindowsApps\Microsoft.LanguageExperiencePackzh-CN_18362.24.72.0_neutral__8wekyb3d8bbwe\Windows\System32\zh-CN\windows.storage.dll.mui

  5A4: File          C:\Windows\WinSxS\amd64_microsoft.windows.gdiplus_6595b64144ccf1df_1.1.18362.778_none_17b1aa466d9fc986

  5A8: File          C:\Windows\WinSxS\amd64_microsoft.windows.common-controls_6595b64144ccf1df_6.0.18362.778_none_e6c6b761130d4fb8

  77C: File          C:\Windows\SystemResources\shell32.dll.mun

  798: File          C:\Program Files\WindowsApps\Microsoft.LanguageExperiencePackzh-CN_18362.24.72.0_neutral__8wekyb3d8bbwe\Windows\System32\zh-CN\KernelBase.dll.mui

  79C: Section       \Windows\Theme202636592

  7A4: Section       \Sessions\1\Windows\Theme4163941769

  7D0: Section       \Sessions\1\BaseNamedObjects\C:*ProgramData*Microsoft*Windows*Caches*cversions.2.ro

  818: Section       \BaseNamedObjects\SearchCrawlScopeVersion

  860: Section       \Sessions\1\BaseNamedObjects\C:*ProgramData*Microsoft*Windows*Caches*{601E8F59-2494-4F5B-858C-98B965334AFA}.2.ver0x0000000000000001.db

  884: Section       \Sessions\1\BaseNamedObjects\C:*ProgramData*Microsoft*Windows*Caches*cversions.2.ro

  8E0: File          C:\Windows\WinSxS\amd64_microsoft.windows.common-controls_6595b64144ccf1df_6.0.18362.778_none_e6c6b761130d4fb8

------------------------------------------------------------------------------

steamwebhelper.exe pid: 26056 AW-ROY\yanchanglong

   44: File          D:\Steam

   AC: File          C:\Windows\WinSxS\amd64_microsoft.windows.common-controls_6595b64144ccf1df_6.0.18362.778_none_e6c6b761130d4fb8

  2F4: File          D:\Steam\logs\cef_log.txt

  2F8: File          D:\Steam\bin\cef\cef.win7x64\cef_100_percent.pak

  300: File          D:\Steam\bin\cef\cef.win7x64\cef_extensions.pak

  314: File          D:\Steam\bin\cef\cef.win7x64\icudtl.dat

  31C: File          D:\Steam\bin\cef\cef.win7x64\v8_context_snapshot.bin

  324: File          D:\Steam\bin\cef\cef.win7x64\natives_blob.bin

  330: File          D:\Steam\bin\cef\cef.win7x64\locales\zh-CN.pak

  338: File          D:\Steam\bin\cef\cef.win7x64\cef.pak

  340: File          D:\Steam\bin\cef\cef.win7x64\cef_200_percent.pak

  34C: File          D:\Steam\bin\cef\cef.win7x64\devtools_resources.pak

  4C4: File          C:\Program Files\WindowsApps\Microsoft.LanguageExperiencePackzh-CN_18362.24.72.0_neutral__8wekyb3d8bbwe\Windows\System32\zh-CN\kernel32.dll.mui

  504: File          C:\Windows\System32\drivers\etc

  568: File          C:\Users\yanchanglong\AppData\Local\Steam\htmlcache\Cache\index

  56C: File          C:\Users\yanchanglong\AppData\Local\Steam\htmlcache\Cache\index

  578: File          C:\Users\yanchanglong\AppData\Local\Steam\htmlcache\Cache\data_0

  57C: File          C:\Users\yanchanglong\AppData\Local\Steam\htmlcache\Cache\data_0

  584: File          C:\Users\yanchanglong\AppData\Local\Steam\htmlcache\Cache\data_1

  588: File          C:\Users\yanchanglong\AppData\Local\Steam\htmlcache\Cache\data_1

  590: File          C:\Users\yanchanglong\AppData\Local\Steam\htmlcache\Cache\data_2

  594: File          C:\Users\yanchanglong\AppData\Local\Steam\htmlcache\Cache\data_2

  59C: File          C:\Users\yanchanglong\AppData\Local\Steam\htmlcache\Cache\data_3

  5A0: File          C:\Users\yanchanglong\AppData\Local\Steam\htmlcache\Cache\data_3

  764: File          C:\Users\yanchanglong\AppData\Local\Steam\htmlcache\Cookies

  798: File          C:\Program Files\WindowsApps\Microsoft.LanguageExperiencePackzh-CN_18362.24.72.0_neutral__8wekyb3d8bbwe\Windows\System32\zh-CN\crypt32.dll.mui

  7CC: File          C:\Users\yanchanglong\AppData\Local\Steam\htmlcache\Reporting and NEL

  80C: File          C:\Users\yanchanglong\AppData\Local\Steam\htmlcache\Cookies-journal

------------------------------------------------------------------------------

Everything.exe pid: 29084 \<unable to open process>

------------------------------------------------------------------------------

SupportAssistAppWire.exe pid: 19928 AW-ROY\yanchanglong

   40: File          C:\Windows

   84: File          C:\Windows\SysWOW64

  198: File          C:\Windows\System32\WinMetadata\Windows.ApplicationModel.winmd

  1C8: Section       \BaseNamedObjects\Cor_Private_IPCBlock_v4_19928

  1CC: Section       \...\Cor_SxSPublic_IPCBlock

  2C4: Section       \BaseNamedObjects\__ComCatalogCache__

  338: File          C:\Windows\System32\WinMetadata\Windows.ApplicationModel.winmd

  33C: File          C:\Windows\assembly\pubpol197.dat

  344: File          C:\Windows\System32\WinMetadata\Windows.Foundation.winmd

  378: File          C:\Windows\System32\WinMetadata\Windows.Foundation.winmd

  3A8: Section       \BaseNamedObjects\__ComCatalogCache__

  3AC: File          C:\Windows\Registration\R00000000000d.clb

  490: Section       \BaseNamedObjects\NLS_CodePage_936_3_2_0_0

  520: File          C:\Program Files\WindowsApps\DellInc.DellSupportAssistforPCs_3.3.8.0_x64__htrsf667h5kn2\win32\Logger.dll

  524: File          C:\Program Files\WindowsApps\DellInc.DellSupportAssistforPCs_3.3.8.0_x64__htrsf667h5kn2\win32\log4net.dll

  598: Section       \Sessions\1\BaseNamedObjects\windows_shell_global_counters

  638: File          C:\Program Files\WindowsApps\Microsoft.LanguageExperiencePackzh-CN_18362.24.72.0_neutral__8wekyb3d8bbwe\Windows\System32\zh-CN\MFC42.dll.mui

  72C: File          C:\Program Files\WindowsApps\Microsoft.LanguageExperiencePackzh-CN_18362.24.72.0_neutral__8wekyb3d8bbwe\Windows\System32\zh-CN\KernelBase.dll.mui

------------------------------------------------------------------------------

MATLAB.exe pid: 27096 AW-ROY\yanchanglong

   40: File          C:\Windows\WinSxS\amd64_microsoft.windows.common-controls_6595b64144ccf1df_6.0.18362.778_none_e6c6b761130d4fb8

   A8: File          C:\Program Files\MATLAB\R2015b\bin\win64

   AC: File          C:\Windows\WinSxS\amd64_microsoft.windows.common-controls_6595b64144ccf1df_5.82.18362.778_none_2a29d4a64667eb69

  348: File          C:\Program Files\WindowsApps\Microsoft.LanguageExperiencePackzh-CN_18362.24.72.0_neutral__8wekyb3d8bbwe\Windows\System32\zh-CN\kernel32.dll.mui

  4E0: Section       \Sessions\1\BaseNamedObjects\hsperfdata_yanchanglong_27096

  5B8: Section       \Sessions\1\BaseNamedObjects\windows_shell_global_counters

  644: Section       \BaseNamedObjects\__ComCatalogCache__

  670: Section       \BaseNamedObjects\__ComCatalogCache__

  674: File          C:\Windows\Registration\R00000000000d.clb

  6F0: File          C:\Windows\WinSxS\amd64_microsoft.windows.gdiplus_6595b64144ccf1df_1.1.18362.778_none_17b1aa466d9fc986

  740: File          D:\WORKING\????

  744: Section       \Windows\Theme202636592

  748: Section       \Sessions\1\Windows\Theme4163941769

  778: Section       \BaseNamedObjects\windows_shell_global_counters

  7E0: File          C:\Windows\Fonts\StaticCache.dat

  7F0: File          C:\Users\YANCHA~1\AppData\Local\Temp\hsperfdata_yanchanglong\27096

  86C: File          C:\Program Files\MATLAB\R2015b\sys\java\jre\win64\jre\lib\rt.jar

  8C4: File          C:\Program Files\MATLAB\R2015b\sys\java\jre\win64\jre\lib\charsets.jar

  8C8: File          C:\Program Files\MATLAB\R2015b\java\jarext\axis2\wsdl4j.jar

  8CC: File          C:\Program Files\MATLAB\R2015b\java\jarext\axis2\axis2-transport-local.jar

  95C: File          C:\Program Files\MATLAB\R2015b\java\jarext\ant.jar

  964: File          C:\Program Files\MATLAB\R2015b\java\jarext\axis2\XmlSchema.jar

  970: File          C:\Program Files\MATLAB\R2015b\java\jarext\ant-launcher.jar

  974: File          C:\Program Files\MATLAB\R2015b\java\jarext\antlr.jar

  978: File          C:\Program Files\MATLAB\R2015b\java\jarext\felix.jar

  97C: File          C:\Program Files\MATLAB\R2015b\java\jarext\scr.jar

  980: File          C:\Program Files\MATLAB\R2015b\java\jarext\axis2\activation.jar

  984: File          C:\Program Files\MATLAB\R2015b\java\jarext\axis2\axiom-api.jar

  988: File          C:\Program Files\MATLAB\R2015b\java\jarext\axis2\axiom-impl.jar

  98C: File          C:\Program Files\MATLAB\R2015b\java\jarext\axis2\axis2-adb.jar

  990: File          C:\Program Files\MATLAB\R2015b\java\jarext\axis2\axis2-kernel.jar

  994: File          C:\Program Files\MATLAB\R2015b\java\jarext\axis2\axis2-transport-http.jar

  998: File          C:\Program Files\MATLAB\R2015b\java\jarext\axis2\commons-httpclient.jar

  99C: File          C:\Program Files\MATLAB\R2015b\java\jarext\axis2\geronimo-stax-api.jar

  9A0: File          C:\Program Files\MATLAB\R2015b\java\jarext\axis2\httpcore.jar

  9A4: File          C:\Program Files\MATLAB\R2015b\java\jarext\axis2\mail.jar

  9A8: File          C:\Program Files\MATLAB\R2015b\java\jarext\axis2\neethi.jar

  9AC: File          C:\Program Files\MATLAB\R2015b\java\jarext\axis2\wstx-asl.jar

  9B0: File          C:\Program Files\MATLAB\R2015b\java\jarext\batik-anim.jar

  9B4: File          C:\Program Files\MATLAB\R2015b\java\jarext\batik-extension.jar

  9B8: File          C:\Program Files\MATLAB\R2015b\java\jarext\batik-gui-util.jar

  9BC: File          C:\Program Files\MATLAB\R2015b\java\jarext\batik-dom.jar

  9C0: File          C:\Program Files\MATLAB\R2015b\java\jarext\batik-transcoder.jar

  9C4: File          C:\Program Files\MATLAB\R2015b\java\jarext\batik-awt-util.jar

  9C8: File          C:\Program Files\MATLAB\R2015b\java\jarext\batik-bridge.jar

  9CC: File          C:\Program Files\MATLAB\R2015b\java\jarext\batik-gvt.jar

  9D0: File          C:\Program Files\MATLAB\R2015b\java\jarext\batik-css.jar

  9D4: File          C:\Program Files\MATLAB\R2015b\java\jarext\batik-parser.jar

  9D8: File          C:\Program Files\MATLAB\R2015b\java\jarext\batik-ext.jar

  9DC: File          C:\Program Files\MATLAB\R2015b\java\jarext\batik-util.jar

  9E0: File          C:\Program Files\MATLAB\R2015b\java\jarext\batik-svggen.jar

  9E4: File          C:\Program Files\MATLAB\R2015b\java\jarext\batik-codec.jar

  9E8: File          C:\Program Files\MATLAB\R2015b\java\jarext\batik-svg-dom.jar

  9EC: File          C:\Program Files\MATLAB\R2015b\java\jarext\batik-script.jar

  9F0: File          C:\Program Files\MATLAB\R2015b\java\jarext\batik-swing.jar

  9F4: File          C:\Program Files\MATLAB\R2015b\java\jarext\bluecove-bluez.jar

  9F8: File          C:\Program Files\MATLAB\R2015b\java\jarext\batik-xml.jar

  9FC: File          C:\Program Files\MATLAB\R2015b\java\jarext\chilkat\chilkat.jar

  A00: File          C:\Program Files\MATLAB\R2015b\java\jarext\bluecove-emu.jar

  A04: File          C:\Program Files\MATLAB\R2015b\java\jarext\bluecove.jar

  A08: File          C:\Program Files\MATLAB\R2015b\java\jarext\fop.jar

  A0C: File          C:\Program Files\MATLAB\R2015b\java\jarext\commons-cli.jar

  A10: File          C:\Program Files\MATLAB\R2015b\java\jarext\commons-codec.jar

  A14: File          C:\Program Files\MATLAB\R2015b\java\jarext\dom4j.jar

  A18: File          C:\Program Files\MATLAB\R2015b\java\jarext\commons-collections-generic.jar

  A1C: File          C:\Program Files\MATLAB\R2015b\java\jarext\commons-collections.jar

  A20: File          C:\Program Files\MATLAB\R2015b\java\jarext\commons-compress.jar

  A24: File          C:\Program Files\MATLAB\R2015b\java\jarext\commons-io.jar

  A28: File          C:\Program Files\MATLAB\R2015b\java\jarext\commons-lang.jar

  A2C: File          C:\Program Files\MATLAB\R2015b\java\jarext\commons-logging.jar

  A30: File          C:\Program Files\MATLAB\R2015b\java\jarext\commons-net.jar

  A34: File          C:\Program Files\MATLAB\R2015b\java\jarext\geotools\gt2-referencing.jar

  A38: File          C:\Program Files\MATLAB\R2015b\java\jarext\emma_ant.jar

  A3C: File          C:\Program Files\MATLAB\R2015b\java\jarext\emma.jar

  A40: File          C:\Program Files\MATLAB\R2015b\java\jarext\avalon-framework.jar

  A44: File          C:\Program Files\MATLAB\R2015b\java\jarext\foxtrot.jar

  A48: File          C:\Program Files\MATLAB\R2015b\java\jarext\ice\ib6http.jar

  A4C: File          C:\Program Files\MATLAB\R2015b\java\jarext\geotools\geoapi-nogenerics.jar

  A50: File          C:\Program Files\MATLAB\R2015b\java\jarext\geotools\gt2-api.jar

  A54: File          C:\Program Files\MATLAB\R2015b\java\jarext\geotools\gt2-coverage.jar

  A58: File          C:\Program Files\MATLAB\R2015b\java\jarext\geotools\gt2-main.jar

  A5C: File          C:\Program Files\MATLAB\R2015b\java\jarext\geotools\gt2-referencing3D.jar

  A60: File          C:\Program Files\MATLAB\R2015b\java\jarext\geotools\gt2-wms.jar

  A64: File          C:\Program Files\MATLAB\R2015b\java\jarext\geotools\jts.jar

  A68: File          C:\Program Files\MATLAB\R2015b\java\jarext\glazedlists_java15.jar

  A6C: File          C:\Program Files\MATLAB\R2015b\java\jarext\google-collect.jar

  A70: File          C:\Program Files\MATLAB\R2015b\java\jarext\guice\aopalliance.jar

  A74: File          C:\Program Files\MATLAB\R2015b\java\jarext\guice\guice.jar

  A78: File          C:\Program Files\MATLAB\R2015b\java\jarext\guice\guice-assistedinject.jar

  A7C: File          C:\Program Files\MATLAB\R2015b\java\jarext\guice\javax.inject.jar

  A80: File          C:\Program Files\MATLAB\R2015b\java\jarext\distcomp\h2.jar

  A84: File          C:\Program Files\MATLAB\R2015b\java\jarext\ice\ice.jar

  A88: File          C:\Program Files\MATLAB\R2015b\java\jarext\ice\ib6js.jar

  A8C: File          C:\Program Files\MATLAB\R2015b\java\jarext\ice\ib6core.jar

  A90: File          C:\Program Files\MATLAB\R2015b\java\jarext\ice\ib6extra.jar

  A94: File          C:\Program Files\MATLAB\R2015b\java\jarext\ice\ib6https.jar

  A98: File          C:\Program Files\MATLAB\R2015b\java\jarext\ice\ib6swing.jar

  A9C: File          C:\Program Files\MATLAB\R2015b\java\jarext\ice\ib6util.jar

  AA0: File          C:\Program Files\MATLAB\R2015b\java\jarext\ice\ib6xalan.jar

  AA4: File          C:\Program Files\MATLAB\R2015b\java\jarext\ice\icessl.jar

  AA8: File          C:\Program Files\MATLAB\R2015b\java\jarext\access-bridge.jar

  AAC: File          C:\Program Files\MATLAB\R2015b\java\jarext\jide\jide-common.jar

  AB0: File          C:\Program Files\MATLAB\R2015b\java\jarext\jaccess-1_4.jar

  AB4: File          C:\Program Files\MATLAB\R2015b\java\jarext\jaxen.jar

  AB8: File          C:\Program Files\MATLAB\R2015b\java\jarext\jdom.jar

  ABC: File          C:\Program Files\MATLAB\R2015b\java\jarext\annotations.jar

  AC0: File          C:\Program Files\MATLAB\R2015b\java\jarext\jgit\jgit.jar

  AC4: File          C:\Program Files\MATLAB\R2015b\java\jarext\jgit\jgitui.jar

  AC8: File          C:\Program Files\MATLAB\R2015b\java\jarext\jgoodies-forms.jar

  ACC: File          C:\Program Files\MATLAB\R2015b\java\jarext\jgoodies-looks.jar

  AD0: File          C:\Program Files\MATLAB\R2015b\java\jarext\jide\jide-action.jar

  AD4: File          C:\Program Files\MATLAB\R2015b\java\jarext\jide\jide-shortcut.jar

  AD8: File          C:\Program Files\MATLAB\R2015b\java\jarext\jide\jide-dock.jar

  ADC: File          C:\Program Files\MATLAB\R2015b\java\jarext\jide\jide-charts.jar

  AE0: File          C:\Program Files\MATLAB\R2015b\java\jarext\jide\jide-components.jar

  AE4: File          C:\Program Files\MATLAB\R2015b\java\jarext\jide\jide-dialogs.jar

  AE8: File          C:\Program Files\MATLAB\R2015b\java\jarext\jide\jide-properties.jar

  AEC: File          C:\Program Files\MATLAB\R2015b\java\jarext\jide\jide-grids.jar

  AF0: File          C:\Program Files\MATLAB\R2015b\java\jarext\distcomp\jini2\lib\fiddler-dl.jar

  AF4: File          C:\Program Files\MATLAB\R2015b\java\jarext\distcomp\jini2\lib\jsk-resources.jar

  AF8: File          C:\Program Files\MATLAB\R2015b\java\jarext\distcomp\jini2\lib\phoenix-dl.jar

  AFC: File          C:\Program Files\MATLAB\R2015b\java\jarext\distcomp\jini2\lib\mahalo.jar

  B00: File          C:\Program Files\MATLAB\R2015b\java\jarext\distcomp\jini2\lib\destroy.jar

  B04: File          C:\Program Files\MATLAB\R2015b\java\jarext\distcomp\jini2\lib\jsk-platform.jar

  B08: File          C:\Program Files\MATLAB\R2015b\java\jarext\distcomp\jini2\lib\reggie-dl.jar

  B0C: File          C:\Program Files\MATLAB\R2015b\java\jarext\distcomp\jini2\lib\jini-ext.jar

  B10: File          C:\Program Files\MATLAB\R2015b\java\jarext\distcomp\jini2\lib\jini-core.jar

  B14: File          C:\Program Files\MATLAB\R2015b\java\jarext\distcomp\jini2\lib\mahalo-dl.jar

  B18: File          C:\Program Files\MATLAB\R2015b\java\jarext\distcomp\jini2\lib\norm-dl.jar

  B1C: File          C:\Program Files\MATLAB\R2015b\java\jarext\distcomp\jini2\lib\browser-dl.jar

  B20: File          C:\Program Files\MATLAB\R2015b\java\jarext\distcomp\jini2\lib\sdm-dl.jar

  B24: File          C:\Program Files\MATLAB\R2015b\java\jarext\distcomp\jini2\lib\norm.jar

  B28: File          C:\Program Files\MATLAB\R2015b\java\jarext\distcomp\jini2\lib\phoenix-group.jar

  B2C: File          C:\Program Files\MATLAB\R2015b\java\jarext\distcomp\jini2\lib\group.jar

  B30: File          C:\Program Files\MATLAB\R2015b\java\jarext\distcomp\jini2\lib\phoenix-init.jar

  B34: File          C:\Program Files\MATLAB\R2015b\java\jarext\distcomp\jini2\lib\browser.jar

  B38: File          C:\Program Files\MATLAB\R2015b\java\jarext\distcomp\jini2\lib\reggie.jar

  B3C: File          C:\Program Files\MATLAB\R2015b\java\jarext\distcomp\jini2\lib\fiddler.jar

  B40: File          C:\Program Files\MATLAB\R2015b\java\jarext\distcomp\jini2\lib\sun-util.jar

  B44: File          C:\Program Files\MATLAB\R2015b\java\jarext\rosjava\dnsjava.jar

  B48: File          C:\Program Files\MATLAB\R2015b\java\jarext\distcomp\jini2\lib\jsk-policy.jar

  B4C: File          C:\Program Files\MATLAB\R2015b\java\jarext\distcomp\jini2\lib\sharedvm.jar

  B50: File          C:\Program Files\MATLAB\R2015b\java\jarext\distcomp\jini2\lib\group-dl.jar

  B54: File          C:\Program Files\MATLAB\R2015b\java\jarext\jung\jung-graph-impl.jar

  B58: File          C:\Program Files\MATLAB\R2015b\java\jarext\distcomp\jini2\lib\start.jar

  B5C: File          C:\Program Files\MATLAB\R2015b\java\jarext\distcomp\jini2\lib\phoenix.jar

  B60: File          C:\Program Files\MATLAB\R2015b\java\jarext\Jmol.jar

  B64: File          C:\Program Files\MATLAB\R2015b\java\jarext\Acme.jar

  B68: File          C:\Program Files\MATLAB\R2015b\java\jarext\gluegen-rt.jar

  B6C: File          C:\Program Files\MATLAB\R2015b\java\jarext\jogl-all.jar

  B70: File          C:\Program Files\MATLAB\R2015b\java\jarext\jsch.jar

  B74: File          C:\Program Files\MATLAB\R2015b\java\jarext\jung\jung-3d.jar

  B78: File          C:\Program Files\MATLAB\R2015b\java\jarext\jung\jung-algorithms.jar

  B7C: File          C:\Program Files\MATLAB\R2015b\java\jarext\jung\jung-api.jar

  B80: File          C:\Program Files\MATLAB\R2015b\java\jarext\jung\jung-jai.jar

  B84: File          C:\Program Files\MATLAB\R2015b\java\jarext\jung\jung-io.jar

  B88: File          C:\Program Files\MATLAB\R2015b\java\jarext\lucene-highlighter.jar

  B8C: File          C:\Program Files\MATLAB\R2015b\java\jarext\jung\jung-visualization.jar

  B90: File          C:\Program Files\MATLAB\R2015b\java\jarext\jxbrowser-chromium\jxbrowser-chromium.jar

  B94: File          C:\Program Files\MATLAB\R2015b\java\jarext\jxbrowser-chromium\runtime.jar

  B98: File          C:\Program Files\MATLAB\R2015b\java\jarext\jxbrowser\comfyj.jar

  B9C: File          C:\Program Files\MATLAB\R2015b\java\jarext\jxbrowser\engine-gecko.jar

  BA0: File          C:\Program Files\MATLAB\R2015b\java\jarext\jxbrowser\engine-gecko15.jar

  BA4: File          C:\Program Files\MATLAB\R2015b\java\jarext\jxbrowser\engine-ie.jar

  BA8: File          C:\Program Files\MATLAB\R2015b\java\jarext\jxbrowser\engine-webkit.jar

  BAC: File          C:\Program Files\MATLAB\R2015b\java\jarext\jxbrowser\jniwrap.jar

  BB0: File          C:\Program Files\MATLAB\R2015b\java\jarext\jxbrowser\jxbrowser.jar

  BB4: File          C:\Program Files\MATLAB\R2015b\java\jarext\jxbrowser\runtime.jar

  BB8: File          C:\Program Files\MATLAB\R2015b\java\jarext\jxbrowser\winpack.jar

  BBC: File          C:\Program Files\MATLAB\R2015b\java\jarext\jxlayer.jar

  BC0: File          C:\Program Files\MATLAB\R2015b\java\jarext\log4j.jar

  BC4: File          C:\Program Files\MATLAB\R2015b\java\jarext\lucene-analyzers-common.jar

  BC8: File          C:\Program Files\MATLAB\R2015b\java\jarext\lucene-core.jar

  BCC: File          C:\Program Files\MATLAB\R2015b\java\jarext\lucene-queryparser.jar

  BD0: File          C:\Program Files\MATLAB\R2015b\java\jarext\lucene-queries.jar

  BD4: File          C:\Program Files\MATLAB\R2015b\java\jarext\lucene-sandbox.jar

  BD8: File          C:\Program Files\MATLAB\R2015b\java\jarext\lucene-memory.jar

  BDC: File          C:\Program Files\MATLAB\R2015b\java\jarext\rosjava\gradle_plugins.jar

  BE0: File          C:\Program Files\MATLAB\R2015b\java\jarext\nekohtml.jar

  BE4: File          C:\Program Files\MATLAB\R2015b\java\jarext\openxml4j.jar

  BE8: File          C:\Program Files\MATLAB\R2015b\java\jarext\rfa.jar

  BEC: File          C:\Program Files\MATLAB\R2015b\toolbox\datafeed\datafeed\config_editor.jar

  BF0: File          C:\Program Files\MATLAB\R2015b\java\jarext\rosjava\apache_xmlrpc_client.jar

  BF4: File          C:\Program Files\MATLAB\R2015b\java\jarext\rosjava\apache_xmlrpc_common.jar

  BF8: File          C:\Program Files\MATLAB\R2015b\java\jarext\rosjava\apache_xmlrpc_server.jar

  BFC: File          C:\Program Files\MATLAB\R2015b\java\jarext\rosjava\commons-pool.jar

  C04: File          C:\Program Files\MATLAB\R2015b\java\jarext\rosjava\message_generation.jar

  C08: File          C:\Program Files\MATLAB\R2015b\java\jarext\rosjava\netty.jar

  C0C: File          C:\Program Files\MATLAB\R2015b\java\jarext\rosjava\rosjava.jar

  C10: File          C:\Program Files\MATLAB\R2015b\java\jarext\rosjava\rosjava_geometry.jar

  C14: File          C:\Program Files\MATLAB\R2015b\java\jarext\rosjava\rosjava_messages.jar

  C18: File          C:\Program Files\MATLAB\R2015b\java\jarext\rosjava\ws-commons-util.jar

  C1C: File          C:\Program Files\MATLAB\R2015b\java\jarext\RXTXcomm.jar

  C20: File          C:\Program Files\MATLAB\R2015b\java\jarext\saxon9-ant.jar

  C24: File          C:\Program Files\MATLAB\R2015b\java\jarext\saxon9-dom.jar

  C28: File          C:\Program Files\MATLAB\R2015b\java\jarext\saxon9-dom4j.jar

  C2C: File          C:\Program Files\MATLAB\R2015b\java\jarext\saxon9-xqj.jar

  C30: File          C:\Program Files\MATLAB\R2015b\java\jarext\saxon9-jdom.jar

  C34: File          C:\Program Files\MATLAB\R2015b\java\jarext\saxon9-s9api.jar

  C38: File          C:\Program Files\MATLAB\R2015b\java\jarext\saxon9-sql.jar

  C3C: File          C:\Program Files\MATLAB\R2015b\java\jarext\saxon9-xom.jar

  C40: File          C:\Program Files\MATLAB\R2015b\java\jarext\saxon9-xpath.jar

  C44: File          C:\Program Files\MATLAB\R2015b\java\jarext\slf4j\slf4j-log4j12.jar

  C48: File          C:\Program Files\MATLAB\R2015b\java\jarext\saxon9.jar

  C4C: File          C:\Program Files\MATLAB\R2015b\java\jarext\slf4j\slf4j-api.jar

  C50: File          C:\Program Files\MATLAB\R2015b\java\jarext\svnkit\svnkit-cli.jar

  C54: File          C:\Program Files\MATLAB\R2015b\java\jarext\sqlite4java\sqlite4java.jar

  C58: File          C:\Program Files\MATLAB\R2015b\java\jarext\j2ee\jsp-api.jar

  C5C: File          C:\Program Files\MATLAB\R2015b\java\jarext\svnkit\svnkit.jar

  C60: File          C:\Program Files\MATLAB\R2015b\java\jarext\svnkit\sqljet.jar

  C64: File          C:\Program Files\MATLAB\R2015b\java\jarext\svnkit\jna-platform.jar

  C68: File          C:\Program Files\MATLAB\R2015b\java\jarext\svnkit\jna.jar

  C6C: File          C:\Program Files\MATLAB\R2015b\java\jarext\svnkit\trilead.jar

  C70: File          C:\Program Files\MATLAB\R2015b\java\jarext\svnkit\sequence.jar

  C74: File          C:\Program Files\MATLAB\R2015b\java\jarext\tablelayout.jar

  C78: File          C:\Program Files\MATLAB\R2015b\java\jar\toolbox\compiler.jar

  C7C: File          C:\Program Files\MATLAB\R2015b\java\jarext\TimingFramework.jar

  C80: File          C:\Program Files\MATLAB\R2015b\java\jarext\j2ee\servlet-api.jar

  C84: File          C:\Program Files\MATLAB\R2015b\java\jarext\distcomp\wrapper.jar

  C88: File          C:\Program Files\MATLAB\R2015b\java\jarext\xml-apis.jar

  C8C: File          C:\Program Files\MATLAB\R2015b\java\jarext\xercesImpl.jar

  C90: File          C:\Program Files\MATLAB\R2015b\java\jarext\xmlgraphics-commons.jar

  C94: File          C:\Program Files\MATLAB\R2015b\java\jarext\xml-apis-ext.jar

  C98: File          C:\Program Files\MATLAB\R2015b\java\jarext\xstream.jar

  C9C: File          C:\Program Files\MATLAB\R2015b\java\jar\addons_import_api.jar

  CA0: File          C:\Program Files\MATLAB\R2015b\java\jar\instwiz.jar

  CA4: File          C:\Program Files\MATLAB\R2015b\java\jar\addons_app.jar

  CA8: File          C:\Program Files\MATLAB\R2015b\java\jar\addons_import.jar

  CAC: File          C:\Program Files\MATLAB\R2015b\java\jar\toolbox\distcomp.jar

  CB0: File          C:\Program Files\MATLAB\R2015b\java\jar\addons_product.jar

  CB4: File          C:\Program Files\MATLAB\R2015b\java\jar\addons_search_path_writer.jar

  CB8: File          C:\Program Files\MATLAB\R2015b\java\jar\toolbox\parallel\admincenter.jar

  CBC: File          C:\Program Files\MATLAB\R2015b\java\jar\addons_zip.jar

  CC0: File          C:\Program Files\MATLAB\R2015b\java\jar\toolbox\apps.jar

  CC4: File          C:\Program Files\MATLAB\R2015b\java\jar\appmanagement.jar

  CC8: File          C:\Program Files\MATLAB\R2015b\java\jar\bde.jar

  CCC: File          C:\Program Files\MATLAB\R2015b\java\jar\toolbox\bioinfo.jar

  CD0: File          C:\Program Files\MATLAB\R2015b\java\jarext\webservices\cloud_console\cloud-console-client.jar

  CD4: File          C:\Program Files\MATLAB\R2015b\java\jar\cmlink\api.jar

  CD8: File          C:\Program Files\MATLAB\R2015b\java\jar\cmlink\util.jar

  CDC: File          C:\Program Files\MATLAB\R2015b\java\jar\cmlink\implementations\localcm.jar

  CE0: File          C:\Program Files\MATLAB\R2015b\java\jar\cmlink\implementations\svncore.jar

  CE4: File          C:\Program Files\MATLAB\R2015b\java\jar\cmlink\implementations\svnintegration.jar

  CE8: File          C:\Program Files\MATLAB\R2015b\java\jar\cmlink\implementations\svnkitintegration.jar

  CEC: File          C:\Program Files\MATLAB\R2015b\java\jar\cmlink\implementations\git.jar

  CF0: File          C:\Program Files\MATLAB\R2015b\java\jar\cmlink\implementations\msscci.jar

  CF4: File          C:\Program Files\MATLAB\R2015b\java\jar\cmlink\management.jar

  CF8: File          C:\Program Files\MATLAB\R2015b\java\jar\toolbox\comm.jar

  CFC: File          C:\Program Files\MATLAB\R2015b\java\jar\toolbox\coder.jar

  D00: File          C:\Program Files\MATLAB\R2015b\java\jar\comparisons.jar

  D04: File          C:\Program Files\MATLAB\R2015b\java\jar\toolbox\shared\computils.jar

  D08: File          C:\Program Files\MATLAB\R2015b\java\jar\toolbox\compilersdk.jar

  D0C: File          C:\Program Files\MATLAB\R2015b\java\jarext\connector_api\connector_api_java\message_service_interface.jar

  D10: File          C:\Program Files\MATLAB\R2015b\java\jarext\connector_api\connector_api_java\connector_interface.jar

  D14: File          C:\Program Files\MATLAB\R2015b\java\jarext\connector_api\cosg_api_java\cosg_java_api.jar

  D18: File          C:\Program Files\MATLAB\R2015b\java\jar\toolbox\daq.jar

  D1C: File          C:\Program Files\MATLAB\R2015b\java\jar\toolbox\curvefit.jar

  D20: File          C:\Program Files\MATLAB\R2015b\java\jar\toolbox\database.jar

  D24: File          C:\Program Files\MATLAB\R2015b\java\jar\toolbox\datafeed.jar

  D28: File          C:\Program Files\MATLAB\R2015b\java\jar\foundation_libraries.jar

  D2C: File          C:\Program Files\MATLAB\R2015b\java\jar\toolbox\dsp.jar

  D30: File          C:\Program Files\MATLAB\R2015b\java\jar\toolbox\eml.jar

  D34: File          C:\Program Files\MATLAB\R2015b\java\jar\toolbox\fixedpoint\toolstrip.jar

  D38: File          C:\Program Files\MATLAB\R2015b\java\jar\toolbox\fixedpoint\util.jar

  D3C: File          C:\Program Files\MATLAB\R2015b\java\jar\ja_JP\shared_install_res.jar

  D40: File          C:\Program Files\MATLAB\R2015b\java\jarext\webservices\gds_client\mw-gds-client.jar

  D44: File          C:\Program Files\MATLAB\R2015b\java\jarext\webservices\gds_jobs_client\gds-jobs-client.jar

  D48: File          C:\Program Files\MATLAB\R2015b\java\jar\toolbox\geoweb.jar

  D4C: File          C:\Program Files\MATLAB\R2015b\java\jar\hwsmanagement.jar

  D50: File          C:\Program Files\MATLAB\R2015b\java\jar\toolbox\idelink\extensions\eclipseide.jar

  D54: File          C:\Program Files\MATLAB\R2015b\java\jar\toolbox\idelink\extensions\armtoolchain.jar

  D58: File          C:\Program Files\MATLAB\R2015b\java\jar\toolbox\ident.jar

  D5C: File          C:\Program Files\MATLAB\R2015b\java\jar\ja_JP\shared_sdi_res.jar

  D60: File          C:\Program Files\MATLAB\R2015b\java\jar\toolbox\images.jar

  D64: File          C:\Program Files\MATLAB\R2015b\java\jar\toolbox\imaq.jar

  D68: File          C:\Program Files\MATLAB\R2015b\java\jar\installbundle.jar

  D6C: File          C:\Program Files\MATLAB\R2015b\java\jar\install.jar

  D70: File          C:\Program Files\MATLAB\R2015b\java\jar\installwizard.jar

  D74: File          C:\Program Files\MATLAB\R2015b\java\jar\wizard.jar

  D78: File          C:\Program Files\MATLAB\R2015b\java\jar\toolbox\instrument.jar

  D7C: File          C:\Program Files\MATLAB\R2015b\java\jar\instructionset.jar

  D80: File          C:\Program Files\MATLAB\R2015b\java\jar\ja_JP\activation_res.jar

  D84: File          C:\Program Files\MATLAB\R2015b\java\jar\ja_JP\addons_import_res.jar

  D88: File          C:\Program Files\MATLAB\R2015b\java\jar\ja_JP\admincenter_jar_res.jar

  D8C: File          C:\Program Files\MATLAB\R2015b\java\jar\ja_JP\addons_zip_res.jar

  D90: File          C:\Program Files\MATLAB\R2015b\java\jar\ja_JP\appmanagement_res.jar

  D94: File          C:\Program Files\MATLAB\R2015b\java\jar\ja_JP\apps_java_res.jar

  D98: File          C:\Program Files\MATLAB\R2015b\java\jar\ja_JP\cmlink_res.jar

  D9C: File          C:\Program Files\MATLAB\R2015b\java\jar\ja_JP\comparisons_res.jar

  DA0: File          C:\Program Files\MATLAB\R2015b\java\jar\ja_JP\coder_java_res.jar

  DA4: File          C:\Program Files\MATLAB\R2015b\java\jar\ja_JP\compilersdk_java_res.jar

  DA8: File          C:\Program Files\MATLAB\R2015b\java\jar\ja_JP\compiler_java_res.jar

  DAC: File          C:\Program Files\MATLAB\R2015b\java\jar\ja_JP\comp_utils_res.jar

  DB0: File          C:\Program Files\MATLAB\R2015b\java\jar\ja_JP\curvefit_res.jar

  DB4: File          C:\Program Files\MATLAB\R2015b\java\jar\ja_JP\distcomp_jar_res.jar

  DB8: File          C:\Program Files\MATLAB\R2015b\java\jar\ja_JP\dsp_res.jar

  DBC: File          C:\Program Files\MATLAB\R2015b\java\jar\ja_JP\eml_java_res.jar

  DC0: File          C:\Program Files\MATLAB\R2015b\java\jar\ja_JP\fixedpoint_java_res.jar

  DC4: File          C:\Program Files\MATLAB\R2015b\java\jar\ja_JP\fixedpoint_java_util_res.jar

  DC8: File          C:\Program Files\MATLAB\R2015b\java\jar\ja_JP\hwsmanagement_res.jar

  DCC: File          C:\Program Files\MATLAB\R2015b\java\jar\ja_JP\images_res.jar

  DD0: File          C:\Program Files\MATLAB\R2015b\java\jar\ja_JP\install_api_res.jar

  DD4: File          C:\Program Files\MATLAB\R2015b\java\jar\ja_JP\install_core_res.jar

  DD8: File          C:\Program Files\MATLAB\R2015b\java\jar\ja_JP\instructionset_res.jar

  DDC: File          C:\Program Files\MATLAB\R2015b\java\jar\ja_JP\instrument_java_res.jar

  DE0: File          C:\Program Files\MATLAB\R2015b\java\jar\ja_JP\license_agreement_dialog_res.jar

  DE4: File          C:\Program Files\MATLAB\R2015b\java\jar\ja_JP\lmlogin_res.jar

  DE8: File          C:\Program Files\MATLAB\R2015b\java\jar\ja_JP\matlab_addons_res.jar

  DEC: File          C:\Program Files\MATLAB\R2015b\java\jar\ja_JP\matlab_desktop_res.jar

  DF0: File          C:\Program Files\MATLAB\R2015b\java\jar\ja_JP\matlab_graphics_java_res.jar

  DF4: File          C:\Program Files\MATLAB\R2015b\java\jar\ja_JP\matlab_java_project_impl_res.jar

  DF8: File          C:\Program Files\MATLAB\R2015b\java\jar\ja_JP\matlab_graphics_java_widgets_res.jar

  DFC: File          C:\Program Files\MATLAB\R2015b\java\jar\ja_JP\matlab_java_core_res.jar

  E00: File          C:\Program Files\MATLAB\R2015b\java\jar\ja_JP\matlab_java_widgets_res.jar

  E04: File          C:\Program Files\MATLAB\R2015b\java\jar\ja_JP\mw_java_foundation_res.jar

  E08: File          C:\Program Files\MATLAB\R2015b\java\jar\ja_JP\matlab_sourcecontrol_res.jar

  E0C: File          C:\Program Files\MATLAB\R2015b\java\jar\ja_JP\mw_java_help_ui_res.jar

  E10: File          C:\Program Files\MATLAB\R2015b\java\jar\ja_JP\mw_java_html_res.jar

  E14: File          C:\Program Files\MATLAB\R2015b\java\jar\ja_JP\optim_res.jar

  E18: File          C:\Program Files\MATLAB\R2015b\java\jar\ja_JP\professional_activation_res.jar

  E1C: File          C:\Program Files\MATLAB\R2015b\java\jar\ja_JP\rptgen_res.jar

  E20: File          C:\Program Files\MATLAB\R2015b\java\jar\ja_JP\rptgen_mlcomp_res.jar

  E24: File          C:\Program Files\MATLAB\R2015b\java\jar\ja_JP\shared_dastudio_res.jar

  E28: File          C:\Program Files\MATLAB\R2015b\java\jar\ja_JP\shared_controllib_general_res.jar

  E2C: File          C:\Program Files\MATLAB\R2015b\java\jar\ja_JP\shared_rptgen_res.jar

  E30: File          C:\Program Files\MATLAB\R2015b\java\jar\ja_JP\shared_hwconnectinstaller_res.jar

  E34: File          C:\Program Files\MATLAB\R2015b\java\jar\ja_JP\shared_hwconnectinstaller_common_res.jar

  E38: File          C:\Program Files\MATLAB\R2015b\java\jar\ja_JP\shared_reqmgt_res.jar

  E3C: File          C:\Program Files\MATLAB\R2015b\java\jar\ja_JP\shared_sigbldr_res.jar

  E40: File          C:\Program Files\MATLAB\R2015b\java\jar\ja_JP\shared_system_preferences_panel_res.jar

  E44: File          C:\Program Files\MATLAB\R2015b\java\jar\ja_JP\simulink_dependency_analysis_res.jar

  E48: File          C:\Program Files\MATLAB\R2015b\java\jar\ja_JP\simulink_desktop_integration_res.jar

  E4C: File          C:\Program Files\MATLAB\R2015b\java\jar\matlab.jar

  E50: File          C:\Program Files\MATLAB\R2015b\java\jar\ja_JP\simulink_java_res.jar

  E54: File          C:\Program Files\MATLAB\R2015b\java\jar\ja_JP\slcontrol_res.jar

  E58: File          C:\Program Files\MATLAB\R2015b\java\jar\ja_JP\slproject_res.jar

  E5C: File          C:\Program Files\MATLAB\R2015b\java\jar\ja_JP\slproject_sharing_res.jar

  E60: File          C:\Program Files\MATLAB\R2015b\java\jar\ko_KR\activation_res.jar

  E64: File          C:\Program Files\MATLAB\R2015b\java\jar\ja_JP\stateflow_core_res.jar

  E68: File          C:\Program Files\MATLAB\R2015b\java\jar\ja_JP\stats_res.jar

  E6C: File          C:\Program Files\MATLAB\R2015b\java\jar\ja_JP\supportsoftwareinstaller_res.jar

  E70: File          C:\Program Files\MATLAB\R2015b\java\jar\ja_JP\symbolic_editor_support_res.jar

  E74: File          C:\Program Files\MATLAB\R2015b\java\jar\ja_JP\timeseries_res.jar

  E78: File          C:\Program Files\MATLAB\R2015b\java\jar\ja_JP\webintegration_res.jar

  E7C: File          C:\Program Files\MATLAB\R2015b\java\jar\ja_JP\toolboxmanagement_res.jar

  E80: File          C:\Program Files\MATLAB\R2015b\java\jar\ja_JP\toolbox_packaging_java_res.jar

  E84: File          C:\Program Files\MATLAB\R2015b\java\jar\ja_JP\trialsinstaller_res.jar

  E88: File          C:\Program Files\MATLAB\R2015b\java\jar\ja_JP\vision_java_res.jar

  E8C: File          C:\Program Files\MATLAB\R2015b\java\jar\ja_JP\web_connectivity_res.jar

  E90: File          C:\Program Files\MATLAB\R2015b\java\jar\ko_KR\professional_activation_res.jar

  E94: File          C:\Program Files\MATLAB\R2015b\java\jar\ko_KR\install_api_res.jar

  E98: File          C:\Program Files\MATLAB\R2015b\java\jar\ko_KR\install_core_res.jar

  E9C: File          C:\Program Files\MATLAB\R2015b\java\jar\ko_KR\matlab_addons_res.jar

  EA0: File          C:\Program Files\MATLAB\R2015b\java\jar\ko_KR\shared_install_res.jar

  EA8: File          C:\Program Files\MATLAB\R2015b\java\jar\ko_KR\timeseries_res.jar

  EAC: File          C:\Program Files\MATLAB\R2015b\java\jar\ko_KR\web_connectivity_res.jar

  EB0: File          C:\Program Files\MATLAB\R2015b\java\jar\license_agreement_dialog.jar

  EB4: File          C:\Program Files\MATLAB\R2015b\java\jar\lmlogin.jar

  EB8: File          C:\Program Files\MATLAB\R2015b\java\jar\matlabinstaller.jar

  EBC: File          C:\Program Files\MATLAB\R2015b\java\jar\addons.jar

  EC0: File          C:\Program Files\MATLAB\R2015b\java\jar\mde.jar

  EC4: File          C:\Program Files\MATLAB\R2015b\java\jar\hg.jar

  EC8: File          C:\Program Files\MATLAB\R2015b\java\jar\ide.jar

  ECC: File          C:\Program Files\MATLAB\R2015b\java\jar\page.jar

  ED0: File          C:\Program Files\MATLAB\R2015b\java\jar\toolbox\matlab\guide.jar

  ED4: File          C:\Program Files\MATLAB\R2015b\java\jar\jmi.jar

  EE0: File          C:\Program Files\MATLAB\R2015b\java\jarext\webservices\mcr_dws_client\mcr_dws_client.jar

  EE4: File          C:\Program Files\MATLAB\R2015b\java\jar\services.jar

  EEC: File          C:\Program Files\MATLAB\R2015b\java\jar\mlwidgets.jar

  F94: File          C:\Program Files\MATLAB\R2015b\java\jar\widgets.jar

  F98: File          C:\Program Files\MATLAB\R2015b\java\jar\mlservices.jar

  F9C: File          C:\Program Files\MATLAB\R2015b\java\jar\project\api.jar

  FA0: File          C:\Program Files\MATLAB\R2015b\java\jar\timer.jar

  FA4: File          C:\Program Files\MATLAB\R2015b\java\jar\fatalexit.jar

  FA8: File          C:\Program Files\MATLAB\R2015b\java\jar\mvm.jar

  FAC: File          C:\Program Files\MATLAB\R2015b\java\jar\project\impl.jar

  FB0: File          C:\Program Files\MATLAB\R2015b\java\jar\toolbox\mpc.jar

  FB4: File          C:\Program Files\MATLAB\R2015b\java\jar\sourcecontrol.jar

  FB8: File          C:\Program Files\MATLAB\R2015b\java\jar\mladdonpackaging.jar

  FBC: File          C:\Program Files\MATLAB\R2015b\java\jar\toolbox\shared\mldatx.jar

  FC0: File          C:\Program Files\MATLAB\R2015b\java\jar\common.jar

  FC4: File          C:\Program Files\MATLAB\R2015b\java\jarext\webservices\mwlic_client\mw-license-server-client.jar

  FC8: File          C:\Program Files\MATLAB\R2015b\java\jar\util.jar

  FE0: File          C:\Program Files\MATLAB\R2015b\java\jar\mwswing.jar

 1004: File          C:\Program Files\MATLAB\R2015b\java\jar\beans.jar

 1008: File          C:\Program Files\MATLAB\R2015b\java\jar\mwt.jar

 100C: File          C:\Program Files\MATLAB\R2015b\java\jar\desktop.jar

 1010: File          C:\Program Files\MATLAB\R2015b\java\jar\xml.jar

 1014: File          C:\Program Files\MATLAB\R2015b\java\jarext\saxon.jar

 1018: File          C:\Program Files\MATLAB\R2015b\java\jar\toolstrip.jar

 101C: File          C:\Program Files\MATLAB\R2015b\java\jar\toolbox\nnet.jar

 1020: File          C:\Program Files\MATLAB\R2015b\java\jar\org\netbeans.jar

 1024: File          C:\Program Files\MATLAB\R2015b\java\jar\org\openide.jar

 1028: File          C:\Program Files\MATLAB\R2015b\java\jarext\helpsearch.jar

 102C: File          C:\Program Files\MATLAB\R2015b\java\jar\html.jar

 1030: File          C:\Program Files\MATLAB\R2015b\java\jar\help\helpui.jar

 1034: File          C:\Program Files\MATLAB\R2015b\java\jar\toolbox\optim.jar

 1038: File          C:\Program Files\MATLAB\R2015b\java\jarext\search.jar

 103C: File          C:\Program Files\MATLAB\R2015b\java\jar\toolbox\parallel\mapreduce.jar

 1044: File          C:\Program Files\MATLAB\R2015b\java\jar\resources\parallel_res.jar

 1048: File          C:\Program Files\MATLAB\R2015b\java\jar\toolbox\parallel\util.jar

 104C: File          C:\Program Files\MATLAB\R2015b\java\jar\physmod\common\dataservices\gui\modelstatistics.jar

 1050: File          C:\Program Files\MATLAB\R2015b\java\jar\toolbox\parallel\pctutil.jar

 1054: File          C:\Program Files\MATLAB\R2015b\java\jarext\connector_api\peer_model_api_java\peer_model_java_api.jar

 1058: File          C:\Program Files\MATLAB\R2015b\java\jar\physmod\sm\gui\importers.jar

 105C: File          C:\Program Files\MATLAB\R2015b\java\jar\physmod\common\dataservices\gui\state.jar

 1060: File          C:\Program Files\MATLAB\R2015b\java\jar\physmod\gui\core\exceptions.jar

 1064: File          C:\Program Files\MATLAB\R2015b\java\jar\physmod\gui\core\fwk.jar

 1068: File          C:\Program Files\MATLAB\R2015b\java\jar\physmod\gui\core\util.jar

 106C: File          C:\Program Files\MATLAB\R2015b\java\jar\physmod\gui\core\swing.jar

 1070: File          C:\Program Files\MATLAB\R2015b\java\jar\physmod\gui\gfx\viewer.jar

 1074: File          C:\Program Files\MATLAB\R2015b\java\jar\physmod\powersys\core\drives.jar

 1078: File          C:\Program Files\MATLAB\R2015b\java\jar\physmod\simscape\simscape\editor.jar

 107C: File          C:\Program Files\MATLAB\R2015b\java\jar\physmod\simscape\simscape\preferences.jar

 1080: File          C:\Program Files\MATLAB\R2015b\java\jar\physmod\sm\gui\exceptions.jar

 1084: File          C:\Program Files\MATLAB\R2015b\java\jar\physmod\sm\gui\test.jar

 1088: File          C:\Program Files\MATLAB\R2015b\java\jar\physmod\sm\gui\gfx.jar

 108C: File          C:\Program Files\MATLAB\R2015b\java\jar\physmod\sm\gui\editor.jar

 1090: File          C:\Program Files\MATLAB\R2015b\java\jar\activationclient.jar

 1094: File          C:\Program Files\MATLAB\R2015b\java\jar\polyspace\miscutils.jar

 1098: File          C:\Program Files\MATLAB\R2015b\java\jar\product.jar

 109C: File          C:\Program Files\MATLAB\R2015b\java\jar\resource_core.jar

 10A0: File          C:\Program Files\MATLAB\R2015b\java\jar\deactivation.jar

 10A4: File          C:\Program Files\MATLAB\R2015b\java\jar\vrd.jar

 10A8: File          C:\Program Files\MATLAB\R2015b\java\jar\publishparser.jar

 10AC: File          C:\Program Files\MATLAB\R2015b\java\jar\toolbox\control.jar

 10B0: File          C:\Program Files\MATLAB\R2015b\java\jarext\aps_api\pubsub_api_java\pubsub_api_java.jar

 10B4: File          C:\Program Files\MATLAB\R2015b\java\jar\toolbox\robotics\ros.jar

 10B8: File          C:\Program Files\MATLAB\R2015b\java\jar\toolbox\rptgen.jar

 10BC: File          C:\Program Files\MATLAB\R2015b\java\jar\toolbox\rptgenxmlcomp.jar

 10C0: File          C:\Program Files\MATLAB\R2015b\java\jar\toolbox\shared\controllib.jar

 10C4: File          C:\Program Files\MATLAB\R2015b\java\jar\toolbox\ecoder.jar

 10C8: File          C:\Program Files\MATLAB\R2015b\java\jar\toolbox\dastudio.jar

 10CC: File          C:\Program Files\MATLAB\R2015b\java\jar\toolbox\shared\hwconnectinstaller\util.jar

 10D0: File          C:\Program Files\MATLAB\R2015b\java\jar\toolbox\shared\hwconnectinstaller\common.jar

 10D4: File          C:\Program Files\MATLAB\R2015b\java\jar\instutil.jar

 10D8: File          C:\Program Files\MATLAB\R2015b\java\jar\toolbox\simulink\slvnv.jar

 10DC: File          C:\Program Files\MATLAB\R2015b\java\jar\toolbox\rptgencore.jar

 10E0: File          C:\Program Files\MATLAB\R2015b\java\jar\toolbox\sdi\sdi.jar

 10E4: File          C:\Program Files\MATLAB\R2015b\java\jar\toolbox\shared\sigbldr.jar

 10E8: File          C:\Program Files\MATLAB\R2015b\java\jar\toolbox\slobserver.jar

 10EC: File          C:\Program Files\MATLAB\R2015b\java\jar\toolbox\simulink\preferences.jar

 10F0: File          C:\Program Files\MATLAB\R2015b\java\jar\toolbox\shared\systemobjects.jar

 10F4: File          C:\Program Files\MATLAB\R2015b\java\jar\toolbox\testmeas.jar

 10F8: File          C:\Program Files\MATLAB\R2015b\java\jar\toolbox\simbio.jar

 10FC: File          C:\Program Files\MATLAB\R2015b\java\jar\toolbox\sldependencyanalysis.jar

 1100: File          C:\Program Files\MATLAB\R2015b\java\jar\toolbox\simulink\desktopintegration.jar

 1104: File          C:\Program Files\MATLAB\R2015b\java\jar\toolbox\simulink\configdlg.jar

 1108: File          C:\Program Files\MATLAB\R2015b\java\jar\toolbox\simulink\datadictionary.jar

 110C: File          C:\Program Files\MATLAB\R2015b\java\jar\toolbox\simulink\finder.jar

 1110: File          C:\Program Files\MATLAB\R2015b\java\jar\toolbox\simulink\debugger.jar

 1114: File          C:\Program Files\MATLAB\R2015b\java\jar\toolbox\simulink\docblock.jar

 1118: File          C:\Program Files\MATLAB\R2015b\java\jar\toolbox\simulink\iomanager.jar

 111C: File          C:\Program Files\MATLAB\R2015b\java\jar\toolbox\simulink\sigselector.jar

 1120: File          C:\Program Files\MATLAB\R2015b\java\jar\toolbox\simulink\linkstool.jar

 1124: File          C:\Program Files\MATLAB\R2015b\java\jar\toolbox\simulink\lookuptable.jar

 1128: File          C:\Program Files\MATLAB\R2015b\java\jar\toolbox\simulink\maskeditor.jar

 112C: File          C:\Program Files\MATLAB\R2015b\java\jar\toolbox\simulink\mdlrefsignallog.jar

 1130: File          C:\Program Files\MATLAB\R2015b\java\jar\toolbox\simulink\progressbar.jar

 1134: File          C:\Program Files\MATLAB\R2015b\java\jar\toolbox\simulink\sfunbuilder.jar

 1138: File          C:\Program Files\MATLAB\R2015b\java\jar\toolbox\simulink\signalselector.jar

 113C: File          C:\Program Files\MATLAB\R2015b\java\jar\toolbox\simulink\signalviewer.jar

 1140: File          C:\Program Files\MATLAB\R2015b\java\jar\toolbox\simulink\variantmanager.jar

 1144: File          C:\Program Files\MATLAB\R2015b\java\jar\webproxy.jar

 1148: File          C:\Program Files\MATLAB\R2015b\java\jar\toolbox\mdldisc.jar

 114C: File          C:\Program Files\MATLAB\R2015b\java\jar\toolbox\sl3d.jar

 1150: File          C:\Program Files\MATLAB\R2015b\java\jar\toolbox\slcontrol.jar

 1154: File          C:\Program Files\MATLAB\R2015b\java\jar\toolbox\sloptim.jar

 1158: File          C:\Program Files\MATLAB\R2015b\java\jar\toolbox\slestim.jar

 115C: File          C:\Program Files\MATLAB\R2015b\java\jar\toolbox\sldo.jar

 1160: File          C:\Program Files\MATLAB\R2015b\java\jar\toolbox\slproject.jar

 1164: File          C:\Program Files\MATLAB\R2015b\java\jar\toolbox\slprojectsharing\email.jar

 1168: File          C:\Program Files\MATLAB\R2015b\java\jar\toolbox\slprojectsharing\github.jar

 116C: File          C:\Program Files\MATLAB\R2015b\java\jar\toolbox\slprojectsharing\toolbox.jar

 1170: File          C:\Program Files\MATLAB\R2015b\java\jar\toolbox\slprojectsharing\utils.jar

 1174: File          C:\Program Files\MATLAB\R2015b\java\jar\toolbox\simulink\sta.jar

 1178: File          C:\Program Files\MATLAB\R2015b\java\jar\toolbox\stateflow.jar

 117C: File          C:\Program Files\MATLAB\R2015b\java\jarext\webservices\ssi_dws_client\ssi_dws_client.jar

 1180: File          C:\Program Files\MATLAB\R2015b\java\jar\storage\gdsinmatlab.jar

 1184: File          C:\Program Files\MATLAB\R2015b\java\jar\toolbox\stats.jar

 1188: File          C:\Program Files\MATLAB\R2015b\java\jar\storage\motw.jar

 118C: File          C:\Program Files\MATLAB\R2015b\java\jar\storage\gds.jar

 1190: File          C:\Program Files\MATLAB\R2015b\java\jar\storage\filesystemadapter.jar

 1194: File          C:\Program Files\MATLAB\R2015b\java\jar\storage\provider.jar

 1198: File          C:\Program Files\MATLAB\R2015b\java\jar\toolbox\timeseries.jar

 119C: File          C:\Program Files\MATLAB\R2015b\java\jar\supportsoftwareinstaller.jar

 11A0: File          C:\Program Files\MATLAB\R2015b\java\jarext\webservices\dws_client.jar

 11A4: File          C:\Program Files\MATLAB\R2015b\java\jar\toolbox\symbolic.jar

 11A8: File          C:\Program Files\MATLAB\R2015b\java\jar\toolboxmanagement.jar

 11AC: File          C:\Program Files\MATLAB\R2015b\java\jar\toolbox_packaging.jar

 11B0: File          C:\Program Files\MATLAB\R2015b\java\jar\zh_CN\cmlink_res.jar

 11B4: File          C:\Program Files\MATLAB\R2015b\java\jar\trialsinstaller.jar

 11B8: File          C:\Program Files\MATLAB\R2015b\java\jarext\webservices\udc_client\udc_client.jar

 11BC: File          C:\Program Files\MATLAB\R2015b\java\jarext\webservices\urlmanager\urlmanager.jar

 11C0: File          C:\Program Files\MATLAB\R2015b\java\jar\toolbox\vision.jar

 11C4: File          C:\Program Files\MATLAB\R2015b\java\jar\webintegration.jar

 11C8: File          C:\Program Files\MATLAB\R2015b\java\jar\mlwebservices.jar

 11CC: File          C:\Program Files\MATLAB\R2015b\java\jar\net.jar

 11D0: File          C:\Program Files\MATLAB\R2015b\java\jarext\mwaws_client.jar

 11D4: File          C:\Program Files\MATLAB\R2015b\java\jarext\dws_client.jar

 11D8: File          C:\Program Files\MATLAB\R2015b\java\jarext\webservices\loginws_client.jar

 11DC: File          C:\Program Files\MATLAB\R2015b\java\jarext\webservices\service_request_client.jar

 11E0: File          C:\Program Files\MATLAB\R2015b\java\jarext\webservices\ws_client_core\mw-service-client-core.jar

 11E4: File          C:\Program Files\MATLAB\R2015b\java\jarext\webservices\ws_usagedata_client\usagedata-client.jar

 11E8: File          C:\Program Files\MATLAB\R2015b\java\jar\zh_CN\activation_res.jar

 11EC: File          C:\Program Files\MATLAB\R2015b\java\jar\zh_CN\addons_import_res.jar

 11F0: File          C:\Program Files\MATLAB\R2015b\java\jar\zh_CN\addons_zip_res.jar

 11F4: File          C:\Program Files\MATLAB\R2015b\java\jar\zh_CN\appmanagement_res.jar

 11F8: File          C:\Program Files\MATLAB\R2015b\java\jar\zh_CN\apps_java_res.jar

 11FC: File          C:\Program Files\MATLAB\R2015b\java\jar\zh_CN\comparisons_res.jar

 1200: File          C:\Program Files\MATLAB\R2015b\java\jar\zh_CN\matlab_java_widgets_res.jar

 1204: File          C:\Program Files\MATLAB\R2015b\java\jar\zh_CN\comp_utils_res.jar

 1208: File          C:\Program Files\MATLAB\R2015b\java\jar\zh_CN\hwsmanagement_res.jar

 120C: File          C:\Program Files\MATLAB\R2015b\java\jar\zh_CN\install_api_res.jar

 1210: File          C:\Program Files\MATLAB\R2015b\java\jar\zh_CN\install_core_res.jar

 1214: File          C:\Program Files\MATLAB\R2015b\java\jar\zh_CN\instructionset_res.jar

 1218: File          C:\Program Files\MATLAB\R2015b\java\jar\zh_CN\license_agreement_dialog_res.jar

 121C: File          C:\Program Files\MATLAB\R2015b\java\jar\zh_CN\lmlogin_res.jar

 1220: File          C:\Program Files\MATLAB\R2015b\java\jar\zh_CN\matlab_addons_res.jar

 1224: File          C:\Program Files\MATLAB\R2015b\java\jar\zh_CN\matlab_desktop_res.jar

 1228: File          C:\Program Files\MATLAB\R2015b\java\jar\zh_CN\matlab_graphics_java_res.jar

 122C: File          C:\Program Files\MATLAB\R2015b\java\jar\zh_CN\matlab_graphics_java_widgets_res.jar

 1230: File          C:\Program Files\MATLAB\R2015b\java\jar\zh_CN\matlab_java_core_res.jar

 1234: File          C:\Program Files\MATLAB\R2015b\java\jar\zh_CN\matlab_java_project_impl_res.jar

 123C: File          C:\Program Files\MATLAB\R2015b\java\jar\zh_CN\matlab_sourcecontrol_res.jar

 1240: File          C:\Program Files\MATLAB\R2015b\java\jar\zh_CN\mw_java_foundation_res.jar

 1244: File          C:\Program Files\WindowsApps\Microsoft.LanguageExperiencePackzh-CN_18362.24.72.0_neutral__8wekyb3d8bbwe\Windows\System32\zh-CN\KernelBase.dll.mui

 1248: File          C:\Program Files\MATLAB\R2015b\java\jar\zh_CN\mw_java_help_ui_res.jar

 124C: File          C:\Program Files\MATLAB\R2015b\java\jar\zh_CN\mw_java_html_res.jar

 1250: File          C:\Program Files\MATLAB\R2015b\java\jar\zh_CN\professional_activation_res.jar

 1254: File          C:\Program Files\MATLAB\R2015b\java\jar\zh_CN\shared_install_res.jar

 1258: File          C:\Program Files\MATLAB\R2015b\java\jar\zh_CN\supportsoftwareinstaller_res.jar

 125C: File          C:\Program Files\MATLAB\R2015b\java\jar\zh_CN\timeseries_res.jar

 1260: File          C:\Program Files\MATLAB\R2015b\java\jar\zh_CN\toolboxmanagement_res.jar

 1264: File          C:\Program Files\MATLAB\R2015b\java\jar\zh_CN\toolbox_packaging_java_res.jar

 1268: File          C:\Program Files\MATLAB\R2015b\java\jar\zh_CN\trialsinstaller_res.jar

 126C: File          C:\Program Files\MATLAB\R2015b\java\jar\zh_CN\webintegration_res.jar

 1270: File          C:\Program Files\MATLAB\R2015b\java\jar\zh_CN\web_connectivity_res.jar

 1274: File          C:\Program Files\MATLAB\R2015b\sys\java\jre\win64\jre\lib\ext\localedata.jar

 1300: File          C:\Program Files\MATLAB\R2015b\sys\java\jre\win64\jre\lib\resources.jar

 1308: File          C:\Program Files\WindowsApps\Microsoft.LanguageExperiencePackzh-CN_18362.24.72.0_neutral__8wekyb3d8bbwe\Windows\System32\zh-CN\mswsock.dll.mui

 1310: File          C:\Windows\Fonts\CharlemagneStd-Bold.otf

 1314: File          C:\Windows\Fonts\ROCK.TTF

 1328: File          C:\Windows\Fonts\cambriai.ttf

 132C: File          C:\Windows\Fonts\HGXH_CNKI.TTF

 1330: File          C:\Windows\Fonts\HGF3_CNKI.ttf

 1348: File          C:\Windows\Fonts\MyriadArabic-Bold.otf

 139C: File          C:\Program Files\MATLAB\R2015b\java\jarext\connector_impl\peer_synchronizer\peer_synchronizer.jar

 13EC: File          C:\Program Files\MATLAB\R2015b\sys\java\jre\win64\jre\lib\jsse.jar

 1484: File          C:\Program Files\MATLAB\R2015b\toolbox\matlab\connector\jar\3p.jar

 1488: Section       \Sessions\1\BaseNamedObjects\69d8HWNDInterface:2c0a70

 14DC: Section       \Sessions\1\BaseNamedObjects\69d8HWNDInterface:2c0a70

 1528: File          C:\Windows\System32\spool\V4Dirs\F1C7CB64-74AA-4F74-A4EF-45CE770A95D4\69b8a4a.BUD

 1574: Section       \Sessions\1\BaseNamedObjects\RTSSSharedMemoryV2

 15A0: Section       \Sessions\1\BaseNamedObjects\UrlZonesSM_yanchanglong

 15E4: File          C:\Windows\System32\stdole2.tlb

 15EC: File          C:\Windows\System32\DriverStore\FileRepository\prnms003.inf_amd64_e4ff50d4d5f8b2aa\Amd64\PrintConfig.dll

 1604: File          C:\Windows\WinSxS\amd64_microsoft.windows.common-controls_6595b64144ccf1df_6.0.18362.778_none_e6c6b761130d4fb8

 1608: File          C:\Program Files\MATLAB\R2015b\java\jarext\connector_impl\peer_model_impl_java\peer_model_impl.jar

 1618: File          C:\Program Files\MATLAB\R2015b\java\jarext\connector_impl\mgg_server\mgg_server.jar

 168C: File          C:\Users\yanchanglong\Documents\MATLAB

 1698: File          C:\Program Files\MATLAB\R2015b\help\toolbox\dsp\examples\+dspdemo

 16A4: File          C:\Program Files\MATLAB\R2015b\help\toolbox\dsp\examples

 16B4: File          C:\Program Files\MATLAB\R2015b\help\toolbox\comm\examples

 16B8: File          C:\Program Files\MATLAB\R2015b\help\toolbox\comm\examples\+commexample

 16BC: File          C:\Program Files\MATLAB\R2015b\help\toolbox\control\examples

 1704: File          C:\Program Files\MATLAB\R2015b\help\toolbox\robust\examples

 170C: File          C:\Program Files\MATLAB\R2015b\sys\java\jre\win64\jre\lib\jce.jar

 1724: File          C:\Program Files\MATLAB\R2015b\help\toolbox\simrf\examples

 172C: File          C:\Program Files\MATLAB\R2015b\help\toolbox\slcontrol\examples

 1730: File          C:\Program Files\MATLAB\R2015b\help\toolbox\sldo\examples

 1734: File          C:\Program Files\MATLAB\R2015b\help\toolbox\vision\examples

 173C: File          C:\Users\yanchanglong\AppData\Local\NVIDIA\GLCache\adbf207b320700dc78530438225cca88\1fdaac324ca1348b\4e914d526f154e03.bin

 1758: File          C:\Windows\WinSxS\amd64_microsoft.windows.common-controls_6595b64144ccf1df_6.0.18362.778_none_e6c6b761130d4fb8

 1948: File          C:\Program Files\MATLAB\R2015b\java\jarext\connector_impl\cosg_impl_java\cosg_impl.jar

 1950: File          C:\Users\yanchanglong\AppData\Local\MathWorks\MATLAB\R2015b\graphicsState.bin

 1954: File          C:\Users\yanchanglong\AppData\Local\MathWorks\MATLAB\R2015b\graphicsState.bin

 1A30: File          C:\Users\yanchanglong\AppData\Local\Microsoft\Windows\Explorer\iconcache_idx.db

 1A38: Section       \Sessions\1\BaseNamedObjects\C:*ProgramData*Microsoft*Windows*Caches*cversions.2.ro

 1A3C: Section       \Sessions\1\BaseNamedObjects\C:*ProgramData*Microsoft*Windows*Caches*{DDF571F2-BE98-426D-8288-1A9A39C3FDA2}.2.ver0x0000000000000001.db

 1A44: Section       \Sessions\1\BaseNamedObjects\C:*ProgramData*Microsoft*Windows*Caches*cversions.2.ro

 1A48: Section       \Sessions\1\BaseNamedObjects\C:*ProgramData*Microsoft*Windows*Caches*{6AF0698E-D558-4F6E-9B3C-3716689AF493}.2.ver0x0000000000000001.db

 1A4C: File          C:\Program Files\WindowsApps\Microsoft.LanguageExperiencePackzh-CN_18362.24.72.0_neutral__8wekyb3d8bbwe\Windows\System32\zh-CN\propsys.dll.mui

 1A90: File          C:\Program Files\MATLAB\R2015b\sys\java\jre\win64\jre\lib\ext\sunjce_provider.jar

 1AC0: File          C:\Windows\Fonts\CALIFI.TTF

 1B78: File          C:\Windows\Fonts\eufrak.ttf

 1B90: File          C:\Program Files\MATLAB\R2015b\java\jarext\connector_impl\file_service\file_service.jar

 1B98: File          C:\Program Files\MATLAB\R2015b\java\jarext\connector_impl\connector_impl_java\connector-bundle.jar

 1BC8: File          C:\Windows\Fonts\euclidb.ttf

 1BDC: File          C:\Windows\WinSxS\amd64_microsoft.windows.common-controls_6595b64144ccf1df_6.0.18362.778_none_e6c6b761130d4fb8

 1C24: File          C:\Users\yanchanglong\AppData\Local\Microsoft\Windows\Explorer\iconcache_32.db

 1C3C: File          C:\Users\yanchanglong\AppData\Local\Microsoft\Windows\Explorer\iconcache_16.db

 1C44: File          C:\Program Files\WindowsApps\Microsoft.LanguageExperiencePackzh-CN_18362.24.72.0_neutral__8wekyb3d8bbwe\Windows\System32\zh-CN\windows.storage.dll.mui

 1C94: File          C:\Windows\apppatch\DirectXApps.sdb

 1D28: Section       \Sessions\1\BaseNamedObjects\69d8HWNDInterface:710bbe

 1D2C: Section       \Sessions\1\BaseNamedObjects\69d8HWNDInterface:710bbe

 1DBC: File          C:\Program Files\WindowsApps\Microsoft.LanguageExperiencePackzh-CN_18362.24.72.0_neutral__8wekyb3d8bbwe\Windows\System32\zh-CN\shell32.dll.mui

 1F34: File          C:\Program Files\MATLAB\R2015b\sys\java\jre\win64\jre\lib\ext\sunec.jar

 1F70: File          C:\Program Files\MATLAB\R2015b\sys\java\jre\win64\jre\lib\ext\dnsns.jar

 1F98: File          C:\Program Files\MATLAB\R2015b\sys\java\jre\win64\jre\lib\ext\sunmscapi.jar

 1FB0: File          C:\Program Files\WindowsApps\Microsoft.LanguageExperiencePackzh-CN_18362.24.72.0_neutral__8wekyb3d8bbwe\Windows\System32\zh-CN\comdlg32.dll.mui

 2004: File          C:\ProgramData\NVIDIA Corporation\ShadowPlay\CaptureCore.log

 200C: Section       \Sessions\1\BaseNamedObjects\{2627E361-24E2-4F14-99ED-A20D0685D8DD}_v15

 2010: Section       \Sessions\1\BaseNamedObjects\{1ABAC973-1361-4C7B-B9CE-6A084DB70189}_v2

 2104: File          C:\Program Files\WindowsApps\Microsoft.LanguageExperiencePackzh-CN_18362.24.72.0_neutral__8wekyb3d8bbwe\Windows\System32\zh-CN\oleaccrc.dll.mui

 2158: File          C:\Windows\SystemResources\comdlg32.dll.mun

 215C: File          C:\Windows\WinSxS\amd64_microsoft.windows.common-controls_6595b64144ccf1df_6.0.18362.778_none_e6c6b761130d4fb8

 2184: Section       \Sessions\1\BaseNamedObjects\SessionImmersiveColorPreference

 2194: File          C:\Program Files\WindowsApps\Microsoft.LanguageExperiencePackzh-CN_18362.24.72.0_neutral__8wekyb3d8bbwe\Windows\System32\zh-CN\user32.dll.mui

 2214: File          C:\Windows\WinSxS\amd64_microsoft.windows.common-controls_6595b64144ccf1df_6.0.18362.778_none_e6c6b761130d4fb8

 2238: File          C:\Windows\WinSxS\amd64_microsoft.windows.common-controls_6595b64144ccf1df_6.0.18362.778_none_e6c6b761130d4fb8

 22AC: File          C:\Users\yanchanglong\AppData\Local\NVIDIA\GLCache\adbf207b320700dc78530438225cca88\1fdaac324ca1348b\4e914d526f154e03.toc

 22BC: File          C:\Windows\SystemResources\shell32.dll.mun

 22CC: File          C:\Windows\WinSxS\amd64_microsoft.windows.common-controls_6595b64144ccf1df_6.0.18362.778_none_e6c6b761130d4fb8

 236C: File          C:\Windows\WinSxS\amd64_microsoft.windows.common-controls_6595b64144ccf1df_6.0.18362.778_none_e6c6b761130d4fb8

 23D8: Section       \Sessions\1\BaseNamedObjects\C:*ProgramData*Microsoft*Windows*Caches*cversions.2.ro

 23DC: File          C:\Windows\WinSxS\amd64_microsoft.vc90.crt_1fc8b3b9a1e18e3b_9.0.30729.9619_none_08e065a3a84109b0

 2404: File          C:\Windows\System32

 242C: File          D:\WORKING\????\DWT

 2444: File          C:\Windows\Fonts\msyhbd.ttc

 2450: File          C:\Program Files\Intel\OptaneShellExtensions\Log4Net.dll

 2494: File          C:\Windows\Fonts\GOUDOSB.TTF

 24C0: File          C:\Windows\Fonts\arial.ttf

 25CC: File          C:\Windows\Fonts\ZWAdobeF.TTF

 2694: File          C:\Program Files\WindowsApps\Microsoft.LanguageExperiencePackzh-CN_18362.24.72.0_neutral__8wekyb3d8bbwe\Windows\System32\zh-CN\mpr.dll.mui

 26E8: File          C:\Program Files\WindowsApps\Microsoft.LanguageExperiencePackzh-CN_18362.24.72.0_neutral__8wekyb3d8bbwe\Windows\System32\zh-CN\dui70.dll.mui

 26F0: File          C:\Windows\WinSxS\amd64_microsoft.vc90.crt_1fc8b3b9a1e18e3b_9.0.30729.9619_none_08e065a3a84109b0

 2740: Section       \Sessions\1\BaseNamedObjects\C:*ProgramData*Microsoft*Windows*Caches*cversions.2.ro

 2758: File          C:\Windows\Fonts\YuGothL.ttc

 2790: File          C:\Users\yanchanglong\AppData\Local\Microsoft\Windows\Explorer\iconcache_32.db

 27A4: Section       \Sessions\1\BaseNamedObjects\C:*ProgramData*Microsoft*Windows*Caches*{601E8F59-2494-4F5B-858C-98B965334AFA}.2.ver0x0000000000000001.db

 27B8: Section       \BaseNamedObjects\Cor_Private_IPCBlock_v4_27096

 27BC: Section       \...\Cor_SxSPublic_IPCBlock

 2828: File          C:\Program Files\Intel\OptaneShellExtensions\SharpShell.dll

 2848: File          C:\Users\yanchanglong\AppData\Local\Microsoft\Windows\Explorer\iconcache_256.db

 284C: File          C:\Windows\assembly\pubpol197.dat

 2870: File          C:\Users\yanchanglong\AppData\Local\Microsoft\Windows\Explorer\iconcache_48.db

 2884: File          C:\Program Files\Intel\OptaneShellExtensions\OptaneShellExt.dll

 2888: File          C:\Windows\Fonts\HYC4GFM.TTF

 2928: File          C:\Program Files\Intel\OptaneShellExtensions\PinningServiceApi.dll

 2A60: File          C:\Windows\Fonts\simsun.ttc

 2B48: File          C:\Program Files\MATLAB\R2015b\sys\fonts\ttf\cm\mwb_cmsy10.ttf

 2B6C: File          C:\Windows\Fonts\euextra.ttf

 2BB4: File          C:\Windows\Fonts\msyh.ttc

 325C: Section       \Sessions\1\BaseNamedObjects\DirectSound Administrator shared thread array

 3264: File          C:\Users\yanchanglong\AppData\Local\Microsoft\Windows\Explorer\iconcache_idx.db

 3558: File          C:\Windows\System32\zh-CN\netmsg.dll.mui

 3574: File          D:\WORKING\????

 359C: File          C:\Windows\System32\en-US\netmsg.dll.mui

 35E0: File          C:\Program Files\WindowsApps\Microsoft.LanguageExperiencePackzh-CN_18362.24.72.0_neutral__8wekyb3d8bbwe\Windows\System32\zh-CN\mferror.dll.mui

 376C: File          C:\Program Files\WindowsApps\Microsoft.LanguageExperiencePackzh-CN_18362.24.72.0_neutral__8wekyb3d8bbwe\Windows\System32\zh-CN\msvfw32.dll.mui

 3784: File          C:\Program Files\WindowsApps\Microsoft.LanguageExperiencePackzh-CN_18362.24.72.0_neutral__8wekyb3d8bbwe\Windows\System32\zh-CN\ddraw.dll.mui

 37B0: File          C:\Program Files\WindowsApps\Microsoft.LanguageExperiencePackzh-CN_18362.24.72.0_neutral__8wekyb3d8bbwe\Windows\System32\zh-CN\devenum.dll.mui

 45BC: File          C:\Program Files\WindowsApps\Microsoft.LanguageExperiencePackzh-CN_18362.24.72.0_neutral__8wekyb3d8bbwe\Windows\System32\zh-CN\explorerframe.dll.mui

 45CC: File          C:\Windows\Fonts\tahoma.ttf

 4604: File          C:\Program Files\WindowsApps\Microsoft.LanguageExperiencePackzh-CN_18362.24.72.0_neutral__8wekyb3d8bbwe\Windows\System32\zh-CN\MMDevAPI.dll.mui

 4634: File          C:\Windows\SystemResources\ExplorerFrame.dll.mun

 4658: File          C:\Windows\Fonts\msyh.ttc

 46EC: Section       \Sessions\1\BaseNamedObjects\69d8HWNDInterface:961204

 47B4: File          C:\Program Files\WindowsApps\Microsoft.LanguageExperiencePackzh-CN_18362.24.72.0_neutral__8wekyb3d8bbwe\Windows\System32\zh-CN\msctfuimanager.dll.mui

 47F0: File          C:\Windows\WinSxS\amd64_microsoft.windows.common-controls_6595b64144ccf1df_6.0.18362.778_none_e6c6b761130d4fb8

 4834: File          C:\Program Files\WindowsApps\Microsoft.LanguageExperiencePackzh-CN_18362.24.72.0_neutral__8wekyb3d8bbwe\Windows\System32\zh-CN\dsound.dll.mui

 48DC: File          C:\Program Files\WindowsApps\Microsoft.LanguageExperiencePackzh-CN_18362.24.72.0_neutral__8wekyb3d8bbwe\Windows\System32\zh-CN\prntvpt.dll.mui

 4938: File          C:\Program Files\WindowsApps\Microsoft.LanguageExperiencePackzh-CN_18362.24.72.0_neutral__8wekyb3d8bbwe\Windows\System32\zh-CN\wdmaud.drv.mui

 4940: File          C:\Windows\Fonts\seguiemj.ttf

 4980: File          C:\Users\yanchanglong\AppData\Local\Microsoft\Windows\Explorer\iconcache_16.db

 4990: File          C:\Windows\System32\msxml6.dll

------------------------------------------------------------------------------

taskhostw.exe pid: 6508 \<unable to open process>

------------------------------------------------------------------------------

Shadowsocks.exe pid: 26236 AW-ROY\yanchanglong

   40: File          C:\Windows

   84: File          D:\WORKING\Shadowsocks

  1C8: Section       \BaseNamedObjects\Cor_Private_IPCBlock_v4_26236

  1CC: Section       \...\Cor_SxSPublic_IPCBlock

  2EC: File          C:\Windows\assembly\pubpol197.dat

  338: File          D:\WORKING\Shadowsocks\ss_win_temp\shadowsocks.log

  3D4: File          C:\Windows\WinSxS\x86_microsoft.windows.gdiplus_6595b64144ccf1df_1.1.18362.778_none_5f5ee11d821bf28c

  4DC: Section       \Sessions\1\BaseNamedObjects\windows_shell_global_counters

  508: Section       \Windows\Theme202636592

  50C: Section       \Sessions\1\Windows\Theme4163941769

  5A4: Section       \BaseNamedObjects\__ComCatalogCache__

  5D0: File          C:\Windows\apppatch\DirectXApps.sdb

  5E4: Section       \BaseNamedObjects\__ComCatalogCache__

  5E8: File          C:\Windows\Registration\R00000000000d.clb

  62C: Section       \Sessions\1\BaseNamedObjects\667cHWNDInterface:1f17a6

  630: Section       \Sessions\1\BaseNamedObjects\667cHWNDInterface:1f17a6

  63C: File          D:\WORKING\Shadowsocks

  658: File          D:\WORKING\Shadowsocks

  684: Section       \Sessions\1\BaseNamedObjects\C:*ProgramData*Microsoft*Windows*Caches*cversions.2.ro

  6B0: Section       \BaseNamedObjects\windows_shell_global_counters

  6D0: Section       \Sessions\1\BaseNamedObjects\C:*ProgramData*Microsoft*Windows*Caches*{6AF0698E-D558-4F6E-9B3C-3716689AF493}.2.ver0x0000000000000001.db

  6FC: Section       \Sessions\1\BaseNamedObjects\C:*ProgramData*Microsoft*Windows*Caches*cversions.2.ro

  700: Section       \Sessions\1\BaseNamedObjects\C:*ProgramData*Microsoft*Windows*Caches*{DDF571F2-BE98-426D-8288-1A9A39C3FDA2}.2.ver0x0000000000000001.db

  704: File          C:\Program Files\WindowsApps\Microsoft.LanguageExperiencePackzh-CN_18362.24.72.0_neutral__8wekyb3d8bbwe\Windows\System32\zh-CN\propsys.dll.mui

  7D4: Section       \Sessions\1\BaseNamedObjects\UrlZonesSM_yanchanglong

  8A4: Section       \BaseNamedObjects\NLS_CodePage_936_3_2_0_0

  930: File          C:\Windows\Fonts\StaticCache.dat

  990: Section       \Sessions\1\BaseNamedObjects\RTSSSharedMemoryV2

  994: File          C:\Windows\WinSxS\x86_microsoft.windows.common-controls_6595b64144ccf1df_6.0.18362.778_none_2e73ee38278978be

  9FC: File          C:\Program Files\WindowsApps\Microsoft.LanguageExperiencePackzh-CN_18362.24.72.0_neutral__8wekyb3d8bbwe\Windows\System32\zh-CN\KernelBase.dll.mui

  AD4: File          C:\Windows\Microsoft.NET\assembly\GAC_MSIL\mscorlib.Resources\v4.0_4.0.0.0_zh-HANS_b77a5c561934e089\mscorlib.resources.dll

  B38: File          C:\Program Files\WindowsApps\Microsoft.LanguageExperiencePackzh-CN_18362.24.72.0_neutral__8wekyb3d8bbwe\Windows\System32\zh-CN\crypt32.dll.mui

  B50: File          C:\Program Files\WindowsApps\Microsoft.LanguageExperiencePackzh-CN_18362.24.72.0_neutral__8wekyb3d8bbwe\Windows\System32\zh-CN\MFC42.dll.mui

  C0C: File          C:\Windows\Microsoft.NET\assembly\GAC_MSIL\System.Resources\v4.0_4.0.0.0_zh-HANS_b77a5c561934e089\System.resources.dll

  CEC: Section       \Sessions\1\BaseNamedObjects\C:*ProgramData*Microsoft*Windows*Caches*cversions.2.ro

------------------------------------------------------------------------------

360zip.exe pid: 28872 AW-ROY\yanchanglong

   40: File          C:\Windows

   84: File          D:\download

   D0: File          C:\Windows\WinSxS\x86_microsoft.windows.common-controls_6595b64144ccf1df_6.0.18362.778_none_2e73ee38278978be

   E0: File          C:\Windows\WinSxS\x86_microsoft.windows.common-controls_6595b64144ccf1df_6.0.18362.778_none_2e73ee38278978be

   EC: File          C:\Windows\WinSxS\x86_microsoft.windows.gdiplus_6595b64144ccf1df_1.1.18362.778_none_5f5ee11d821bf28c

  274: Section       \Sessions\1\BaseNamedObjects\windows_shell_global_counters

  2A0: File          C:\Windows\Fonts\StaticCache.dat

  2F4: Section       \Sessions\1\Windows\Theme4163941769

  304: Section       \Windows\Theme202636592

  310: File          C:\Program Files\WindowsApps\Microsoft.LanguageExperiencePackzh-CN_18362.24.72.0_neutral__8wekyb3d8bbwe\Windows\System32\zh-CN\KernelBase.dll.mui

  31C: File          C:\Windows\WinSxS\x86_microsoft.windows.common-controls_6595b64144ccf1df_6.0.18362.778_none_2e73ee38278978be

  420: Section       \BaseNamedObjects\__ComCatalogCache__

  44C: File          D:\download\AudioWatermarker-master.zip

  45C: File          C:\Users\YANCHA~1\AppData\Local\Temp\~DF2FBF007C4958F1D3.TMP

  468: File          C:\Users\YANCHA~1\AppData\Local\Temp\~DF98A9F8D73997E9F7.TMP

  478: File          C:\Program Files\WindowsApps\Microsoft.LanguageExperiencePackzh-CN_18362.24.72.0_neutral__8wekyb3d8bbwe\Windows\System32\zh-CN\windows.storage.dll.mui

  48C: File          C:\Windows\Registration\R00000000000d.clb

  4A8: File          C:\Windows\WinSxS\x86_microsoft.windows.common-controls_6595b64144ccf1df_6.0.18362.778_none_2e73ee38278978be

  4D4: Section       \BaseNamedObjects\__ComCatalogCache__

  4E4: Section       \BaseNamedObjects\windows_shell_global_counters

  51C: Section       \Sessions\1\BaseNamedObjects\C:*ProgramData*Microsoft*Windows*Caches*{6AF0698E-D558-4F6E-9B3C-3716689AF493}.2.ver0x0000000000000001.db

  53C: File          C:\Program Files\WindowsApps\Microsoft.LanguageExperiencePackzh-CN_18362.24.72.0_neutral__8wekyb3d8bbwe\Windows\System32\zh-CN\mpr.dll.mui

  540: Section       \Sessions\1\BaseNamedObjects\C:*ProgramData*Microsoft*Windows*Caches*cversions.2.ro

  588: File          C:\Program Files\WindowsApps\Microsoft.LanguageExperiencePackzh-CN_18362.24.72.0_neutral__8wekyb3d8bbwe\Windows\System32\zh-CN\shell32.dll.mui

  5A4: Section       \Sessions\1\BaseNamedObjects\C:*ProgramData*Microsoft*Windows*Caches*cversions.2.ro

  5B8: Section       \Sessions\1\BaseNamedObjects\C:*ProgramData*Microsoft*Windows*Caches*{DDF571F2-BE98-426D-8288-1A9A39C3FDA2}.2.ver0x0000000000000001.db

  660: File          C:\Windows\WinSxS\x86_microsoft.windows.common-controls_6595b64144ccf1df_6.0.18362.778_none_2e73ee38278978be

  6BC: File          C:\Users\yanchanglong\AppData\Local\Microsoft\Windows\Explorer\iconcache_32.db

  6D8: File          C:\Users\yanchanglong\AppData\Local\Microsoft\Windows\Explorer\iconcache_idx.db

  724: File          C:\Users\yanchanglong\AppData\Local\Microsoft\Windows\Explorer\iconcache_idx.db

  728: File          C:\Users\yanchanglong\AppData\Local\Microsoft\Windows\Explorer\iconcache_32.db

  730: File          C:\Users\yanchanglong\AppData\Local\Microsoft\Windows\Explorer\iconcache_16.db

  734: File          C:\Users\yanchanglong\AppData\Local\Microsoft\Windows\Explorer\iconcache_16.db

  744: File          C:\Program Files\WindowsApps\Microsoft.LanguageExperiencePackzh-CN_18362.24.72.0_neutral__8wekyb3d8bbwe\Windows\System32\zh-CN\propsys.dll.mui

------------------------------------------------------------------------------

360zip.exe pid: 30628 AW-ROY\yanchanglong

   40: File          C:\Windows

   84: File          D:\download

   D0: File          C:\Windows\WinSxS\x86_microsoft.windows.common-controls_6595b64144ccf1df_6.0.18362.778_none_2e73ee38278978be

   DC: File          C:\Windows\WinSxS\x86_microsoft.windows.gdiplus_6595b64144ccf1df_1.1.18362.778_none_5f5ee11d821bf28c

  274: Section       \Sessions\1\BaseNamedObjects\windows_shell_global_counters

  2B0: File          C:\Program Files\WindowsApps\Microsoft.LanguageExperiencePackzh-CN_18362.24.72.0_neutral__8wekyb3d8bbwe\Windows\System32\zh-CN\KernelBase.dll.mui

  2E8: File          C:\Windows\WinSxS\x86_microsoft.windows.common-controls_6595b64144ccf1df_6.0.18362.778_none_2e73ee38278978be

  2EC: Section       \Windows\Theme202636592

  2F4: Section       \Sessions\1\Windows\Theme4163941769

  300: File          C:\Windows\WinSxS\x86_microsoft.windows.common-controls_6595b64144ccf1df_6.0.18362.778_none_2e73ee38278978be

  30C: File          C:\Windows\Fonts\StaticCache.dat

  430: Section       \BaseNamedObjects\__ComCatalogCache__

  45C: File          C:\Users\YANCHA~1\AppData\Local\Temp\~DF2FF4FDDC70F65F1A.TMP

  468: File          C:\Users\YANCHA~1\AppData\Local\Temp\~DF35F499E97254C434.TMP

  498: File          D:\download\simplewatermarking-master.zip

  49C: File          C:\Windows\WinSxS\x86_microsoft.windows.common-controls_6595b64144ccf1df_6.0.18362.778_none_2e73ee38278978be

  4C0: File          C:\Program Files\WindowsApps\Microsoft.LanguageExperiencePackzh-CN_18362.24.72.0_neutral__8wekyb3d8bbwe\Windows\System32\zh-CN\windows.storage.dll.mui

  4D8: Section       \BaseNamedObjects\__ComCatalogCache__

  4E0: File          C:\Windows\Registration\R00000000000d.clb

  4F0: Section       \BaseNamedObjects\windows_shell_global_counters

  538: File          C:\Program Files\WindowsApps\Microsoft.LanguageExperiencePackzh-CN_18362.24.72.0_neutral__8wekyb3d8bbwe\Windows\System32\zh-CN\mpr.dll.mui

  578: File          C:\Program Files\WindowsApps\Microsoft.LanguageExperiencePackzh-CN_18362.24.72.0_neutral__8wekyb3d8bbwe\Windows\System32\zh-CN\shell32.dll.mui

  598: Section       \Sessions\1\BaseNamedObjects\C:*ProgramData*Microsoft*Windows*Caches*{6AF0698E-D558-4F6E-9B3C-3716689AF493}.2.ver0x0000000000000001.db

  59C: Section       \Sessions\1\BaseNamedObjects\C:*ProgramData*Microsoft*Windows*Caches*cversions.2.ro

  5B4: Section       \Sessions\1\BaseNamedObjects\C:*ProgramData*Microsoft*Windows*Caches*cversions.2.ro

  5B8: Section       \Sessions\1\BaseNamedObjects\C:*ProgramData*Microsoft*Windows*Caches*{DDF571F2-BE98-426D-8288-1A9A39C3FDA2}.2.ver0x0000000000000001.db

  640: File          C:\Windows\WinSxS\x86_microsoft.windows.common-controls_6595b64144ccf1df_6.0.18362.778_none_2e73ee38278978be

  6C8: File          C:\Users\yanchanglong\AppData\Local\Microsoft\Windows\Explorer\iconcache_idx.db

  714: File          C:\Users\yanchanglong\AppData\Local\Microsoft\Windows\Explorer\iconcache_idx.db

  718: File          C:\Users\yanchanglong\AppData\Local\Microsoft\Windows\Explorer\iconcache_32.db

  720: File          C:\Users\yanchanglong\AppData\Local\Microsoft\Windows\Explorer\iconcache_32.db

  724: File          C:\Users\yanchanglong\AppData\Local\Microsoft\Windows\Explorer\iconcache_16.db

  72C: File          C:\Users\yanchanglong\AppData\Local\Microsoft\Windows\Explorer\iconcache_16.db

  738: File          C:\Program Files\WindowsApps\Microsoft.LanguageExperiencePackzh-CN_18362.24.72.0_neutral__8wekyb3d8bbwe\Windows\System32\zh-CN\propsys.dll.mui

------------------------------------------------------------------------------

jxbrowser-chromium.exe pid: 28880 AW-ROY\yanchanglong

   40: File          C:\Windows

   84: File          C:\Program Files\MATLAB\R2015b\sys\jxbrowser-chromium\win64\chromium

   DC: File          C:\Windows\WinSxS\x86_microsoft.windows.common-controls_6595b64144ccf1df_5.82.18362.778_none_71d70b7d5ae4146f

  2F4: File          C:\Program Files\MATLAB\R2015b\sys\jxbrowser-chromium\win64\chromium\webui_resources.pak

  2FC: File          C:\Program Files\MATLAB\R2015b\sys\jxbrowser-chromium\win64\chromium\icudtl.dat

  304: File          C:\Program Files\MATLAB\R2015b\sys\jxbrowser-chromium\win64\chromium\locales\zh-CN.pak

  30C: File          C:\Program Files\MATLAB\R2015b\sys\jxbrowser-chromium\win64\chromium\devtools_resources.pak

  314: File          C:\Program Files\MATLAB\R2015b\sys\jxbrowser-chromium\win64\chromium\resources.pak

  31C: File          C:\Program Files\MATLAB\R2015b\sys\jxbrowser-chromium\win64\chromium\chrome_100_percent.pak

  43C: File          C:\Windows\System32\drivers\etc

  4BC: Section       \BaseNamedObjects\__ComCatalogCache__

  4C8: File          C:\Windows\Registration\R00000000000d.clb

  4CC: Section       \BaseNamedObjects\__ComCatalogCache__

  4F8: Section       \Windows\Theme202636592

  4FC: Section       \Sessions\1\Windows\Theme4163941769

  52C: File          C:\Program Files\WindowsApps\Microsoft.LanguageExperiencePackzh-CN_18362.24.72.0_neutral__8wekyb3d8bbwe\Windows\System32\zh-CN\MMDevAPI.dll.mui

  590: File          C:\Users\yanchanglong\AppData\Roaming\MathWorks\MATLAB\R2015b\HtmlPanel\cache\GPUCache\data_1

  5F0: File          C:\Program Files\WindowsApps\Microsoft.LanguageExperiencePackzh-CN_18362.24.72.0_neutral__8wekyb3d8bbwe\Windows\System32\zh-CN\MFC42.dll.mui

  6A8: File          C:\Users\yanchanglong\AppData\Roaming\MathWorks\MATLAB\R2015b\HtmlPanel\cache\Cache\index

  6AC: File          C:\Users\yanchanglong\AppData\Roaming\MathWorks\MATLAB\R2015b\HtmlPanel\cache\Cache\index

  6B4: File          C:\Users\yanchanglong\AppData\Roaming\MathWorks\MATLAB\R2015b\HtmlPanel\cache\Cache\data_2

  6C0: File          C:\Users\yanchanglong\AppData\Roaming\MathWorks\MATLAB\R2015b\HtmlPanel\cache\Cache\data_0

  6C8: File          C:\Users\yanchanglong\AppData\Roaming\MathWorks\MATLAB\R2015b\HtmlPanel\cache\Cache\data_0

  6CC: File          C:\Users\yanchanglong\AppData\Roaming\MathWorks\MATLAB\R2015b\HtmlPanel\cache\Cache\data_2

  6D4: File          C:\Users\yanchanglong\AppData\Roaming\MathWorks\MATLAB\R2015b\HtmlPanel\cache\Cache\data_1

  6D8: File          C:\Users\yanchanglong\AppData\Roaming\MathWorks\MATLAB\R2015b\HtmlPanel\cache\Cache\data_1

  708: File          C:\Users\yanchanglong\AppData\Roaming\MathWorks\MATLAB\R2015b\HtmlPanel\cache\Cache\data_3

  70C: File          C:\Users\yanchanglong\AppData\Roaming\MathWorks\MATLAB\R2015b\HtmlPanel\cache\Cache\data_3

  73C: File          C:\Users\yanchanglong\AppData\Roaming\MathWorks\MATLAB\R2015b\HtmlPanel\cache\GPUCache\data_1

  748: File          C:\Users\yanchanglong\AppData\Roaming\MathWorks\MATLAB\R2015b\HtmlPanel\cache\GPUCache\index

  750: File          C:\Users\yanchanglong\AppData\Roaming\MathWorks\MATLAB\R2015b\HtmlPanel\cache\GPUCache\index

  758: File          C:\Users\yanchanglong\AppData\Roaming\MathWorks\MATLAB\R2015b\HtmlPanel\cache\GPUCache\data_0

  75C: File          C:\Users\yanchanglong\AppData\Roaming\MathWorks\MATLAB\R2015b\HtmlPanel\cache\GPUCache\data_0

  764: File          C:\Users\yanchanglong\AppData\Roaming\MathWorks\MATLAB\R2015b\HtmlPanel\cache\GPUCache\data_2

  768: File          C:\Users\yanchanglong\AppData\Roaming\MathWorks\MATLAB\R2015b\HtmlPanel\cache\GPUCache\data_2

  770: File          C:\Users\yanchanglong\AppData\Roaming\MathWorks\MATLAB\R2015b\HtmlPanel\cache\GPUCache\data_3

  774: File          C:\Users\yanchanglong\AppData\Roaming\MathWorks\MATLAB\R2015b\HtmlPanel\cache\GPUCache\data_3

 173C: File          C:\Users\yanchanglong\AppData\Local\NVIDIA\GLCache\adbf207b320700dc78530438225cca88\1fdaac324ca1348b\4e914d526f154e03.bin

 1A38: Section       \Sessions\1\BaseNamedObjects\C:*ProgramData*Microsoft*Windows*Caches*cversions.2.ro

 1A3C: Section       \Sessions\1\BaseNamedObjects\C:*ProgramData*Microsoft*Windows*Caches*{DDF571F2-BE98-426D-8288-1A9A39C3FDA2}.2.ver0x0000000000000001.db

 1A44: Section       \Sessions\1\BaseNamedObjects\C:*ProgramData*Microsoft*Windows*Caches*cversions.2.ro

 1A48: Section       \Sessions\1\BaseNamedObjects\C:*ProgramData*Microsoft*Windows*Caches*{6AF0698E-D558-4F6E-9B3C-3716689AF493}.2.ver0x0000000000000001.db

 2184: Section       \Sessions\1\BaseNamedObjects\SessionImmersiveColorPreference

 22AC: File          C:\Users\yanchanglong\AppData\Local\NVIDIA\GLCache\adbf207b320700dc78530438225cca88\1fdaac324ca1348b\4e914d526f154e03.toc

 23D8: Section       \Sessions\1\BaseNamedObjects\C:*ProgramData*Microsoft*Windows*Caches*cversions.2.ro

 2740: Section       \Sessions\1\BaseNamedObjects\C:*ProgramData*Microsoft*Windows*Caches*cversions.2.ro

 27A4: Section       \Sessions\1\BaseNamedObjects\C:*ProgramData*Microsoft*Windows*Caches*{601E8F59-2494-4F5B-858C-98B965334AFA}.2.ver0x0000000000000001.db

------------------------------------------------------------------------------

jxbrowser-chromium.exe pid: 19576 AW-ROY\yanchanglong

   40: File          C:\Windows

   BC: File          C:\Program Files\MATLAB\R2015b\sys\jxbrowser-chromium\win64\chromium

   D0: File          C:\Windows\WinSxS\x86_microsoft.windows.common-controls_6595b64144ccf1df_5.82.18362.778_none_71d70b7d5ae4146f

  2F8: File          C:\Program Files\MATLAB\R2015b\sys\jxbrowser-chromium\win64\chromium\icudtl.dat

  300: File          C:\Program Files\MATLAB\R2015b\sys\jxbrowser-chromium\win64\chromium\locales\en-US.pak

  308: File          C:\Program Files\MATLAB\R2015b\sys\jxbrowser-chromium\win64\chromium\devtools_resources.pak

  310: File          C:\Program Files\MATLAB\R2015b\sys\jxbrowser-chromium\win64\chromium\resources.pak

  318: File          C:\Program Files\MATLAB\R2015b\sys\jxbrowser-chromium\win64\chromium\chrome_100_percent.pak

  320: File          C:\Program Files\MATLAB\R2015b\sys\jxbrowser-chromium\win64\chromium\webui_resources.pak

  370: File          C:\Windows\apppatch\DirectXApps.sdb

  374: Section       \Sessions\1\BaseNamedObjects\windows_shell_global_counters

  380: Section       \Sessions\1\BaseNamedObjects\RTSSSharedMemoryV2

------------------------------------------------------------------------------

jxbrowser-chromium.exe pid: 26616 AW-ROY\yanchanglong

   40: File          C:\Windows

   84: File          C:\Program Files\MATLAB\R2015b\sys\jxbrowser-chromium\win64\chromium

   CC: File          C:\Windows\WinSxS\x86_microsoft.windows.common-controls_6595b64144ccf1df_5.82.18362.778_none_71d70b7d5ae4146f

  2DC: File          C:\Program Files\MATLAB\R2015b\sys\jxbrowser-chromium\win64\chromium\icudtl.dat

  2E8: File          C:\Program Files\MATLAB\R2015b\sys\jxbrowser-chromium\win64\chromium\locales\zh-CN.pak

  2F0: File          C:\Program Files\MATLAB\R2015b\sys\jxbrowser-chromium\win64\chromium\devtools_resources.pak

  2F8: File          C:\Program Files\MATLAB\R2015b\sys\jxbrowser-chromium\win64\chromium\resources.pak

  300: File          C:\Program Files\MATLAB\R2015b\sys\jxbrowser-chromium\win64\chromium\chrome_100_percent.pak

  308: File          C:\Program Files\MATLAB\R2015b\sys\jxbrowser-chromium\win64\chromium\webui_resources.pak

  428: File          C:\Program Files\WindowsApps\Microsoft.LanguageExperiencePackzh-CN_18362.24.72.0_neutral__8wekyb3d8bbwe\Windows\System32\zh-CN\MFC42.dll.mui

  4D4: File          C:\Windows\Fonts\pala.ttf

  4D8: File          C:\Windows\Fonts\micross.ttf

  4FC: File          C:\Windows\Fonts\tahoma.ttf

  554: File          C:\Windows\Fonts\arialbd.ttf

  568: File          C:\Windows\Fonts\arial.ttf

  574: Section       \Windows\Theme202636592

  578: Section       \Sessions\1\Windows\Theme4163941769

  584: File          C:\Windows\Fonts\simsun.ttc

  590: File          C:\Windows\Fonts\cour.ttf

  5A4: File          C:\Windows\Fonts\tahomabd.ttf

  5AC: File          C:\Windows\Fonts\times.ttf

  5B4: File          C:\Windows\Fonts\consolab.ttf

  5C0: File          C:\Windows\Fonts\consola.ttf

  5CC: File          C:\Windows\Fonts\l_10646.ttf

  5D4: File          C:\Windows\Fonts\msgothic.ttc

  5E0: File          C:\Windows\Fonts\palab.ttf

  774: File          C:\Windows\Fonts\consolai.ttf

  778: File          C:\Windows\Fonts\ariali.ttf

------------------------------------------------------------------------------

ss_privoxy.exe pid: 29384 AW-ROY\yanchanglong

   40: File          C:\Windows

   84: File          D:\WORKING\Shadowsocks\ss_win_temp

   CC: File          C:\Windows\Fonts\StaticCache.dat

  220: Section       \Windows\Theme202636592

  244: Section       \Sessions\1\Windows\Theme4163941769

  268: File          C:\Windows\WinSxS\x86_microsoft.windows.common-controls_6595b64144ccf1df_6.0.18362.778_none_2e73ee38278978be

  270: File          D:\WORKING\Shadowsocks\ss_win_temp\ss_privoxy.log

------------------------------------------------------------------------------

steamwebhelper.exe pid: 16684 AW-ROY\yanchanglong

   84: File          D:\Steam

   E0: File          C:\Windows\WinSxS\amd64_microsoft.windows.common-controls_6595b64144ccf1df_6.0.18362.778_none_e6c6b761130d4fb8

  328: File          D:\Steam\bin\cef\cef.win7x64\icudtl.dat

  330: File          D:\Steam\bin\cef\cef.win7x64\v8_context_snapshot.bin

  338: File          D:\Steam\bin\cef\cef.win7x64\natives_blob.bin

  348: File          D:\Steam\bin\cef\cef.win7x64\locales\zh-CN.pak

  34C: File          D:\Steam\bin\cef\cef.win7x64\cef.pak

  354: File          D:\Steam\bin\cef\cef.win7x64\cef_100_percent.pak

  35C: File          D:\Steam\bin\cef\cef.win7x64\cef_200_percent.pak

  364: File          D:\Steam\bin\cef\cef.win7x64\cef_extensions.pak

  36C: File          D:\Steam\bin\cef\cef.win7x64\devtools_resources.pak

------------------------------------------------------------------------------

Music.UI.exe pid: 428 AW-ROY\yanchanglong

   40: File          C:\Program Files\WindowsApps\Microsoft.ZuneMusic_10.20022.11011.0_x64__8wekyb3d8bbwe

  194: Section       \BaseNamedObjects\__ComCatalogCache__

  268: Section       \Sessions\1\AppContainerNamedObjects\S-1-15-2-3132517012-1571311091-3263739450-2968124769-4061529133-2106415361-233808003\ApplicationService:1ac1d62692530ad423

  3E8: Section       \Sessions\1\AppContainerNamedObjects\S-1-15-2-3132517012-1571311091-3263739450-2968124769-4061529133-2106415361-233808003\SessionImmersiveColorPreference

  3F0: File          C:\Windows\apppatch\DirectXApps.sdb

  40C: Section       \Sessions\1\AppContainerNamedObjects\S-1-15-2-3132517012-1571311091-3263739450-2968124769-4061529133-2106415361-233808003\windows_shell_global_counters

  414: File          C:\Windows\System32\WinMetadata\Windows.UI.Xaml.winmd

  4E8: File          C:\Program Files\WindowsApps\Microsoft.LanguageExperiencePackzh-CN_18362.24.72.0_neutral__8wekyb3d8bbwe\Windows\System32\zh-CN\windows.storage.dll.mui

  584: File          C:\Windows\System32\zh-CN\ESENT.dll.mui

  5A0: File          C:\Windows\Fonts\segoeui.ttf

  634: File          C:\Users\yanchanglong\AppData\Local\Packages\Microsoft.ZuneMusic_8wekyb3d8bbwe\LocalState\Database\anonymous\EntClientDb.edb

  64C: File          C:\Users\yanchanglong\AppData\Local\Packages\Microsoft.ZuneMusic_8wekyb3d8bbwe\LocalState\Database\anonymous\EntClientDb.jfm

  670: Section       \Sessions\1\AppContainerNamedObjects\S-1-15-2-3132517012-1571311091-3263739450-2968124769-4061529133-2106415361-233808003\1acHWNDInterface:7a05f2

  674: Section       \Sessions\1\AppContainerNamedObjects\S-1-15-2-3132517012-1571311091-3263739450-2968124769-4061529133-2106415361-233808003\1acHWNDInterface:7a05f2

  688: Section       \Sessions\1\AppContainerNamedObjects\S-1-15-2-3132517012-1571311091-3263739450-2968124769-4061529133-2106415361-233808003\1acHWNDInterface:7a05f2

  6DC: File          C:\Users\yanchanglong\AppData\Local\Packages\Microsoft.ZuneMusic_8wekyb3d8bbwe\LocalState\Database\anonymous\edb.log

  704: File          C:\Users\yanchanglong\AppData\Local\Packages\Microsoft.ZuneMusic_8wekyb3d8bbwe\LocalState\Database\anonymous\tmp.edb

------------------------------------------------------------------------------

audiodg.exe pid: 17968 \<unable to open process>

------------------------------------------------------------------------------

sppsvc.exe pid: 9396 \<unable to open process>

------------------------------------------------------------------------------

svchost.exe pid: 29580 \<unable to open process>

------------------------------------------------------------------------------

POWERPNT.EXE pid: 22432 AW-ROY\yanchanglong

   A4: File          C:\Windows\WinSxS\amd64_microsoft.windows.gdiplus_6595b64144ccf1df_1.1.18362.778_none_17b1aa466d9fc986

  2AC: File          C:\Windows\WinSxS\amd64_microsoft.windows.common-controls_6595b64144ccf1df_6.0.18362.778_none_e6c6b761130d4fb8

  2BC: File          C:\Windows\WinSxS\amd64_microsoft.windows.common-controls_6595b64144ccf1df_6.0.18362.778_none_e6c6b761130d4fb8

  34C: File          C:\Windows\apppatch\DirectXApps.sdb

  350: Section       \Sessions\1\BaseNamedObjects\windows_shell_global_counters

  374: Section       \Windows\Theme202636592

  378: File          C:\Windows\WinSxS\amd64_microsoft.windows.common-controls_6595b64144ccf1df_6.0.18362.778_none_e6c6b761130d4fb8

  37C: Section       \Sessions\1\Windows\Theme4163941769

  3B8: File          C:\Windows\WinSxS\amd64_microsoft.windows.common-controls_6595b64144ccf1df_6.0.18362.778_none_e6c6b761130d4fb8

  3C0: File          D:\WORKING\????\~$?????????-01??????.ppt

  3CC: File          C:\Program Files\WindowsApps\Microsoft.LanguageExperiencePackzh-CN_18362.24.72.0_neutral__8wekyb3d8bbwe\Windows\System32\zh-CN\winnlsres.dll.mui

  3DC: File          C:\Program Files\WindowsApps\Microsoft.LanguageExperiencePackzh-CN_18362.24.72.0_neutral__8wekyb3d8bbwe\Windows\System32\zh-CN\user32.dll.mui

  3E0: Section       \BaseNamedObjects\__ComCatalogCache__

  3F0: Section       \BaseNamedObjects\__ComCatalogCache__

  3F4: File          C:\Windows\Registration\R00000000000d.clb

  424: Section       \Sessions\1\BaseNamedObjects\57a0HWNDInterface:67101e

  430: Section       \Sessions\1\BaseNamedObjects\57a0HWNDInterface:4e0d72

  454: File          D:\WORKING\????

  56C: File          C:\Windows\Fonts\StaticCache.dat

  5D0: File          C:\Windows\WinSxS\amd64_microsoft.windows.common-controls_6595b64144ccf1df_6.0.18362.778_none_e6c6b761130d4fb8

  600: File          C:\Program Files\WindowsApps\Microsoft.LanguageExperiencePackzh-CN_18362.24.72.0_neutral__8wekyb3d8bbwe\Windows\System32\zh-CN\KernelBase.dll.mui

  62C: Section       \Sessions\1\BaseNamedObjects\x64_10FM_ACB_S-1-5-5-0-287458

  630: Section       \Sessions\1\BaseNamedObjects\x64_10FM_ACBBD_S-1-5-5-0-287458

  680: Section       \Sessions\1\BaseNamedObjects\57a0HWNDInterface:4e0d72

  6F0: File          C:\Windows\WinSxS\amd64_microsoft.windows.common-controls_6595b64144ccf1df_6.0.18362.778_none_e6c6b761130d4fb8

  6F8: File          C:\Users\yanchanglong\AppData\Local\Microsoft\Windows\INetCache\Content.MSO\A74F6722.wmf

  710: File          C:\Program Files\Microsoft Office\Office16\MSPPT.OLB

  720: File          C:\Program Files\WindowsApps\Microsoft.LanguageExperiencePackzh-CN_18362.24.72.0_neutral__8wekyb3d8bbwe\Windows\System32\zh-CN\d2d1.dll.mui

  740: File          C:\Windows\WinSxS\amd64_microsoft.windows.common-controls_6595b64144ccf1df_5.82.18362.778_none_2a29d4a64667eb69

  748: File          C:\Program Files\Common Files\microsoft shared\OFFICE16\MSO.DLL

  760: File          C:\Windows\System32\stdole2.tlb

  77C: Section       \BaseNamedObjects\windows_shell_global_counters

  7F8: Section       \Sessions\1\BaseNamedObjects\UrlZonesSM_yanchanglong

  814: File          C:\Windows\WinSxS\amd64_microsoft.windows.common-controls_6595b64144ccf1df_6.0.18362.778_none_e6c6b761130d4fb8

  834: File          C:\Users\YANCHA~1\AppData\Local\Temp\~DF6ED1111DC36A4420.TMP

  848: File          C:\Users\YANCHA~1\AppData\Local\Temp\~DF33BAA38F43FEC26A.TMP

  86C: File          C:\Program Files\Common Files\microsoft shared\VBA\VBA7.1\VBE7.DLL

  874: File          C:\Windows\System32\FM20.DLL

  894: Section       \Sessions\1\BaseNamedObjects\57a0HWNDInterface:10212ea

  8A8: Section       \Sessions\1\BaseNamedObjects\57a0HWNDInterface:10212ea

  8BC: File          C:\Windows\WinSxS\amd64_microsoft.windows.common-controls_6595b64144ccf1df_6.0.18362.778_none_e6c6b761130d4fb8

  8CC: File          C:\Program Files (x86)\Common Files\Microsoft Shared\VBA\VBA6\VBE6EXT.OLB

  8D0: File          C:\Windows\WinSxS\amd64_microsoft.windows.common-controls_6595b64144ccf1df_6.0.18362.778_none_e6c6b761130d4fb8

  8E8: File          C:\Users\yanchanglong\AppData\Roaming\Microsoft\Forms\POWERPNT.box

  8F0: File          C:\Users\YANCHA~1\AppData\Local\Temp\~DF0C63DBFBDF076695.TMP

  8F8: File          C:\Users\YANCHA~1\AppData\Local\Temp\~DF103DB71DD0F8194C.TMP

  904: File          C:\Windows\System32\FM20.DLL

  908: File          C:\Windows\System32\FM20.DLL

  920: File          C:\Windows\System32\stdole2.tlb

  928: File          C:\Program Files\Common Files\microsoft shared\VBA\VBA7.1\VBE7.DLL

  930: File          C:\Users\YANCHA~1\AppData\Local\Temp\VBE\MSForms.exd

  960: Section       \Sessions\1\BaseNamedObjects\57a0HWNDInterface:67101e

  964: Section       \Sessions\1\BaseNamedObjects\C:*ProgramData*Microsoft*Windows*Caches*cversions.2.ro

  978: File          C:\Users\yanchanglong\AppData\Local\Microsoft\Windows\INetCache\Content.MSO\mso5543.tmp

  9A0: File          C:\Program Files\Common Files\microsoft shared\Team Foundation Server\15.0\x64\TFSOfficeAdd-in.dll

  A08: Section       \Sessions\1\BaseNamedObjects\windows_webcache_counters_{9B6AB5B3-91BC-4097-835C-EA2DEC95E9CC}_S-1-5-21-894610241-3031673652-807083418-1001

  A50: Section       \BaseNamedObjects\F932B6C7-3A20-46A0-B8A0-8894AA421973

  B50: File          C:\Program Files\WindowsApps\Microsoft.LanguageExperiencePackzh-CN_18362.24.72.0_neutral__8wekyb3d8bbwe\Windows\System32\zh-CN\mswsock.dll.mui

  BAC: File          C:\Windows\Fonts\msyh.ttc

  BCC: File          C:\Program Files\Common Files\microsoft shared\PROOF\MSGR3SC.LEX

  C08: File          D:\WORKING\????\?????????-01??????.ppt

  C14: Section       \Sessions\1\BaseNamedObjects\57a0HWNDInterface:551450

  C1C: File          C:\Users\yanchanglong\AppData\Local\Microsoft\Windows\INetCache\Content.MSO\3471C8BB.wmf

  C30: File          C:\Users\yanchanglong\AppData\Local\Microsoft\Windows\INetCache\Content.MSO\66DB465.wmf

  C38: File          C:\Users\yanchanglong\AppData\Local\Microsoft\Windows\INetCache\Content.MSO\9A04B380.wmf

  C5C: File          C:\Users\yanchanglong\AppData\Local\Microsoft\Windows\INetCache\Content.MSO\39421D81.gif

  CA4: Section       \Sessions\1\BaseNamedObjects\57a0HWNDInterface:a09b0

  D84: Section       \Sessions\1\BaseNamedObjects\C:*ProgramData*Microsoft*Windows*Caches*{6AF0698E-D558-4F6E-9B3C-3716689AF493}.2.ver0x0000000000000001.db

  E20: Section       \Sessions\1\BaseNamedObjects\57a0HWNDInterface:551450

  E30: File          C:\Users\yanchanglong\AppData\Local\Microsoft\Windows\INetCache\Content.MSO\mso535D.tmp

  E94: Section       \Sessions\1\BaseNamedObjects\57a0HWNDInterface:a09b0

  EB4: Section       \BaseNamedObjects\RotHintTable

  F18: File          C:\Program Files\WindowsApps\Microsoft.LanguageExperiencePackzh-CN_18362.24.72.0_neutral__8wekyb3d8bbwe\Windows\System32\zh-CN\dui70.dll.mui

  FCC: Section       \Sessions\1\BaseNamedObjects\57a0HWNDInterface:67101e

 1100: Section       \Sessions\1\BaseNamedObjects\57a0HWNDInterface:a09b0

 1104: File          C:\Windows\System32

 1188: File          C:\Windows\WinSxS\amd64_microsoft.windows.common-controls_6595b64144ccf1df_6.0.18362.778_none_e6c6b761130d4fb8

 1194: File          C:\Windows\Fonts\simsun.ttc

 1198: Section       \Sessions\1\BaseNamedObjects\FM_IMDS01_S-1-5-5-0-287458

 11A8: File          D:\ileRecv\?????????-11-1????.ppt

 1204: File          C:\Windows\WinSxS\amd64_microsoft.windows.common-controls_6595b64144ccf1df_6.0.18362.778_none_e6c6b761130d4fb8

 1234: File          C:\Users\yanchanglong\AppData\Local\Microsoft\Windows\INetCache\Content.MSO\mso52DF.tmp

 1334: Section       \Sessions\1\BaseNamedObjects\C:*ProgramData*Microsoft*Windows*Caches*cversions.2.ro

 1360: File          C:\Program Files (x86)\MathType\MathPage

 1380: File          D:\ileRecv\~$?????????-11-1????.ppt

 140C: File          C:\Program Files\WindowsApps\Microsoft.LanguageExperiencePackzh-CN_18362.24.72.0_neutral__8wekyb3d8bbwe\Windows\System32\zh-CN\propsys.dll.mui

 1410: Section       \Sessions\1\BaseNamedObjects\C:*ProgramData*Microsoft*Windows*Caches*cversions.2.ro

 1414: Section       \Sessions\1\BaseNamedObjects\C:*ProgramData*Microsoft*Windows*Caches*{DDF571F2-BE98-426D-8288-1A9A39C3FDA2}.2.ver0x0000000000000001.db

 144C: File          C:\Program Files\WindowsApps\Microsoft.LanguageExperiencePackzh-CN_18362.24.72.0_neutral__8wekyb3d8bbwe\Windows\System32\zh-CN\crypt32.dll.mui

 1470: File          C:\Windows\Fonts

------------------------------------------------------------------------------

Acrobat.exe pid: 26604 AW-ROY\yanchanglong

   48: File          C:\Windows

   54: File          C:\Windows\WinSxS\x86_microsoft.windows.common-controls_6595b64144ccf1df_6.0.18362.778_none_2e73ee38278978be

  29C: File          C:\Windows\WinSxS\x86_microsoft.windows.common-controls_6595b64144ccf1df_6.0.18362.778_none_2e73ee38278978be

  2A8: File          C:\Program Files (x86)\Adobe\Acrobat DC\Acrobat

  328: Section       \Windows\Theme202636592

  32C: Section       \Sessions\1\Windows\Theme4163941769

  350: Section       \Sessions\1\BaseNamedObjects\windows_shell_global_counters

  370: File          C:\Windows\System32\spool\drivers\color\Dell Generic PnP-11026.2140.icm

  384: File          C:\Windows\Fonts\StaticCache.dat

  3B0: Section       \BaseNamedObjects\__ComCatalogCache__

  3C4: Section       \BaseNamedObjects\__ComCatalogCache__

  3C8: File          C:\Windows\Registration\R00000000000d.clb

  40C: Section       \Sessions\1\BaseNamedObjects\67ecHWNDInterface:4c0eba

  410: Section       \Sessions\1\BaseNamedObjects\67ecHWNDInterface:4c0eba

  414: Section       \Sessions\1\BaseNamedObjects\RTSSSharedMemoryV2

  41C: File          D:\ileRecv\??ppt (1).pdf

  430: File          C:\Program Files (x86)\Adobe\Acrobat DC\Acrobat

  45C: Section       \BaseNamedObjects\windows_shell_global_counters

  4F8: File          C:\Users\YANCHA~1\AppData\Local\Temp\PDApp.log

  4FC: Section       \BaseNamedObjects\RotHintTable

  530: File          C:\Program Files (x86)\Common Files\Adobe\Color\Profiles\Recommended\JapanColor2001Coated.icc

  598: Section       \Sessions\1\BaseNamedObjects\C:*ProgramData*Microsoft*Windows*Caches*cversions.2.ro

  59C: Section       \Sessions\1\BaseNamedObjects\C:*ProgramData*Microsoft*Windows*Caches*{6AF0698E-D558-4F6E-9B3C-3716689AF493}.2.ver0x0000000000000001.db

  5A0: Section       \Sessions\1\BaseNamedObjects\C:*ProgramData*Microsoft*Windows*Caches*cversions.2.ro

  5A4: Section       \Sessions\1\BaseNamedObjects\C:*ProgramData*Microsoft*Windows*Caches*{DDF571F2-BE98-426D-8288-1A9A39C3FDA2}.2.ver0x0000000000000001.db

  5BC: File          C:\Users\yanchanglong\AppData\Local\Adobe\OOBE\opm.db

  624: File          C:\Users\YANCHA~1\AppData\Local\Temp\oobelib.log

  658: Section       \Sessions\1\BaseNamedObjects\08525E98

  660: Section       \Sessions\1\BaseNamedObjects\08513180

  668: Section       \Sessions\1\BaseNamedObjects\0845D7A8

  670: Section       \Sessions\1\BaseNamedObjects\0845D380

  6E8: Section       \Sessions\1\BaseNamedObjects\08753340

  6EC: File          C:\Windows\WinSxS\x86_microsoft.windows.gdiplus_6595b64144ccf1df_1.1.18362.778_none_5f5ee11d821bf28c

  6F4: Section       \Sessions\1\BaseNamedObjects\10A65B90

  700: Section       \Sessions\1\BaseNamedObjects\08526450

  708: Section       \Sessions\1\BaseNamedObjects\10A65D78

  720: Section       \Sessions\1\BaseNamedObjects\10A65208

  744: Section       \Sessions\1\BaseNamedObjects\08753528

  748: Section       \Sessions\1\BaseNamedObjects\10A653F0

  85C: Section       \Sessions\1\BaseNamedObjects\08440650

  898: Section       \Sessions\1\BaseNamedObjects\08754280

  89C: Section       \Sessions\1\BaseNamedObjects\08753710

  8A0: Section       \Sessions\1\BaseNamedObjects\08525CB0

  990: Section       \Sessions\1\BaseNamedObjects\08482F40

  9C0: Section       \Sessions\1\BaseNamedObjects\0840EA90

  9E8: Section       \Sessions\1\BaseNamedObjects\08753158

  9F0: Section       \Sessions\1\BaseNamedObjects\08526080

  A1C: Section       \Sessions\1\BaseNamedObjects\10A64880

  A30: Section       \Sessions\1\BaseNamedObjects\08752D88

  A38: Section       \Sessions\1\BaseNamedObjects\08752F70

  A40: Section       \Sessions\1\BaseNamedObjects\10A657C0

  A48: Section       \Sessions\1\BaseNamedObjects\08754468

  A60: Section       \Sessions\1\BaseNamedObjects\06E6E928

  A88: Section       \Sessions\1\BaseNamedObjects\082DD850

  A90: Section       \Sessions\1\BaseNamedObjects\08418DD0

  AB0: File          C:\Users\yanchanglong\AppData\Local\Adobe\Acrobat\DC

  ACC: File          C:\Program Files (x86)\Adobe\Acrobat DC\Resource\CMap

  AD4: File          C:\Program Files (x86)\Adobe\Acrobat DC\Resource\CIDFont

  AD8: File          C:\Program Files (x86)\Adobe\Acrobat DC\Resource\Font

  ADC: File          C:\Program Files (x86)\Common Files\Adobe\Fonts

  AE0: File          C:\Program Files (x86)\Adobe\Acrobat DC\Resource\CMap

  AE4: File          C:\Program Files\WindowsApps\Microsoft.LanguageExperiencePackzh-CN_18362.24.72.0_neutral__8wekyb3d8bbwe\Windows\System32\zh-CN\user32.dll.mui

  AF0: File          D:\WORKING\????

  B00: Section       \Sessions\1\BaseNamedObjects\windows_webcache_counters_{9B6AB5B3-91BC-4097-835C-EA2DEC95E9CC}_S-1-5-21-894610241-3031673652-807083418-1001

  BB0: Section       \BaseNamedObjects\F932B6C7-3A20-46A0-B8A0-8894AA421973

  C3C: Section       \Sessions\1\BaseNamedObjects\10A64C50

  C70: File          C:\Program Files\WindowsApps\Microsoft.LanguageExperiencePackzh-CN_18362.24.72.0_neutral__8wekyb3d8bbwe\Windows\System32\zh-CN\MFC42.dll.mui

  CB4: Section       \Sessions\1\BaseNamedObjects\087527D0

  D00: File          C:\Program Files\WindowsApps\Microsoft.LanguageExperiencePackzh-CN_18362.24.72.0_neutral__8wekyb3d8bbwe\Windows\System32\zh-CN\mswsock.dll.mui

  D60: Section       \Sessions\1\BaseNamedObjects\08526820

  D64: Section       \Sessions\1\BaseNamedObjects\08526638

  D68: Section       \Sessions\1\BaseNamedObjects\10A655D8

  D98: Section       \Sessions\1\BaseNamedObjects\10A64E38

  DA0: Section       \Sessions\1\BaseNamedObjects\08752BA0

  DA4: Section       \Sessions\1\BaseNamedObjects\10A644B0

  DAC: Section       \Sessions\1\BaseNamedObjects\10A64698

  DB4: Section       \Sessions\1\BaseNamedObjects\10A65020

  DBC: Section       \Sessions\1\BaseNamedObjects\10A66148

------------------------------------------------------------------------------

AcroCEF.exe pid: 32568 AW-ROY\yanchanglong

   48: File          C:\Windows

   90: File          D:\WORKING\????

  29C: File          C:\Windows\WinSxS\x86_microsoft.windows.common-controls_6595b64144ccf1df_6.0.18362.778_none_2e73ee38278978be

  364: Section       \Sessions\1\BaseNamedObjects\windows_shell_global_counters

  3D0: Section       \Sessions\1\BaseNamedObjects\RTSSSharedMemoryV2

  43C: Section       \Windows\Theme202636592

  4B8: File          C:\Windows\System32\drivers\etc

  4F4: Section       \Sessions\1\Windows\Theme4163941769

  598: Section       \Sessions\1\BaseNamedObjects\C:*ProgramData*Microsoft*Windows*Caches*cversions.2.ro

  59C: Section       \Sessions\1\BaseNamedObjects\C:*ProgramData*Microsoft*Windows*Caches*{6AF0698E-D558-4F6E-9B3C-3716689AF493}.2.ver0x0000000000000001.db

  5A0: Section       \Sessions\1\BaseNamedObjects\C:*ProgramData*Microsoft*Windows*Caches*cversions.2.ro

  5A4: Section       \Sessions\1\BaseNamedObjects\C:*ProgramData*Microsoft*Windows*Caches*{DDF571F2-BE98-426D-8288-1A9A39C3FDA2}.2.ver0x0000000000000001.db

  650: Section       \BaseNamedObjects\__ComCatalogCache__

  660: Section       \BaseNamedObjects\__ComCatalogCache__

  664: File          C:\Windows\Registration\R00000000000d.clb

  6A4: Section       \Sessions\1\BaseNamedObjects\CrSharedMem_3e04df9455e54b4203a911bc9891ccded45b24399d17e3bb9c1d53a2259efc29

  79C: File          C:\Users\yanchanglong\AppData\Local\Adobe\AcroCef\DC\Acrobat\Cache\Visited Links

  7A8: Section       \Sessions\1\BaseNamedObjects\CrSharedMem_3e04df9455e54b4203a911bc9891ccded45b24399d17e3bb9c1d53a2259efc29

  7B0: Section       \Sessions\1\BaseNamedObjects\CrSharedMem_3e04df9455e54b4203a911bc9891ccded45b24399d17e3bb9c1d53a2259efc29

  80C: File          C:\Program Files\WindowsApps\Microsoft.LanguageExperiencePackzh-CN_18362.24.72.0_neutral__8wekyb3d8bbwe\Windows\System32\zh-CN\KernelBase.dll.mui

  90C: File          C:\Users\yanchanglong\AppData\Local\Adobe\AcroCef\DC\Acrobat\Cookie\Cookies

  91C: File          C:\Users\yanchanglong\AppData\Local\Adobe\AcroCef\DC\Acrobat\Cache\Cache\index

  924: File          C:\Users\yanchanglong\AppData\Local\Adobe\AcroCef\DC\Acrobat\Cache\Cache\index

  92C: File          C:\Users\yanchanglong\AppData\Local\Adobe\AcroCef\DC\Acrobat\Cache\Cache\data_0

  930: File          C:\Users\yanchanglong\AppData\Local\Adobe\AcroCef\DC\Acrobat\Cache\Cache\data_0

  944: File          C:\Users\yanchanglong\AppData\Local\Adobe\AcroCef\DC\Acrobat\Cache\Cache\data_1

  948: File          C:\Users\yanchanglong\AppData\Local\Adobe\AcroCef\DC\Acrobat\Cache\Cache\data_1

  950: File          C:\Users\yanchanglong\AppData\Local\Adobe\AcroCef\DC\Acrobat\Cache\Cache\data_2

  954: File          C:\Users\yanchanglong\AppData\Local\Adobe\AcroCef\DC\Acrobat\Cache\Cache\data_2

  95C: File          C:\Users\yanchanglong\AppData\Local\Adobe\AcroCef\DC\Acrobat\Cache\Cache\data_3

  960: File          C:\Users\yanchanglong\AppData\Local\Adobe\AcroCef\DC\Acrobat\Cache\Cache\data_3

------------------------------------------------------------------------------

AcroCEF.exe pid: 31832 AW-ROY\yanchanglong

   88: File          C:\Windows

   D0: File          D:\WORKING\????

  2B8: File          C:\Windows\WinSxS\x86_microsoft.windows.common-controls_6595b64144ccf1df_6.0.18362.778_none_2e73ee38278978be

  334: Section       \Sessions\1\BaseNamedObjects\CrSharedMem_3e04df9455e54b4203a911bc9891ccded45b24399d17e3bb9c1d53a2259efc29

  4AC: File          C:\Windows\Fonts\arial.ttf

  4B0: File          C:\Windows\Fonts\ARIALN.TTF

  4B8: File          C:\Windows\Fonts\ariblk.ttf

  4BC: File          C:\Windows\Fonts\ARIALNBI.TTF

  4C0: File          C:\Windows\Fonts\msyh.ttc

  4C4: File          C:\Windows\Fonts\arialbd.ttf

  4C8: File          C:\Windows\Fonts\arialbi.ttf

  4CC: File          C:\Windows\Fonts\ariali.ttf

  4D0: File          C:\Windows\Fonts\ARIALNB.TTF

  4D4: File          C:\Windows\Fonts\ARIALNI.TTF

  4D8: File          C:\Windows\Fonts\arial.ttf

  4E4: File          C:\Windows\Fonts\msyh.ttc

  500: File          C:\Windows\Fonts\msyhbd.ttc

  50C: File          C:\Windows\Fonts\msyhl.ttc

  550: File          C:\Windows\Fonts\msyh.ttc

  560: File          C:\Windows\Fonts\msyhbd.ttc

  56C: File          C:\Windows\Fonts\msyhbd.ttc

------------------------------------------------------------------------------

XMP.exe pid: 33928 AW-ROY\yanchanglong

   40: File          C:\Windows

   84: File          C:\Windows\WinSxS\x86_microsoft.vc90.crt_1fc8b3b9a1e18e3b_9.0.30729.9619_none_508d9c7abcbd32b6

   CC: File          C:\Windows\WinSxS\x86_microsoft.windows.common-controls_6595b64144ccf1df_6.0.18362.778_none_2e73ee38278978be

   D4: File          C:\Windows\WinSxS\x86_microsoft.vc90.crt_1fc8b3b9a1e18e3b_9.0.30729.9619_none_508d9c7abcbd32b6

  27C: File          C:\Program Files\WindowsApps\Microsoft.LanguageExperiencePackzh-CN_18362.24.72.0_neutral__8wekyb3d8bbwe\Windows\System32\zh-CN\mswsock.dll.mui

  28C: Section       \Sessions\1\BaseNamedObjects\windows_shell_global_counters

  2AC: File          C:\Program Files\WindowsApps\Microsoft.LanguageExperiencePackzh-CN_18362.24.72.0_neutral__8wekyb3d8bbwe\Windows\System32\zh-CN\user32.dll.mui

  2C4: File          C:\Windows\WinSxS\x86_microsoft.vc90.crt_1fc8b3b9a1e18e3b_9.0.30729.9619_none_508d9c7abcbd32b6

  2CC: File          C:\Windows\WinSxS\x86_microsoft.vc90.crt_1fc8b3b9a1e18e3b_9.0.30729.9619_none_508d9c7abcbd32b6

  2D0: File          C:\Windows\WinSxS\x86_microsoft.vc90.atl_1fc8b3b9a1e18e3b_9.0.30729.7523_none_51c8dd18bbe8adec

  2DC: File          C:\Windows\WinSxS\x86_microsoft.vc90.crt_1fc8b3b9a1e18e3b_9.0.30729.9619_none_508d9c7abcbd32b6

  2E0: File          C:\Windows\WinSxS\x86_microsoft.windows.gdiplus_6595b64144ccf1df_1.1.18362.778_none_5f5ee11d821bf28c

  304: File          C:\Windows\WinSxS\x86_microsoft.vc90.crt_1fc8b3b9a1e18e3b_9.0.30729.9619_none_508d9c7abcbd32b6

  308: File          C:\Windows\WinSxS\x86_microsoft.vc90.crt_1fc8b3b9a1e18e3b_9.0.30729.9619_none_508d9c7abcbd32b6

  30C: File          C:\Windows\WinSxS\x86_microsoft.vc90.crt_1fc8b3b9a1e18e3b_9.0.30729.9619_none_508d9c7abcbd32b6

  318: File          C:\Windows\WinSxS\x86_microsoft.vc90.crt_1fc8b3b9a1e18e3b_9.0.30729.9619_none_508d9c7abcbd32b6

  31C: Section       \Sessions\1\BaseNamedObjects\Xunlei:LuaDebug:StubXMP{00D765BD-E15C-49fc-85F3-8D9175531AEF}

  320: File          C:\Windows\WinSxS\x86_microsoft.vc90.crt_1fc8b3b9a1e18e3b_9.0.30729.9619_none_508d9c7abcbd32b6

  324: File          C:\Windows\WinSxS\x86_microsoft.vc90.atl_1fc8b3b9a1e18e3b_9.0.30729.7523_none_51c8dd18bbe8adec

  328: File          C:\Windows\WinSxS\x86_microsoft.vc90.crt_1fc8b3b9a1e18e3b_9.0.30729.9619_none_508d9c7abcbd32b6

  330: Section       \Windows\Theme202636592

  334: Section       \Sessions\1\Windows\Theme4163941769

  378: Section       \Sessions\1\BaseNamedObjects\IPC_MEM_33928_8000

  39C: File          C:\Users\Public\Thunder Network\XMP5\V5.4.0.6151\Program\XmpPlayer.dll

  3B4: File          C:\Windows\SysWOW64\stdole2.tlb

  3CC: File          C:\Windows\WinSxS\x86_microsoft.vc90.crt_1fc8b3b9a1e18e3b_9.0.30729.9619_none_508d9c7abcbd32b6

  3E4: File          C:\Windows\WinSxS\x86_microsoft.vc90.atl_1fc8b3b9a1e18e3b_9.0.30729.7523_none_51c8dd18bbe8adec

  3EC: File          C:\Windows\WinSxS\x86_microsoft.vc90.crt_1fc8b3b9a1e18e3b_9.0.30729.9619_none_508d9c7abcbd32b6

  3FC: File          C:\Users\Public\Thunder Network\XMP5\V5.4.0.6151\Program\XmpUtility.dll

  410: File          C:\Windows\SysWOW64\mlang.dat

  418: File          C:\Windows\WinSxS\x86_microsoft.vc90.crt_1fc8b3b9a1e18e3b_9.0.30729.9619_none_508d9c7abcbd32b6

  41C: File          C:\Windows\WinSxS\x86_microsoft.vc90.atl_1fc8b3b9a1e18e3b_9.0.30729.7523_none_51c8dd18bbe8adec

  424: File          C:\Users\Public\Thunder Network\XMP5\V5.4.0.6151\Program\XmpAssociate.dll

  42C: File          C:\Users\Public\Thunder Network\XMP5\V5.4.0.6151\Program\XmpAddins.dll

  434: File          C:\Windows\WinSxS\x86_microsoft.vc90.atl_1fc8b3b9a1e18e3b_9.0.30729.7523_none_51c8dd18bbe8adec

  43C: File          C:\Windows\WinSxS\x86_microsoft.vc90.crt_1fc8b3b9a1e18e3b_9.0.30729.9619_none_508d9c7abcbd32b6

  450: File          C:\Windows\WinSxS\x86_microsoft.vc90.crt_1fc8b3b9a1e18e3b_9.0.30729.9619_none_508d9c7abcbd32b6

  45C: File          C:\Windows\WinSxS\x86_microsoft.vc90.atl_1fc8b3b9a1e18e3b_9.0.30729.7523_none_51c8dd18bbe8adec

  464: File          C:\Users\Public\Thunder Network\XMP5\V5.4.0.6151\Program\UserLogin.dll

  4C0: Section       \Sessions\1\BaseNamedObjects\windows_webcache_counters_{9B6AB5B3-91BC-4097-835C-EA2DEC95E9CC}_S-1-5-21-894610241-3031673652-807083418-1001

  508: Section       \Sessions\1\BaseNamedObjects\UrlZonesSM_yanchanglong

  5AC: Section       \BaseNamedObjects\F932B6C7-3A20-46A0-B8A0-8894AA421973

  5B0: Section       \Sessions\1\BaseNamedObjects\IPC_MEM_33928_39547

  614: Section       \BaseNamedObjects\__ComCatalogCache__

  624: File          C:\Program Files\WindowsApps\Microsoft.LanguageExperiencePackzh-CN_18362.24.72.0_neutral__8wekyb3d8bbwe\Windows\System32\zh-CN\MFC42.dll.mui

  6BC: Section       \BaseNamedObjects\__ComCatalogCache__

  6C0: File          C:\Windows\Registration\R00000000000d.clb

  6E0: File          C:\Windows\WinSxS\x86_microsoft.vc90.atl_1fc8b3b9a1e18e3b_9.0.30729.7523_none_51c8dd18bbe8adec

  6E4: File          C:\Windows\WinSxS\x86_microsoft.vc90.crt_1fc8b3b9a1e18e3b_9.0.30729.9619_none_508d9c7abcbd32b6

  6E8: File          C:\Windows\WinSxS\x86_microsoft.vc90.crt_1fc8b3b9a1e18e3b_9.0.30729.9619_none_508d9c7abcbd32b6

  75C: Section       \Sessions\1\BaseNamedObjects\RTSSSharedMemoryV2

  77C: File          C:\Program Files\WindowsApps\Microsoft.LanguageExperiencePackzh-CN_18362.24.72.0_neutral__8wekyb3d8bbwe\Windows\System32\zh-CN\msvfw32.dll.mui

  7E0: File          C:\Program Files\WindowsApps\Microsoft.LanguageExperiencePackzh-CN_18362.24.72.0_neutral__8wekyb3d8bbwe\Windows\System32\zh-CN\MMDevAPI.dll.mui

  7E8: File          C:\Program Files\WindowsApps\Microsoft.LanguageExperiencePackzh-CN_18362.24.72.0_neutral__8wekyb3d8bbwe\Windows\System32\zh-CN\wdmaud.drv.mui

  878: File          C:\Users\Public\Thunder Network\APlayer\APlayer_3.9.10.815.dll

  8DC: File          C:\Windows\WinSxS\x86_microsoft.vc90.crt_1fc8b3b9a1e18e3b_9.0.30729.9619_none_508d9c7abcbd32b6

  8E0: File          C:\Windows\WinSxS\x86_microsoft.vc90.atl_1fc8b3b9a1e18e3b_9.0.30729.7523_none_51c8dd18bbe8adec

  8EC: File          C:\PROGRA~2\THUNDE~1\XMP\V540~1.615\Bin\DataX.dll

  8F0: File          C:\Windows\WinSxS\x86_microsoft.vc90.atl_1fc8b3b9a1e18e3b_9.0.30729.7523_none_51c8dd18bbe8adec

  8F4: File          C:\Windows\WinSxS\x86_microsoft.vc90.crt_1fc8b3b9a1e18e3b_9.0.30729.9619_none_508d9c7abcbd32b6

  8FC: File          C:\Users\Public\Thunder Network\XMP5\V5.4.0.6151\Program\XmpAdvance.dll

  900: File          C:\Windows\WinSxS\x86_microsoft.vc90.crt_1fc8b3b9a1e18e3b_9.0.30729.9619_none_508d9c7abcbd32b6

  904: File          C:\Windows\WinSxS\x86_microsoft.vc90.atl_1fc8b3b9a1e18e3b_9.0.30729.7523_none_51c8dd18bbe8adec

  954: File          C:\Windows\WinSxS\x86_microsoft.windows.common-controls_6595b64144ccf1df_6.0.18362.778_none_2e73ee38278978be

  9A8: File          C:\Users\Public\Thunder Network\APlayer\codecs\lavfilters-2

  9D4: File          C:\Users\Public\Thunder Network\XMP5\Addins\DapCtrl.2.5.7311.475.(807).dll

  9DC: File          C:\Windows\WinSxS\x86_microsoft.windows.common-controls_6595b64144ccf1df_6.0.18362.778_none_2e73ee38278978be

  9E0: File          C:\Users\Public\Thunder Network\APlayer\codecs\lavfilters-2

  A04: Section       \BaseNamedObjects\windows_shell_global_counters

  A14: Section       \Sessions\1\BaseNamedObjects\DirectSound Administrator shared thread array

  A18: File          C:\Windows\WinSxS\x86_microsoft.vc90.crt_1fc8b3b9a1e18e3b_9.0.30729.9619_none_508d9c7abcbd32b6

  A34: File          C:\Windows\WinSxS\x86_microsoft.windows.common-controls_6595b64144ccf1df_6.0.18362.778_none_2e73ee38278978be

  A44: Section       \Sessions\1\BaseNamedObjects\C:*ProgramData*Microsoft*Windows*Caches*cversions.2.ro

  A6C: Section       \Sessions\1\BaseNamedObjects\C:*ProgramData*Microsoft*Windows*Caches*{6AF0698E-D558-4F6E-9B3C-3716689AF493}.2.ver0x0000000000000001.db

  AE8: File          C:\Windows\apppatch\DirectXApps.sdb

  AF8: File          C:\Windows\WinSxS\x86_microsoft.vc90.atl_1fc8b3b9a1e18e3b_9.0.30729.7523_none_51c8dd18bbe8adec

  B04: File          C:\Users\Public\Thunder Network\XMP5\V5.4.0.6151\Program\XmpUpdateCodecs.dll

  B88: Section       \Sessions\1\BaseNamedObjects\IPC_MEM_30004_39043

  B98: File          C:\Program Files\WindowsApps\Microsoft.LanguageExperiencePackzh-CN_18362.24.72.0_neutral__8wekyb3d8bbwe\Windows\System32\zh-CN\KernelBase.dll.mui

  B9C: Section       \Sessions\1\BaseNamedObjects\IPC_MEM_33928_39043

  BB4: Section       \Sessions\1\BaseNamedObjects\C:*ProgramData*Microsoft*Windows*Caches*{DDF571F2-BE98-426D-8288-1A9A39C3FDA2}.2.ver0x0000000000000001.db

  BB8: Section       \Sessions\1\BaseNamedObjects\C:*ProgramData*Microsoft*Windows*Caches*cversions.2.ro

  C14: File          C:\Windows\Fonts\simsun.ttc

  C28: File          C:\Program Files\WindowsApps\Microsoft.LanguageExperiencePackzh-CN_18362.24.72.0_neutral__8wekyb3d8bbwe\Windows\System32\zh-CN\propsys.dll.mui

  C34: File          C:\Users\Public\Thunder Network\XMP5\V5.4.0.6151\Program\XmpWin7TaskbarTrait.dll

  C38: File          C:\Windows\WinSxS\x86_microsoft.vc90.atl_1fc8b3b9a1e18e3b_9.0.30729.7523_none_51c8dd18bbe8adec

  C3C: File          C:\Windows\WinSxS\x86_microsoft.vc90.crt_1fc8b3b9a1e18e3b_9.0.30729.9619_none_508d9c7abcbd32b6

  CD8: Section       \Sessions\1\BaseNamedObjects\IPC_MEM_30204_39547

  CDC: Section       \Sessions\1\BaseNamedObjects\C:*ProgramData*Microsoft*Windows*Caches*cversions.2.ro

  EEC: File          C:\Users\Public\Thunder Network\XMP5\V5.4.0.6151\Program

------------------------------------------------------------------------------

SearchProtocolHost.exe pid: 6176 \<unable to open process>

------------------------------------------------------------------------------

Video.UI.exe pid: 3244 AW-ROY\yanchanglong

   40: File          C:\Program Files\WindowsApps\Microsoft.ZuneVideo_10.20022.11011.0_x64__8wekyb3d8bbwe

  188: Section       \BaseNamedObjects\__ComCatalogCache__

  234: Section       \Sessions\1\AppContainerNamedObjects\S-1-15-2-2967553933-3217682302-2494645345-2077017737-3805576244-585965800-1797614741\ApplicationService:cac1d626a0df4689e0

  28C: File          C:\Windows\Fonts\msyh.ttc

  39C: Section       \Sessions\1\AppContainerNamedObjects\S-1-15-2-2967553933-3217682302-2494645345-2077017737-3805576244-585965800-1797614741\windows_webcache_counters_{00000000-5d8e-4eed-b3fa-e30684411323}

  3A0: File          C:\Windows\System32\zh-CN\netmsg.dll.mui

  3B4: Section       \Sessions\1\BaseNamedObjects\windows_webcache_counters_{9B6AB5B3-91BC-4097-835C-EA2DEC95E9CC}_S-1-5-21-894610241-3031673652-807083418-1001

  3E0: File          C:\Windows\apppatch\DirectXApps.sdb

  3F8: Section       \Sessions\1\AppContainerNamedObjects\S-1-15-2-2967553933-3217682302-2494645345-2077017737-3805576244-585965800-1797614741\SessionImmersiveColorPreference

  404: Section       \Sessions\1\AppContainerNamedObjects\S-1-15-2-2967553933-3217682302-2494645345-2077017737-3805576244-585965800-1797614741\windows_shell_global_counters

  430: File          C:\Windows\System32\WinMetadata\Windows.UI.Xaml.winmd

  4F4: Section       \Sessions\1\AppContainerNamedObjects\S-1-15-2-2967553933-3217682302-2494645345-2077017737-3805576244-585965800-1797614741\cacHWNDInterface:2e160c

  510: File          C:\Program Files\WindowsApps\Microsoft.LanguageExperiencePackzh-CN_18362.24.72.0_neutral__8wekyb3d8bbwe\Windows\System32\zh-CN\windows.storage.dll.mui

  524: File          C:\Windows\Fonts\segoeui.ttf

  570: File          C:\Users\yanchanglong\AppData\Local\Packages\Microsoft.ZuneVideo_8wekyb3d8bbwe\LocalState\Database\anonymous\edb.log

  5A4: File          C:\Windows\System32\zh-CN\ESENT.dll.mui

  65C: File          C:\Users\yanchanglong\AppData\Local\Packages\Microsoft.ZuneVideo_8wekyb3d8bbwe\LocalState\Database\anonymous\EntClientDb.edb

  67C: File          C:\Users\yanchanglong\AppData\Local\Packages\Microsoft.ZuneVideo_8wekyb3d8bbwe\LocalState\Database\anonymous\EntClientDb.jfm

  690: Section       \Sessions\1\AppContainerNamedObjects\S-1-15-2-2967553933-3217682302-2494645345-2077017737-3805576244-585965800-1797614741\cacHWNDInterface:a10a54

  694: Section       \Sessions\1\AppContainerNamedObjects\S-1-15-2-2967553933-3217682302-2494645345-2077017737-3805576244-585965800-1797614741\cacHWNDInterface:a10a54

  6B8: Section       \Sessions\1\AppContainerNamedObjects\S-1-15-2-2967553933-3217682302-2494645345-2077017737-3805576244-585965800-1797614741\cacHWNDInterface:a10a54

  6CC: File          C:\Users\yanchanglong\AppData\Local\Packages\Microsoft.ZuneVideo_8wekyb3d8bbwe\LocalState\Database\anonymous\tmp.edb

  7B4: Section       \Sessions\1\AppContainerNamedObjects\S-1-15-2-2967553933-3217682302-2494645345-2077017737-3805576244-585965800-1797614741\cacHWNDInterface:a10a54

  804: Section       \Sessions\1\AppContainerNamedObjects\S-1-15-2-2967553933-3217682302-2494645345-2077017737-3805576244-585965800-1797614741\cacHWNDInterface:a10a54

  808: Section       \Sessions\1\AppContainerNamedObjects\S-1-15-2-2967553933-3217682302-2494645345-2077017737-3805576244-585965800-1797614741\cacHWNDInterface:a10a54

  914: Section       \Sessions\1\AppContainerNamedObjects\S-1-15-2-2967553933-3217682302-2494645345-2077017737-3805576244-585965800-1797614741\cacHWNDInterface:a10a54

  918: File          C:\Windows\System32\WinMetadata\Windows.UI.winmd

  9B0: File          C:\Windows\System32\WinMetadata\Windows.Media.winmd

  9D0: File          C:\Windows\System32\en-US\netmsg.dll.mui

  9F0: Section       \Sessions\1\AppContainerNamedObjects\S-1-15-2-2967553933-3217682302-2494645345-2077017737-3805576244-585965800-1797614741\cacHWNDInterface:a10a54

  AA4: Section       \Windows\Theme202636592

  AA8: Section       \Sessions\1\Windows\Theme4163941769

  AB8: Section       \Sessions\1\AppContainerNamedObjects\S-1-15-2-2967553933-3217682302-2494645345-2077017737-3805576244-585965800-1797614741\cacHWNDInterface:2e160c

  C48: Section       \Sessions\1\AppContainerNamedObjects\S-1-15-2-2967553933-3217682302-2494645345-2077017737-3805576244-585965800-1797614741\C:*ProgramData*Microsoft*Windows*Caches*cversions.2.ro

  C5C: File          D:\WORKING\????\???\Chapter9-part3-live data collection.mov

  C60: Section       \Sessions\1\AppContainerNamedObjects\S-1-15-2-2967553933-3217682302-2494645345-2077017737-3805576244-585965800-1797614741\C:*ProgramData*Microsoft*Windows*Caches*{6AF0698E-D558-4F6E-9B3C-3716689AF493}.2.ver0x0000000000000001.db

  C64: Section       \Sessions\1\AppContainerNamedObjects\S-1-15-2-2967553933-3217682302-2494645345-2077017737-3805576244-585965800-1797614741\C:*ProgramData*Microsoft*Windows*Caches*cversions.2.ro

  C78: Section       \Sessions\1\AppContainerNamedObjects\S-1-15-2-2967553933-3217682302-2494645345-2077017737-3805576244-585965800-1797614741\C:*ProgramData*Microsoft*Windows*Caches*{DDF571F2-BE98-426D-8288-1A9A39C3FDA2}.2.ver0x0000000000000001.db

  C8C: Section       \Sessions\1\AppContainerNamedObjects\S-1-15-2-2967553933-3217682302-2494645345-2077017737-3805576244-585965800-1797614741\cacHWNDInterface:a10a54

  C90: File          C:\Program Files\WindowsApps\Microsoft.LanguageExperiencePackzh-CN_18362.24.72.0_neutral__8wekyb3d8bbwe\Windows\System32\zh-CN\windows.ui.xaml.dll.mui

  CCC: File          C:\Windows\Fonts\segoeuisl.ttf

  CE8: File          C:\Program Files\WindowsApps\Microsoft.LanguageExperiencePackzh-CN_18362.24.72.0_neutral__8wekyb3d8bbwe\Windows\System32\zh-CN\KernelBase.dll.mui

  D3C: File          D:\WORKING\????\???\Chapter9-part3-live data collection.mov

  D40: File          D:\WORKING\????\???\Chapter9-part3-live data collection.mov

  D64: File          C:\Program Files\WindowsApps\Microsoft.LanguageExperiencePackzh-CN_18362.24.72.0_neutral__8wekyb3d8bbwe\Windows\System32\zh-CN\combase.dll.mui

  D6C: File          C:\Program Files\WindowsApps\Microsoft.ZuneVideo_10.20022.11011.0_x64__8wekyb3d8bbwe\Microsoft.UI.Xaml\Assets\NoiseAsset_256X256_PNG.png

  D74: File          C:\Windows\System32\WinMetadata\Windows.Foundation.winmd

  EE4: File          C:\Program Files\WindowsApps\Microsoft.LanguageExperiencePackzh-CN_18362.24.72.0_neutral__8wekyb3d8bbwe\Windows\System32\zh-CN\MMDevAPI.dll.mui

 1168: Section       \Sessions\1\AppContainerNamedObjects\S-1-15-2-2967553933-3217682302-2494645345-2077017737-3805576244-585965800-1797614741\cacHWNDInterface:a10a54

 1270: File          C:\Windows\System32\WinMetadata\Windows.System.winmd

 1398: File          C:\Program Files\WindowsApps\Microsoft.LanguageExperiencePackzh-CN_18362.24.72.0_neutral__8wekyb3d8bbwe\Windows\System32\zh-CN\mferror.dll.mui

 1420: Section       \Sessions\1\AppContainerNamedObjects\S-1-15-2-2967553933-3217682302-2494645345-2077017737-3805576244-585965800-1797614741\C:*ProgramData*Microsoft*Windows*Caches*cversions.2.ro

 1430: File          C:\Users\yanchanglong\AppData\Local\Packages\Microsoft.ZuneVideo_8wekyb3d8bbwe\LocalCache\PlayReady\mspr.hds

 1448: File          C:\Users\yanchanglong\AppData\Local\Packages\Microsoft.ZuneVideo_8wekyb3d8bbwe\LocalCache\PlayReady\mspr.hds

------------------------------------------------------------------------------

chrome.exe pid: 32964 AW-ROY\yanchanglong

   48: File          C:\Windows

   C0: File          C:\Program Files (x86)\Google\Chrome\Application\81.0.4044.138

  254: Section       \Sessions\1\BaseNamedObjects\windows_shell_global_counters

  30C: File          C:\Program Files (x86)\Google\Chrome\Application\81.0.4044.138\icudtl.dat

  314: File          C:\Program Files (x86)\Google\Chrome\Application\81.0.4044.138\v8_context_snapshot.bin

  3B4: File          C:\Program Files (x86)\Google\Chrome\Application\81.0.4044.138

  3BC: File          C:\Users\yanchanglong\AppData\Local\Google\Chrome\User Data\BrowserMetrics\BrowserMetrics-5EB7B7AA-80C4.pma

  3C4: File          C:\Program Files (x86)\Google\Chrome\Application\81.0.4044.138\chrome_200_percent.pak

  3CC: File          C:\Program Files (x86)\Google\Chrome\Application\81.0.4044.138\Locales\zh-CN.pak

  3D0: File          C:\Program Files (x86)\Google\Chrome\Application\81.0.4044.138\resources.pak

  3DC: File          C:\Program Files (x86)\Google\Chrome\Application\81.0.4044.138\chrome_100_percent.pak

  4A8: File          C:\Windows\WinSxS\x86_microsoft.windows.common-controls_6595b64144ccf1df_6.0.18362.778_none_2e73ee38278978be

  4B8: Section       \Windows\Theme202636592

  4BC: Section       \Sessions\1\Windows\Theme4163941769

  4CC: Section       \BaseNamedObjects\__ComCatalogCache__

  504: Section       \BaseNamedObjects\__ComCatalogCache__

  508: File          C:\Windows\Registration\R00000000000d.clb

  540: Section       \Sessions\1\BaseNamedObjects\80c4HWNDInterface:241424

  544: Section       \Sessions\1\BaseNamedObjects\80c4HWNDInterface:241424

  5B4: File          C:\Users\yanchanglong\AppData\Local\Google\Chrome\User Data\Default\Sync Data\LevelDB\003404.log

  630: File          C:\Users\yanchanglong\AppData\Local\Google\Chrome\User Data\Default\Local Storage\leveldb\042819.ldb

  664: File          C:\Windows\System32\drivers\etc

  700: File          C:\Users\yanchanglong\AppData\Local\Google\Chrome\User Data\ShaderCache\GPUCache\data_0

  714: File          C:\Users\yanchanglong\AppData\Local\Google\Chrome\User Data\ShaderCache\GPUCache\data_1

  718: File          C:\Users\yanchanglong\AppData\Local\Google\Chrome\User Data\ShaderCache\GPUCache\data_1

  720: File          C:\Users\yanchanglong\AppData\Local\Google\Chrome\User Data\ShaderCache\GPUCache\data_2

  724: File          C:\Users\yanchanglong\AppData\Local\Google\Chrome\User Data\ShaderCache\GPUCache\data_2

  72C: File          C:\Users\yanchanglong\AppData\Local\Google\Chrome\User Data\ShaderCache\GPUCache\data_3

  730: File          C:\Users\yanchanglong\AppData\Local\Google\Chrome\User Data\ShaderCache\GPUCache\data_3

  7C4: File          C:\Users\yanchanglong\AppData\Local\Google\Chrome\User Data\Default\Visited Links

  880: File          C:\Users\yanchanglong\AppData\Local\Google\Chrome\User Data\lockfile

  888: File          C:\Users\yanchanglong\AppData\Local\Google\Chrome\User Data\Default\Session Storage\008354.log

  8C4: File          C:\Users\yanchanglong\AppData\Local\Google\Chrome\User Data\Default\heavy_ad_intervention_opt_out.db

  8C8: File          C:\Users\yanchanglong\AppData\Local\Google\Chrome\User Data\Default\Site Characteristics Database\LOG

  8E0: File          C:\Users\yanchanglong\AppData\Local\Google\Chrome\User Data\Default\Web Data

  8F4: File          C:\Users\yanchanglong\AppData\Local\Google\Chrome\User Data\Default\History

  90C: File          C:\Users\yanchanglong\AppData\Local\Google\Chrome\User Data\Default\File System\Origins\000004.ldb

  91C: File          C:\Users\yanchanglong\AppData\Local\Google\Chrome\User Data\Default\Site Characteristics Database\MANIFEST-000001

  920: File          C:\Users\yanchanglong\AppData\Local\Google\Chrome\User Data\Default\Site Characteristics Database\LOCK

  948: File          C:\Users\yanchanglong\AppData\Local\Google\Chrome\User Data\Default\Site Characteristics Database\000003.log

  978: File          C:\Program Files\WindowsApps\Microsoft.LanguageExperiencePackzh-CN_18362.24.72.0_neutral__8wekyb3d8bbwe\Windows\System32\zh-CN\msctfuimanager.dll.mui

  9A8: File          C:\Users\yanchanglong\AppData\Local\Google\Chrome\User Data\Default\Sync Data\LevelDB\003406.ldb

  9B8: File          C:\Users\yanchanglong\AppData\Local\Google\Chrome\User Data\Default\Local Storage\leveldb\LOG

  9D8: File          C:\Users\yanchanglong\AppData\Local\Google\Chrome\User Data\Subresource Filter\Indexed Rules\27\9.12.0\Ruleset Data

  9E4: File          C:\Users\yanchanglong\AppData\Local\Google\Chrome\User Data\Default\Sync Data\LevelDB\000005.ldb

  9E8: Section       \BaseNamedObjects\windows_shell_global_counters

  9F0: File          C:\Users\yanchanglong\AppData\Local\Google\Chrome\User Data\Default\Local Storage\leveldb\LOCK

  9F4: File          C:\Users\yanchanglong\AppData\Local\Google\Chrome\User Data\Default\Local Storage\leveldb\MANIFEST-022245

  9FC: File          C:\Users\yanchanglong\AppData\Local\Google\Chrome\User Data\Default\Sync Data\LevelDB\LOG

  A04: File          C:\Users\yanchanglong\AppData\Local\Google\Chrome\User Data\Default\Login Data

  A08: File          C:\Users\yanchanglong\AppData\Local\Google\Chrome\User Data\Default\Sync Data\LevelDB\LOCK

  A0C: File          C:\Users\yanchanglong\AppData\Local\Google\Chrome\User Data\Default\Sync Data\LevelDB\MANIFEST-000001

  A30: Section       \Sessions\1\BaseNamedObjects\C:*ProgramData*Microsoft*Windows*Caches*cversions.2.ro

  A34: Section       \Sessions\1\BaseNamedObjects\C:*ProgramData*Microsoft*Windows*Caches*{6AF0698E-D558-4F6E-9B3C-3716689AF493}.2.ver0x0000000000000001.db

  A38: File          C:\Users\yanchanglong\AppData\Local\Google\Chrome\User Data\Default\Application Cache\Index

  A3C: Section       \Sessions\1\BaseNamedObjects\C:*ProgramData*Microsoft*Windows*Caches*cversions.2.ro

  A40: Section       \Sessions\1\BaseNamedObjects\C:*ProgramData*Microsoft*Windows*Caches*{DDF571F2-BE98-426D-8288-1A9A39C3FDA2}.2.ver0x0000000000000001.db

  A48: File          C:\Program Files\WindowsApps\Microsoft.LanguageExperiencePackzh-CN_18362.24.72.0_neutral__8wekyb3d8bbwe\Windows\System32\zh-CN\propsys.dll.mui

  A4C: File          C:\Users\yanchanglong\AppData\Local\Google\Chrome\User Data\Default\Service Worker\Database\LOG

  A50: File          C:\Users\yanchanglong\AppData\Local\Google\Chrome\User Data\Default\Service Worker\Database\LOCK

  A60: File          C:\Users\yanchanglong\AppData\Local\Google\Chrome\User Data\Default\Service Worker\Database\MANIFEST-000001

  A6C: File          C:\Users\yanchanglong\AppData\Local\Google\Chrome\User Data\Default\Top Sites

  A70: File          C:\Users\yanchanglong\AppData\Local\Google\Chrome\User Data\Default\Service Worker\Database\000004.log

  A74: File          C:\Users\yanchanglong\AppData\Local\Google\Chrome\User Data\Default\Service Worker\Database\000005.ldb

  A80: File          C:\Users\yanchanglong\AppData\Local\Google\Chrome\User Data\Default\Favicons

  A90: File          C:\Users\yanchanglong\AppData\Roaming\Microsoft\Spelling

  AAC: File          C:\Users\yanchanglong\AppData\Local\Google\Chrome\User Data\Default\Local Storage\leveldb\042824.ldb

  AB0: File          C:\Windows\Fonts\msyh.ttc

  ACC: File          C:\Users\yanchanglong\AppData\Local\Google\Chrome\User Data\Default\Local Storage\leveldb\042825.log

  AD4: File          C:\Users\yanchanglong\AppData\Local\Google\Chrome\User Data\Default\Local Storage\leveldb\042822.ldb

  AD8: File          C:\Users\yanchanglong\AppData\Local\Google\Chrome\User Data\Default\Local Storage\leveldb\042816.ldb

  ADC: File          C:\Users\yanchanglong\AppData\Local\Google\Chrome\User Data\Default\Local Storage\leveldb\024835.ldb

  AF4: File          C:\Users\yanchanglong\AppData\Local\Google\Chrome\User Data\Subresource Filter\Indexed Rules\27\9.12.0\Ruleset Data

  B14: File          C:\Users\yanchanglong\AppData\Local\Google\Chrome\User Data\Default\Current Tabs

  B18: File          C:\Program Files\WindowsApps\Microsoft.LanguageExperiencePackzh-CN_18362.24.72.0_neutral__8wekyb3d8bbwe\Windows\System32\zh-CN\KernelBase.dll.mui

  B2C: File          C:\Program Files\WindowsApps\Microsoft.LanguageExperiencePackzh-CN_18362.24.72.0_neutral__8wekyb3d8bbwe\Windows\System32\zh-CN\user32.dll.mui

  B38: Section       \Sessions\1\BaseNamedObjects\80c4HWNDInterface:360602

  B5C: Section       \Sessions\1\BaseNamedObjects\80c4HWNDInterface:360602

  B88: File          C:\Users\yanchanglong\AppData\Local\Google\Chrome\User Data\ShaderCache\GPUCache\index

  BF0: File          C:\Users\yanchanglong\AppData\Local\Google\Chrome\User Data\ShaderCache\GPUCache\index

  C98: File          C:\Users\yanchanglong\AppData\Local\Google\Chrome\User Data\Default\001607.log

  CD8: File          C:\Users\yanchanglong\AppData\Local\Google\Chrome\User Data\Subresource Filter\Indexed Rules\27\9.12.0\Ruleset Data

  CE4: File          C:\Users\yanchanglong\AppData\Local\Google\Chrome\User Data\ShaderCache\GPUCache\data_0

  D6C: Section       \Sessions\1\BaseNamedObjects\80c4HWNDInterface:21081a

  D70: File          C:\Users\yanchanglong\AppData\Local\Google\Chrome\User Data\Default\Session Storage\MANIFEST-000001

  D74: Section       \Sessions\1\BaseNamedObjects\80c4HWNDInterface:21081a

  D78: File          C:\Users\yanchanglong\AppData\Local\Google\Chrome\User Data\Default\GPUCache\data_1

  D84: File          C:\Users\yanchanglong\AppData\Local\Google\Chrome\User Data\Default\Session Storage\LOCK

  D88: File          C:\Users\yanchanglong\AppData\Local\Google\Chrome\User Data\Default\Session Storage\LOG

  DC8: File          C:\Users\yanchanglong\AppData\Local\Google\Chrome\User Data\Default\Session Storage\008349.ldb

  DD4: File          C:\Users\yanchanglong\AppData\Local\Google\Chrome\User Data\Default\Session Storage\008353.ldb

  DDC: File          C:\Users\yanchanglong\AppData\Local\Google\Chrome\User Data\Default\Session Storage\008355.ldb

  DE0: File          C:\Users\yanchanglong\AppData\Local\Google\Chrome\User Data\Default\Session Storage\008351.ldb

  DEC: File          C:\Users\yanchanglong\AppData\Local\Google\Chrome\User Data\Default\Session Storage\001778.ldb

  DFC: File          C:\Users\yanchanglong\AppData\Local\Google\Chrome\User Data\Default\Extension Cookies-journal

  E48: Section       \Sessions\1\BaseNamedObjects\80c4HWNDInterface:3e1008

  E68: File          C:\Users\yanchanglong\AppData\Local\Microsoft\Windows\Explorer\iconcache_idx.db

  EA4: Section       \Sessions\1\BaseNamedObjects\80c4HWNDInterface:3e1008

  EA8: File          C:\Users\yanchanglong\AppData\Local\Google\Chrome\User Data\Default\GPUCache\data_1

  EB4: File          C:\Users\yanchanglong\AppData\Local\Google\Chrome\User Data\Default\GPUCache\index

  EB8: File          C:\Users\yanchanglong\AppData\Local\Google\Chrome\User Data\Default\GPUCache\index

  EC0: File          C:\Users\yanchanglong\AppData\Local\Google\Chrome\User Data\Default\GPUCache\data_0

  EC4: File          C:\Users\yanchanglong\AppData\Local\Google\Chrome\User Data\Default\GPUCache\data_0

  ED0: File          C:\Users\yanchanglong\AppData\Local\Google\Chrome\User Data\Default\GPUCache\data_2

  ED4: File          C:\Users\yanchanglong\AppData\Local\Google\Chrome\User Data\Default\GPUCache\data_2

  EDC: File          C:\Users\yanchanglong\AppData\Local\Google\Chrome\User Data\Default\GPUCache\data_3

  EE0: File          C:\Users\yanchanglong\AppData\Local\Google\Chrome\User Data\Default\GPUCache\data_3

  F08: File          C:\Users\yanchanglong\AppData\Local\Google\Chrome\User Data\Default\Extension State\LOCK

  FA0: File          C:\Users\yanchanglong\AppData\Local\Google\Chrome\User Data\Default\Platform Notifications\LOG

 1168: File          C:\Users\yanchanglong\AppData\Local\Google\Chrome\User Data\Default\LOCK

 122C: File          C:\Users\yanchanglong\AppData\Local\Google\Chrome\User Data\Default\Extension Cookies

 1260: File          C:\Users\yanchanglong\AppData\Local\Google\Chrome\User Data\Default\Feature Engagement Tracker\EventDB\000003.log

 1268: File          C:\Users\yanchanglong\AppData\Local\Google\Chrome\User Data\Default\GCM Store\Encryption\000003.log

 1274: File          C:\Program Files\WindowsApps\Microsoft.LanguageExperiencePackzh-CN_18362.24.72.0_neutral__8wekyb3d8bbwe\Windows\System32\zh-CN\dui70.dll.mui

 12A4: File          C:\Users\yanchanglong\AppData\Local\Google\Chrome\User Data\Default\Local Extension Settings\ncennffkjdiamlpmcbajkmaiiiddgioo\000003.log

 12B4: File          C:\Users\yanchanglong\AppData\Local\Google\Chrome\User Data\Default\Platform Notifications\LOCK

 12C0: File          C:\Users\yanchanglong\AppData\Local\Google\Chrome\User Data\Default\Extension State\LOG

 12E4: File          C:\Users\yanchanglong\AppData\Local\Google\Chrome\User Data\Default\Platform Notifications\MANIFEST-000001

 1318: File          C:\Users\yanchanglong\AppData\Local\Google\Chrome\User Data\Default\Platform Notifications\000003.log

 1384: File          C:\Users\yanchanglong\AppData\Local\Google\Chrome\User Data\Default\Favicons-journal

 13C0: File          C:\Users\yanchanglong\AppData\Local\Google\Chrome\User Data\Default\Sync Data\SyncData.sqlite3

 13CC: File          C:\Users\yanchanglong\AppData\Local\Google\Chrome\User Data\Default\Affiliation Database

 144C: File          C:\Windows\WinSxS\x86_microsoft.windows.common-controls_6595b64144ccf1df_6.0.18362.778_none_2e73ee38278978be

 1470: File          C:\Windows\SysWOW64

 1488: File          C:\Users\yanchanglong\AppData\Local\Google\Chrome\User Data\Default\000857.ldb

 148C: File          C:\Users\yanchanglong\AppData\Local\Google\Chrome\User Data\Default\QuotaManager

 14BC: File          C:\Users\yanchanglong\AppData\Local\Google\Chrome\User Data\Default\Extension State\000097.log

 14C4: File          C:\Users\yanchanglong\AppData\Local\Google\Chrome\User Data\Default\File System\Origins\MANIFEST-000001

 14D8: File          C:\Users\yanchanglong\AppData\Local\Google\Chrome\User Data\Default\File System\001\p\Paths\LOG

 14E0: File          C:\Users\yanchanglong\AppData\Local\Google\Chrome\User Data\Default\File System\001\p\Paths\MANIFEST-000001

 14E4: File          C:\Users\yanchanglong\AppData\Local\Google\Chrome\User Data\Default\File System\Origins\LOCK

 14E8: File          C:\Users\yanchanglong\AppData\Local\Google\Chrome\User Data\Default\Local Extension Settings\djflhoibgkdhkhhcedjiklpkjnoahfmg\LOCK

 14F8: File          C:\Users\yanchanglong\AppData\Local\Google\Chrome\User Data\Default\Managed Extension Settings\djflhoibgkdhkhhcedjiklpkjnoahfmg\MANIFEST-000001

 1500: File          C:\Users\yanchanglong\AppData\Local\Google\Chrome\User Data\Default\Local Extension Settings\djflhoibgkdhkhhcedjiklpkjnoahfmg\000003.log

 1504: File          C:\Users\yanchanglong\AppData\Local\Google\Chrome\User Data\Default\Local Extension Settings\ncennffkjdiamlpmcbajkmaiiiddgioo\LOCK

 1518: File          C:\Users\yanchanglong\AppData\Local\Google\Chrome\User Data\Default\QuotaManager-journal

 151C: File          C:\Users\yanchanglong\AppData\Local\Google\Chrome\User Data\Default\File System\Origins\000003.log

 1528: File          C:\Users\yanchanglong\AppData\Local\Google\Chrome\User Data\Default\File System\001\p\Paths\LOCK

 152C: File          C:\Users\yanchanglong\AppData\Local\Google\Chrome\User Data\Default\Local Extension Settings\djflhoibgkdhkhhcedjiklpkjnoahfmg\MANIFEST-000001

 1538: File          C:\Users\yanchanglong\AppData\Local\Google\Chrome\User Data\Default\File System\Origins\LOG

 153C: File          C:\Users\yanchanglong\AppData\Local\Google\Chrome\User Data\Default\File System\001\p\Paths\000003.log

 1540: File          C:\Users\yanchanglong\AppData\Local\Google\Chrome\User Data\Default\Local Extension Settings\djflhoibgkdhkhhcedjiklpkjnoahfmg\LOG

 1544: File          C:\Users\yanchanglong\AppData\Local\Google\Chrome\User Data\Default\Managed Extension Settings\djflhoibgkdhkhhcedjiklpkjnoahfmg\LOG

 1554: File          C:\Users\yanchanglong\AppData\Local\Google\Chrome\User Data\Default\Local Extension Settings\ncennffkjdiamlpmcbajkmaiiiddgioo\LOG

 155C: File          C:\Users\yanchanglong\AppData\Local\Google\Chrome\User Data\Default\Local Extension Settings\ncennffkjdiamlpmcbajkmaiiiddgioo\MANIFEST-000001

 1568: File          C:\Users\yanchanglong\AppData\Local\Google\Chrome\User Data\Default\Managed Extension Settings\djflhoibgkdhkhhcedjiklpkjnoahfmg\LOCK

 156C: File          C:\Users\yanchanglong\AppData\Local\Google\Chrome\User Data\Default\Current Session

 1578: File          C:\Users\yanchanglong\AppData\Local\Google\Chrome\User Data\Default\Managed Extension Settings\djflhoibgkdhkhhcedjiklpkjnoahfmg\000003.log

 15E8: File          C:\Users\yanchanglong\AppData\Local\Google\Chrome\User Data\Default\Sync Extension Settings\pkedcjkdefgpdelpbcmbmeomcjbeemfm\LOCK

 15FC: File          C:\Users\yanchanglong\AppData\Local\Google\Chrome\User Data\Default\Sync Extension Settings\pkedcjkdefgpdelpbcmbmeomcjbeemfm\LOG

 1600: File          C:\Users\yanchanglong\AppData\Local\Google\Chrome\User Data\Default\Sync Extension Settings\pkedcjkdefgpdelpbcmbmeomcjbeemfm\MANIFEST-000001

 1608: File          C:\Users\yanchanglong\AppData\Local\Google\Chrome\User Data\Default\Sync Extension Settings\pkedcjkdefgpdelpbcmbmeomcjbeemfm\000003.log

 160C: File          C:\Users\yanchanglong\AppData\Local\Google\Chrome\User Data\Default\Local Extension Settings\dhdgffkkebhmkfjojejmpbldmpobfkfo\LOG

 1610: File          C:\Users\yanchanglong\AppData\Local\Google\Chrome\User Data\Default\Local Extension Settings\dhdgffkkebhmkfjojejmpbldmpobfkfo\LOCK

 1620: File          C:\Users\yanchanglong\AppData\Local\Google\Chrome\User Data\Default\Local Extension Settings\dhdgffkkebhmkfjojejmpbldmpobfkfo\MANIFEST-000001

 1624: File          C:\Users\yanchanglong\AppData\Local\Google\Chrome\User Data\Default\Local Extension Settings\dhdgffkkebhmkfjojejmpbldmpobfkfo\000003.log

 1644: File          C:\Users\yanchanglong\AppData\Local\Google\Chrome\User Data\Default\Extension State\MANIFEST-000001

 1674: File          C:\Users\yanchanglong\AppData\Local\Google\Chrome\User Data\Default\Extension State\000098.ldb

 1678: File          C:\Users\yanchanglong\AppData\Local\Google\Chrome\User Data\Default\Extension State\000095.ldb

 167C: File          C:\Users\yanchanglong\AppData\Local\Google\Chrome\User Data\Default\Extension State\000092.ldb

 1680: File          C:\Users\yanchanglong\AppData\Local\Google\Chrome\User Data\Default\Extension State\000089.ldb

 168C: Section       \Sessions\1\BaseNamedObjects\80c4HWNDInterface:360602

 174C: File          C:\Users\yanchanglong\AppData\Local\Google\Chrome\User Data\Default\Feature Engagement Tracker\EventDB\MANIFEST-000001

 1754: File          C:\Users\yanchanglong\AppData\Local\Google\Chrome\User Data\Default\Feature Engagement Tracker\EventDB\LOG

 1764: File          C:\Windows\Fonts\seguiemj.ttf

 1878: File          C:\Users\yanchanglong\AppData\Local\Google\Chrome\User Data\Default\MANIFEST-001603

 18A0: File          C:\Users\yanchanglong\AppData\Local\Google\Chrome\User Data\Default\Web Data-journal

 18E4: File          C:\Users\yanchanglong\AppData\Local\Google\Chrome\User Data\Default\GCM Store\Encryption\MANIFEST-000001

 18E8: File          C:\Windows\apppatch\DirectXApps.sdb

 18EC: File          C:\Users\yanchanglong\AppData\Local\Google\Chrome\User Data\Default\BudgetDatabase\LOG

 18F0: File          C:\Program Files\WindowsApps\Microsoft.LanguageExperiencePackzh-CN_18362.24.72.0_neutral__8wekyb3d8bbwe\Windows\System32\zh-CN\oleaccrc.dll.mui

 19F0: File          C:\Users\yanchanglong\AppData\Local\Google\Chrome\User Data\Default\History-journal

 1A08: File          C:\Users\yanchanglong\AppData\Local\Google\Chrome\User Data\Default\001608.ldb

 1A90: File          C:\Users\yanchanglong\AppData\Local\Google\Chrome\User Data\Default\LOG

 1AA0: File          C:\Program Files\WindowsApps\Microsoft.LanguageExperiencePackzh-CN_18362.24.72.0_neutral__8wekyb3d8bbwe\Windows\System32\zh-CN\DevDispItemProvider.dll.mui

 1AB0: File          C:\Users\yanchanglong\AppData\Local\Google\Chrome\User Data\Default\shared_proto_db\metadata\LOG

 1AC8: File          C:\Users\yanchanglong\AppData\Local\Google\Chrome\User Data\Default\BudgetDatabase\MANIFEST-000001

 1AD4: File          C:\Users\yanchanglong\AppData\Local\Google\Chrome\User Data\Default\GCM Store\Encryption\LOG

 1AE4: File          C:\Users\yanchanglong\AppData\Local\Google\Chrome\User Data\Default\BudgetDatabase\000003.log

 1AEC: File          C:\Users\yanchanglong\AppData\Local\Google\Chrome\User Data\Default\Feature Engagement Tracker\EventDB\LOCK

 1B0C: File          C:\Users\yanchanglong\AppData\Local\Google\Chrome\User Data\Default\shared_proto_db\metadata\LOCK

 1B18: File          C:\Users\yanchanglong\AppData\Local\Google\Chrome\User Data\Default\000992.ldb

 1B54: File          C:\Users\yanchanglong\AppData\Local\Google\Chrome\User Data\Default\001606.ldb

 1B64: File          C:\Users\yanchanglong\AppData\Local\Google\Chrome\User Data\Default\Shortcuts-journal

 1B74: File          C:\Users\yanchanglong\AppData\Local\Google\Chrome\User Data\Default\BudgetDatabase\LOCK

 1B7C: File          C:\Users\yanchanglong\AppData\Local\Google\Chrome\User Data\Default\GCM Store\Encryption\LOCK

 1B84: File          C:\Users\yanchanglong\AppData\Local\Google\Chrome\User Data\Default\Login Data-journal

 1B88: File          C:\Users\yanchanglong\AppData\Local\Google\Chrome\User Data\Default\Network Action Predictor-journal

 1B90: File          C:\Users\yanchanglong\AppData\Local\Google\Chrome\User Data\Default\AutofillStrikeDatabase\000003.log

 1B98: File          C:\Users\yanchanglong\AppData\Local\Google\Chrome\User Data\Default\AutofillStrikeDatabase\MANIFEST-000001

 1BA0: File          C:\Users\yanchanglong\AppData\Local\Google\Chrome\User Data\Default\AutofillStrikeDatabase\LOG

 1BAC: File          C:\Users\yanchanglong\AppData\Local\Google\Chrome\User Data\Default\AutofillStrikeDatabase\LOCK

 1BC0: File          C:\Users\yanchanglong\AppData\Local\Google\Chrome\User Data\Default\shared_proto_db\metadata\000003.log

 1BCC: File          C:\Users\yanchanglong\AppData\Local\Google\Chrome\User Data\Default\shared_proto_db\metadata\MANIFEST-000001

 1C04: File          C:\Users\yanchanglong\AppData\Local\Google\Chrome\User Data\Default\GCM Store\000003.log

 1C2C: File          C:\Program Files\WindowsApps\Microsoft.LanguageExperiencePackzh-CN_18362.24.72.0_neutral__8wekyb3d8bbwe\Windows\System32\zh-CN\kernel32.dll.mui

 1C3C: File          C:\Users\yanchanglong\AppData\Local\Google\Chrome\User Data\Default\data_reduction_proxy_leveldb\001300.log

 1C54: Section       \Sessions\1\BaseNamedObjects\C:*ProgramData*Microsoft*Windows*Caches*cversions.2.ro

 1C78: File          C:\Users\yanchanglong\AppData\Local\Google\Chrome\User Data\Default\data_reduction_proxy_leveldb\LOCK

 1CA0: File          C:\Users\yanchanglong\AppData\Local\Google\Chrome\User Data\Default\GCM Store\LOCK

 1CA4: File          C:\Users\yanchanglong\AppData\Local\Google\Chrome\User Data\Default\previews_opt_out.db

 1CA8: File          C:\Users\yanchanglong\AppData\Local\Google\Chrome\User Data\Default\data_reduction_proxy_leveldb\LOG

 1CB0: File          C:\Users\yanchanglong\AppData\Local\Google\Chrome\User Data\Default\GCM Store\LOG

 1CB4: File          C:\Users\yanchanglong\AppData\Local\Google\Chrome\User Data\Default\data_reduction_proxy_leveldb\MANIFEST-001299

 1CBC: File          C:\Users\yanchanglong\AppData\Local\Google\Chrome\User Data\Default\GCM Store\MANIFEST-000001

 1CE4: File          C:\Windows\Fonts\msyhbd.ttc

 1D60: File          C:\Users\yanchanglong\AppData\Local\Google\Chrome\User Data\Default\Shortcuts

 1D98: File          C:\Users\yanchanglong\AppData\Local\Google\Chrome\User Data\Default\Network Action Predictor

 1DC4: Section       \Sessions\1\BaseNamedObjects\SessionImmersiveColorPreference

 1EFC: File          C:\Windows\WinSxS\x86_microsoft.windows.common-controls_6595b64144ccf1df_6.0.18362.778_none_2e73ee38278978be

 1F14: File          C:\Windows\WinSxS\x86_microsoft.windows.common-controls_6595b64144ccf1df_6.0.18362.778_none_2e73ee38278978be

 1F64: File          C:\Users\yanchanglong\AppData\Local\Microsoft\Windows\Explorer\iconcache_idx.db

 1F68: File          C:\Users\yanchanglong\AppData\Local\Microsoft\Windows\Explorer\iconcache_16.db

 1F70: File          C:\Users\yanchanglong\AppData\Local\Microsoft\Windows\Explorer\iconcache_16.db

 1F80: File          C:\Users\yanchanglong\AppData\Local\Microsoft\Windows\Explorer\iconcache_32.db

 1F84: File          C:\Users\yanchanglong\AppData\Local\Microsoft\Windows\Explorer\iconcache_32.db

------------------------------------------------------------------------------

chrome.exe pid: 35360 AW-ROY\yanchanglong

   48: File          C:\Windows

   90: File          C:\Program Files (x86)\Google\Chrome\Application

   C0: File          C:\Program Files (x86)\Google\Chrome\Application\81.0.4044.138

  228: File          C:\Users\yanchanglong\AppData\Local\Google\Chrome\User Data\CrashpadMetrics-active.pma

  254: Section       \Windows\Theme202636592

  258: Section       \Sessions\1\Windows\Theme4163941769

------------------------------------------------------------------------------

chrome.exe pid: 35424 AW-ROY\yanchanglong

   48: File          C:\Windows

   90: File          C:\Program Files (x86)\Google\Chrome\Application\81.0.4044.138

   C0: File          C:\Program Files (x86)\Google\Chrome\Application\81.0.4044.138

  210: Section       \Sessions\1\BaseNamedObjects\windows_shell_global_counters

  254: Section       \Windows\Theme202636592

  25C: Section       \Sessions\1\Windows\Theme4163941769

------------------------------------------------------------------------------

chrome.exe pid: 21292 AW-ROY\yanchanglong

   8C: File          C:\Windows

  104: File          C:\Program Files (x86)\Google\Chrome\Application\81.0.4044.138

  270: File          C:\Program Files (x86)\Google\Chrome\Application\81.0.4044.138\icudtl.dat

  328: File          C:\Windows\apppatch\DirectXApps.sdb

  32C: Section       \Sessions\1\BaseNamedObjects\windows_shell_global_counters

  458: File          C:\Program Files (x86)\Google\Chrome\Application\81.0.4044.138

  4A0: File          C:\ProgramData\Intel\ShaderCache\chrome_1

  4B8: Section       \BaseNamedObjects\__ComCatalogCache__

  5F0: Section       \BaseNamedObjects\__ComCatalogCache__

  5F8: File          C:\Windows\Registration\R00000000000d.clb

------------------------------------------------------------------------------

chrome.exe pid: 25036 AW-ROY\yanchanglong

   4C: File          C:\Windows

   94: File          C:\Program Files (x86)\Google\Chrome\Application\81.0.4044.138

   C4: File          C:\Program Files (x86)\Google\Chrome\Application\81.0.4044.138

  258: File          C:\Program Files (x86)\Google\Chrome\Application\81.0.4044.138\icudtl.dat

  260: File          C:\Program Files (x86)\Google\Chrome\Application\81.0.4044.138\v8_context_snapshot.bin

  268: File          C:\Program Files (x86)\Google\Chrome\Application\81.0.4044.138\chrome_100_percent.pak

  270: File          C:\Program Files (x86)\Google\Chrome\Application\81.0.4044.138\chrome_200_percent.pak

  278: File          C:\Program Files (x86)\Google\Chrome\Application\81.0.4044.138\Locales\zh-CN.pak

  280: File          C:\Program Files (x86)\Google\Chrome\Application\81.0.4044.138\resources.pak

  314: File          C:\Users\yanchanglong\AppData\Local\Google\Chrome\User Data\Default\Cookies

  3AC: File          C:\Windows\System32\drivers\etc

  428: File          C:\Users\yanchanglong\AppData\Local\Google\Chrome\User Data\Default\Cookies-journal

  44C: File          C:\Users\yanchanglong\AppData\Local\Google\Chrome\User Data\Default\Cache\index

  450: File          C:\Users\yanchanglong\AppData\Local\Google\Chrome\User Data\Default\Cache\index

  45C: File          C:\Users\yanchanglong\AppData\Local\Google\Chrome\User Data\Default\Cache\data_0

  460: File          C:\Users\yanchanglong\AppData\Local\Google\Chrome\User Data\Default\Cache\data_0

  468: File          C:\Users\yanchanglong\AppData\Local\Google\Chrome\User Data\Default\Cache\data_1

  46C: File          C:\Users\yanchanglong\AppData\Local\Google\Chrome\User Data\Default\Cache\data_1

  474: File          C:\Users\yanchanglong\AppData\Local\Google\Chrome\User Data\Default\Cache\data_2

  478: File          C:\Users\yanchanglong\AppData\Local\Google\Chrome\User Data\Default\Cache\data_2

  480: File          C:\Users\yanchanglong\AppData\Local\Google\Chrome\User Data\Default\Cache\data_3

  484: File          C:\Users\yanchanglong\AppData\Local\Google\Chrome\User Data\Default\Cache\data_3

  4D8: File          C:\Program Files\WindowsApps\Microsoft.LanguageExperiencePackzh-CN_18362.24.72.0_neutral__8wekyb3d8bbwe\Windows\System32\zh-CN\MFC42.dll.mui

  594: File          C:\Users\yanchanglong\AppData\Local\Google\Chrome\User Data\Safe Browsing Cookies

  66C: File          C:\Program Files\WindowsApps\Microsoft.LanguageExperiencePackzh-CN_18362.24.72.0_neutral__8wekyb3d8bbwe\Windows\System32\zh-CN\crypt32.dll.mui

  884: File          C:\Users\yanchanglong\AppData\Local\Google\Chrome\User Data\Default\Reporting and NEL

  AD4: File          C:\Users\yanchanglong\AppData\Local\Google\Chrome\User Data\Default\Reporting and NEL-journal

------------------------------------------------------------------------------

chrome.exe pid: 9764 AW-ROY\yanchanglong

   8C: File          C:\Windows

   D4: File          C:\Program Files (x86)\Google\Chrome\Application\81.0.4044.138

  108: File          C:\Program Files (x86)\Google\Chrome\Application\81.0.4044.138

  140: File          C:\Program Files (x86)\Google\Chrome\Application\81.0.4044.138\icudtl.dat

  144: File          C:\Program Files (x86)\Google\Chrome\Application\81.0.4044.138\v8_context_snapshot.bin

  29C: File          C:\Program Files (x86)\Google\Chrome\Application\81.0.4044.138\chrome_100_percent.pak

  2A4: File          C:\Program Files (x86)\Google\Chrome\Application\81.0.4044.138\chrome_200_percent.pak

  2AC: File          C:\Program Files (x86)\Google\Chrome\Application\81.0.4044.138\Locales\zh-CN.pak

  2B4: File          C:\Program Files (x86)\Google\Chrome\Application\81.0.4044.138\resources.pak

  35C: File          C:\Users\yanchanglong\AppData\Local\Google\Chrome\User Data\Subresource Filter\Indexed Rules\27\9.12.0\Ruleset Data

  410: File          C:\Windows\Fonts\msyh.ttc

  41C: File          C:\Windows\Fonts\msyhbd.ttc

  420: File          C:\Windows\Fonts\msyhl.ttc

  424: File          C:\Windows\Fonts\msyh.ttc

  42C: File          C:\Windows\Fonts\msyh.ttc

------------------------------------------------------------------------------

chrome.exe pid: 35284 AW-ROY\yanchanglong

   8C: File          C:\Windows

   D8: File          C:\Program Files (x86)\Google\Chrome\Application\81.0.4044.138

  10C: File          C:\Program Files (x86)\Google\Chrome\Application\81.0.4044.138

  17C: File          C:\Users\yanchanglong\AppData\Local\Google\Chrome\User Data\Subresource Filter\Indexed Rules\27\9.12.0\Ruleset Data

  2B4: File          C:\Program Files (x86)\Google\Chrome\Application\81.0.4044.138\icudtl.dat

  2BC: File          C:\Program Files (x86)\Google\Chrome\Application\81.0.4044.138\v8_context_snapshot.bin

  2C4: File          C:\Program Files (x86)\Google\Chrome\Application\81.0.4044.138\chrome_100_percent.pak

  2CC: File          C:\Program Files (x86)\Google\Chrome\Application\81.0.4044.138\chrome_200_percent.pak

  2D4: File          C:\Program Files (x86)\Google\Chrome\Application\81.0.4044.138\Locales\zh-CN.pak

  2DC: File          C:\Program Files (x86)\Google\Chrome\Application\81.0.4044.138\resources.pak

------------------------------------------------------------------------------

chrome.exe pid: 33152 AW-ROY\yanchanglong

   8C: File          C:\Windows

   DC: File          C:\Program Files (x86)\Google\Chrome\Application\81.0.4044.138

  108: File          C:\Program Files (x86)\Google\Chrome\Application\81.0.4044.138

  138: File          C:\Program Files (x86)\Google\Chrome\Application\81.0.4044.138\icudtl.dat

  258: File          C:\Program Files (x86)\Google\Chrome\Application\81.0.4044.138\v8_context_snapshot.bin

  260: File          C:\Program Files (x86)\Google\Chrome\Application\81.0.4044.138\chrome_100_percent.pak

  268: File          C:\Program Files (x86)\Google\Chrome\Application\81.0.4044.138\chrome_200_percent.pak

  270: File          C:\Program Files (x86)\Google\Chrome\Application\81.0.4044.138\Locales\zh-CN.pak

  278: File          C:\Program Files (x86)\Google\Chrome\Application\81.0.4044.138\resources.pak

  37C: File          C:\Users\yanchanglong\AppData\Local\Google\Chrome\User Data\Subresource Filter\Indexed Rules\27\9.12.0\Ruleset Data

------------------------------------------------------------------------------

chrome.exe pid: 31160 AW-ROY\yanchanglong

   8C: File          C:\Windows

   D4: File          C:\Program Files (x86)\Google\Chrome\Application\81.0.4044.138

  108: File          C:\Program Files (x86)\Google\Chrome\Application\81.0.4044.138

  264: File          C:\Program Files (x86)\Google\Chrome\Application\81.0.4044.138\icudtl.dat

  26C: File          C:\Program Files (x86)\Google\Chrome\Application\81.0.4044.138\v8_context_snapshot.bin

  270: File          C:\Program Files (x86)\Google\Chrome\Application\81.0.4044.138\chrome_100_percent.pak

  278: File          C:\Program Files (x86)\Google\Chrome\Application\81.0.4044.138\chrome_200_percent.pak

  280: File          C:\Program Files (x86)\Google\Chrome\Application\81.0.4044.138\Locales\zh-CN.pak

  288: File          C:\Program Files (x86)\Google\Chrome\Application\81.0.4044.138\resources.pak

  384: File          C:\Users\yanchanglong\AppData\Local\Google\Chrome\User Data\Subresource Filter\Indexed Rules\27\9.12.0\Ruleset Data

------------------------------------------------------------------------------

chrome.exe pid: 31844 AW-ROY\yanchanglong

   54: File          C:\Program Files (x86)\Google\Chrome\Application\81.0.4044.138

   90: File          C:\Windows

  104: File          C:\Program Files (x86)\Google\Chrome\Application\81.0.4044.138

  250: File          C:\Program Files (x86)\Google\Chrome\Application\81.0.4044.138\icudtl.dat

  258: File          C:\Program Files (x86)\Google\Chrome\Application\81.0.4044.138\v8_context_snapshot.bin

  260: File          C:\Program Files (x86)\Google\Chrome\Application\81.0.4044.138\chrome_100_percent.pak

  268: File          C:\Program Files (x86)\Google\Chrome\Application\81.0.4044.138\chrome_200_percent.pak

  270: File          C:\Program Files (x86)\Google\Chrome\Application\81.0.4044.138\Locales\zh-CN.pak

  278: File          C:\Program Files (x86)\Google\Chrome\Application\81.0.4044.138\resources.pak

  370: File          C:\Users\yanchanglong\AppData\Local\Google\Chrome\User Data\Subresource Filter\Indexed Rules\27\9.12.0\Ruleset Data

  3F4: File          C:\Windows\Fonts\segoeuii.ttf

  418: File          C:\Windows\Fonts\segoeuisl.ttf

  438: File          C:\Windows\Fonts\segoeuil.ttf

  478: File          C:\Windows\Fonts\segoeui.ttf

  47C: File          C:\Windows\Fonts\segoeuib.ttf

  480: File          C:\Windows\Fonts\segoeuiz.ttf

  484: File          C:\Windows\Fonts\seguibl.ttf

  488: File          C:\Windows\Fonts\seguibli.ttf

  48C: File          C:\Windows\Fonts\seguili.ttf

  490: File          C:\Windows\Fonts\seguisb.ttf

  494: File          C:\Windows\Fonts\seguisbi.ttf

  498: File          C:\Windows\Fonts\seguisli.ttf

  49C: File          C:\Windows\Fonts\segoeui.ttf

------------------------------------------------------------------------------

chrome.exe pid: 33276 AW-ROY\yanchanglong

   8C: File          C:\Windows

   D8: File          C:\Program Files (x86)\Google\Chrome\Application\81.0.4044.138

  10C: File          C:\Program Files (x86)\Google\Chrome\Application\81.0.4044.138

  2B0: File          C:\Program Files (x86)\Google\Chrome\Application\81.0.4044.138\icudtl.dat

  2B8: File          C:\Program Files (x86)\Google\Chrome\Application\81.0.4044.138\v8_context_snapshot.bin

  2C0: File          C:\Program Files (x86)\Google\Chrome\Application\81.0.4044.138\chrome_100_percent.pak

  2C8: File          C:\Program Files (x86)\Google\Chrome\Application\81.0.4044.138\chrome_200_percent.pak

  2D0: File          C:\Program Files (x86)\Google\Chrome\Application\81.0.4044.138\Locales\zh-CN.pak

  2D8: File          C:\Program Files (x86)\Google\Chrome\Application\81.0.4044.138\resources.pak

  310: File          C:\Users\yanchanglong\AppData\Local\Google\Chrome\User Data\Subresource Filter\Indexed Rules\27\9.12.0\Ruleset Data

------------------------------------------------------------------------------

chrome.exe pid: 22600 AW-ROY\yanchanglong

   90: File          C:\Windows

   94: File          C:\Program Files (x86)\Google\Chrome\Application\81.0.4044.138

   E0: File          C:\Program Files (x86)\Google\Chrome\Application\81.0.4044.138

  110: File          C:\Program Files (x86)\Google\Chrome\Application\81.0.4044.138\icudtl.dat

  118: File          C:\Program Files (x86)\Google\Chrome\Application\81.0.4044.138\v8_context_snapshot.bin

  260: File          C:\Program Files (x86)\Google\Chrome\Application\81.0.4044.138\chrome_100_percent.pak

  268: File          C:\Program Files (x86)\Google\Chrome\Application\81.0.4044.138\chrome_200_percent.pak

  270: File          C:\Program Files (x86)\Google\Chrome\Application\81.0.4044.138\Locales\zh-CN.pak

  278: File          C:\Program Files (x86)\Google\Chrome\Application\81.0.4044.138\resources.pak

------------------------------------------------------------------------------

chrome.exe pid: 1684 AW-ROY\yanchanglong

   8C: File          C:\Windows

   D4: File          C:\Program Files (x86)\Google\Chrome\Application\81.0.4044.138

  108: File          C:\Program Files (x86)\Google\Chrome\Application\81.0.4044.138

  1D0: File          C:\Program Files (x86)\Google\Chrome\Application\81.0.4044.138\chrome_100_percent.pak

  260: File          C:\Program Files (x86)\Google\Chrome\Application\81.0.4044.138\icudtl.dat

  268: File          C:\Program Files (x86)\Google\Chrome\Application\81.0.4044.138\v8_context_snapshot.bin

  270: File          C:\Program Files (x86)\Google\Chrome\Application\81.0.4044.138\chrome_200_percent.pak

  278: File          C:\Program Files (x86)\Google\Chrome\Application\81.0.4044.138\Locales\zh-CN.pak

  280: File          C:\Program Files (x86)\Google\Chrome\Application\81.0.4044.138\resources.pak

  334: File          C:\Users\yanchanglong\AppData\Local\Google\Chrome\User Data\Subresource Filter\Indexed Rules\27\9.12.0\Ruleset Data

  3FC: File          C:\Users\yanchanglong\AppData\Local\Google\Chrome\User Data\Subresource Filter\Indexed Rules\27\9.12.0\Ruleset Data

  42C: File          C:\Windows\Fonts\arial.ttf

  438: File          C:\Windows\Fonts\arialbd.ttf

  43C: File          C:\Windows\Fonts\arialbi.ttf

  444: File          C:\Windows\Fonts\ariali.ttf

  448: File          C:\Windows\Fonts\ARIALN.TTF

  44C: File          C:\Windows\Fonts\ARIALNB.TTF

  450: File          C:\Windows\Fonts\ARIALNBI.TTF

  454: File          C:\Windows\Fonts\ARIALNI.TTF

  458: File          C:\Windows\Fonts\arialbd.ttf

  45C: File          C:\Windows\Fonts\ariblk.ttf

  460: File          C:\Windows\Fonts\arial.ttf

  46C: File          C:\Windows\Fonts\arial.ttf

  474: File          C:\Windows\Fonts\msyh.ttc

  478: File          C:\Windows\Fonts\msyhbd.ttc

  47C: File          C:\Windows\Fonts\msyhl.ttc

  480: File          C:\Windows\Fonts\msyh.ttc

  488: File          C:\Windows\Fonts\msyh.ttc

  49C: File          C:\Windows\Fonts\msyhbd.ttc

  4A4: File          C:\Windows\Fonts\arialbd.ttf

  4AC: File          C:\Windows\Fonts\msyhbd.ttc

------------------------------------------------------------------------------

chrome.exe pid: 3652 AW-ROY\yanchanglong

   8C: File          C:\Windows

   D4: File          C:\Program Files (x86)\Google\Chrome\Application\81.0.4044.138

  108: File          C:\Program Files (x86)\Google\Chrome\Application\81.0.4044.138

  250: File          C:\Program Files (x86)\Google\Chrome\Application\81.0.4044.138\icudtl.dat

  258: File          C:\Program Files (x86)\Google\Chrome\Application\81.0.4044.138\v8_context_snapshot.bin

  260: File          C:\Program Files (x86)\Google\Chrome\Application\81.0.4044.138\chrome_100_percent.pak

  268: File          C:\Program Files (x86)\Google\Chrome\Application\81.0.4044.138\chrome_200_percent.pak

  270: File          C:\Program Files (x86)\Google\Chrome\Application\81.0.4044.138\Locales\zh-CN.pak

  278: File          C:\Program Files (x86)\Google\Chrome\Application\81.0.4044.138\resources.pak

  328: File          C:\Users\yanchanglong\AppData\Local\Google\Chrome\User Data\Subresource Filter\Indexed Rules\27\9.12.0\Ruleset Data

  404: File          C:\Users\yanchanglong\AppData\Local\Google\Chrome\User Data\Subresource Filter\Indexed Rules\27\9.12.0\Ruleset Data

  40C: File          C:\Windows\Fonts\segoeuii.ttf

  430: File          C:\Windows\Fonts\arialbd.ttf

  458: File          C:\Windows\Fonts\segoeui.ttf

  464: File          C:\Windows\Fonts\segoeuib.ttf

  468: File          C:\Windows\Fonts\segoeuii.ttf

  46C: File          C:\Windows\Fonts\segoeuil.ttf

  470: File          C:\Windows\Fonts\segoeuisl.ttf

  474: File          C:\Windows\Fonts\segoeuiz.ttf

  478: File          C:\Windows\Fonts\seguibl.ttf

  47C: File          C:\Windows\Fonts\seguibli.ttf

  480: File          C:\Windows\Fonts\seguili.ttf

  484: File          C:\Windows\Fonts\seguisb.ttf

  488: File          C:\Windows\Fonts\seguisbi.ttf

  48C: File          C:\Windows\Fonts\seguisli.ttf

  490: File          C:\Windows\Fonts\seguisb.ttf

  498: File          C:\Windows\Fonts\seguisb.ttf

  4A0: File          C:\Windows\Fonts\segoeui.ttf

  4A8: File          C:\Windows\Fonts\arial.ttf

  4B0: File          C:\Windows\Fonts\arialbd.ttf

  4B4: File          C:\Windows\Fonts\arialbi.ttf

  4B8: File          C:\Windows\Fonts\ariali.ttf

  4BC: File          C:\Windows\Fonts\ARIALN.TTF

  4C0: File          C:\Windows\Fonts\ARIALNB.TTF

  4C4: File          C:\Windows\Fonts\ARIALNBI.TTF

  4C8: File          C:\Windows\Fonts\ARIALNI.TTF

  4CC: File          C:\Windows\Fonts\ariblk.ttf

  4D0: File          C:\Windows\Fonts\tahomabd.ttf

  4D4: File          C:\Windows\Fonts\segoeui.ttf

  4D8: File          C:\Windows\Fonts\arial.ttf

  4E0: File          C:\Windows\Fonts\tahoma.ttf

  4E4: File          C:\Windows\Fonts\tahoma.ttf

  4EC: File          C:\Windows\Fonts\msyh.ttc

  4F0: File          C:\Windows\Fonts\msyhbd.ttc

  4F4: File          C:\Windows\Fonts\msyhl.ttc

  4F8: File          C:\Windows\Fonts\msyh.ttc

  504: File          C:\Windows\Fonts\arial.ttf

  50C: File          C:\Windows\Fonts\tahoma.ttf

  514: File          C:\Windows\Fonts\msyh.ttc

  520: File          C:\Windows\Fonts\arialbd.ttf

  528: File          C:\Windows\Fonts\tahomabd.ttf

  530: File          C:\Windows\Fonts\tahomabd.ttf

  538: File          C:\Windows\Fonts\msyhbd.ttc

  540: File          C:\Windows\Fonts\msyhbd.ttc

  57C: File          C:\Windows\Fonts\segoeuii.ttf

------------------------------------------------------------------------------

chrome.exe pid: 31068 AW-ROY\yanchanglong

   8C: File          C:\Windows

   D4: File          C:\Program Files (x86)\Google\Chrome\Application\81.0.4044.138

  100: File          C:\Program Files (x86)\Google\Chrome\Application\81.0.4044.138

  114: File          C:\Users\yanchanglong\AppData\Local\Google\Chrome\User Data\Subresource Filter\Indexed Rules\27\9.12.0\Ruleset Data

  2A8: File          C:\Program Files (x86)\Google\Chrome\Application\81.0.4044.138\icudtl.dat

  2B0: File          C:\Program Files (x86)\Google\Chrome\Application\81.0.4044.138\v8_context_snapshot.bin

  2B8: File          C:\Program Files (x86)\Google\Chrome\Application\81.0.4044.138\chrome_100_percent.pak

  2C0: File          C:\Program Files (x86)\Google\Chrome\Application\81.0.4044.138\chrome_200_percent.pak

  2C8: File          C:\Program Files (x86)\Google\Chrome\Application\81.0.4044.138\Locales\zh-CN.pak

  2D0: File          C:\Program Files (x86)\Google\Chrome\Application\81.0.4044.138\resources.pak

------------------------------------------------------------------------------

360zip.exe pid: 28888 AW-ROY\yanchanglong

   40: File          C:\Windows

   84: File          D:\WORKING\????

  280: File          C:\Windows\WinSxS\x86_microsoft.windows.gdiplus_6595b64144ccf1df_1.1.18362.778_none_5f5ee11d821bf28c

  284: File          C:\Windows\WinSxS\x86_microsoft.windows.common-controls_6595b64144ccf1df_6.0.18362.778_none_2e73ee38278978be

  2BC: Section       \Sessions\1\BaseNamedObjects\windows_shell_global_counters

  2F0: File          C:\Program Files\WindowsApps\Microsoft.LanguageExperiencePackzh-CN_18362.24.72.0_neutral__8wekyb3d8bbwe\Windows\System32\zh-CN\KernelBase.dll.mui

  2F4: File          C:\Windows\WinSxS\x86_microsoft.windows.common-controls_6595b64144ccf1df_6.0.18362.778_none_2e73ee38278978be

  31C: Section       \Sessions\1\Windows\Theme4163941769

  328: Section       \Windows\Theme202636592

  33C: File          C:\Windows\Fonts\StaticCache.dat

  420: File          C:\Users\yanchanglong\AppData\Local\Microsoft\Windows\Explorer\iconcache_idx.db

  440: File          C:\Windows\WinSxS\x86_microsoft.windows.common-controls_6595b64144ccf1df_6.0.18362.778_none_2e73ee38278978be

  460: Section       \BaseNamedObjects\__ComCatalogCache__

  490: File          C:\Users\YANCHA~1\AppData\Local\Temp\~DFB8C2A711F7EA6FCC.TMP

  49C: File          C:\Users\YANCHA~1\AppData\Local\Temp\~DF510926FDE834ED97.TMP

  4AC: File          C:\Users\yanchanglong\AppData\Local\Microsoft\Windows\Explorer\iconcache_idx.db

  4CC: File          C:\Windows\WinSxS\x86_microsoft.windows.common-controls_6595b64144ccf1df_6.0.18362.778_none_2e73ee38278978be

  4E8: File          D:\ileRecv\SysinternalsSuite.zip

  4EC: File          C:\Program Files\WindowsApps\Microsoft.LanguageExperiencePackzh-CN_18362.24.72.0_neutral__8wekyb3d8bbwe\Windows\System32\zh-CN\windows.storage.dll.mui

  500: File          C:\Windows\Registration\R00000000000d.clb

  504: Section       \BaseNamedObjects\__ComCatalogCache__

  50C: File          C:\Program Files\WindowsApps\Microsoft.LanguageExperiencePackzh-CN_18362.24.72.0_neutral__8wekyb3d8bbwe\Windows\System32\zh-CN\mpr.dll.mui

  514: Section       \BaseNamedObjects\windows_shell_global_counters

  588: File          C:\Program Files\WindowsApps\Microsoft.LanguageExperiencePackzh-CN_18362.24.72.0_neutral__8wekyb3d8bbwe\Windows\System32\zh-CN\shell32.dll.mui

  59C: Section       \Sessions\1\BaseNamedObjects\C:*ProgramData*Microsoft*Windows*Caches*{6AF0698E-D558-4F6E-9B3C-3716689AF493}.2.ver0x0000000000000001.db

  5A0: Section       \Sessions\1\BaseNamedObjects\C:*ProgramData*Microsoft*Windows*Caches*cversions.2.ro

  5A8: Section       \Sessions\1\BaseNamedObjects\C:*ProgramData*Microsoft*Windows*Caches*cversions.2.ro

  5AC: Section       \Sessions\1\BaseNamedObjects\C:*ProgramData*Microsoft*Windows*Caches*{DDF571F2-BE98-426D-8288-1A9A39C3FDA2}.2.ver0x0000000000000001.db

  688: File          C:\Windows\WinSxS\x86_microsoft.windows.common-controls_6595b64144ccf1df_6.0.18362.778_none_2e73ee38278978be

  6EC: File          C:\Users\yanchanglong\AppData\Local\Microsoft\Windows\Explorer\iconcache_32.db

  6F8: File          C:\Users\yanchanglong\AppData\Local\Microsoft\Windows\Explorer\iconcache_32.db

  700: File          C:\Users\yanchanglong\AppData\Local\Microsoft\Windows\Explorer\iconcache_16.db

  704: File          C:\Users\yanchanglong\AppData\Local\Microsoft\Windows\Explorer\iconcache_16.db

  708: File          C:\Program Files\WindowsApps\Microsoft.LanguageExperiencePackzh-CN_18362.24.72.0_neutral__8wekyb3d8bbwe\Windows\System32\zh-CN\propsys.dll.mui

------------------------------------------------------------------------------

svchost.exe pid: 17384 \<unable to open process>

------------------------------------------------------------------------------

notepad.exe pid: 27884 AW-ROY\yanchanglong

   40: File          D:\WORKING\????\???

   70: File          C:\Windows\WinSxS\amd64_microsoft.windows.common-controls_6595b64144ccf1df_6.0.18362.778_none_e6c6b761130d4fb8

   9C: File          C:\Program Files\WindowsApps\Microsoft.LanguageExperiencePackzh-CN_18362.24.72.0_neutral__8wekyb3d8bbwe\Windows\System32\zh-CN\notepad.exe.mui

  1AC: Section       \BaseNamedObjects\__ComCatalogCache__

  1E0: File          C:\Windows\SystemResources\notepad.exe.mun

  1EC: File          C:\Windows\Fonts\StaticCache.dat

  1F0: Section       \Sessions\1\Windows\Theme4163941769

  1F4: Section       \Windows\Theme202636592

  2D4: Section       \BaseNamedObjects\__ComCatalogCache__

  2D8: File          C:\Windows\Registration\R00000000000d.clb

  318: Section       \Sessions\1\BaseNamedObjects\windows_shell_global_counters

  328: File          C:\Windows\WinSxS\amd64_microsoft.windows.common-controls_6595b64144ccf1df_6.0.18362.778_none_e6c6b761130d4fb8

  418: Section       \Sessions\1\BaseNamedObjects\C:*ProgramData*Microsoft*Windows*Caches*cversions.2.ro

  41C: Section       \Sessions\1\BaseNamedObjects\C:*ProgramData*Microsoft*Windows*Caches*{6AF0698E-D558-4F6E-9B3C-3716689AF493}.2.ver0x0000000000000001.db

  420: Section       \Sessions\1\BaseNamedObjects\C:*ProgramData*Microsoft*Windows*Caches*cversions.2.ro

  424: Section       \Sessions\1\BaseNamedObjects\C:*ProgramData*Microsoft*Windows*Caches*{DDF571F2-BE98-426D-8288-1A9A39C3FDA2}.2.ver0x0000000000000001.db

  428: File          C:\Program Files\WindowsApps\Microsoft.LanguageExperiencePackzh-CN_18362.24.72.0_neutral__8wekyb3d8bbwe\Windows\System32\zh-CN\propsys.dll.mui

  450: Section       \BaseNamedObjects\windows_shell_global_counters

  494: File          C:\Windows\WinSxS\amd64_microsoft.windows.common-controls_6595b64144ccf1df_6.0.18362.778_none_e6c6b761130d4fb8

  4B4: File          C:\Windows\System32

  504: File          C:\Program Files\WindowsApps\Microsoft.LanguageExperiencePackzh-CN_18362.24.72.0_neutral__8wekyb3d8bbwe\Windows\System32\zh-CN\dui70.dll.mui

------------------------------------------------------------------------------

pacjsworker.exe pid: 34880 \<unable to open process>

------------------------------------------------------------------------------

SearchFilterHost.exe pid: 29512 \<unable to open process>

------------------------------------------------------------------------------

TrustedInstaller.exe pid: 6924 \<unable to open process>

------------------------------------------------------------------------------

TiWorker.exe pid: 33220 \<unable to open process>

------------------------------------------------------------------------------

notepad.exe pid: 19952 AW-ROY\yanchanglong

   40: File          D:\WORKING\????\???

   70: File          C:\Windows\WinSxS\amd64_microsoft.windows.common-controls_6595b64144ccf1df_6.0.18362.778_none_e6c6b761130d4fb8

   A0: File          C:\Program Files\WindowsApps\Microsoft.LanguageExperiencePackzh-CN_18362.24.72.0_neutral__8wekyb3d8bbwe\Windows\System32\zh-CN\notepad.exe.mui

  198: File          C:\Windows\SystemResources\notepad.exe.mun

  1B0: Section       \BaseNamedObjects\__ComCatalogCache__

  1F4: Section       \Windows\Theme202636592

  1F8: Section       \Sessions\1\Windows\Theme4163941769

  200: File          C:\Windows\Fonts\StaticCache.dat

  2D4: Section       \BaseNamedObjects\__ComCatalogCache__

  2D8: File          C:\Windows\Registration\R00000000000d.clb

  318: File          C:\Windows\WinSxS\amd64_microsoft.windows.common-controls_6595b64144ccf1df_6.0.18362.778_none_e6c6b761130d4fb8

  31C: Section       \Sessions\1\BaseNamedObjects\windows_shell_global_counters

  418: Section       \Sessions\1\BaseNamedObjects\C:*ProgramData*Microsoft*Windows*Caches*cversions.2.ro

  41C: Section       \Sessions\1\BaseNamedObjects\C:*ProgramData*Microsoft*Windows*Caches*{6AF0698E-D558-4F6E-9B3C-3716689AF493}.2.ver0x0000000000000001.db

  420: Section       \Sessions\1\BaseNamedObjects\C:*ProgramData*Microsoft*Windows*Caches*cversions.2.ro

  424: Section       \Sessions\1\BaseNamedObjects\C:*ProgramData*Microsoft*Windows*Caches*{DDF571F2-BE98-426D-8288-1A9A39C3FDA2}.2.ver0x0000000000000001.db

  428: File          C:\Program Files\WindowsApps\Microsoft.LanguageExperiencePackzh-CN_18362.24.72.0_neutral__8wekyb3d8bbwe\Windows\System32\zh-CN\propsys.dll.mui

  430: Section       \BaseNamedObjects\windows_shell_global_counters

  484: File          C:\Windows\WinSxS\amd64_microsoft.windows.common-controls_6595b64144ccf1df_6.0.18362.778_none_e6c6b761130d4fb8

  4B4: File          C:\Windows\System32

  510: File          C:\Program Files\WindowsApps\Microsoft.LanguageExperiencePackzh-CN_18362.24.72.0_neutral__8wekyb3d8bbwe\Windows\System32\zh-CN\dui70.dll.mui

------------------------------------------------------------------------------

dllhost.exe pid: 34848 \<unable to open process>

------------------------------------------------------------------------------

cmd.exe pid: 33744 AW-ROY\yanchanglong

   40: File          D:\WORKING\????\???

  15C: File          D:\WORKING\????\???\a.txt

------------------------------------------------------------------------------

conhost.exe pid: 12608 AW-ROY\yanchanglong

   44: File          C:\Windows

  130: File          C:\Program Files\WindowsApps\Microsoft.LanguageExperiencePackzh-CN_18362.24.72.0_neutral__8wekyb3d8bbwe\Windows\System32\zh-CN\Conhost.exe.mui

  220: Section       \BaseNamedObjects\__ComCatalogCache__

  22C: Section       \Sessions\1\BaseNamedObjects\SessionImmersiveColorPreference

  230: Section       \Windows\Theme202636592

  234: Section       \Sessions\1\Windows\Theme4163941769

  238: File          C:\Program Files\WindowsApps\Microsoft.LanguageExperiencePackzh-CN_18362.24.72.0_neutral__8wekyb3d8bbwe\Windows\System32\zh-CN\user32.dll.mui

  23C: File          C:\Windows\Fonts\StaticCache.dat

  244: File          C:\Windows\WinSxS\amd64_microsoft.windows.common-controls_6595b64144ccf1df_6.0.18362.778_none_e6c6b761130d4fb8

  324: Section       \BaseNamedObjects\__ComCatalogCache__

  328: File          C:\Windows\Registration\R00000000000d.clb

  344: Section       \Sessions\1\BaseNamedObjects\windows_shell_global_counters

  39C: File          C:\Windows\WinSxS\amd64_microsoft.windows.common-controls_6595b64144ccf1df_6.0.18362.778_none_e6c6b761130d4fb8

  3CC: File          C:\Windows\System32

------------------------------------------------------------------------------

handle64.exe pid: 1640 AW-ROY\yanchanglong

   44: File          D:\WORKING\????\???

   8C: File          C:\Windows\WinSxS\amd64_microsoft.windows.common-controls_6595b64144ccf1df_5.82.18362.778_none_2a29d4a64667eb69

  15C: File          D:\WORKING\????\???\a.txt

